
Allocating common symbols
Common symbol       size              file

sleepmgr_locks      0x7               src/ASF/common/services/sleepmgr/uc3/sleepmgr.o
set                 0x44              src/settings_t.o

Discarded input sections

 .text          0x00000000        0x0 src/ASF/avr32/drivers/flashcdw/flashcdw.o
 .data          0x00000000        0x0 src/ASF/avr32/drivers/flashcdw/flashcdw.o
 .bss           0x00000000        0x0 src/ASF/avr32/drivers/flashcdw/flashcdw.o
 .debug_abbrev  0x00000000      0x326 src/ASF/avr32/drivers/flashcdw/flashcdw.o
 .debug_info    0x00000000     0x1dd4 src/ASF/avr32/drivers/flashcdw/flashcdw.o
 .debug_line    0x00000000      0xca5 src/ASF/avr32/drivers/flashcdw/flashcdw.o
 .debug_macinfo
                0x00000000    0xfdbf2 src/ASF/avr32/drivers/flashcdw/flashcdw.o
 .text.flashcdw_get_flash_size
                0x00000000       0x80 src/ASF/avr32/drivers/flashcdw/flashcdw.o
 .text.flashcdw_get_page_count
                0x00000000       0x10 src/ASF/avr32/drivers/flashcdw/flashcdw.o
 .text.flashcdw_get_page_count_per_region
                0x00000000       0x10 src/ASF/avr32/drivers/flashcdw/flashcdw.o
 .text.flashcdw_get_region_first_page_number
                0x00000000       0x14 src/ASF/avr32/drivers/flashcdw/flashcdw.o
 .text.flashcdw_get_wait_state
                0x00000000        0xc src/ASF/avr32/drivers/flashcdw/flashcdw.o
 .text.flashcdw_set_wait_state
                0x00000000        0xe src/ASF/avr32/drivers/flashcdw/flashcdw.o
 .text.flashcdw_is_ready_int_enabled
                0x00000000        0xc src/ASF/avr32/drivers/flashcdw/flashcdw.o
 .text.flashcdw_enable_ready_int
                0x00000000        0xe src/ASF/avr32/drivers/flashcdw/flashcdw.o
 .text.flashcdw_is_lock_error_int_enabled
                0x00000000        0xc src/ASF/avr32/drivers/flashcdw/flashcdw.o
 .text.flashcdw_enable_lock_error_int
                0x00000000        0xe src/ASF/avr32/drivers/flashcdw/flashcdw.o
 .text.flashcdw_is_prog_error_int_enabled
                0x00000000        0xc src/ASF/avr32/drivers/flashcdw/flashcdw.o
 .text.flashcdw_enable_prog_error_int
                0x00000000        0xe src/ASF/avr32/drivers/flashcdw/flashcdw.o
 .text.flashcdw_is_ready
                0x00000000        0xc src/ASF/avr32/drivers/flashcdw/flashcdw.o
 .text.flashcdw_default_wait_until_ready
                0x00000000       0x10 src/ASF/avr32/drivers/flashcdw/flashcdw.o
 .text.flashcdw_is_lock_error
                0x00000000       0x10 src/ASF/avr32/drivers/flashcdw/flashcdw.o
 .text.flashcdw_is_programming_error
                0x00000000       0x10 src/ASF/avr32/drivers/flashcdw/flashcdw.o
 .text.flashcdw_is_high_speed_enabled
                0x00000000        0xc src/ASF/avr32/drivers/flashcdw/flashcdw.o
 .text.flashcdw_get_command
                0x00000000        0xc src/ASF/avr32/drivers/flashcdw/flashcdw.o
 .text.flashcdw_get_page_number
                0x00000000        0xc src/ASF/avr32/drivers/flashcdw/flashcdw.o
 .text.flashcdw_get_page_region
                0x00000000       0x28 src/ASF/avr32/drivers/flashcdw/flashcdw.o
 .text.flashcdw_issue_command
                0x00000000       0x48 src/ASF/avr32/drivers/flashcdw/flashcdw.o
 .text.flashcdw_set_flash_waitstate_and_readmode
                0x00000000       0x58 src/ASF/avr32/drivers/flashcdw/flashcdw.o
 .text.flashcdw_no_operation
                0x00000000       0x10 src/ASF/avr32/drivers/flashcdw/flashcdw.o
 .text.flashcdw_erase_all
                0x00000000       0x10 src/ASF/avr32/drivers/flashcdw/flashcdw.o
 .text.flashcdw_is_security_bit_active
                0x00000000        0xc src/ASF/avr32/drivers/flashcdw/flashcdw.o
 .text.flashcdw_activate_security_bit
                0x00000000       0x10 src/ASF/avr32/drivers/flashcdw/flashcdw.o
 .text.flashcdw_is_region_locked
                0x00000000       0x1a src/ASF/avr32/drivers/flashcdw/flashcdw.o
 .text.flashcdw_is_page_region_locked
                0x00000000       0x14 src/ASF/avr32/drivers/flashcdw/flashcdw.o
 .text.flashcdw_lock_page_region
                0x00000000       0x1c src/ASF/avr32/drivers/flashcdw/flashcdw.o
 .text.flashcdw_lock_region
                0x00000000       0x1c src/ASF/avr32/drivers/flashcdw/flashcdw.o
 .text.flashcdw_lock_all_regions
                0x00000000       0x2c src/ASF/avr32/drivers/flashcdw/flashcdw.o
 .text.flashcdw_read_all_gp_fuses
                0x00000000       0x26 src/ASF/avr32/drivers/flashcdw/flashcdw.o
 .text.flashcdw_read_gp_fuse_byte
                0x00000000       0x44 src/ASF/avr32/drivers/flashcdw/flashcdw.o
 .text.flashcdw_read_gp_fuse_bitfield
                0x00000000       0x74 src/ASF/avr32/drivers/flashcdw/flashcdw.o
 .text.flashcdw_is_secure_state_debug_enabled
                0x00000000       0x18 src/ASF/avr32/drivers/flashcdw/flashcdw.o
 .text.flashcdw_is_secure_state_enabled
                0x00000000       0x24 src/ASF/avr32/drivers/flashcdw/flashcdw.o
 .text.flashcdw_get_bootloader_protected_size
                0x00000000       0x20 src/ASF/avr32/drivers/flashcdw/flashcdw.o
 .text.flashcdw_read_gp_fuse_bit
                0x00000000       0x3c src/ASF/avr32/drivers/flashcdw/flashcdw.o
 .text.flashcdw_is_jtag_user_protection_enabled
                0x00000000       0x14 src/ASF/avr32/drivers/flashcdw/flashcdw.o
 .text.flashcdw_is_external_privileged_fetch_locked
                0x00000000       0x14 src/ASF/avr32/drivers/flashcdw/flashcdw.o
 .text.flashcdw_erase_gp_fuse_bit
                0x00000000       0x2c src/ASF/avr32/drivers/flashcdw/flashcdw.o
 .text.flashcdw_erase_gp_fuse_bitfield
                0x00000000       0x8c src/ASF/avr32/drivers/flashcdw/flashcdw.o
 .text.flashcdw_erase_all_gp_fuses
                0x00000000       0x30 src/ASF/avr32/drivers/flashcdw/flashcdw.o
 .text.flashcdw_write_gp_fuse_bit
                0x00000000       0x18 src/ASF/avr32/drivers/flashcdw/flashcdw.o
 .text.flashcdw_write_gp_fuse_bitfield
                0x00000000       0x4c src/ASF/avr32/drivers/flashcdw/flashcdw.o
 .text.flashcdw_enable_secure_state_with_debug
                0x00000000       0x14 src/ASF/avr32/drivers/flashcdw/flashcdw.o
 .text.flashcdw_enable_secure_state_no_debug
                0x00000000       0x14 src/ASF/avr32/drivers/flashcdw/flashcdw.o
 .text.flashcdw_write_gp_fuse_byte
                0x00000000       0x18 src/ASF/avr32/drivers/flashcdw/flashcdw.o
 .text.flashcdw_erase_gp_fuse_byte
                0x00000000       0x74 src/ASF/avr32/drivers/flashcdw/flashcdw.o
 .text.flashcdw_write_all_gp_fuses
                0x00000000       0x3c src/ASF/avr32/drivers/flashcdw/flashcdw.o
 .text.flashcdw_set_gp_fuse_bit
                0x00000000       0x20 src/ASF/avr32/drivers/flashcdw/flashcdw.o
 .text.flashcdw_disable_jtag_user_protection
                0x00000000       0x10 src/ASF/avr32/drivers/flashcdw/flashcdw.o
 .text.flashcdw_enable_jtag_user_protection
                0x00000000       0x10 src/ASF/avr32/drivers/flashcdw/flashcdw.o
 .text.flashcdw_lock_external_privileged_fetch
                0x00000000       0x18 src/ASF/avr32/drivers/flashcdw/flashcdw.o
 .text.flashcdw_set_gp_fuse_bitfield
                0x00000000       0x4c src/ASF/avr32/drivers/flashcdw/flashcdw.o
 .text.flashcdw_set_gp_fuse_byte
                0x00000000       0x4c src/ASF/avr32/drivers/flashcdw/flashcdw.o
 .text.flashcdw_set_all_gp_fuses
                0x00000000       0x54 src/ASF/avr32/drivers/flashcdw/flashcdw.o
 .text.flashcdw_clear_page_buffer
                0x00000000       0x10 src/ASF/avr32/drivers/flashcdw/flashcdw.o
 .text.flashcdw_is_page_erased
                0x00000000        0xc src/ASF/avr32/drivers/flashcdw/flashcdw.o
 .text.flashcdw_quick_page_read
                0x00000000       0x18 src/ASF/avr32/drivers/flashcdw/flashcdw.o
 .text.flashcdw_erase_page
                0x00000000       0x38 src/ASF/avr32/drivers/flashcdw/flashcdw.o
 .text.flashcdw_erase_all_pages
                0x00000000       0x48 src/ASF/avr32/drivers/flashcdw/flashcdw.o
 .text.flashcdw_write_page
                0x00000000       0x10 src/ASF/avr32/drivers/flashcdw/flashcdw.o
 .text.flashcdw_quick_user_page_read
                0x00000000       0x18 src/ASF/avr32/drivers/flashcdw/flashcdw.o
 .text.flashcdw_erase_user_page
                0x00000000       0x28 src/ASF/avr32/drivers/flashcdw/flashcdw.o
 .text.flashcdw_write_user_page
                0x00000000       0x10 src/ASF/avr32/drivers/flashcdw/flashcdw.o
 .text.flashcdw_memset64
                0x00000000      0x260 src/ASF/avr32/drivers/flashcdw/flashcdw.o
 .text.flashcdw_memset32
                0x00000000       0x20 src/ASF/avr32/drivers/flashcdw/flashcdw.o
 .text.flashcdw_memset16
                0x00000000       0x10 src/ASF/avr32/drivers/flashcdw/flashcdw.o
 .text.flashcdw_memset8
                0x00000000       0x14 src/ASF/avr32/drivers/flashcdw/flashcdw.o
 .text.flashcdw_memcpy
                0x00000000       0xfc src/ASF/avr32/drivers/flashcdw/flashcdw.o
 .text.flashcdw_set_bootloader_protected_size
                0x00000000       0x54 src/ASF/avr32/drivers/flashcdw/flashcdw.o
 .bss.flashcdw_error_status
                0x00000000        0x4 src/ASF/avr32/drivers/flashcdw/flashcdw.o
 .data.flashcdw_wait_until_ready
                0x00000000        0x4 src/ASF/avr32/drivers/flashcdw/flashcdw.o
 .debug_frame   0x00000000      0x754 src/ASF/avr32/drivers/flashcdw/flashcdw.o
 .debug_loc     0x00000000     0x116d src/ASF/avr32/drivers/flashcdw/flashcdw.o
 .debug_pubnames
                0x00000000      0x950 src/ASF/avr32/drivers/flashcdw/flashcdw.o
 .debug_aranges
                0x00000000      0x258 src/ASF/avr32/drivers/flashcdw/flashcdw.o
 .debug_ranges  0x00000000      0x250 src/ASF/avr32/drivers/flashcdw/flashcdw.o
 .debug_str     0x00000000      0xe50 src/ASF/avr32/drivers/flashcdw/flashcdw.o
 .comment       0x00000000       0x31 src/ASF/avr32/drivers/flashcdw/flashcdw.o
 .text          0x00000000        0x0 src/ASF/avr32/drivers/gpio/gpio.o
 .data          0x00000000        0x0 src/ASF/avr32/drivers/gpio/gpio.o
 .bss           0x00000000        0x0 src/ASF/avr32/drivers/gpio/gpio.o
 .debug_abbrev  0x00000000      0x2f4 src/ASF/avr32/drivers/gpio/gpio.o
 .debug_info    0x00000000      0xf51 src/ASF/avr32/drivers/gpio/gpio.o
 .debug_line    0x00000000      0x95e src/ASF/avr32/drivers/gpio/gpio.o
 .debug_macinfo
                0x00000000    0xfdcac src/ASF/avr32/drivers/gpio/gpio.o
 .text.gpio_enable_module_pin
                0x00000000       0x94 src/ASF/avr32/drivers/gpio/gpio.o
 .rodata.gpio_enable_module_pin
                0x00000000       0x20 src/ASF/avr32/drivers/gpio/gpio.o
 .text.gpio_enable_module
                0x00000000       0x30 src/ASF/avr32/drivers/gpio/gpio.o
 .text.gpio_enable_gpio_pin
                0x00000000       0x18 src/ASF/avr32/drivers/gpio/gpio.o
 .text.gpio_enable_gpio
                0x00000000       0x28 src/ASF/avr32/drivers/gpio/gpio.o
 .text.gpio_enable_pin_pull_up
                0x00000000       0x1a src/ASF/avr32/drivers/gpio/gpio.o
 .text.gpio_disable_pin_pull_up
                0x00000000       0x16 src/ASF/avr32/drivers/gpio/gpio.o
 .text.gpio_enable_pin_pull_down
                0x00000000       0x1a src/ASF/avr32/drivers/gpio/gpio.o
 .text.gpio_disable_pin_pull_down
                0x00000000       0x16 src/ASF/avr32/drivers/gpio/gpio.o
 .text.gpio_enable_pin_buskeeper
                0x00000000       0x1a src/ASF/avr32/drivers/gpio/gpio.o
 .text.gpio_disable_pin_buskeeper
                0x00000000       0x1a src/ASF/avr32/drivers/gpio/gpio.o
 .text.gpio_configure_pin
                0x00000000      0x130 src/ASF/avr32/drivers/gpio/gpio.o
 .text.gpio_configure_group
                0x00000000       0xae src/ASF/avr32/drivers/gpio/gpio.o
 .text.gpio_get_pin_value
                0x00000000       0x16 src/ASF/avr32/drivers/gpio/gpio.o
 .text.gpio_get_gpio_pin_output_value
                0x00000000       0x16 src/ASF/avr32/drivers/gpio/gpio.o
 .text.gpio_get_gpio_open_drain_pin_output_value
                0x00000000       0x1a src/ASF/avr32/drivers/gpio/gpio.o
 .text.gpio_set_gpio_pin
                0x00000000       0x1c src/ASF/avr32/drivers/gpio/gpio.o
 .text.gpio_set_pin_high
                0x00000000       0x16 src/ASF/avr32/drivers/gpio/gpio.o
 .text.gpio_set_group_high
                0x00000000        0xc src/ASF/avr32/drivers/gpio/gpio.o
 .text.gpio_set_pin_low
                0x00000000       0x16 src/ASF/avr32/drivers/gpio/gpio.o
 .text.gpio_clr_gpio_pin
                0x00000000       0x1c src/ASF/avr32/drivers/gpio/gpio.o
 .text.gpio_set_group_low
                0x00000000        0xc src/ASF/avr32/drivers/gpio/gpio.o
 .text.gpio_tgl_gpio_pin
                0x00000000       0x1c src/ASF/avr32/drivers/gpio/gpio.o
 .text.gpio_toggle_pin
                0x00000000       0x16 src/ASF/avr32/drivers/gpio/gpio.o
 .text.gpio_toggle_group
                0x00000000        0xc src/ASF/avr32/drivers/gpio/gpio.o
 .text.gpio_set_gpio_open_drain_pin
                0x00000000       0x18 src/ASF/avr32/drivers/gpio/gpio.o
 .text.gpio_clr_gpio_open_drain_pin
                0x00000000       0x1c src/ASF/avr32/drivers/gpio/gpio.o
 .text.gpio_tgl_gpio_open_drain_pin
                0x00000000       0x1c src/ASF/avr32/drivers/gpio/gpio.o
 .text.gpio_enable_pin_glitch_filter
                0x00000000       0x16 src/ASF/avr32/drivers/gpio/gpio.o
 .text.gpio_disable_pin_glitch_filter
                0x00000000       0x16 src/ASF/avr32/drivers/gpio/gpio.o
 .text.gpio_enable_pin_interrupt
                0x00000000       0x46 src/ASF/avr32/drivers/gpio/gpio.o
 .text.gpio_disable_pin_interrupt
                0x00000000       0x16 src/ASF/avr32/drivers/gpio/gpio.o
 .text.gpio_get_pin_interrupt_flag
                0x00000000       0x18 src/ASF/avr32/drivers/gpio/gpio.o
 .text.gpio_clear_pin_interrupt_flag
                0x00000000       0x16 src/ASF/avr32/drivers/gpio/gpio.o
 .debug_frame   0x00000000      0x244 src/ASF/avr32/drivers/gpio/gpio.o
 .debug_loc     0x00000000      0x3b4 src/ASF/avr32/drivers/gpio/gpio.o
 .debug_pubnames
                0x00000000      0x3aa src/ASF/avr32/drivers/gpio/gpio.o
 .debug_aranges
                0x00000000      0x120 src/ASF/avr32/drivers/gpio/gpio.o
 .debug_ranges  0x00000000      0x118 src/ASF/avr32/drivers/gpio/gpio.o
 .debug_str     0x00000000      0x6c4 src/ASF/avr32/drivers/gpio/gpio.o
 .comment       0x00000000       0x31 src/ASF/avr32/drivers/gpio/gpio.o
 .text          0x00000000        0x0 src/ASF/avr32/drivers/pm/pm_uc3d.o
 .data          0x00000000        0x0 src/ASF/avr32/drivers/pm/pm_uc3d.o
 .bss           0x00000000        0x0 src/ASF/avr32/drivers/pm/pm_uc3d.o
 .debug_abbrev  0x00000000      0x242 src/ASF/avr32/drivers/pm/pm_uc3d.o
 .debug_info    0x00000000     0x10e6 src/ASF/avr32/drivers/pm/pm_uc3d.o
 .debug_line    0x00000000      0x753 src/ASF/avr32/drivers/pm/pm_uc3d.o
 .debug_macinfo
                0x00000000    0xfdb9e src/ASF/avr32/drivers/pm/pm_uc3d.o
 .text.pm_wait_for_clk_ready
                0x00000000       0x1c src/ASF/avr32/drivers/pm/pm_uc3d.o
 .text.pm_disable_module
                0x00000000       0x3c src/ASF/avr32/drivers/pm/pm_uc3d.o
 .text.pm_enable_module
                0x00000000       0x3c src/ASF/avr32/drivers/pm/pm_uc3d.o
 .text.pm_disable_clk_domain_div
                0x00000000       0x46 src/ASF/avr32/drivers/pm/pm_uc3d.o
 .text.pm_set_clk_domain_div
                0x00000000       0x4a src/ASF/avr32/drivers/pm/pm_uc3d.o
 .text.pm_config_mainclk_safety
                0x00000000       0x40 src/ASF/avr32/drivers/pm/pm_uc3d.o
 .text.pm_set_mclk_source
                0x00000000       0x20 src/ASF/avr32/drivers/pm/pm_uc3d.o
 .text.pm_find_divratio
                0x00000000       0x18 src/ASF/avr32/drivers/pm/pm_uc3d.o
 .text.pm_set_all_cksel
                0x00000000       0x6c src/ASF/avr32/drivers/pm/pm_uc3d.o
 .debug_frame   0x00000000       0xb8 src/ASF/avr32/drivers/pm/pm_uc3d.o
 .debug_loc     0x00000000      0x27f src/ASF/avr32/drivers/pm/pm_uc3d.o
 .debug_pubnames
                0x00000000       0xd8 src/ASF/avr32/drivers/pm/pm_uc3d.o
 .debug_aranges
                0x00000000       0x60 src/ASF/avr32/drivers/pm/pm_uc3d.o
 .debug_ranges  0x00000000       0x58 src/ASF/avr32/drivers/pm/pm_uc3d.o
 .debug_str     0x00000000      0x7dd src/ASF/avr32/drivers/pm/pm_uc3d.o
 .comment       0x00000000       0x31 src/ASF/avr32/drivers/pm/pm_uc3d.o
 .text          0x00000000        0x0 src/ASF/avr32/drivers/scif/scif_uc3d.o
 .data          0x00000000        0x0 src/ASF/avr32/drivers/scif/scif_uc3d.o
 .bss           0x00000000        0x0 src/ASF/avr32/drivers/scif/scif_uc3d.o
 .debug_abbrev  0x00000000      0x327 src/ASF/avr32/drivers/scif/scif_uc3d.o
 .debug_info    0x00000000     0x1d88 src/ASF/avr32/drivers/scif/scif_uc3d.o
 .debug_line    0x00000000      0x8e8 src/ASF/avr32/drivers/scif/scif_uc3d.o
 .debug_macinfo
                0x00000000    0xfdc58 src/ASF/avr32/drivers/scif/scif_uc3d.o
 .text.scif_pclksr_statushigh_wait
                0x00000000       0x1a src/ASF/avr32/drivers/scif/scif_uc3d.o
 .text.scif_read_gplp
                0x00000000        0xc src/ASF/avr32/drivers/scif/scif_uc3d.o
 .text.scif_write_gplp
                0x00000000       0x16 src/ASF/avr32/drivers/scif/scif_uc3d.o
 .text.scif_is_osc_ready
                0x00000000       0x12 src/ASF/avr32/drivers/scif/scif_uc3d.o
 .text.scif_wait_for_pll_locked
                0x00000000       0x20 src/ASF/avr32/drivers/scif/scif_uc3d.o
 .text.scif_start_gclk
                0x00000000       0x3e src/ASF/avr32/drivers/scif/scif_uc3d.o
 .text.scif_stop_gclk
                0x00000000       0x30 src/ASF/avr32/drivers/scif/scif_uc3d.o
 .text.scif_gc_setup
                0x00000000       0x84 src/ASF/avr32/drivers/scif/scif_uc3d.o
 .text.scif_gc_enable
                0x00000000       0x24 src/ASF/avr32/drivers/scif/scif_uc3d.o
 .text.scif_bod18_enable_irq
                0x00000000        0xa src/ASF/avr32/drivers/scif/scif_uc3d.o
 .text.scif_bod18_clear_irq
                0x00000000        0xa src/ASF/avr32/drivers/scif/scif_uc3d.o
 .text.scif_bod18_get_irq_status
                0x00000000        0xc src/ASF/avr32/drivers/scif/scif_uc3d.o
 .text.scif_bod18_get_irq_enable_bit
                0x00000000        0xc src/ASF/avr32/drivers/scif/scif_uc3d.o
 .text.scif_bod18_get_level
                0x00000000        0xc src/ASF/avr32/drivers/scif/scif_uc3d.o
 .text.scif_bod18_disable_irq
                0x00000000       0x26 src/ASF/avr32/drivers/scif/scif_uc3d.o
 .text.scif_stop_rc120M
                0x00000000       0x26 src/ASF/avr32/drivers/scif/scif_uc3d.o
 .text.scif_start_rc120M
                0x00000000       0x24 src/ASF/avr32/drivers/scif/scif_uc3d.o
 .text.scif_stop_osc32
                0x00000000       0x24 src/ASF/avr32/drivers/scif/scif_uc3d.o
 .text.scif_start_osc32
                0x00000000       0x4c src/ASF/avr32/drivers/scif/scif_uc3d.o
 .text.scif_pll_disable
                0x00000000       0x44 src/ASF/avr32/drivers/scif/scif_uc3d.o
 .text.scif_pll_enable
                0x00000000       0x44 src/ASF/avr32/drivers/scif/scif_uc3d.o
 .text.scif_pll_setup
                0x00000000       0x86 src/ASF/avr32/drivers/scif/scif_uc3d.o
 .text.scif_enable_extosc
                0x00000000       0x44 src/ASF/avr32/drivers/scif/scif_uc3d.o
 .text.scif_enable_osc
                0x00000000       0x60 src/ASF/avr32/drivers/scif/scif_uc3d.o
 .text.scif_configure_osc_extmode
                0x00000000       0x44 src/ASF/avr32/drivers/scif/scif_uc3d.o
 .text.scif_configure_osc_crystalmode
                0x00000000       0x5c src/ASF/avr32/drivers/scif/scif_uc3d.o
 .text.scif_stop_osc
                0x00000000       0x2c src/ASF/avr32/drivers/scif/scif_uc3d.o
 .text.scif_start_osc
                0x00000000       0x84 src/ASF/avr32/drivers/scif/scif_uc3d.o
 .debug_frame   0x00000000      0x228 src/ASF/avr32/drivers/scif/scif_uc3d.o
 .debug_loc     0x00000000      0x46f src/ASF/avr32/drivers/scif/scif_uc3d.o
 .debug_pubnames
                0x00000000      0x281 src/ASF/avr32/drivers/scif/scif_uc3d.o
 .debug_aranges
                0x00000000       0xf8 src/ASF/avr32/drivers/scif/scif_uc3d.o
 .debug_ranges  0x00000000       0xf0 src/ASF/avr32/drivers/scif/scif_uc3d.o
 .debug_str     0x00000000      0xc6d src/ASF/avr32/drivers/scif/scif_uc3d.o
 .comment       0x00000000       0x31 src/ASF/avr32/drivers/scif/scif_uc3d.o
 .text          0x00000000        0x0 src/motor_control.o
 .data          0x00000000        0x0 src/motor_control.o
 .bss           0x00000000        0x0 src/motor_control.o
 .debug_abbrev  0x00000000       0xe7 src/motor_control.o
 .debug_info    0x00000000      0x18a src/motor_control.o
 .debug_line    0x00000000      0xb98 src/motor_control.o
 .debug_macinfo
                0x00000000   0x1018c0 src/motor_control.o
 .text.motor_init
                0x00000000        0x2 src/motor_control.o
 .text.motor_start
                0x00000000        0x2 src/motor_control.o
 .text.get_motor_speed
                0x00000000        0x2 src/motor_control.o
 .text.motor_stop
                0x00000000        0x2 src/motor_control.o
 .debug_frame   0x00000000       0x50 src/motor_control.o
 .debug_loc     0x00000000       0x26 src/motor_control.o
 .debug_pubnames
                0x00000000       0x54 src/motor_control.o
 .debug_aranges
                0x00000000       0x38 src/motor_control.o
 .debug_ranges  0x00000000       0x30 src/motor_control.o
 .debug_str     0x00000000      0x19c src/motor_control.o
 .comment       0x00000000       0x31 src/motor_control.o
 .text          0x00000000        0x0 src/sensor.o
 .data          0x00000000        0x0 src/sensor.o
 .bss           0x00000000        0x0 src/sensor.o
 .text.sensor_init
                0x00000000       0xe0 src/sensor.o
 .rodata.TWI_GPIO_MAP.14366
                0x00000000       0x10 src/sensor.o
 .text          0x00000000        0x0 src/settings_t.o
 .data          0x00000000        0x0 src/settings_t.o
 .bss           0x00000000        0x0 src/settings_t.o
 .debug_abbrev  0x00000000       0x9d src/settings_t.o
 .debug_info    0x00000000      0x1c6 src/settings_t.o
 .debug_line    0x00000000      0xb52 src/settings_t.o
 .debug_macinfo
                0x00000000   0x1018bb src/settings_t.o
 .debug_pubnames
                0x00000000       0x1a src/settings_t.o
 .debug_str     0x00000000      0x1aa src/settings_t.o
 .comment       0x00000000       0x31 src/settings_t.o
 COMMON         0x00000000       0x44 src/settings_t.o
 .text          0x00000000        0x0 src/ASF/avr32/drivers/tc/tc.o
 .data          0x00000000        0x0 src/ASF/avr32/drivers/tc/tc.o
 .bss           0x00000000        0x0 src/ASF/avr32/drivers/tc/tc.o
 .debug_abbrev  0x00000000      0x25c src/ASF/avr32/drivers/tc/tc.o
 .debug_info    0x00000000     0x1183 src/ASF/avr32/drivers/tc/tc.o
 .debug_line    0x00000000      0x7db src/ASF/avr32/drivers/tc/tc.o
 .debug_macinfo
                0x00000000    0xfe391 src/ASF/avr32/drivers/tc/tc.o
 .text.tc_get_interrupt_settings
                0x00000000       0x12 src/ASF/avr32/drivers/tc/tc.o
 .text.tc_select_external_clock
                0x00000000       0x2e src/ASF/avr32/drivers/tc/tc.o
 .text.tc_init_capture
                0x00000000       0x58 src/ASF/avr32/drivers/tc/tc.o
 .text.tc_init_waveform
                0x00000000       0x9c src/ASF/avr32/drivers/tc/tc.o
 .text.tc_start
                0x00000000       0x12 src/ASF/avr32/drivers/tc/tc.o
 .text.tc_stop  0x00000000       0x12 src/ASF/avr32/drivers/tc/tc.o
 .text.tc_software_trigger
                0x00000000       0x12 src/ASF/avr32/drivers/tc/tc.o
 .text.tc_sync_trigger
                0x00000000        0x8 src/ASF/avr32/drivers/tc/tc.o
 .text.tc_sync_start
                0x00000000       0x12 src/ASF/avr32/drivers/tc/tc.o
 .text.tc_read_sr
                0x00000000       0x12 src/ASF/avr32/drivers/tc/tc.o
 .text.tc_read_tc
                0x00000000       0x16 src/ASF/avr32/drivers/tc/tc.o
 .text.tc_read_ra
                0x00000000       0x16 src/ASF/avr32/drivers/tc/tc.o
 .text.tc_read_rb
                0x00000000       0x16 src/ASF/avr32/drivers/tc/tc.o
 .text.tc_read_rc
                0x00000000       0x16 src/ASF/avr32/drivers/tc/tc.o
 .text.tc_write_ra
                0x00000000       0x34 src/ASF/avr32/drivers/tc/tc.o
 .text.tc_write_rb
                0x00000000       0x34 src/ASF/avr32/drivers/tc/tc.o
 .text.tc_write_rc
                0x00000000       0x34 src/ASF/avr32/drivers/tc/tc.o
 .text.tc_configure_interrupts
                0x00000000      0x108 src/ASF/avr32/drivers/tc/tc.o
 .debug_frame   0x00000000      0x148 src/ASF/avr32/drivers/tc/tc.o
 .debug_loc     0x00000000      0x3ff src/ASF/avr32/drivers/tc/tc.o
 .debug_pubnames
                0x00000000      0x164 src/ASF/avr32/drivers/tc/tc.o
 .debug_aranges
                0x00000000       0xa8 src/ASF/avr32/drivers/tc/tc.o
 .debug_ranges  0x00000000       0xa0 src/ASF/avr32/drivers/tc/tc.o
 .debug_str     0x00000000      0x4b8 src/ASF/avr32/drivers/tc/tc.o
 .comment       0x00000000       0x31 src/ASF/avr32/drivers/tc/tc.o
 .text          0x00000000        0x0 src/ASF/common/services/spi/uc3_spi/spi_master.o
 .data          0x00000000        0x0 src/ASF/common/services/spi/uc3_spi/spi_master.o
 .bss           0x00000000        0x0 src/ASF/common/services/spi/uc3_spi/spi_master.o
 .debug_abbrev  0x00000000      0x255 src/ASF/common/services/spi/uc3_spi/spi_master.o
 .debug_info    0x00000000     0x1353 src/ASF/common/services/spi/uc3_spi/spi_master.o
 .debug_line    0x00000000      0x8d1 src/ASF/common/services/spi/uc3_spi/spi_master.o
 .debug_macinfo
                0x00000000    0xff913 src/ASF/common/services/spi/uc3_spi/spi_master.o
 .text.spi_read_packet
                0x00000000       0x50 src/ASF/common/services/spi/uc3_spi/spi_master.o
 .text.spi_write_packet
                0x00000000       0x2c src/ASF/common/services/spi/uc3_spi/spi_master.o
 .text.spi_master_setup_device
                0x00000000      0x2e8 src/ASF/common/services/spi/uc3_spi/spi_master.o
 .debug_frame   0x00000000       0x64 src/ASF/common/services/spi/uc3_spi/spi_master.o
 .debug_loc     0x00000000      0x215 src/ASF/common/services/spi/uc3_spi/spi_master.o
 .debug_pubnames
                0x00000000       0x57 src/ASF/common/services/spi/uc3_spi/spi_master.o
 .debug_aranges
                0x00000000       0x30 src/ASF/common/services/spi/uc3_spi/spi_master.o
 .debug_ranges  0x00000000       0x58 src/ASF/common/services/spi/uc3_spi/spi_master.o
 .debug_str     0x00000000      0x6d2 src/ASF/common/services/spi/uc3_spi/spi_master.o
 .comment       0x00000000       0x31 src/ASF/common/services/spi/uc3_spi/spi_master.o
 .text          0x00000000        0x0 src/ASF/common/services/sleepmgr/uc3/sleepmgr.o
 .data          0x00000000        0x0 src/ASF/common/services/sleepmgr/uc3/sleepmgr.o
 .bss           0x00000000        0x0 src/ASF/common/services/sleepmgr/uc3/sleepmgr.o
 .debug_abbrev  0x00000000       0x7d src/ASF/common/services/sleepmgr/uc3/sleepmgr.o
 .debug_info    0x00000000       0xf9 src/ASF/common/services/sleepmgr/uc3/sleepmgr.o
 .debug_line    0x00000000      0x704 src/ASF/common/services/sleepmgr/uc3/sleepmgr.o
 .debug_macinfo
                0x00000000    0xfdc29 src/ASF/common/services/sleepmgr/uc3/sleepmgr.o
 .debug_pubnames
                0x00000000       0x25 src/ASF/common/services/sleepmgr/uc3/sleepmgr.o
 .debug_str     0x00000000      0x1ab src/ASF/common/services/sleepmgr/uc3/sleepmgr.o
 .comment       0x00000000       0x31 src/ASF/common/services/sleepmgr/uc3/sleepmgr.o
 COMMON         0x00000000        0x7 src/ASF/common/services/sleepmgr/uc3/sleepmgr.o
 .text          0x00000000        0x0 src/ASF/common/services/serial/usart_serial.o
 .data          0x00000000        0x0 src/ASF/common/services/serial/usart_serial.o
 .bss           0x00000000        0x0 src/ASF/common/services/serial/usart_serial.o
 .debug_abbrev  0x00000000      0x19f src/ASF/common/services/serial/usart_serial.o
 .debug_info    0x00000000     0x22aa src/ASF/common/services/serial/usart_serial.o
 .debug_line    0x00000000      0x863 src/ASF/common/services/serial/usart_serial.o
 .debug_macinfo
                0x00000000    0xffc7e src/ASF/common/services/serial/usart_serial.o
 .text.usart_serial_read_packet
                0x00000000       0x24 src/ASF/common/services/serial/usart_serial.o
 .text.usart_serial_write_packet
                0x00000000       0x2c src/ASF/common/services/serial/usart_serial.o
 .debug_frame   0x00000000       0x5c src/ASF/common/services/serial/usart_serial.o
 .debug_loc     0x00000000      0x108 src/ASF/common/services/serial/usart_serial.o
 .debug_pubnames
                0x00000000       0x4d src/ASF/common/services/serial/usart_serial.o
 .debug_aranges
                0x00000000       0x28 src/ASF/common/services/serial/usart_serial.o
 .debug_ranges  0x00000000       0x20 src/ASF/common/services/serial/usart_serial.o
 .debug_str     0x00000000      0x7e3 src/ASF/common/services/serial/usart_serial.o
 .comment       0x00000000       0x31 src/ASF/common/services/serial/usart_serial.o
 .text          0x00000000        0x0 src/ASF/common/services/clock/uc3d/osc.o
 .data          0x00000000        0x0 src/ASF/common/services/clock/uc3d/osc.o
 .bss           0x00000000        0x0 src/ASF/common/services/clock/uc3d/osc.o
 .debug_abbrev  0x00000000      0x1aa src/ASF/common/services/clock/uc3d/osc.o
 .debug_info    0x00000000     0x14f9 src/ASF/common/services/clock/uc3d/osc.o
 .debug_line    0x00000000      0x77d src/ASF/common/services/clock/uc3d/osc.o
 .debug_macinfo
                0x00000000    0xfec1c src/ASF/common/services/clock/uc3d/osc.o
 .text.osc_priv_disable_rc120m
                0x00000000       0x2c src/ASF/common/services/clock/uc3d/osc.o
 .text.osc_priv_enable_rc120m
                0x00000000       0x2c src/ASF/common/services/clock/uc3d/osc.o
 .debug_frame   0x00000000       0x38 src/ASF/common/services/clock/uc3d/osc.o
 .debug_loc     0x00000000       0x7e src/ASF/common/services/clock/uc3d/osc.o
 .debug_pubnames
                0x00000000       0x49 src/ASF/common/services/clock/uc3d/osc.o
 .debug_aranges
                0x00000000       0x28 src/ASF/common/services/clock/uc3d/osc.o
 .debug_ranges  0x00000000       0x20 src/ASF/common/services/clock/uc3d/osc.o
 .debug_str     0x00000000      0x796 src/ASF/common/services/clock/uc3d/osc.o
 .comment       0x00000000       0x31 src/ASF/common/services/clock/uc3d/osc.o
 .text          0x00000000        0x0 src/ASF/common/services/clock/uc3d/pll.o
 .data          0x00000000        0x0 src/ASF/common/services/clock/uc3d/pll.o
 .bss           0x00000000        0x0 src/ASF/common/services/clock/uc3d/pll.o
 .debug_abbrev  0x00000000      0x1f8 src/ASF/common/services/clock/uc3d/pll.o
 .debug_info    0x00000000     0x15cd src/ASF/common/services/clock/uc3d/pll.o
 .debug_line    0x00000000      0x7bc src/ASF/common/services/clock/uc3d/pll.o
 .debug_macinfo
                0x00000000    0xff09c src/ASF/common/services/clock/uc3d/pll.o
 .text.pll_disable
                0x00000000       0x30 src/ASF/common/services/clock/uc3d/pll.o
 .text.pll_enable
                0x00000000       0x32 src/ASF/common/services/clock/uc3d/pll.o
 .text.pll_config_write
                0x00000000       0x30 src/ASF/common/services/clock/uc3d/pll.o
 .debug_frame   0x00000000       0x4c src/ASF/common/services/clock/uc3d/pll.o
 .debug_loc     0x00000000       0xf6 src/ASF/common/services/clock/uc3d/pll.o
 .debug_pubnames
                0x00000000       0x46 src/ASF/common/services/clock/uc3d/pll.o
 .debug_aranges
                0x00000000       0x30 src/ASF/common/services/clock/uc3d/pll.o
 .debug_ranges  0x00000000       0x28 src/ASF/common/services/clock/uc3d/pll.o
 .debug_str     0x00000000      0x7a1 src/ASF/common/services/clock/uc3d/pll.o
 .comment       0x00000000       0x31 src/ASF/common/services/clock/uc3d/pll.o
 .text          0x00000000        0x0 src/ASF/common/services/clock/uc3d/sysclk.o
 .data          0x00000000        0x0 src/ASF/common/services/clock/uc3d/sysclk.o
 .bss           0x00000000        0x0 src/ASF/common/services/clock/uc3d/sysclk.o
 .debug_abbrev  0x00000000      0x25d src/ASF/common/services/clock/uc3d/sysclk.o
 .debug_info    0x00000000     0x234e src/ASF/common/services/clock/uc3d/sysclk.o
 .debug_line    0x00000000      0x874 src/ASF/common/services/clock/uc3d/sysclk.o
 .debug_macinfo
                0x00000000    0xffe51 src/ASF/common/services/clock/uc3d/sysclk.o
 .text.sysclk_set_source
                0x00000000       0x28 src/ASF/common/services/clock/uc3d/sysclk.o
 .text.sysclk_set_prescalers
                0x00000000       0x5c src/ASF/common/services/clock/uc3d/sysclk.o
 .text.sysclk_init
                0x00000000       0x40 src/ASF/common/services/clock/uc3d/sysclk.o
 .text.sysclk_priv_disable_module
                0x00000000       0x44 src/ASF/common/services/clock/uc3d/sysclk.o
 .text.sysclk_priv_enable_module
                0x00000000       0x42 src/ASF/common/services/clock/uc3d/sysclk.o
 .debug_frame   0x00000000       0x90 src/ASF/common/services/clock/uc3d/sysclk.o
 .debug_loc     0x00000000      0x247 src/ASF/common/services/clock/uc3d/sysclk.o
 .debug_pubnames
                0x00000000       0x8f src/ASF/common/services/clock/uc3d/sysclk.o
 .debug_aranges
                0x00000000       0x40 src/ASF/common/services/clock/uc3d/sysclk.o
 .debug_ranges  0x00000000       0x38 src/ASF/common/services/clock/uc3d/sysclk.o
 .debug_str     0x00000000      0xba8 src/ASF/common/services/clock/uc3d/sysclk.o
 .comment       0x00000000       0x31 src/ASF/common/services/clock/uc3d/sysclk.o
 .text          0x00000000        0x0 src/ASF/avr32/drivers/pm/power_clocks_lib.o
 .data          0x00000000        0x0 src/ASF/avr32/drivers/pm/power_clocks_lib.o
 .bss           0x00000000        0x0 src/ASF/avr32/drivers/pm/power_clocks_lib.o
 .debug_abbrev  0x00000000      0x192 src/ASF/avr32/drivers/pm/power_clocks_lib.o
 .debug_info    0x00000000      0x516 src/ASF/avr32/drivers/pm/power_clocks_lib.o
 .debug_line    0x00000000      0x78e src/ASF/avr32/drivers/pm/power_clocks_lib.o
 .debug_macinfo
                0x00000000    0xfdf58 src/ASF/avr32/drivers/pm/power_clocks_lib.o
 .text.pcl_configure_usb_clock
                0x00000000        0x6 src/ASF/avr32/drivers/pm/power_clocks_lib.o
 .text.pcl_read_gplp
                0x00000000        0xc src/ASF/avr32/drivers/pm/power_clocks_lib.o
 .text.pcl_write_gplp
                0x00000000        0xc src/ASF/avr32/drivers/pm/power_clocks_lib.o
 .text.pcl_switch_to_osc
                0x00000000       0x44 src/ASF/avr32/drivers/pm/power_clocks_lib.o
 .text.pcl_configure_clocks
                0x00000000      0x1d4 src/ASF/avr32/drivers/pm/power_clocks_lib.o
 .debug_frame   0x00000000       0x98 src/ASF/avr32/drivers/pm/power_clocks_lib.o
 .debug_loc     0x00000000      0x2de src/ASF/avr32/drivers/pm/power_clocks_lib.o
 .debug_pubnames
                0x00000000       0x82 src/ASF/avr32/drivers/pm/power_clocks_lib.o
 .debug_aranges
                0x00000000       0x40 src/ASF/avr32/drivers/pm/power_clocks_lib.o
 .debug_ranges  0x00000000       0x38 src/ASF/avr32/drivers/pm/power_clocks_lib.o
 .debug_str     0x00000000      0x500 src/ASF/avr32/drivers/pm/power_clocks_lib.o
 .comment       0x00000000       0x31 src/ASF/avr32/drivers/pm/power_clocks_lib.o
 .text          0x00000000        0x0 src/ASF/avr32/drivers/pwma/pwma.o
 .data          0x00000000        0x0 src/ASF/avr32/drivers/pwma/pwma.o
 .bss           0x00000000        0x0 src/ASF/avr32/drivers/pwma/pwma.o
 .debug_abbrev  0x00000000      0x1de src/ASF/avr32/drivers/pwma/pwma.o
 .debug_info    0x00000000      0xad5 src/ASF/avr32/drivers/pwma/pwma.o
 .debug_line    0x00000000      0x728 src/ASF/avr32/drivers/pwma/pwma.o
 .debug_macinfo
                0x00000000    0xfdaf3 src/ASF/avr32/drivers/pwma/pwma.o
 .text.pwma_config_enable
                0x00000000       0x50 src/ASF/avr32/drivers/pwma/pwma.o
 .text.pwma_set_channels_value
                0x00000000       0x4a src/ASF/avr32/drivers/pwma/pwma.o
 .text.pwma_config_and_enable
                0x00000000       0x18 src/ASF/avr32/drivers/pwma/pwma.o
 .text.pwma_set_multiple_values
                0x00000000       0x7e src/ASF/avr32/drivers/pwma/pwma.o
 .text.pwma_write_top_value
                0x00000000       0x1e src/ASF/avr32/drivers/pwma/pwma.o
 .text.pwma_enable_cwg_mode
                0x00000000        0x4 src/ASF/avr32/drivers/pwma/pwma.o
 .debug_frame   0x00000000       0x90 src/ASF/avr32/drivers/pwma/pwma.o
 .debug_loc     0x00000000      0x20b src/ASF/avr32/drivers/pwma/pwma.o
 .debug_pubnames
                0x00000000       0xaf src/ASF/avr32/drivers/pwma/pwma.o
 .debug_aranges
                0x00000000       0x48 src/ASF/avr32/drivers/pwma/pwma.o
 .debug_ranges  0x00000000       0x40 src/ASF/avr32/drivers/pwma/pwma.o
 .debug_str     0x00000000      0x48d src/ASF/avr32/drivers/pwma/pwma.o
 .comment       0x00000000       0x31 src/ASF/avr32/drivers/pwma/pwma.o
 .text          0x00000000        0x0 src/ASF/avr32/drivers/spi/spi.o
 .data          0x00000000        0x0 src/ASF/avr32/drivers/spi/spi.o
 .bss           0x00000000        0x0 src/ASF/avr32/drivers/spi/spi.o
 .debug_abbrev  0x00000000      0x281 src/ASF/avr32/drivers/spi/spi.o
 .debug_info    0x00000000     0x1307 src/ASF/avr32/drivers/spi/spi.o
 .debug_line    0x00000000      0x7f2 src/ASF/avr32/drivers/spi/spi.o
 .debug_macinfo
                0x00000000    0xfdafa src/ASF/avr32/drivers/spi/spi.o
 .text.getBaudDiv
                0x00000000       0x20 src/ASF/avr32/drivers/spi/spi.o
 .text.spi_initSlave
                0x00000000       0x46 src/ASF/avr32/drivers/spi/spi.o
 .text.spi_initTest
                0x00000000       0x10 src/ASF/avr32/drivers/spi/spi.o
 .text.spi_initMaster
                0x00000000       0x38 src/ASF/avr32/drivers/spi/spi.o
 .text.spi_selectionMode
                0x00000000       0x2c src/ASF/avr32/drivers/spi/spi.o
 .text.spi_selectChip
                0x00000000       0x4c src/ASF/avr32/drivers/spi/spi.o
 .text.spi_unselectChip
                0x00000000       0x26 src/ASF/avr32/drivers/spi/spi.o
 .text.spi_setupChipReg
                0x00000000       0xb8 src/ASF/avr32/drivers/spi/spi.o
 .text.spi_enable
                0x00000000        0x6 src/ASF/avr32/drivers/spi/spi.o
 .text.spi_disable
                0x00000000        0x6 src/ASF/avr32/drivers/spi/spi.o
 .text.spi_is_enabled
                0x00000000        0x8 src/ASF/avr32/drivers/spi/spi.o
 .text.spi_writeRegisterEmptyCheck
                0x00000000        0x8 src/ASF/avr32/drivers/spi/spi.o
 .text.spi_write
                0x00000000       0x1c src/ASF/avr32/drivers/spi/spi.o
 .text.spi_variableSlaveWrite
                0x00000000       0x40 src/ASF/avr32/drivers/spi/spi.o
 .text.spi_writeEndCheck
                0x00000000        0x8 src/ASF/avr32/drivers/spi/spi.o
 .text.spi_readRegisterFullCheck
                0x00000000        0x8 src/ASF/avr32/drivers/spi/spi.o
 .text.spi_read
                0x00000000       0x20 src/ASF/avr32/drivers/spi/spi.o
 .text.spi_getStatus
                0x00000000       0x2c src/ASF/avr32/drivers/spi/spi.o
 .debug_frame   0x00000000      0x158 src/ASF/avr32/drivers/spi/spi.o
 .debug_loc     0x00000000      0x3bd src/ASF/avr32/drivers/spi/spi.o
 .debug_pubnames
                0x00000000      0x178 src/ASF/avr32/drivers/spi/spi.o
 .debug_aranges
                0x00000000       0xa8 src/ASF/avr32/drivers/spi/spi.o
 .debug_ranges  0x00000000       0xa0 src/ASF/avr32/drivers/spi/spi.o
 .debug_str     0x00000000      0x642 src/ASF/avr32/drivers/spi/spi.o
 .comment       0x00000000       0x31 src/ASF/avr32/drivers/spi/spi.o
 .text          0x00000000        0x0 src/ASF/avr32/drivers/twim/twim.o
 .data          0x00000000        0x0 src/ASF/avr32/drivers/twim/twim.o
 .bss           0x00000000        0x0 src/ASF/avr32/drivers/twim/twim.o
 .text.twim_master_interrupt_handler
                0x00000000       0xdc src/ASF/avr32/drivers/twim/twim.o
 .text.twim_set_speed
                0x00000000       0x62 src/ASF/avr32/drivers/twim/twim.o
 .text.twim_chained_transfer
                0x00000000      0x1dc src/ASF/avr32/drivers/twim/twim.o
 .text.twim_probe
                0x00000000       0x1c src/ASF/avr32/drivers/twim/twim.o
 .text.twim_write_packet
                0x00000000       0xdc src/ASF/avr32/drivers/twim/twim.o
 .text.twim_read_packet
                0x00000000      0x110 src/ASF/avr32/drivers/twim/twim.o
 .text.twim_master_init
                0x00000000       0xc0 src/ASF/avr32/drivers/twim/twim.o
 .bss.twim_package
                0x00000000        0x4 src/ASF/avr32/drivers/twim/twim.o
 .text          0x00000000        0x0 src/ASF/avr32/drivers/twis/twis.o
 .data          0x00000000        0x0 src/ASF/avr32/drivers/twis/twis.o
 .bss           0x00000000        0x0 src/ASF/avr32/drivers/twis/twis.o
 .debug_abbrev  0x00000000      0x261 src/ASF/avr32/drivers/twis/twis.o
 .debug_info    0x00000000      0xf43 src/ASF/avr32/drivers/twis/twis.o
 .debug_line    0x00000000      0x7b7 src/ASF/avr32/drivers/twis/twis.o
 .debug_macinfo
                0x00000000    0xfe5b1 src/ASF/avr32/drivers/twis/twis.o
 .text.twis_slave_interrupt_handler
                0x00000000      0x10c src/ASF/avr32/drivers/twis/twis.o
 .text.twis_send_data_nack
                0x00000000       0x24 src/ASF/avr32/drivers/twis/twis.o
 .text.twis_send_data_ack
                0x00000000        0x8 src/ASF/avr32/drivers/twis/twis.o
 .text.twis_slave_init
                0x00000000       0xd4 src/ASF/avr32/drivers/twis/twis.o
 .bss.twis_slave_fct
                0x00000000        0xc src/ASF/avr32/drivers/twis/twis.o
 .bss.twis_inst_slave
                0x00000000        0x4 src/ASF/avr32/drivers/twis/twis.o
 .debug_frame   0x00000000       0x80 src/ASF/avr32/drivers/twis/twis.o
 .debug_loc     0x00000000      0x1b4 src/ASF/avr32/drivers/twis/twis.o
 .debug_pubnames
                0x00000000       0x55 src/ASF/avr32/drivers/twis/twis.o
 .debug_aranges
                0x00000000       0x38 src/ASF/avr32/drivers/twis/twis.o
 .debug_ranges  0x00000000       0x30 src/ASF/avr32/drivers/twis/twis.o
 .debug_str     0x00000000      0x506 src/ASF/avr32/drivers/twis/twis.o
 .comment       0x00000000       0x31 src/ASF/avr32/drivers/twis/twis.o
 .text          0x00000000        0x0 src/ASF/avr32/drivers/usart/usart.o
 .data          0x00000000        0x0 src/ASF/avr32/drivers/usart/usart.o
 .bss           0x00000000        0x0 src/ASF/avr32/drivers/usart/usart.o
 .debug_abbrev  0x00000000      0x33a src/ASF/avr32/drivers/usart/usart.o
 .debug_info    0x00000000     0x2c5b src/ASF/avr32/drivers/usart/usart.o
 .debug_line    0x00000000      0x93a src/ASF/avr32/drivers/usart/usart.o
 .debug_macinfo
                0x00000000    0xfdebf src/ASF/avr32/drivers/usart/usart.o
 .text.usart_set_async_baudrate
                0x00000000       0x5a src/ASF/avr32/drivers/usart/usart.o
 .text.usart_set_sync_master_baudrate
                0x00000000       0x28 src/ASF/avr32/drivers/usart/usart.o
 .text.usart_spi_selectChip
                0x00000000        0x8 src/ASF/avr32/drivers/usart/usart.o
 .text.usart_spi_unselectChip
                0x00000000       0x1e src/ASF/avr32/drivers/usart/usart.o
 .text.usart_write_char
                0x00000000       0x14 src/ASF/avr32/drivers/usart/usart.o
 .text.usart_send_address
                0x00000000       0x34 src/ASF/avr32/drivers/usart/usart.o
 .text.usart_putchar
                0x00000000       0x2c src/ASF/avr32/drivers/usart/usart.o
 .text.usart_read_char
                0x00000000       0x22 src/ASF/avr32/drivers/usart/usart.o
 .text.usart_getchar
                0x00000000       0x2c src/ASF/avr32/drivers/usart/usart.o
 .text.usart_write_line
                0x00000000       0x24 src/ASF/avr32/drivers/usart/usart.o
 .text.usart_get_echo_line
                0x00000000       0x50 src/ASF/avr32/drivers/usart/usart.o
 .text.usart_reset
                0x00000000       0x2c src/ASF/avr32/drivers/usart/usart.o
 .text.usart_init_spi_slave
                0x00000000       0x94 src/ASF/avr32/drivers/usart/usart.o
 .text.usart_init_spi_master
                0x00000000       0xb0 src/ASF/avr32/drivers/usart/usart.o
 .text.usart_init_lin_slave
                0x00000000       0x38 src/ASF/avr32/drivers/usart/usart.o
 .text.usart_init_lin_master
                0x00000000       0x38 src/ASF/avr32/drivers/usart/usart.o
 .text.usart_init_iso7816
                0x00000000       0xa4 src/ASF/avr32/drivers/usart/usart.o
 .text.usart_init_sync_slave
                0x00000000       0xc8 src/ASF/avr32/drivers/usart/usart.o
 .text.usart_init_sync_master
                0x00000000       0xdc src/ASF/avr32/drivers/usart/usart.o
 .text.usart_init_rs232_tx_only
                0x00000000       0xd4 src/ASF/avr32/drivers/usart/usart.o
 .text.usart_init_rs232
                0x00000000       0xcc src/ASF/avr32/drivers/usart/usart.o
 .text.usart_init_IrDA
                0x00000000       0x34 src/ASF/avr32/drivers/usart/usart.o
 .text.usart_init_rs485
                0x00000000       0x24 src/ASF/avr32/drivers/usart/usart.o
 .text.usart_init_modem
                0x00000000       0x24 src/ASF/avr32/drivers/usart/usart.o
 .text.usart_init_hw_handshaking
                0x00000000       0x24 src/ASF/avr32/drivers/usart/usart.o
 .rodata.str1.4
                0x00000000        0xc src/ASF/avr32/drivers/usart/usart.o
 .debug_frame   0x00000000      0x2ac src/ASF/avr32/drivers/usart/usart.o
 .debug_loc     0x00000000      0x9c5 src/ASF/avr32/drivers/usart/usart.o
 .debug_pubnames
                0x00000000      0x227 src/ASF/avr32/drivers/usart/usart.o
 .debug_aranges
                0x00000000       0xe0 src/ASF/avr32/drivers/usart/usart.o
 .debug_ranges  0x00000000       0xd8 src/ASF/avr32/drivers/usart/usart.o
 .debug_str     0x00000000      0xa66 src/ASF/avr32/drivers/usart/usart.o
 .comment       0x00000000       0x31 src/ASF/avr32/drivers/usart/usart.o
 .text          0x00000000        0x0 src/ASF/avr32/drivers/intc/exception.o
 .data          0x00000000        0x0 src/ASF/avr32/drivers/intc/exception.o
 .bss           0x00000000        0x0 src/ASF/avr32/drivers/intc/exception.o
 .text          0x00000000        0x0 src/ASF/avr32/drivers/intc/intc.o
 .data          0x00000000        0x0 src/ASF/avr32/drivers/intc/intc.o
 .bss           0x00000000        0x0 src/ASF/avr32/drivers/intc/intc.o
 .text._unhandled_interrupt
                0x00000000        0x2 src/ASF/avr32/drivers/intc/intc.o
 .text.INTC_register_interrupt
                0x00000000       0x80 src/ASF/avr32/drivers/intc/intc.o
 .text.INTC_init_interrupts
                0x00000000       0x54 src/ASF/avr32/drivers/intc/intc.o
 .text          0x00000000        0x0 src/ASF/avr32/utils/startup/startup_uc3.o
 .data          0x00000000        0x0 src/ASF/avr32/utils/startup/startup_uc3.o
 .bss           0x00000000        0x0 src/ASF/avr32/utils/startup/startup_uc3.o
 .reset         0x00000000        0x8 src/ASF/avr32/utils/startup/startup_uc3.o
 .text          0x00000000        0x0 src/ASF/avr32/utils/startup/trampoline_uc3.o
 .data          0x00000000        0x0 src/ASF/avr32/utils/startup/trampoline_uc3.o
 .bss           0x00000000        0x0 src/ASF/avr32/utils/startup/trampoline_uc3.o
 .text          0x00000000        0x0 src/ASF/common/boards/user_board/init.o
 .data          0x00000000        0x0 src/ASF/common/boards/user_board/init.o
 .bss           0x00000000        0x0 src/ASF/common/boards/user_board/init.o
 .text          0x00000000        0x0 src/main.o
 .data          0x00000000        0x0 src/main.o
 .bss           0x00000000        0x0 src/main.o

Memory Configuration

Name             Origin             Length             Attributes
FLASH            0x80000000         0x00010000         axrl !w
CPUSRAM          0x00000004         0x00003ffc         axw !rl
USERPAGE         0x80800000         0x00000100
FACTORYPAGE      0x80800100         0x00000100
*default*        0x00000000         0xffffffff

Linker script and memory map

                0x00001000                _stack_size = 0x1000
LOAD src/ASF/avr32/drivers/flashcdw/flashcdw.o
LOAD src/ASF/avr32/drivers/gpio/gpio.o
LOAD src/ASF/avr32/drivers/pm/pm_uc3d.o
LOAD src/ASF/avr32/drivers/scif/scif_uc3d.o
LOAD src/motor_control.o
LOAD src/sensor.o
LOAD src/settings_t.o
LOAD src/ASF/avr32/drivers/tc/tc.o
LOAD src/ASF/common/services/spi/uc3_spi/spi_master.o
LOAD src/ASF/common/services/sleepmgr/uc3/sleepmgr.o
LOAD src/ASF/common/services/serial/usart_serial.o
LOAD src/ASF/common/services/clock/uc3d/osc.o
LOAD src/ASF/common/services/clock/uc3d/pll.o
LOAD src/ASF/common/services/clock/uc3d/sysclk.o
LOAD src/ASF/avr32/drivers/pm/power_clocks_lib.o
LOAD src/ASF/avr32/drivers/pwma/pwma.o
LOAD src/ASF/avr32/drivers/spi/spi.o
LOAD src/ASF/avr32/drivers/twim/twim.o
LOAD src/ASF/avr32/drivers/twis/twis.o
LOAD src/ASF/avr32/drivers/usart/usart.o
LOAD src/ASF/avr32/drivers/intc/exception.o
LOAD src/ASF/avr32/drivers/intc/intc.o
LOAD src/ASF/avr32/utils/startup/startup_uc3.o
LOAD src/ASF/avr32/utils/startup/trampoline_uc3.o
LOAD src/ASF/common/boards/user_board/init.o
LOAD src/main.o
START GROUP
LOAD c:/program files (x86)/atmel/studio/7.0/toolchain/avr32/avr32-gnu-toolchain/bin/../lib/gcc/avr32/4.4.7/../../../../avr32/lib/ucr3\libm.a
END GROUP
LOAD c:/program files (x86)/atmel/studio/7.0/toolchain/avr32/avr32-gnu-toolchain/bin/../lib/gcc/avr32/4.4.7/ucr3\libgcc.a
LOAD c:/program files (x86)/atmel/studio/7.0/toolchain/avr32/avr32-gnu-toolchain/bin/../lib/gcc/avr32/4.4.7/../../../../avr32/lib/ucr3\libc.a
LOAD c:/program files (x86)/atmel/studio/7.0/toolchain/avr32/avr32-gnu-toolchain/bin/../lib/gcc/avr32/4.4.7/ucr3\libgcc.a
                0x80000000                PROVIDE (__executable_start, 0x80000000)
                0x80000000                . = 0x80000000

.interp
 *(.interp)

.reset          0x80000000     0x2004
 *(.reset)
 .reset         0x80000000     0x2004 src/ASF/avr32/utils/startup/trampoline_uc3.o
                               0x2008 (size before relaxing)
                0x80000000                _trampoline

.hash
 *(.hash)

.dynsym
 *(.dynsym)

.dynstr
 *(.dynstr)

.gnu.version
 *(.gnu.version)

.gnu.version_d
 *(.gnu.version_d)

.gnu.version_r
 *(.gnu.version_r)

.rel.init
 *(.rel.init)

.rela.init
 *(.rela.init)

.rel.text
 *(.rel.text .rel.text.* .rel.gnu.linkonce.t.*)

.rela.text
 *(.rela.text .rela.text.* .rela.gnu.linkonce.t.*)

.rel.fini
 *(.rel.fini)

.rela.fini
 *(.rela.fini)

.rel.rodata
 *(.rel.rodata .rel.rodata.* .rel.gnu.linkonce.r.*)

.rela.rodata
 *(.rela.rodata .rela.rodata.* .rela.gnu.linkonce.r.*)

.rel.data.rel.ro
 *(.rel.data.rel.ro*)

.rela.data.rel.ro
 *(.rel.data.rel.ro*)

.rel.data
 *(.rel.data .rel.data.* .rel.gnu.linkonce.d.*)

.rela.data
 *(.rela.data .rela.data.* .rela.gnu.linkonce.d.*)

.rel.tdata
 *(.rel.tdata .rel.tdata.* .rel.gnu.linkonce.td.*)

.rela.tdata
 *(.rela.tdata .rela.tdata.* .rela.gnu.linkonce.td.*)

.rel.tbss
 *(.rel.tbss .rel.tbss.* .rel.gnu.linkonce.tb.*)

.rela.tbss
 *(.rela.tbss .rela.tbss.* .rela.gnu.linkonce.tb.*)

.rel.ctors
 *(.rel.ctors)

.rela.ctors
 *(.rela.ctors)

.rel.dtors
 *(.rel.dtors)

.rela.dtors
 *(.rela.dtors)

.rel.got
 *(.rel.got)

.rela.got       0x80002004        0x0
 *(.rela.got)
 .rela.got      0x80002004        0x0 src/ASF/avr32/drivers/flashcdw/flashcdw.o

.rel.bss
 *(.rel.bss .rel.bss.* .rel.gnu.linkonce.b.*)

.rela.bss
 *(.rela.bss .rela.bss.* .rela.gnu.linkonce.b.*)

.rel.plt
 *(.rel.plt)

.rela.plt
 *(.rela.plt)

.init
 *(.init)

.plt
 *(.plt)

.text           0x80002004      0x304
 *(.text .stub .text.* .gnu.linkonce.t.*)
 .text.write_sensor_data
                0x80002004       0x14 src/sensor.o
                0x80002004                write_sensor_data
 .text.read_sensor_data
                0x80002018       0x14 src/sensor.o
                0x80002018                read_sensor_data
 .text.twim_status
                0x8000202c       0x10 src/ASF/avr32/drivers/twim/twim.o
                0x8000202c                twim_status
 .text.twim_disable_interrupt
                0x8000203c       0x14 src/ASF/avr32/drivers/twim/twim.o
                0x8000203c                twim_disable_interrupt
 .text.twim_write
                0x80002050       0xb4 src/ASF/avr32/drivers/twim/twim.o
                0x80002050                twim_write
 .text.twim_read
                0x80002104       0xd8 src/ASF/avr32/drivers/twim/twim.o
                0x80002104                twim_read
 .text._get_interrupt_handler
                0x800021dc       0x38 src/ASF/avr32/drivers/intc/intc.o
                0x800021dc                _get_interrupt_handler
 .text._stext   0x80002214       0x3c src/ASF/avr32/utils/startup/startup_uc3.o
                                 0x50 (size before relaxing)
                0x80002214                _stext
 .text.board_init
                0x80002250        0x2 src/ASF/common/boards/user_board/init.o
                0x80002250                board_init
 *fill*         0x80002252        0x2 d703d703
 .text.main     0x80002254       0xb4 src/main.o
                0x80002254                main
 *(.text.*personality*)
 *(.gnu.warning)

.exception      0x80002400      0x200
 .exception     0x80002400      0x200 src/ASF/avr32/drivers/intc/exception.o
                0x80002400                _evba
                0x80002504                _int0
                0x80002510                _int1
                0x8000251c                _int2
                0x80002528                _int3

.fini
 *(.fini)
                0x80002600                PROVIDE (__etext, .)
                0x80002600                PROVIDE (_etext, .)
                0x80002600                PROVIDE (etext, .)

.rodata         0x80002600       0xb4
 *(.rodata .rodata.* .gnu.linkonce.r.*)
 .rodata._int_handler_table
                0x80002600       0xb0 src/ASF/avr32/drivers/intc/intc.o
 .rodata.C.68.14406
                0x800026b0        0x4 src/main.o

.rodata1
 *(.rodata1)

.eh_frame_hdr
 *(.eh_frame_hdr)

.eh_frame
 *(.eh_frame)

.gcc_except_table
 *(.gcc_except_table)
 *(.gcc_except_table.*)

.dalign         0x800026b4        0x4
                0x800026b8                . = ALIGN (0x8)
 *fill*         0x800026b4        0x4 
                0x800026b8                PROVIDE (_data_lma, .)
                0x00000004                PROVIDE (_data, ORIGIN (CPUSRAM))
                0x00000004                . = ORIGIN (CPUSRAM)

.eh_frame
 *(.eh_frame)

.gcc_except_table
 *(.gcc_except_table)
 *(.gcc_except_table.*)

.tdata
 *(.tdata .tdata.* .gnu.linkonce.td.*)

.tbss
 *(.tbss .tbss.* .gnu.linkonce.tb.*)
 *(.tcommon)
                0x00000004                PROVIDE (__preinit_array_start, ALIGN (0x4))

.preinit_array
 *(.preinit_array)
                0x00000004                PROVIDE (__preinit_array_end, .)
                0x00000004                PROVIDE (__init_array_start, .)

.init_array
 *(.init_array)
                0x00000004                PROVIDE (__init_array_end, .)
                0x00000004                PROVIDE (__fini_array_start, .)

.fini_array
 *(.fini_array)
                0x00000004                PROVIDE (__fini_array_end, .)

.ctors
 *crtbegin*.o(.ctors)
 *(EXCLUDE_FILE(*crtend*.o) .ctors)
 *(SORT(.ctors.*))
 *(.ctors)

.dtors
 *crtbegin*.o(.dtors)
 *(EXCLUDE_FILE(*crtend*.o) .dtors)
 *(SORT(.dtors.*))
 *(.dtors)

.jcr
 *(.jcr)

.data.rel.ro
 *(.data.rel.ro.local)
 *(.data.rel.ro*)

.dynamic
 *(.dynamic)

.got
 *(.got.plt)
 *(.got)

.data
 *(.data .data.* .gnu.linkonce.d.*)
 *(.gnu.linkonce.d.*personality*)

.data1
 *(.data1)

.balign         0x00000004        0x4 load address 0x800026b8
                0x00000008                . = ALIGN (0x8)
 *fill*         0x00000004        0x4 
                0x00000008                _edata = .
                0x00000008                _edata = .
                0x00000008                PROVIDE (edata, .)
                0x00000008                __bss_start = .

.bss            0x00000008       0xf0 load address 0x800026b8
 *(.dynbss)
 *(.bss .bss.* .gnu.linkonce.b.*)
 .bss.twim_inst
                0x00000008        0x4 src/ASF/avr32/drivers/twim/twim.o
 .bss.twim_rx_data
                0x0000000c        0x4 src/ASF/avr32/drivers/twim/twim.o
 .bss.twim_rx_nb_bytes
                0x00000010        0x4 src/ASF/avr32/drivers/twim/twim.o
 .bss.transfer_status
                0x00000014        0x4 src/ASF/avr32/drivers/twim/twim.o
 .bss.twim_tx_data
                0x00000018        0x4 src/ASF/avr32/drivers/twim/twim.o
 .bss.twim_it_mask
                0x0000001c        0x4 src/ASF/avr32/drivers/twim/twim.o
 .bss.twim_next
                0x00000020        0x1 src/ASF/avr32/drivers/twim/twim.o
 *fill*         0x00000021        0x3 
 .bss.twim_tx_nb_bytes
                0x00000024        0x4 src/ASF/avr32/drivers/twim/twim.o
 .bss._int_line_handler_table_6
                0x00000028        0x4 src/ASF/avr32/drivers/intc/intc.o
 .bss._int_line_handler_table_7
                0x0000002c        0x4 src/ASF/avr32/drivers/intc/intc.o
 .bss._int_line_handler_table_8
                0x00000030        0x4 src/ASF/avr32/drivers/intc/intc.o
 .bss._int_line_handler_table_9
                0x00000034        0x4 src/ASF/avr32/drivers/intc/intc.o
 .bss._int_line_handler_table_20
                0x00000038        0x4 src/ASF/avr32/drivers/intc/intc.o
 .bss._int_line_handler_table_10
                0x0000003c        0x4 src/ASF/avr32/drivers/intc/intc.o
 .bss._int_line_handler_table_11
                0x00000040        0x4 src/ASF/avr32/drivers/intc/intc.o
 .bss._int_line_handler_table_12
                0x00000044        0x4 src/ASF/avr32/drivers/intc/intc.o
 .bss._int_line_handler_table_13
                0x00000048        0x4 src/ASF/avr32/drivers/intc/intc.o
 .bss._int_line_handler_table_14
                0x0000004c        0xc src/ASF/avr32/drivers/intc/intc.o
 .bss._int_line_handler_table_15
                0x00000058        0xc src/ASF/avr32/drivers/intc/intc.o
 .bss._int_line_handler_table_16
                0x00000064        0x4 src/ASF/avr32/drivers/intc/intc.o
 .bss._int_line_handler_table_17
                0x00000068        0x8 src/ASF/avr32/drivers/intc/intc.o
 .bss._int_line_handler_table_18
                0x00000070        0x4 src/ASF/avr32/drivers/intc/intc.o
 .bss._int_line_handler_table_19
                0x00000074       0x10 src/ASF/avr32/drivers/intc/intc.o
 .bss._int_line_handler_table_21
                0x00000084        0x4 src/ASF/avr32/drivers/intc/intc.o
 .bss._int_line_handler_table_0
                0x00000088        0x4 src/ASF/avr32/drivers/intc/intc.o
 .bss._int_line_handler_table_1
                0x0000008c       0x28 src/ASF/avr32/drivers/intc/intc.o
 .bss._int_line_handler_table_2
                0x000000b4       0x1c src/ASF/avr32/drivers/intc/intc.o
 .bss._int_line_handler_table_3
                0x000000d0       0x1c src/ASF/avr32/drivers/intc/intc.o
 .bss._int_line_handler_table_4
                0x000000ec        0x4 src/ASF/avr32/drivers/intc/intc.o
 .bss._int_line_handler_table_5
                0x000000f0        0x4 src/ASF/avr32/drivers/intc/intc.o
 *(COMMON)
                0x000000f8                . = ALIGN (0x8)
 *fill*         0x000000f4        0x4 
                0x000000f8                . = ALIGN (0x8)
                0x000000f8                _end = .
                0x000000f8                PROVIDE (end, .)
                0x000000f8                __heap_start__ = ALIGN (0x8)
                0x00003000                . = ((ORIGIN (CPUSRAM) + 0x3ffc) - _stack_size)
                0x00003000                __heap_end__ = .

.stab
 *(.stab)

.stabstr
 *(.stabstr)

.stab.excl
 *(.stab.excl)

.stab.exclstr
 *(.stab.exclstr)

.stab.index
 *(.stab.index)

.stab.indexstr
 *(.stab.indexstr)

.comment        0x00000000       0x30
 *(.comment)
 .comment       0x00000000       0x30 src/sensor.o
                                 0x31 (size before relaxing)
 .comment       0x00000000       0x31 src/ASF/avr32/drivers/twim/twim.o
 .comment       0x00000000       0x31 src/ASF/avr32/drivers/intc/intc.o
 .comment       0x00000000       0x31 src/ASF/common/boards/user_board/init.o
 .comment       0x00000000       0x31 src/main.o

.debug
 *(.debug)

.line
 *(.line)

.debug_srcinfo
 *(.debug_srcinfo)

.debug_sfnames
 *(.debug_sfnames)

.debug_aranges  0x00000000      0x180
 *(.debug_aranges)
 .debug_aranges
                0x00000000       0x30 src/sensor.o
 .debug_aranges
                0x00000030       0x70 src/ASF/avr32/drivers/twim/twim.o
 .debug_aranges
                0x000000a0       0x20 src/ASF/avr32/drivers/intc/exception.o
 .debug_aranges
                0x000000c0       0x38 src/ASF/avr32/drivers/intc/intc.o
 .debug_aranges
                0x000000f8       0x28 src/ASF/avr32/utils/startup/startup_uc3.o
 .debug_aranges
                0x00000120       0x20 src/ASF/avr32/utils/startup/trampoline_uc3.o
 .debug_aranges
                0x00000140       0x20 src/ASF/common/boards/user_board/init.o
 .debug_aranges
                0x00000160       0x20 src/main.o

.debug_pubnames
                0x00000000      0x1c1
 *(.debug_pubnames)
 .debug_pubnames
                0x00000000       0x4d src/sensor.o
 .debug_pubnames
                0x0000004d       0xd6 src/ASF/avr32/drivers/twim/twim.o
 .debug_pubnames
                0x00000123       0x62 src/ASF/avr32/drivers/intc/intc.o
 .debug_pubnames
                0x00000185       0x21 src/ASF/common/boards/user_board/init.o
 .debug_pubnames
                0x000001a6       0x1b src/main.o

.debug_info     0x00000000     0x4407
 *(.debug_info .gnu.linkonce.wi.*)
 .debug_info    0x00000000     0x1be6 src/sensor.o
 .debug_info    0x00001be6     0x122e src/ASF/avr32/drivers/twim/twim.o
 .debug_info    0x00002e14       0x7b src/ASF/avr32/drivers/intc/exception.o
 .debug_info    0x00002e8f      0x5ef src/ASF/avr32/drivers/intc/intc.o
 .debug_info    0x0000347e       0x7a src/ASF/avr32/utils/startup/startup_uc3.o
 .debug_info    0x000034f8       0x81 src/ASF/avr32/utils/startup/trampoline_uc3.o
 .debug_info    0x00003579       0xc9 src/ASF/common/boards/user_board/init.o
 .debug_info    0x00003642      0xdc5 src/main.o

.debug_abbrev   0x00000000      0xaa8
 *(.debug_abbrev)
 .debug_abbrev  0x00000000      0x2e3 src/sensor.o
 .debug_abbrev  0x000002e3      0x284 src/ASF/avr32/drivers/twim/twim.o
 .debug_abbrev  0x00000567       0x14 src/ASF/avr32/drivers/intc/exception.o
 .debug_abbrev  0x0000057b      0x1f2 src/ASF/avr32/drivers/intc/intc.o
 .debug_abbrev  0x0000076d       0x12 src/ASF/avr32/utils/startup/startup_uc3.o
 .debug_abbrev  0x0000077f       0x14 src/ASF/avr32/utils/startup/trampoline_uc3.o
 .debug_abbrev  0x00000793       0x78 src/ASF/common/boards/user_board/init.o
 .debug_abbrev  0x0000080b      0x29d src/main.o

.debug_line     0x00000000     0x34cf
 *(.debug_line)
 .debug_line    0x00000000      0xbd0 src/sensor.o
 .debug_line    0x00000bd0      0x8d8 src/ASF/avr32/drivers/twim/twim.o
 .debug_line    0x000014a8      0x109 src/ASF/avr32/drivers/intc/exception.o
 .debug_line    0x000015b1      0x6b5 src/ASF/avr32/drivers/intc/intc.o
 .debug_line    0x00001c66       0xf2 src/ASF/avr32/utils/startup/startup_uc3.o
 .debug_line    0x00001d58       0x67 src/ASF/avr32/utils/startup/trampoline_uc3.o
 .debug_line    0x00001dbf      0xb4c src/ASF/common/boards/user_board/init.o
 .debug_line    0x0000290b      0xbc4 src/main.o

.debug_frame    0x00000000      0x258
 *(.debug_frame)
 .debug_frame   0x00000000       0x5c src/sensor.o
 .debug_frame   0x0000005c      0x14c src/ASF/avr32/drivers/twim/twim.o
 .debug_frame   0x000001a8       0x64 src/ASF/avr32/drivers/intc/intc.o
 .debug_frame   0x0000020c       0x20 src/ASF/common/boards/user_board/init.o
 .debug_frame   0x0000022c       0x2c src/main.o

.debug_str      0x00000000     0x1df6
 *(.debug_str)
 .debug_str     0x00000000     0x1729 src/sensor.o
                               0x17dd (size before relaxing)
 .debug_str     0x00001729      0x2bd src/ASF/avr32/drivers/twim/twim.o
                                0x705 (size before relaxing)
 .debug_str     0x000019e6      0x3b9 src/ASF/avr32/drivers/intc/intc.o
                                0x4a1 (size before relaxing)
 .debug_str     0x00001d9f       0x36 src/ASF/common/boards/user_board/init.o
                                0x11e (size before relaxing)
 .debug_str     0x00001dd5       0x21 src/main.o
                               0x1365 (size before relaxing)

.debug_loc      0x00000000      0x727
 *(.debug_loc)
 .debug_loc     0x00000000      0x117 src/sensor.o
 .debug_loc     0x00000117      0x4d5 src/ASF/avr32/drivers/twim/twim.o
 .debug_loc     0x000005ec       0xd3 src/ASF/avr32/drivers/intc/intc.o
 .debug_loc     0x000006bf       0x68 src/main.o

.debug_macinfo  0x00000000   0x514983
 *(.debug_macinfo)
 .debug_macinfo
                0x00000000   0x10b814 src/sensor.o
 .debug_macinfo
                0x0010b814    0xfe6cb src/ASF/avr32/drivers/twim/twim.o
 .debug_macinfo
                0x00209edf    0xfdd59 src/ASF/avr32/drivers/intc/intc.o
 .debug_macinfo
                0x00307c38   0x101508 src/ASF/common/boards/user_board/init.o
 .debug_macinfo
                0x00409140   0x10b843 src/main.o

.debug_weaknames
 *(.debug_weaknames)

.debug_funcnames
 *(.debug_funcnames)

.debug_typenames
 *(.debug_typenames)

.debug_varnames
 *(.debug_varnames)

.stack          0x00003000     0x1000
                0x00003000                _stack = .
 *(.stack)
                0x00001000                . = _stack_size
 *fill*         0x00003000     0x1000 
                0x00004000                _estack = .

.userpage
 *(.userpage .userpage.*)

.factorypage
 *(.factorypage .factorypage.*)

/DISCARD/
 *(.note.GNU-stack)
OUTPUT(Regler 2.elf elf32-avr32)

.debug_ranges   0x00000000      0x200
 .debug_ranges  0x00000000       0x58 src/sensor.o
 .debug_ranges  0x00000058       0x68 src/ASF/avr32/drivers/twim/twim.o
 .debug_ranges  0x000000c0       0x48 src/ASF/avr32/drivers/intc/intc.o
 .debug_ranges  0x00000108       0x20 src/ASF/avr32/utils/startup/startup_uc3.o
 .debug_ranges  0x00000128       0x18 src/ASF/common/boards/user_board/init.o
 .debug_ranges  0x00000140       0xc0 src/main.o
