Archive member included because of file (symbol)

c:/program files (x86)/atmel/studio/7.0/toolchain/avr32/avr32-gnu-toolchain/bin/../lib/gcc/avr32/4.4.7/ucr3\libgcc.a(_udivdi3.o)
                              src/ast_rtc.o (__avr32_udiv64)
c:/program files (x86)/atmel/studio/7.0/toolchain/avr32/avr32-gnu-toolchain/bin/../lib/gcc/avr32/4.4.7/../../../../avr32/lib/ucr3\libc.a(lib_a-memcpy.o)
                              src/motor_control.o (memcpy)
c:/program files (x86)/atmel/studio/7.0/toolchain/avr32/avr32-gnu-toolchain/bin/../lib/gcc/avr32/4.4.7/../../../../avr32/lib/ucr3\libc.a(lib_a-sprintf.o)
                              src/pid.o (sprintf)
c:/program files (x86)/atmel/studio/7.0/toolchain/avr32/avr32-gnu-toolchain/bin/../lib/gcc/avr32/4.4.7/../../../../avr32/lib/ucr3\libc.a(lib_a-vfprintf.o)
                              c:/program files (x86)/atmel/studio/7.0/toolchain/avr32/avr32-gnu-toolchain/bin/../lib/gcc/avr32/4.4.7/../../../../avr32/lib/ucr3\libc.a(lib_a-sprintf.o) (_vfprintf_r)
c:/program files (x86)/atmel/studio/7.0/toolchain/avr32/avr32-gnu-toolchain/bin/../lib/gcc/avr32/4.4.7/../../../../avr32/lib/ucr3\libc.a(lib_a-wsetup.o)
                              c:/program files (x86)/atmel/studio/7.0/toolchain/avr32/avr32-gnu-toolchain/bin/../lib/gcc/avr32/4.4.7/../../../../avr32/lib/ucr3\libc.a(lib_a-vfprintf.o) (__swsetup_r)
c:/program files (x86)/atmel/studio/7.0/toolchain/avr32/avr32-gnu-toolchain/bin/../lib/gcc/avr32/4.4.7/../../../../avr32/lib/ucr3\libc.a(lib_a-dtoa.o)
                              c:/program files (x86)/atmel/studio/7.0/toolchain/avr32/avr32-gnu-toolchain/bin/../lib/gcc/avr32/4.4.7/../../../../avr32/lib/ucr3\libc.a(lib_a-vfprintf.o) (_dtoa_r)
c:/program files (x86)/atmel/studio/7.0/toolchain/avr32/avr32-gnu-toolchain/bin/../lib/gcc/avr32/4.4.7/../../../../avr32/lib/ucr3\libc.a(lib_a-fflush.o)
                              c:/program files (x86)/atmel/studio/7.0/toolchain/avr32/avr32-gnu-toolchain/bin/../lib/gcc/avr32/4.4.7/../../../../avr32/lib/ucr3\libc.a(lib_a-vfprintf.o) (_fflush_r)
c:/program files (x86)/atmel/studio/7.0/toolchain/avr32/avr32-gnu-toolchain/bin/../lib/gcc/avr32/4.4.7/../../../../avr32/lib/ucr3\libc.a(lib_a-findfp.o)
                              c:/program files (x86)/atmel/studio/7.0/toolchain/avr32/avr32-gnu-toolchain/bin/../lib/gcc/avr32/4.4.7/../../../../avr32/lib/ucr3\libc.a(lib_a-vfprintf.o) (__sinit)
c:/program files (x86)/atmel/studio/7.0/toolchain/avr32/avr32-gnu-toolchain/bin/../lib/gcc/avr32/4.4.7/../../../../avr32/lib/ucr3\libc.a(lib_a-freer.o)
                              c:/program files (x86)/atmel/studio/7.0/toolchain/avr32/avr32-gnu-toolchain/bin/../lib/gcc/avr32/4.4.7/../../../../avr32/lib/ucr3\libc.a(lib_a-wsetup.o) (_free_r)
c:/program files (x86)/atmel/studio/7.0/toolchain/avr32/avr32-gnu-toolchain/bin/../lib/gcc/avr32/4.4.7/../../../../avr32/lib/ucr3\libc.a(lib_a-fvwrite.o)
                              c:/program files (x86)/atmel/studio/7.0/toolchain/avr32/avr32-gnu-toolchain/bin/../lib/gcc/avr32/4.4.7/../../../../avr32/lib/ucr3\libc.a(lib_a-vfprintf.o) (__sfvwrite_r)
c:/program files (x86)/atmel/studio/7.0/toolchain/avr32/avr32-gnu-toolchain/bin/../lib/gcc/avr32/4.4.7/../../../../avr32/lib/ucr3\libc.a(lib_a-fwalk.o)
                              c:/program files (x86)/atmel/studio/7.0/toolchain/avr32/avr32-gnu-toolchain/bin/../lib/gcc/avr32/4.4.7/../../../../avr32/lib/ucr3\libc.a(lib_a-fflush.o) (_fwalk_reent)
c:/program files (x86)/atmel/studio/7.0/toolchain/avr32/avr32-gnu-toolchain/bin/../lib/gcc/avr32/4.4.7/../../../../avr32/lib/ucr3\libc.a(lib_a-impure.o)
                              c:/program files (x86)/atmel/studio/7.0/toolchain/avr32/avr32-gnu-toolchain/bin/../lib/gcc/avr32/4.4.7/../../../../avr32/lib/ucr3\libc.a(lib_a-sprintf.o) (_impure_ptr)
c:/program files (x86)/atmel/studio/7.0/toolchain/avr32/avr32-gnu-toolchain/bin/../lib/gcc/avr32/4.4.7/../../../../avr32/lib/ucr3\libc.a(lib_a-locale.o)
                              c:/program files (x86)/atmel/studio/7.0/toolchain/avr32/avr32-gnu-toolchain/bin/../lib/gcc/avr32/4.4.7/../../../../avr32/lib/ucr3\libc.a(lib_a-vfprintf.o) (_localeconv_r)
c:/program files (x86)/atmel/studio/7.0/toolchain/avr32/avr32-gnu-toolchain/bin/../lib/gcc/avr32/4.4.7/../../../../avr32/lib/ucr3\libc.a(lib_a-makebuf.o)
                              c:/program files (x86)/atmel/studio/7.0/toolchain/avr32/avr32-gnu-toolchain/bin/../lib/gcc/avr32/4.4.7/../../../../avr32/lib/ucr3\libc.a(lib_a-wsetup.o) (__smakebuf_r)
c:/program files (x86)/atmel/studio/7.0/toolchain/avr32/avr32-gnu-toolchain/bin/../lib/gcc/avr32/4.4.7/../../../../avr32/lib/ucr3\libc.a(lib_a-malloc.o)
                              c:/program files (x86)/atmel/studio/7.0/toolchain/avr32/avr32-gnu-toolchain/bin/../lib/gcc/avr32/4.4.7/../../../../avr32/lib/ucr3\libc.a(lib_a-dtoa.o) (malloc)
[...]
Memory Configuration

Name             Origin             Length             Attributes
FLASH            0x80000000         0x00010000         axrl !w
CPUSRAM          0x00000004         0x00003ffc         axw !rl
USERPAGE         0x80800000         0x00000100
FACTORYPAGE      0x80800100         0x00000100
*default*        0x00000000         0xffffffff

Linker script and memory map

                0x00001000                _stack_size = 0x1000
LOAD src/ASF/avr32/drivers/ast/ast.o
LOAD src/ast_rtc.o
LOAD src/ASF/avr32/drivers/flashcdw/flashcdw.o
LOAD src/ASF/avr32/drivers/gpio/gpio.o
LOAD src/ASF/avr32/drivers/pdca/pdca.o
LOAD src/ASF/avr32/drivers/pm/pm_uc3d.o
LOAD src/ASF/avr32/drivers/scif/scif_uc3d.o
LOAD src/ASF/avr32/drivers/wdt/wdt4.o
LOAD src/communcation.o
LOAD src/motor_control.o
LOAD src/pid.o
LOAD src/sensor.o
LOAD src/settings_t.o
LOAD src/ASF/avr32/drivers/tc/tc.o
LOAD src/ASF/common/services/spi/uc3_spi/spi_master.o
LOAD src/ASF/common/services/sleepmgr/uc3/sleepmgr.o
LOAD src/ASF/common/services/serial/usart_serial.o
LOAD src/ASF/common/services/clock/uc3d/osc.o
LOAD src/ASF/common/services/clock/uc3d/pll.o
LOAD src/ASF/common/services/clock/uc3d/sysclk.o
LOAD src/ASF/avr32/drivers/pm/power_clocks_lib.o
LOAD src/ASF/avr32/drivers/pwma/pwma.o
LOAD src/ASF/avr32/drivers/spi/spi.o
LOAD src/ASF/avr32/drivers/twim/twim.o
LOAD src/ASF/avr32/drivers/twis/twis.o
LOAD src/ASF/avr32/drivers/usart/usart.o
LOAD src/ASF/avr32/drivers/intc/exception.o
LOAD src/ASF/avr32/drivers/intc/intc.o
LOAD src/ASF/avr32/utils/startup/startup_uc3.o
LOAD src/ASF/avr32/utils/startup/trampoline_uc3.o
LOAD src/ASF/common/boards/user_board/init.o
LOAD src/main.o
START GROUP
LOAD c:/program files (x86)/atmel/studio/7.0/toolchain/avr32/avr32-gnu-toolchain/bin/../lib/gcc/avr32/4.4.7/../../../../avr32/lib/ucr3\libm.a
END GROUP
LOAD c:/program files (x86)/atmel/studio/7.0/toolchain/avr32/avr32-gnu-toolchain/bin/../lib/gcc/avr32/4.4.7/ucr3\libgcc.a
LOAD c:/program files (x86)/atmel/studio/7.0/toolchain/avr32/avr32-gnu-toolchain/bin/../lib/gcc/avr32/4.4.7/../../../../avr32/lib/ucr3\libc.a
LOAD c:/program files (x86)/atmel/studio/7.0/toolchain/avr32/avr32-gnu-toolchain/bin/../lib/gcc/avr32/4.4.7/ucr3\libgcc.a
                0x80000000                PROVIDE (__executable_start, 0x80000000)
                0x80000000                . = 0x80000000

.interp
 *(.interp)

.reset          0x80000000     0x2004
 *(.reset)
 .reset         0x80000000     0x2004 src/ASF/avr32/utils/startup/trampoline_uc3.o
                               0x2008 (size before relaxing)
                0x80000000                _trampoline

.hash
 *(.hash)

.dynsym
 *(.dynsym)

.dynstr
 *(.dynstr)

.gnu.version
 *(.gnu.version)

.gnu.version_d
 *(.gnu.version_d)

.gnu.version_r
 *(.gnu.version_r)

.rel.init
 *(.rel.init)

.rela.init
 *(.rela.init)

.rel.text
 *(.rel.text .rel.text.* .rel.gnu.linkonce.t.*)

.rela.text
 *(.rela.text .rela.text.* .rela.gnu.linkonce.t.*)

.rel.fini
 *(.rel.fini)

.rela.fini
 *(.rela.fini)

.rel.rodata
 *(.rel.rodata .rel.rodata.* .rel.gnu.linkonce.r.*)

.rela.rodata
 *(.rela.rodata .rela.rodata.* .rela.gnu.linkonce.r.*)

.rel.data.rel.ro
 *(.rel.data.rel.ro*)

.rela.data.rel.ro
 *(.rel.data.rel.ro*)

.rel.data
 *(.rel.data .rel.data.* .rel.gnu.linkonce.d.*)

.rela.data
 *(.rela.data .rela.data.* .rela.gnu.linkonce.d.*)

.rel.tdata
 *(.rel.tdata .rel.tdata.* .rel.gnu.linkonce.td.*)

.rela.tdata
 *(.rela.tdata .rela.tdata.* .rela.gnu.linkonce.td.*)

.rel.tbss
 *(.rel.tbss .rel.tbss.* .rel.gnu.linkonce.tb.*)

.rela.tbss
 *(.rela.tbss .rela.tbss.* .rela.gnu.linkonce.tb.*)

.rel.ctors
 *(.rel.ctors)

.rela.ctors
 *(.rela.ctors)

.rel.dtors
 *(.rel.dtors)

.rela.dtors
 *(.rela.dtors)

.rel.got
 *(.rel.got)

.rela.got       0x80002004        0x0
 *(.rela.got)
 .rela.got      0x80002004        0x0 src/ASF/avr32/drivers/flashcdw/flashcdw.o

.rel.bss
 *(.rel.bss .rel.bss.* .rel.gnu.linkonce.b.*)

.rela.bss
 *(.rela.bss .rela.bss.* .rela.gnu.linkonce.b.*)

.rel.plt
 *(.rel.plt)

.rela.plt
 *(.rela.plt)

.init
 *(.init)

.plt
 *(.plt)

.text           0x80002004     0xac50
 *(.text .stub .text.* .gnu.linkonce.t.*)
 .text.ast_is_busy
                0x80002004       0x22 src/ASF/avr32/drivers/ast/ast.o
 .text.ast_is_clkbusy
                0x80002026       0x22 src/ASF/avr32/drivers/ast/ast.o
 .text.ast_enable
                0x80002048       0x44 src/ASF/avr32/drivers/ast/ast.o
                0x80002048                ast_enable
 .text.ast_init_counter
                0x8000208c      0x108 src/ASF/avr32/drivers/ast/ast.o
                0x8000208c                ast_init_counter
 .text.ast_set_counter_value
                0x80002194       0x40 src/ASF/avr32/drivers/ast/ast.o
                0x80002194                ast_set_counter_value
 .text.ast_set_periodic0_value
                0x800021d4       0x40 src/ASF/avr32/drivers/ast/ast.o
                0x800021d4                ast_set_periodic0_value
 .text.ast_set_periodic1_value
                0x80002214       0x40 src/ASF/avr32/drivers/ast/ast.o
                0x80002214                ast_set_periodic1_value
 .text.ast_clear_status_flag
                0x80002254       0x40 src/ASF/avr32/drivers/ast/ast.o
                0x80002254                ast_clear_status_flag
 .text.ast_enable_interrupt
                0x80002294       0x48 src/ASF/avr32/drivers/ast/ast.o
                0x80002294                ast_enable_interrupt
 .text.ast_enable_periodic_interrupt
                0x800022dc       0x44 src/ASF/avr32/drivers/ast/ast.o
                0x800022dc                ast_enable_periodic_interrupt
 .text.cpu_irq_save
                0x80002320       0x1e src/ast_rtc.o
 .text.cpu_irq_is_enabled_flags
                0x8000233e       0x20 src/ast_rtc.o
 *fill*         0x8000235e        0x2 d703d703
 .text.cpu_irq_restore
                0x80002360       0x28 src/ast_rtc.o
 .text.sysclk_enable_hsb_module
                0x80002388       0x20 src/ast_rtc.o
 .text.sysclk_enable_pba_module
                0x800023a8       0x20 src/ast_rtc.o
 .text.sysclk_enable_pbb_module
                0x800023c8       0x20 src/ast_rtc.o
 .text.sysclk_enable_peripheral_clock
                0x800023e8      0x1c8 src/ast_rtc.o
 .text.ioport_toggle_pin_level
                0x800025b0       0x58 src/ast_rtc.o
 .text.sleepmgr_lock_mode
                0x80002608       0x58 src/ast_rtc.o
 .text.ast_init
                0x80002660       0x50 src/ast_rtc.o
                0x80002660                ast_init
 .text.ast_get_per_time_ms
                0x800026b0       0x60 src/ast_rtc.o
                0x800026b0                ast_get_per_time_ms
 .text.ast_per0_interrupt_handler
                0x80002710       0x24 src/ast_rtc.o
 .text.ast_per1_interrupt_handler
                0x80002734       0x28 src/ast_rtc.o
 .text.ast_set_periodic_interrupt
                0x8000275c       0xb4 src/ast_rtc.o
                0x8000275c                ast_set_periodic_interrupt
 .text.flashcdw_set_wait_state
                0x80002810       0x46 src/ASF/avr32/drivers/flashcdw/flashcdw.o
                0x80002810                flashcdw_set_wait_state
 *fill*         0x80002856        0x2 d703d703
 .text.flashcdw_set_flash_waitstate_and_readmode
                0x80002858       0x6c src/ASF/avr32/drivers/flashcdw/flashcdw.o
                0x80002858                flashcdw_set_flash_waitstate_and_readmode
 .text.flashcdw_is_ready
                0x800028c4       0x18 src/ASF/avr32/drivers/flashcdw/flashcdw.o
                0x800028c4                flashcdw_is_ready
 .text.flashcdw_default_wait_until_ready
                0x800028dc       0x1c src/ASF/avr32/drivers/flashcdw/flashcdw.o
                0x800028dc                flashcdw_default_wait_until_ready
 .text.flashcdw_get_error_status
                0x800028f8       0x16 src/ASF/avr32/drivers/flashcdw/flashcdw.o
 *fill*         0x8000290e        0x2 d703d703
 .text.flashcdw_issue_command
                0x80002910       0x88 src/ASF/avr32/drivers/flashcdw/flashcdw.o
                0x80002910                flashcdw_issue_command
 .text.flashcdw_clear_page_buffer
                0x80002998       0x18 src/ASF/avr32/drivers/flashcdw/flashcdw.o
                0x80002998                flashcdw_clear_page_buffer
 .text.flashcdw_is_page_erased
                0x800029b0       0x1a src/ASF/avr32/drivers/flashcdw/flashcdw.o
                0x800029b0                flashcdw_is_page_erased
 *fill*         0x800029ca        0x2 d703d703
 .text.flashcdw_quick_page_read
                0x800029cc       0x2c src/ASF/avr32/drivers/flashcdw/flashcdw.o
                0x800029cc                flashcdw_quick_page_read
 .text.flashcdw_erase_page
                0x800029f8       0x68 src/ASF/avr32/drivers/flashcdw/flashcdw.o
                0x800029f8                flashcdw_erase_page
 .text.flashcdw_write_page
                0x80002a60       0x20 src/ASF/avr32/drivers/flashcdw/flashcdw.o
                0x80002a60                flashcdw_write_page
 .text.flashcdw_quick_user_page_read
                0x80002a80       0x24 src/ASF/avr32/drivers/flashcdw/flashcdw.o
                0x80002a80                flashcdw_quick_user_page_read
 .text.flashcdw_erase_user_page
                0x80002aa4       0x3c src/ASF/avr32/drivers/flashcdw/flashcdw.o
                0x80002aa4                flashcdw_erase_user_page
 .text.flashcdw_write_user_page
                0x80002ae0       0x18 src/ASF/avr32/drivers/flashcdw/flashcdw.o
                0x80002ae0                flashcdw_write_user_page
 .text.flashcdw_memcpy
                0x80002af8      0x1b0 src/ASF/avr32/drivers/flashcdw/flashcdw.o
                0x80002af8                flashcdw_memcpy
 .text.gpio_enable_module
                0x80002ca8       0x70 src/ASF/avr32/drivers/gpio/gpio.o
                0x80002ca8                gpio_enable_module
 .text.gpio_enable_module_pin
                0x80002d18      0x27c src/ASF/avr32/drivers/gpio/gpio.o
                0x80002d18                gpio_enable_module_pin
 .text.cpu_irq_save
                0x80002f94       0x1e src/ASF/avr32/drivers/pdca/pdca.o
 .text.cpu_irq_is_enabled_flags
                0x80002fb2       0x20 src/ASF/avr32/drivers/pdca/pdca.o
 *fill*         0x80002fd2        0x2 d703d703
 .text.cpu_irq_restore
                0x80002fd4       0x28 src/ASF/avr32/drivers/pdca/pdca.o
 .text.pdca_get_handler
                0x80002ffc       0x3a src/ASF/avr32/drivers/pdca/pdca.o
                0x80002ffc                pdca_get_handler
 *fill*         0x80003036        0x2 d703d703
 .text.pdca_init_channel
                0x80003038       0xd0 src/ASF/avr32/drivers/pdca/pdca.o
                0x80003038                pdca_init_channel
 .text.pdca_disable
                0x80003108       0x30 src/ASF/avr32/drivers/pdca/pdca.o
                0x80003108                pdca_disable
 .text.pdca_enable
                0x80003138       0x30 src/ASF/avr32/drivers/pdca/pdca.o
                0x80003138                pdca_enable
 .text.pdca_disable_interrupt_transfer_complete
                0x80003168       0x50 src/ASF/avr32/drivers/pdca/pdca.o
                0x80003168                pdca_disable_interrupt_transfer_complete
 .text.pdca_enable_interrupt_transfer_complete
                0x800031b8       0x30 src/ASF/avr32/drivers/pdca/pdca.o
                0x800031b8                pdca_enable_interrupt_transfer_complete
 .text.pdca_disable_interrupt_reload_counter_zero
                0x800031e8       0x50 src/ASF/avr32/drivers/pdca/pdca.o
                0x800031e8                pdca_disable_interrupt_reload_counter_zero
 .text.cpu_irq_save
                0x80003238       0x1e src/communcation.o
 .text.cpu_irq_is_enabled_flags
                0x80003256       0x20 src/communcation.o
 *fill*         0x80003276        0x2 d703d703
 .text.cpu_irq_restore
                0x80003278       0x28 src/communcation.o
 .text.sysclk_get_main_hz
                0x800032a0       0x14 src/communcation.o
 .text.sysclk_get_pba_hz
                0x800032b4       0x18 src/communcation.o
 .text.sysclk_enable_hsb_module
                0x800032cc       0x20 src/communcation.o
 .text.sysclk_enable_pba_module
                0x800032ec       0x20 src/communcation.o
 .text.sysclk_enable_pbb_module
                0x8000330c       0x20 src/communcation.o
 .text.sysclk_enable_peripheral_clock
                0x8000332c      0x1c8 src/communcation.o
 .text.ioport_set_pin_dir
                0x800034f4       0xb4 src/communcation.o
 .text.ioport_set_pin_level
                0x800035a8       0xb2 src/communcation.o
 .text.spi_put  0x8000365a       0x22 src/communcation.o
 .text.spi_get  0x8000367c       0x1c src/communcation.o
 .text.sleepmgr_lock_mode
                0x80003698       0x58 src/communcation.o
 .text.com_spi_interrupt_handler
                0x800036f0      0x1c0 src/communcation.o
 .text.com_pdca_interrupt_handler
                0x800038b0       0x30 src/communcation.o
 .text.com_spi_init
                0x800038e0       0xd4 src/communcation.o
                0x800038e0                com_spi_init
 .text.usart_init
                0x800039b4       0x80 src/communcation.o
                0x800039b4                usart_init
 .text.cpu_irq_save
                0x80003a34       0x1e src/motor_control.o
 .text.cpu_irq_is_enabled_flags
                0x80003a52       0x20 src/motor_control.o
 *fill*         0x80003a72        0x2 d703d703
 .text.cpu_irq_restore
                0x80003a74       0x28 src/motor_control.o
 .text.sysclk_get_main_hz
                0x80003a9c       0x14 src/motor_control.o
 .text.sysclk_get_pba_hz
                0x80003ab0       0x18 src/motor_control.o
 .text.sysclk_enable_hsb_module
                0x80003ac8       0x20 src/motor_control.o
 .text.sysclk_enable_pba_module
                0x80003ae8       0x20 src/motor_control.o
 .text.sysclk_enable_pbb_module
                0x80003b08       0x20 src/motor_control.o
 .text.sysclk_enable_peripheral_clock
                0x80003b28      0x1c8 src/motor_control.o
 .text.ioport_set_pin_dir
                0x80003cf0       0xb4 src/motor_control.o
 .text.sleepmgr_lock_mode
                0x80003da4       0x58 src/motor_control.o
 .text.motor_init
                0x80003dfc      0x354 src/motor_control.o
                0x80003dfc                motor_init
 .text.t_c1_rc_isr
                0x80004150       0x50 src/motor_control.o
                0x80004150                t_c1_rc_isr
 .text.t_c2_rc_isr
                0x800041a0       0x50 src/motor_control.o
                0x800041a0                t_c2_rc_isr
 .text.set_motor_speeds
                0x800041f0       0xb0 src/motor_control.o
                0x800041f0                set_motor_speeds
 .text          0x800042a0       0x1c src/pid.o
 .text.ioport_set_pin_level
                0x800042bc       0xb2 src/pid.o
 .text.ioport_toggle_pin_level
                0x8000436e       0x58 src/pid.o
 *fill*         0x800043c6        0x2 d703d703
 .text.pid_init
                0x800043c8       0x30 src/pid.o
                0x800043c8                pid_init
 .text.calculate_actuating_variable
                0x800043f8      0x17c src/pid.o
                0x800043f8                calculate_actuating_variable
 .text.pid_control
                0x80004574      0x388 src/pid.o
                0x80004574                pid_control
 .text.sysclk_get_main_hz
                0x800048fc       0x14 src/sensor.o
 .text.sysclk_get_cpu_hz
                0x80004910       0x18 src/sensor.o
 .text.sysclk_get_pba_hz
                0x80004928       0x18 src/sensor.o
 .text.sysclk_enable_hsb_module
                0x80004940       0x20 src/sensor.o
 .text.sysclk_enable_pba_module
                0x80004960       0x20 src/sensor.o
 .text.sysclk_enable_pbb_module
                0x80004980       0x20 src/sensor.o
 .text.sysclk_enable_peripheral_clock
                0x800049a0      0x1c8 src/sensor.o
 .text.ioport_set_pin_dir
                0x80004b68       0xb4 src/sensor.o
 .text.ioport_set_pin_level
                0x80004c1c       0xb2 src/sensor.o
 *fill*         0x80004cce        0x2 d703d703
 .text.sensor_init
                0x80004cd0      0x54c src/sensor.o
                0x80004cd0                sensor_init
 .text.sensor_switch_mode
                0x8000521c      0x180 src/sensor.o
                0x8000521c                sensor_switch_mode
 .text.sensor_led_init
                0x8000539c       0x44 src/sensor.o
                0x8000539c                sensor_led_init
 .text.sensor_read_data
                0x800053e0       0x78 src/sensor.o
                0x800053e0                sensor_read_data
 .text.sensor_write_data
                0x80005458      0x13c src/sensor.o
                0x80005458                sensor_write_data
 .text.sensor_read_euler
                0x80005594       0xac src/sensor.o
                0x80005594                sensor_read_euler
 .text.sensor_read_page0
                0x80005640       0x44 src/sensor.o
                0x80005640                sensor_read_page0
 .text.sensor_read_status
                0x80005684       0x2c src/sensor.o
                0x80005684                sensor_read_status
 .text.sensor_switch_page
                0x800056b0       0x50 src/sensor.o
                0x800056b0                sensor_switch_page
 .text.ioport_set_pin_mode
                0x80005700      0x11a src/settings_t.o
 .text.ioport_set_pin_dir
                0x8000581a       0xb4 src/settings_t.o
 *fill*         0x800058ce        0x2 d703d703
 .text.settings_init
                0x800058d0       0x88 src/settings_t.o
                0x800058d0                settings_init
 .text.settings_save
                0x80005958       0x24 src/settings_t.o
                0x80005958                settings_save
 .text.set_default_values
                0x8000597c       0xac src/settings_t.o
                0x8000597c                set_default_values
 .text.cpu_irq_is_enabled_flags
                0x80005a28       0x20 src/ASF/avr32/drivers/tc/tc.o
 .text.tc_configure_interrupts
                0x80005a48      0x1e8 src/ASF/avr32/drivers/tc/tc.o
                0x80005a48                tc_configure_interrupts
 .text.tc_init_waveform
                0x80005c30      0x154 src/ASF/avr32/drivers/tc/tc.o
                0x80005c30                tc_init_waveform
 .text.tc_start
                0x80005d84       0x3a src/ASF/avr32/drivers/tc/tc.o
                0x80005d84                tc_start
 .text.tc_read_sr
                0x80005dbe       0x3a src/ASF/avr32/drivers/tc/tc.o
                0x80005dbe                tc_read_sr
 .text.tc_write_ra
                0x80005df8       0x78 src/ASF/avr32/drivers/tc/tc.o
                0x80005df8                tc_write_ra
 .text.tc_write_rb
                0x80005e70       0x78 src/ASF/avr32/drivers/tc/tc.o
                0x80005e70                tc_write_rb
 .text.tc_write_rc
                0x80005ee8       0x78 src/ASF/avr32/drivers/tc/tc.o
                0x80005ee8                tc_write_rc
 .text.cpu_irq_save
                0x80005f60       0x1e src/ASF/common/services/clock/uc3d/osc.o
 .text.cpu_irq_is_enabled_flags
                0x80005f7e       0x20 src/ASF/common/services/clock/uc3d/osc.o
 *fill*         0x80005f9e        0x2 d703d703
 .text.cpu_irq_restore
                0x80005fa0       0x28 src/ASF/common/services/clock/uc3d/osc.o
 .text.osc_priv_enable_rc120m
                0x80005fc8       0x40 src/ASF/common/services/clock/uc3d/osc.o
                0x80005fc8                osc_priv_enable_rc120m
 .text.cpu_irq_save
                0x80006008       0x1e src/ASF/common/services/clock/uc3d/sysclk.o
 .text.cpu_irq_is_enabled_flags
                0x80006026       0x20 src/ASF/common/services/clock/uc3d/sysclk.o
 *fill*         0x80006046        0x2 d703d703
 .text.cpu_irq_restore
                0x80006048       0x28 src/ASF/common/services/clock/uc3d/sysclk.o
 .text.osc_enable
                0x80006070       0x24 src/ASF/common/services/clock/uc3d/sysclk.o
 .text.osc_is_ready
                0x80006094       0x3a src/ASF/common/services/clock/uc3d/sysclk.o
 *fill*         0x800060ce        0x2 d703d703
 .text.osc_wait_ready
                0x800060d0       0x2c src/ASF/common/services/clock/uc3d/sysclk.o
 .text.sysclk_get_main_hz
                0x800060fc       0x14 src/ASF/common/services/clock/uc3d/sysclk.o
 .text.sysclk_get_cpu_hz
                0x80006110       0x18 src/ASF/common/services/clock/uc3d/sysclk.o
 .text.sysclk_priv_enable_module
                0x80006128       0x80 src/ASF/common/services/clock/uc3d/sysclk.o
                0x80006128                sysclk_priv_enable_module
 .text.sysclk_set_prescalers
                0x800061a8       0xcc src/ASF/common/services/clock/uc3d/sysclk.o
                0x800061a8                sysclk_set_prescalers
 .text.sysclk_set_source
                0x80006274       0x44 src/ASF/common/services/clock/uc3d/sysclk.o
                0x80006274                sysclk_set_source
 .text.sysclk_init
                0x800062b8       0x4c src/ASF/common/services/clock/uc3d/sysclk.o
                0x800062b8                sysclk_init
 .text.spi_initSlave
                0x80006304       0x8a src/ASF/avr32/drivers/spi/spi.o
                0x80006304                spi_initSlave
 .text.spi_enable
                0x8000638e       0x1a src/ASF/avr32/drivers/spi/spi.o
                0x8000638e                spi_enable
 .text.cpu_irq_save
                0x800063a8       0x1e src/ASF/avr32/drivers/twim/twim.o
 .text.cpu_irq_is_enabled_flags
                0x800063c6       0x20 src/ASF/avr32/drivers/twim/twim.o
 *fill*         0x800063e6        0x2 d703d703
 .text.cpu_irq_restore
                0x800063e8       0x28 src/ASF/avr32/drivers/twim/twim.o
 .text.twim_master_interrupt_handler
                0x80006410      0x144 src/ASF/avr32/drivers/twim/twim.o
 .text.twim_set_speed
                0x80006554       0xa8 src/ASF/avr32/drivers/twim/twim.o
                0x80006554                twim_set_speed
 .text.twim_master_init
                0x800065fc      0x110 src/ASF/avr32/drivers/twim/twim.o
                0x800065fc                twim_master_init
 .text.twim_disable_interrupt
                0x8000670c       0x44 src/ASF/avr32/drivers/twim/twim.o
                0x8000670c                twim_disable_interrupt
 .text.twim_probe
                0x80006750       0x38 src/ASF/avr32/drivers/twim/twim.o
                0x80006750                twim_probe
 .text.twim_read_packet
                0x80006788      0x17c src/ASF/avr32/drivers/twim/twim.o
                0x80006788                twim_read_packet
 .text.twim_write
                0x80006904      0x104 src/ASF/avr32/drivers/twim/twim.o
                0x80006904                twim_write
 .text.twim_status
                0x80006a08       0x30 src/ASF/avr32/drivers/twim/twim.o
                0x80006a08                twim_status
 .text.cpu_irq_is_enabled_flags
                0x80006a38       0x20 src/ASF/avr32/drivers/usart/usart.o
 .text.usart_set_async_baudrate
                0x80006a58       0xd2 src/ASF/avr32/drivers/usart/usart.o
 *fill*         0x80006b2a        0x2 d703d703
 .text.usart_reset
                0x80006b2c       0x74 src/ASF/avr32/drivers/usart/usart.o
                0x80006b2c                usart_reset
 .text.usart_init_rs232
                0x80006ba0      0x170 src/ASF/avr32/drivers/usart/usart.o
                0x80006ba0                usart_init_rs232
 .text.usart_write_char
                0x80006d10       0x44 src/ASF/avr32/drivers/usart/usart.o
                0x80006d10                usart_write_char
 .text.usart_putchar
                0x80006d54       0x54 src/ASF/avr32/drivers/usart/usart.o
                0x80006d54                usart_putchar
 .text.usart_write_line
                0x80006da8       0x40 src/ASF/avr32/drivers/usart/usart.o
                0x80006da8                usart_write_line
 .text._unhandled_interrupt
                0x80006de8        0x8 src/ASF/avr32/drivers/intc/intc.o
 .text._get_interrupt_handler
                0x80006df0       0x70 src/ASF/avr32/drivers/intc/intc.o
                0x80006df0                _get_interrupt_handler
 .text.INTC_init_evba
                0x80006e60       0x14 src/ASF/avr32/drivers/intc/intc.o
 .text.INTC_init_interrupts
                0x80006e74       0x98 src/ASF/avr32/drivers/intc/intc.o
                0x80006e74                INTC_init_interrupts
 .text.INTC_register_interrupt
                0x80006f0c       0xd4 src/ASF/avr32/drivers/intc/intc.o
                0x80006f0c                INTC_register_interrupt
 .text._stext   0x80006fe0       0x40 src/ASF/avr32/utils/startup/startup_uc3.o
                                 0x50 (size before relaxing)
                0x80006fe0                _stext
 .text.sysclk_enable_pba_module
                0x80007020       0x20 src/ASF/common/boards/user_board/init.o
 .text.ioport_init
                0x80007040       0x14 src/ASF/common/boards/user_board/init.o
 .text.ioport_set_pin_dir
                0x80007054       0xb4 src/ASF/common/boards/user_board/init.o
 .text.sleepmgr_init
                0x80007108       0x44 src/ASF/common/boards/user_board/init.o
 .text.board_init
                0x8000714c       0x70 src/ASF/common/boards/user_board/init.o
                0x8000714c                board_init
 .text          0x800071bc       0x10 src/main.o
 .text.ioport_set_pin_level
                0x800071cc       0xb2 src/main.o
 *fill*         0x8000727e        0x2 d703d703
 .text.main     0x80007280      0x100 src/main.o
                0x80007280                main
 .text          0x80007380      0x264 c:/program files (x86)/atmel/studio/7.0/toolchain/avr32/avr32-gnu-toolchain/bin/../lib/gcc/avr32/4.4.7/ucr3\libgcc.a(_udivdi3.o)
                0x80007380                __avr32_udiv64
                0x80007380                __udivdi3
 .text          0x800075e4      0x148 c:/program files (x86)/atmel/studio/7.0/toolchain/avr32/avr32-gnu-toolchain/bin/../lib/gcc/avr32/4.4.7/../../../../avr32/lib/ucr3\libc.a(lib_a-memcpy.o)
                0x800075e4                memcpy
 .text.sprintf  0x8000772c       0x38 c:/program files (x86)/atmel/studio/7.0/toolchain/avr32/avr32-gnu-toolchain/bin/../lib/gcc/avr32/4.4.7/../../../../avr32/lib/ucr3\libc.a(lib_a-sprintf.o)
                                 0x40 (size before relaxing)
                0x8000772c                sprintf
 .text.get_arg  0x80007764      0x314 c:/program files (x86)/atmel/studio/7.0/toolchain/avr32/avr32-gnu-toolchain/bin/../lib/gcc/avr32/4.4.7/../../../../avr32/lib/ucr3\libc.a(lib_a-vfprintf.o)
                                0x324 (size before relaxing)
 .text.__sprint_r
                0x80007a78       0x1c c:/program files (x86)/atmel/studio/7.0/toolchain/avr32/avr32-gnu-toolchain/bin/../lib/gcc/avr32/4.4.7/../../../../avr32/lib/ucr3\libc.a(lib_a-vfprintf.o)
                                 0x20 (size before relaxing)
 .text._vfprintf_r
                0x80007a94     0x1f14 c:/program files (x86)/atmel/studio/7.0/toolchain/avr32/avr32-gnu-toolchain/bin/../lib/gcc/avr32/4.4.7/../../../../avr32/lib/ucr3\libc.a(lib_a-vfprintf.o)
                               0x1f9c (size before relaxing)
                0x80007a94                _vfprintf_r
 .text.__swsetup_r
                0x800099a8       0xdc c:/program files (x86)/atmel/studio/7.0/toolchain/avr32/avr32-gnu-toolchain/bin/../lib/gcc/avr32/4.4.7/../../../../avr32/lib/ucr3\libc.a(lib_a-wsetup.o)
                                 0xe8 (size before relaxing)
                0x800099a8                __swsetup_r
 .text.quorem   0x80009a84      0x120 c:/program files (x86)/atmel/studio/7.0/toolchain/avr32/avr32-gnu-toolchain/bin/../lib/gcc/avr32/4.4.7/../../../../avr32/lib/ucr3\libc.a(lib_a-dtoa.o)
                                0x124 (size before relaxing)
 .text._dtoa_r  0x80009ba4      0xbdc c:/program files (x86)/atmel/studio/7.0/toolchain/avr32/avr32-gnu-toolchain/bin/../lib/gcc/avr32/4.4.7/../../../../avr32/lib/ucr3\libc.a(lib_a-dtoa.o)
                                0xc90 (size before relaxing)
                0x80009ba4                _dtoa_r
 .text._fflush_r
                0x8000a780      0x10c c:/program files (x86)/atmel/studio/7.0/toolchain/avr32/avr32-gnu-toolchain/bin/../lib/gcc/avr32/4.4.7/../../../../avr32/lib/ucr3\libc.a(lib_a-fflush.o)
                                0x118 (size before relaxing)
                0x8000a780                _fflush_r
 .text.__sfp_lock_acquire
                0x8000a88c        0x2 c:/program files (x86)/atmel/studio/7.0/toolchain/avr32/avr32-gnu-toolchain/bin/../lib/gcc/avr32/4.4.7/../../../../avr32/lib/ucr3\libc.a(lib_a-findfp.o)
                0x8000a88c                __sfp_lock_acquire
 .text.__sfp_lock_release
                0x8000a88e        0x2 c:/program files (x86)/atmel/studio/7.0/toolchain/avr32/avr32-gnu-toolchain/bin/../lib/gcc/avr32/4.4.7/../../../../avr32/lib/ucr3\libc.a(lib_a-findfp.o)
                0x8000a88e                __sfp_lock_release
 .text._cleanup_r
                0x8000a890        0xc c:/program files (x86)/atmel/studio/7.0/toolchain/avr32/avr32-gnu-toolchain/bin/../lib/gcc/avr32/4.4.7/../../../../avr32/lib/ucr3\libc.a(lib_a-findfp.o)
                                 0x14 (size before relaxing)
                0x8000a890                _cleanup_r
 .text.__sfmoreglue
                0x8000a89c       0x28 c:/program files (x86)/atmel/studio/7.0/toolchain/avr32/avr32-gnu-toolchain/bin/../lib/gcc/avr32/4.4.7/../../../../avr32/lib/ucr3\libc.a(lib_a-findfp.o)
                                 0x30 (size before relaxing)
                0x8000a89c                __sfmoreglue
 .text.__sfp    0x8000a8c4       0x6c c:/program files (x86)/atmel/studio/7.0/toolchain/avr32/avr32-gnu-toolchain/bin/../lib/gcc/avr32/4.4.7/../../../../avr32/lib/ucr3\libc.a(lib_a-findfp.o)
                                 0x7c (size before relaxing)
                0x8000a8c4                __sfp
 .text.__sinit  0x8000a930       0x9c c:/program files (x86)/atmel/studio/7.0/toolchain/avr32/avr32-gnu-toolchain/bin/../lib/gcc/avr32/4.4.7/../../../../avr32/lib/ucr3\libc.a(lib_a-findfp.o)
                                 0xb0 (size before relaxing)
                0x8000a930                __sinit
 .text._malloc_trim_r
                0x8000a9cc       0x98 c:/program files (x86)/atmel/studio/7.0/toolchain/avr32/avr32-gnu-toolchain/bin/../lib/gcc/avr32/4.4.7/../../../../avr32/lib/ucr3\libc.a(lib_a-freer.o)
                                 0xa8 (size before relaxing)
                0x8000a9cc                _malloc_trim_r
 .text._free_r  0x8000aa64      0x18c c:/program files (x86)/atmel/studio/7.0/toolchain/avr32/avr32-gnu-toolchain/bin/../lib/gcc/avr32/4.4.7/../../../../avr32/lib/ucr3\libc.a(lib_a-freer.o)
                                0x1a0 (size before relaxing)
                0x8000aa64                _free_r
 .text.__sfvwrite_r
                0x8000abf0      0x2a0 c:/program files (x86)/atmel/studio/7.0/toolchain/avr32/avr32-gnu-toolchain/bin/../lib/gcc/avr32/4.4.7/../../../../avr32/lib/ucr3\libc.a(lib_a-fvwrite.o)
                                0x2c4 (size before relaxing)
                0x8000abf0                __sfvwrite_r
 .text._fwalk   0x8000ae90       0x4c c:/program files (x86)/atmel/studio/7.0/toolchain/avr32/avr32-gnu-toolchain/bin/../lib/gcc/avr32/4.4.7/../../../../avr32/lib/ucr3\libc.a(lib_a-fwalk.o)
                                 0x54 (size before relaxing)
                0x8000ae90                _fwalk
 .text._localeconv_r
                0x8000aedc        0x8 c:/program files (x86)/atmel/studio/7.0/toolchain/avr32/avr32-gnu-toolchain/bin/../lib/gcc/avr32/4.4.7/../../../../avr32/lib/ucr3\libc.a(lib_a-locale.o)
                0x8000aedc                _localeconv_r
 .text.__smakebuf_r
                0x8000aee4       0xbc c:/program files (x86)/atmel/studio/7.0/toolchain/avr32/avr32-gnu-toolchain/bin/../lib/gcc/avr32/4.4.7/../../../../avr32/lib/ucr3\libc.a(lib_a-makebuf.o)
                                 0xcc (size before relaxing)
                0x8000aee4                __smakebuf_r
 .text.malloc   0x8000afa0       0x10 c:/program files (x86)/atmel/studio/7.0/toolchain/avr32/avr32-gnu-toolchain/bin/../lib/gcc/avr32/4.4.7/../../../../avr32/lib/ucr3\libc.a(lib_a-malloc.o)
                                 0x18 (size before relaxing)
                0x8000afa0                malloc
 .text._malloc_r
                0x8000afb0      0x430 c:/program files (x86)/atmel/studio/7.0/toolchain/avr32/avr32-gnu-toolchain/bin/../lib/gcc/avr32/4.4.7/../../../../avr32/lib/ucr3\libc.a(lib_a-mallocr.o)
                                0x450 (size before relaxing)
                0x8000afb0                _malloc_r
 .text.memchr   0x8000b3e0       0x16 c:/program files (x86)/atmel/studio/7.0/toolchain/avr32/avr32-gnu-toolchain/bin/../lib/gcc/avr32/4.4.7/../../../../avr32/lib/ucr3\libc.a(lib_a-memchr.o)
                0x8000b3e0                memchr
 .text.memmove  0x8000b3f6       0x3e c:/program files (x86)/atmel/studio/7.0/toolchain/avr32/avr32-gnu-toolchain/bin/../lib/gcc/avr32/4.4.7/../../../../avr32/lib/ucr3\libc.a(lib_a-memmove.o)
                0x8000b3f6                memmove
 .text.memset   0x8000b434        0xe c:/program files (x86)/atmel/studio/7.0/toolchain/avr32/avr32-gnu-toolchain/bin/../lib/gcc/avr32/4.4.7/../../../../avr32/lib/ucr3\libc.a(lib_a-memset.o)
                0x8000b434                memset
 .text.__malloc_lock
                0x8000b442        0x2 c:/program files (x86)/atmel/studio/7.0/toolchain/avr32/avr32-gnu-toolchain/bin/../lib/gcc/avr32/4.4.7/../../../../avr32/lib/ucr3\libc.a(lib_a-mlock.o)
                0x8000b442                __malloc_lock
 .text.__malloc_unlock
                0x8000b444        0x2 c:/program files (x86)/atmel/studio/7.0/toolchain/avr32/avr32-gnu-toolchain/bin/../lib/gcc/avr32/4.4.7/../../../../avr32/lib/ucr3\libc.a(lib_a-mlock.o)
                0x8000b444                __malloc_unlock
 .text.__hi0bits
                0x8000b446       0x60 c:/program files (x86)/atmel/studio/7.0/toolchain/avr32/avr32-gnu-toolchain/bin/../lib/gcc/avr32/4.4.7/../../../../avr32/lib/ucr3\libc.a(lib_a-mprec.o)
                0x8000b446                __hi0bits
 .text.__lo0bits
                0x8000b4a6       0x8e c:/program files (x86)/atmel/studio/7.0/toolchain/avr32/avr32-gnu-toolchain/bin/../lib/gcc/avr32/4.4.7/../../../../avr32/lib/ucr3\libc.a(lib_a-mprec.o)
                0x8000b4a6                __lo0bits
 .text.__mcmp   0x8000b534       0x32 c:/program files (x86)/atmel/studio/7.0/toolchain/avr32/avr32-gnu-toolchain/bin/../lib/gcc/avr32/4.4.7/../../../../avr32/lib/ucr3\libc.a(lib_a-mprec.o)
                0x8000b534                __mcmp
 *fill*         0x8000b566        0x2 d703d703
 .text._Bfree   0x8000b568       0x34 c:/program files (x86)/atmel/studio/7.0/toolchain/avr32/avr32-gnu-toolchain/bin/../lib/gcc/avr32/4.4.7/../../../../avr32/lib/ucr3\libc.a(lib_a-mprec.o)
                                 0x38 (size before relaxing)
                0x8000b568                _Bfree
 .text._Balloc  0x8000b59c       0x70 c:/program files (x86)/atmel/studio/7.0/toolchain/avr32/avr32-gnu-toolchain/bin/../lib/gcc/avr32/4.4.7/../../../../avr32/lib/ucr3\libc.a(lib_a-mprec.o)
                                 0x78 (size before relaxing)
                0x8000b59c                _Balloc
 .text.__d2b    0x8000b60c       0xa0 c:/program files (x86)/atmel/studio/7.0/toolchain/avr32/avr32-gnu-toolchain/bin/../lib/gcc/avr32/4.4.7/../../../../avr32/lib/ucr3\libc.a(lib_a-mprec.o)
                                 0xb4 (size before relaxing)
                0x8000b60c                __d2b
 .text.__mdiff  0x8000b6ac       0xd0 c:/program files (x86)/atmel/studio/7.0/toolchain/avr32/avr32-gnu-toolchain/bin/../lib/gcc/avr32/4.4.7/../../../../avr32/lib/ucr3\libc.a(lib_a-mprec.o)
                                 0xd8 (size before relaxing)
                0x8000b6ac                __mdiff
 .text.__lshift
                0x8000b77c       0x88 c:/program files (x86)/atmel/studio/7.0/toolchain/avr32/avr32-gnu-toolchain/bin/../lib/gcc/avr32/4.4.7/../../../../avr32/lib/ucr3\libc.a(lib_a-mprec.o)
                                 0x94 (size before relaxing)
                0x8000b77c                __lshift
 .text.__multiply
                0x8000b804      0x100 c:/program files (x86)/atmel/studio/7.0/toolchain/avr32/avr32-gnu-toolchain/bin/../lib/gcc/avr32/4.4.7/../../../../avr32/lib/ucr3\libc.a(lib_a-mprec.o)
                                0x108 (size before relaxing)
                0x8000b804                __multiply
 .text.__i2b    0x8000b904       0x10 c:/program files (x86)/atmel/studio/7.0/toolchain/avr32/avr32-gnu-toolchain/bin/../lib/gcc/avr32/4.4.7/../../../../avr32/lib/ucr3\libc.a(lib_a-mprec.o)
                                 0x18 (size before relaxing)
                0x8000b904                __i2b
 .text.__multadd
                0x8000b914       0x7c c:/program files (x86)/atmel/studio/7.0/toolchain/avr32/avr32-gnu-toolchain/bin/../lib/gcc/avr32/4.4.7/../../../../avr32/lib/ucr3\libc.a(lib_a-mprec.o)
                                 0x88 (size before relaxing)
                0x8000b914                __multadd
 .text.__pow5mult
                0x8000b990       0x8c c:/program files (x86)/atmel/studio/7.0/toolchain/avr32/avr32-gnu-toolchain/bin/../lib/gcc/avr32/4.4.7/../../../../avr32/lib/ucr3\libc.a(lib_a-mprec.o)
                                 0xac (size before relaxing)
                0x8000b990                __pow5mult
 .text._realloc_r
                0x8000ba1c      0x2c0 c:/program files (x86)/atmel/studio/7.0/toolchain/avr32/avr32-gnu-toolchain/bin/../lib/gcc/avr32/4.4.7/../../../../avr32/lib/ucr3\libc.a(lib_a-reallocr.o)
                                0x2e0 (size before relaxing)
                0x8000ba1c                _realloc_r
 .text.__isinfd
                0x8000bcdc       0x2a c:/program files (x86)/atmel/studio/7.0/toolchain/avr32/avr32-gnu-toolchain/bin/../lib/gcc/avr32/4.4.7/../../../../avr32/lib/ucr3\libc.a(lib_a-s_isinfd.o)
                0x8000bcdc                __isinfd
 .text.__isnand
                0x8000bd06       0x1c c:/program files (x86)/atmel/studio/7.0/toolchain/avr32/avr32-gnu-toolchain/bin/../lib/gcc/avr32/4.4.7/../../../../avr32/lib/ucr3\libc.a(lib_a-s_isnand.o)
                0x8000bd06                __isnand
 *fill*         0x8000bd22        0x2 d703d703
 .text._sbrk_r  0x8000bd24       0x20 c:/program files (x86)/atmel/studio/7.0/toolchain/avr32/avr32-gnu-toolchain/bin/../lib/gcc/avr32/4.4.7/../../../../avr32/lib/ucr3\libc.a(lib_a-sbrkr.o)
                                 0x28 (size before relaxing)
                0x8000bd24                _sbrk_r
 .text.__sclose
                0x8000bd44        0x8 c:/program files (x86)/atmel/studio/7.0/toolchain/avr32/avr32-gnu-toolchain/bin/../lib/gcc/avr32/4.4.7/../../../../avr32/lib/ucr3\libc.a(lib_a-stdio.o)
                                 0x10 (size before relaxing)
                0x8000bd44                __sclose
 .text.__sseek  0x8000bd4c       0x20 c:/program files (x86)/atmel/studio/7.0/toolchain/avr32/avr32-gnu-toolchain/bin/../lib/gcc/avr32/4.4.7/../../../../avr32/lib/ucr3\libc.a(lib_a-stdio.o)
                                 0x28 (size before relaxing)
                0x8000bd4c                __sseek
 .text.__swrite
                0x8000bd6c       0x2c c:/program files (x86)/atmel/studio/7.0/toolchain/avr32/avr32-gnu-toolchain/bin/../lib/gcc/avr32/4.4.7/../../../../avr32/lib/ucr3\libc.a(lib_a-stdio.o)
                                 0x38 (size before relaxing)
                0x8000bd6c                __swrite
 .text.__sread  0x8000bd98       0x1c c:/program files (x86)/atmel/studio/7.0/toolchain/avr32/avr32-gnu-toolchain/bin/../lib/gcc/avr32/4.4.7/../../../../avr32/lib/ucr3\libc.a(lib_a-stdio.o)
                                 0x24 (size before relaxing)
                0x8000bd98                __sread
 .text.strlen   0x8000bdb4       0x16 c:/program files (x86)/atmel/studio/7.0/toolchain/avr32/avr32-gnu-toolchain/bin/../lib/gcc/avr32/4.4.7/../../../../avr32/lib/ucr3\libc.a(lib_a-strlen.o)
                0x8000bdb4                strlen
 *fill*         0x8000bdca        0x2 d703d703
 .text._close   0x8000bdcc       0x14 c:/program files (x86)/atmel/studio/7.0/toolchain/avr32/avr32-gnu-toolchain/bin/../lib/gcc/avr32/4.4.7/../../../../avr32/lib/ucr3\libc.a(lib_a-syscalls.o)
                                 0x18 (size before relaxing)
                0x8000bdcc                _close
 .text._lseek   0x8000bde0       0x14 c:/program files (x86)/atmel/studio/7.0/toolchain/avr32/avr32-gnu-toolchain/bin/../lib/gcc/avr32/4.4.7/../../../../avr32/lib/ucr3\libc.a(lib_a-syscalls.o)
                                 0x18 (size before relaxing)
                0x8000bde0                _lseek
 .text._read    0x8000bdf4       0x14 c:/program files (x86)/atmel/studio/7.0/toolchain/avr32/avr32-gnu-toolchain/bin/../lib/gcc/avr32/4.4.7/../../../../avr32/lib/ucr3\libc.a(lib_a-syscalls.o)
                                 0x18 (size before relaxing)
                0x8000bdf4                _read
 .text._write   0x8000be08       0x14 c:/program files (x86)/atmel/studio/7.0/toolchain/avr32/avr32-gnu-toolchain/bin/../lib/gcc/avr32/4.4.7/../../../../avr32/lib/ucr3\libc.a(lib_a-syscalls.o)
                                 0x18 (size before relaxing)
                0x8000be08                _write
 .text.isatty   0x8000be1c       0x14 c:/program files (x86)/atmel/studio/7.0/toolchain/avr32/avr32-gnu-toolchain/bin/../lib/gcc/avr32/4.4.7/../../../../avr32/lib/ucr3\libc.a(lib_a-syscalls.o)
                                 0x18 (size before relaxing)
                0x8000be1c                isatty
 .text._fstat_host
                0x8000be30       0x14 c:/program files (x86)/atmel/studio/7.0/toolchain/avr32/avr32-gnu-toolchain/bin/../lib/gcc/avr32/4.4.7/../../../../avr32/lib/ucr3\libc.a(lib_a-syscalls.o)
                                 0x18 (size before relaxing)
                0x8000be30                _fstat_host
 .text._fstat   0x8000be44       0x4c c:/program files (x86)/atmel/studio/7.0/toolchain/avr32/avr32-gnu-toolchain/bin/../lib/gcc/avr32/4.4.7/../../../../avr32/lib/ucr3\libc.a(lib_a-syscalls.o)
                                 0x50 (size before relaxing)
                0x8000be44                _fstat
 .text._sbrk    0x8000be90       0x38 c:/program files (x86)/atmel/studio/7.0/toolchain/avr32/avr32-gnu-toolchain/bin/../lib/gcc/avr32/4.4.7/../../../../avr32/lib/ucr3\libc.a(lib_a-syscalls.o)
                                 0x40 (size before relaxing)
                0x8000be90                _sbrk
 .text._write_r
                0x8000bec8       0x24 c:/program files (x86)/atmel/studio/7.0/toolchain/avr32/avr32-gnu-toolchain/bin/../lib/gcc/avr32/4.4.7/../../../../avr32/lib/ucr3\libc.a(lib_a-writer.o)
                                 0x2c (size before relaxing)
                0x8000bec8                _write_r
 .text._calloc_r
                0x8000beec       0x58 c:/program files (x86)/atmel/studio/7.0/toolchain/avr32/avr32-gnu-toolchain/bin/../lib/gcc/avr32/4.4.7/../../../../avr32/lib/ucr3\libc.a(lib_a-callocr.o)
                                 0x60 (size before relaxing)
                0x8000beec                _calloc_r
 .text._close_r
                0x8000bf44       0x20 c:/program files (x86)/atmel/studio/7.0/toolchain/avr32/avr32-gnu-toolchain/bin/../lib/gcc/avr32/4.4.7/../../../../avr32/lib/ucr3\libc.a(lib_a-closer.o)
                                 0x28 (size before relaxing)
                0x8000bf44                _close_r
 .text.__errno  0x8000bf64        0xc c:/program files (x86)/atmel/studio/7.0/toolchain/avr32/avr32-gnu-toolchain/bin/../lib/gcc/avr32/4.4.7/../../../../avr32/lib/ucr3\libc.a(lib_a-errno.o)
                0x8000bf64                __errno
 .text._fclose_r
                0x8000bf70       0xb8 c:/program files (x86)/atmel/studio/7.0/toolchain/avr32/avr32-gnu-toolchain/bin/../lib/gcc/avr32/4.4.7/../../../../avr32/lib/ucr3\libc.a(lib_a-fclose.o)
                                 0xd0 (size before relaxing)
                0x8000bf70                _fclose_r
 .text.fclose   0x8000c028       0x10 c:/program files (x86)/atmel/studio/7.0/toolchain/avr32/avr32-gnu-toolchain/bin/../lib/gcc/avr32/4.4.7/../../../../avr32/lib/ucr3\libc.a(lib_a-fclose.o)
                                 0x18 (size before relaxing)
                0x8000c028                fclose
 .text._fstat_r
                0x8000c038       0x24 c:/program files (x86)/atmel/studio/7.0/toolchain/avr32/avr32-gnu-toolchain/bin/../lib/gcc/avr32/4.4.7/../../../../avr32/lib/ucr3\libc.a(lib_a-fstatr.o)
                                 0x2c (size before relaxing)
                0x8000c038                _fstat_r
 .text._lseek_r
                0x8000c05c       0x24 c:/program files (x86)/atmel/studio/7.0/toolchain/avr32/avr32-gnu-toolchain/bin/../lib/gcc/avr32/4.4.7/../../../../avr32/lib/ucr3\libc.a(lib_a-lseekr.o)
                                 0x2c (size before relaxing)
                0x8000c05c                _lseek_r
 .text._read_r  0x8000c080       0x24 c:/program files (x86)/atmel/studio/7.0/toolchain/avr32/avr32-gnu-toolchain/bin/../lib/gcc/avr32/4.4.7/../../../../avr32/lib/ucr3\libc.a(lib_a-readr.o)
                                 0x2c (size before relaxing)
                0x8000c080                _read_r
 .text          0x8000c0a4      0x1d4 c:/program files (x86)/atmel/studio/7.0/toolchain/avr32/avr32-gnu-toolchain/bin/../lib/gcc/avr32/4.4.7/ucr3\libgcc.a(_avr32_f64_mul.o)
                0x8000c0a4                __avr32_f64_mul
 .text          0x8000c278      0x2b0 c:/program files (x86)/atmel/studio/7.0/toolchain/avr32/avr32-gnu-toolchain/bin/../lib/gcc/avr32/4.4.7/ucr3\libgcc.a(_avr32_f64_addsub.o)
                0x8000c27c                __avr32_f64_sub
                0x8000c418                __avr32_f64_add
 .text          0x8000c528       0x2a c:/program files (x86)/atmel/studio/7.0/toolchain/avr32/avr32-gnu-toolchain/bin/../lib/gcc/avr32/4.4.7/ucr3\libgcc.a(_avr32_f64_to_s32.o)
                0x8000c528                __avr32_f64_to_u32
                0x8000c52c                __avr32_f64_to_s32
 .text          0x8000c552       0xe8 c:/program files (x86)/atmel/studio/7.0/toolchain/avr32/avr32-gnu-toolchain/bin/../lib/gcc/avr32/4.4.7/ucr3\libgcc.a(_avr32_s32_to_f64.o)
                0x8000c552                __avr32_u32_to_f64
                0x8000c55a                __avr32_s32_to_f64
 .text          0x8000c63a       0x26 c:/program files (x86)/atmel/studio/7.0/toolchain/avr32/avr32-gnu-toolchain/bin/../lib/gcc/avr32/4.4.7/ucr3\libgcc.a(_avr32_f64_cmp_eq.o)
                0x8000c63a                __avr32_f64_cmp_eq
 .text          0x8000c660       0x68 c:/program files (x86)/atmel/studio/7.0/toolchain/avr32/avr32-gnu-toolchain/bin/../lib/gcc/avr32/4.4.7/ucr3\libgcc.a(_avr32_f64_cmp_ge.o)
                0x8000c660                __avr32_f64_cmp_ge
 .text          0x8000c6c8       0x68 c:/program files (x86)/atmel/studio/7.0/toolchain/avr32/avr32-gnu-toolchain/bin/../lib/gcc/avr32/4.4.7/ucr3\libgcc.a(_avr32_f64_cmp_lt.o)
                0x8000c6c8                __avr32_f64_cmp_lt
 .text          0x8000c730      0x318 c:/program files (x86)/atmel/studio/7.0/toolchain/avr32/avr32-gnu-toolchain/bin/../lib/gcc/avr32/4.4.7/ucr3\libgcc.a(_avr32_f64_div.o)
                0x8000c730                __avr32_f64_div
 .text          0x8000ca48      0x20c c:/program files (x86)/atmel/studio/7.0/toolchain/avr32/avr32-gnu-toolchain/bin/../lib/gcc/avr32/4.4.7/ucr3\libgcc.a(_umoddi3.o)
                0x8000ca48                __avr32_umod64
                0x8000ca48                __umoddi3
 *(.text.*personality*)
 *(.gnu.warning)

.exception      0x8000ce00      0x200
 .exception     0x8000ce00      0x200 src/ASF/avr32/drivers/intc/exception.o
                0x8000ce00                _evba
                0x8000cf04                _int0
                0x8000cf12                _int1
                0x8000cf20                _int2
                0x8000cf2e                _int3

.fini
 *(.fini)
                0x8000d000                PROVIDE (__etext, .)
                0x8000d000                PROVIDE (_etext, .)
                0x8000d000                PROVIDE (etext, .)

.rodata         0x8000d000      0x6b0
 *(.rodata .rodata.* .gnu.linkonce.r.*)
 .rodata.gpio_enable_module_pin
                0x8000d000       0x20 src/ASF/avr32/drivers/gpio/gpio.o
 .rodata.USART_GPIO_MAP.15065
                0x8000d020       0x10 src/communcation.o
 .rodata.SPI_GPIO_MAP.15053
                0x8000d030       0x18 src/communcation.o
 .rodata.TIMER_GPIO_MAP.15003
                0x8000d048       0x20 src/motor_control.o
 .rodata.TWI_GPIO_MAP.15043
                0x8000d068       0x10 src/sensor.o
 .rodata._int_handler_table
                0x8000d078       0xb0 src/ASF/avr32/drivers/intc/intc.o
 .rodata.get_arg
                0x8000d128       0x3c c:/program files (x86)/atmel/studio/7.0/toolchain/avr32/avr32-gnu-toolchain/bin/../lib/gcc/avr32/4.4.7/../../../../avr32/lib/ucr3\libc.a(lib_a-vfprintf.o)
 .rodata._vfprintf_r
                0x8000d164      0x164 c:/program files (x86)/atmel/studio/7.0/toolchain/avr32/avr32-gnu-toolchain/bin/../lib/gcc/avr32/4.4.7/../../../../avr32/lib/ucr3\libc.a(lib_a-vfprintf.o)
 .rodata.state_table
                0x8000d2c8       0x6c c:/program files (x86)/atmel/studio/7.0/toolchain/avr32/avr32-gnu-toolchain/bin/../lib/gcc/avr32/4.4.7/../../../../avr32/lib/ucr3\libc.a(lib_a-vfprintf.o)
 .rodata.action_table
                0x8000d334       0x6c c:/program files (x86)/atmel/studio/7.0/toolchain/avr32/avr32-gnu-toolchain/bin/../lib/gcc/avr32/4.4.7/../../../../avr32/lib/ucr3\libc.a(lib_a-vfprintf.o)
 .rodata.str1.4
                0x8000d3a0       0x3a c:/program files (x86)/atmel/studio/7.0/toolchain/avr32/avr32-gnu-toolchain/bin/../lib/gcc/avr32/4.4.7/../../../../avr32/lib/ucr3\libc.a(lib_a-vfprintf.o)
                                 0x3c (size before relaxing)
 *fill*         0x8000d3da        0x2 
 .rodata.blanks.3430
                0x8000d3dc       0x10 c:/program files (x86)/atmel/studio/7.0/toolchain/avr32/avr32-gnu-toolchain/bin/../lib/gcc/avr32/4.4.7/../../../../avr32/lib/ucr3\libc.a(lib_a-vfprintf.o)
 .rodata.zeroes.3431
                0x8000d3ec       0x10 c:/program files (x86)/atmel/studio/7.0/toolchain/avr32/avr32-gnu-toolchain/bin/../lib/gcc/avr32/4.4.7/../../../../avr32/lib/ucr3\libc.a(lib_a-vfprintf.o)
 .rodata.chclass
                0x8000d3fc      0x100 c:/program files (x86)/atmel/studio/7.0/toolchain/avr32/avr32-gnu-toolchain/bin/../lib/gcc/avr32/4.4.7/../../../../avr32/lib/ucr3\libc.a(lib_a-vfprintf.o)
 .rodata.str1.4
                0x8000d4fc       0x10 c:/program files (x86)/atmel/studio/7.0/toolchain/avr32/avr32-gnu-toolchain/bin/../lib/gcc/avr32/4.4.7/../../../../avr32/lib/ucr3\libc.a(lib_a-dtoa.o)
                                 0x14 (size before relaxing)
 .rodata.__sf_fake_stdin
                0x8000d50c       0x20 c:/program files (x86)/atmel/studio/7.0/toolchain/avr32/avr32-gnu-toolchain/bin/../lib/gcc/avr32/4.4.7/../../../../avr32/lib/ucr3\libc.a(lib_a-findfp.o)
                0x8000d50c                __sf_fake_stdin
 .rodata.__sf_fake_stdout
                0x8000d52c       0x20 c:/program files (x86)/atmel/studio/7.0/toolchain/avr32/avr32-gnu-toolchain/bin/../lib/gcc/avr32/4.4.7/../../../../avr32/lib/ucr3\libc.a(lib_a-findfp.o)
                0x8000d52c                __sf_fake_stdout
 .rodata.__sf_fake_stderr
                0x8000d54c       0x20 c:/program files (x86)/atmel/studio/7.0/toolchain/avr32/avr32-gnu-toolchain/bin/../lib/gcc/avr32/4.4.7/../../../../avr32/lib/ucr3\libc.a(lib_a-findfp.o)
                0x8000d54c                __sf_fake_stderr
 .rodata.str1.4
                0x8000d56c        0x2 c:/program files (x86)/atmel/studio/7.0/toolchain/avr32/avr32-gnu-toolchain/bin/../lib/gcc/avr32/4.4.7/../../../../avr32/lib/ucr3\libc.a(lib_a-impure.o)
                                  0x4 (size before relaxing)
 *fill*         0x8000d56e        0x2 
 .rodata._global_impure_ptr
                0x8000d570        0x4 c:/program files (x86)/atmel/studio/7.0/toolchain/avr32/avr32-gnu-toolchain/bin/../lib/gcc/avr32/4.4.7/../../../../avr32/lib/ucr3\libc.a(lib_a-impure.o)
                0x8000d570                _global_impure_ptr
 .rodata.lconv  0x8000d574       0x30 c:/program files (x86)/atmel/studio/7.0/toolchain/avr32/avr32-gnu-toolchain/bin/../lib/gcc/avr32/4.4.7/../../../../avr32/lib/ucr3\libc.a(lib_a-locale.o)
 .rodata.str1.4
                0x8000d5a4       0x10 c:/program files (x86)/atmel/studio/7.0/toolchain/avr32/avr32-gnu-toolchain/bin/../lib/gcc/avr32/4.4.7/../../../../avr32/lib/ucr3\libc.a(lib_a-locale.o)
                                 0x18 (size before relaxing)
 .rodata.p05.2471
                0x8000d5b4        0xc c:/program files (x86)/atmel/studio/7.0/toolchain/avr32/avr32-gnu-toolchain/bin/../lib/gcc/avr32/4.4.7/../../../../avr32/lib/ucr3\libc.a(lib_a-mprec.o)
 .rodata.__mprec_tens
                0x8000d5c0       0xc8 c:/program files (x86)/atmel/studio/7.0/toolchain/avr32/avr32-gnu-toolchain/bin/../lib/gcc/avr32/4.4.7/../../../../avr32/lib/ucr3\libc.a(lib_a-mprec.o)
                0x8000d5c0                __mprec_tens
 .rodata.__mprec_bigtens
                0x8000d688       0x28 c:/program files (x86)/atmel/studio/7.0/toolchain/avr32/avr32-gnu-toolchain/bin/../lib/gcc/avr32/4.4.7/../../../../avr32/lib/ucr3\libc.a(lib_a-mprec.o)
                0x8000d688                __mprec_bigtens

.rodata1
 *(.rodata1)

.eh_frame_hdr
 *(.eh_frame_hdr)

.eh_frame
 *(.eh_frame)

.gcc_except_table
 *(.gcc_except_table)
 *(.gcc_except_table.*)

.dalign         0x8000d6b0        0x0
                0x8000d6b0                . = ALIGN (0x8)
                0x8000d6b0                PROVIDE (_data_lma, .)
                0x00000004                PROVIDE (_data, ORIGIN (CPUSRAM))
                0x00000004                . = ORIGIN (CPUSRAM)

.eh_frame
 *(.eh_frame)

.gcc_except_table
 *(.gcc_except_table)
 *(.gcc_except_table.*)

.tdata
 *(.tdata .tdata.* .gnu.linkonce.td.*)

.tbss
 *(.tbss .tbss.* .gnu.linkonce.tb.*)
 *(.tcommon)
                0x00000004                PROVIDE (__preinit_array_start, ALIGN (0x4))

.preinit_array
 *(.preinit_array)
                0x00000004                PROVIDE (__preinit_array_end, .)
                0x00000004                PROVIDE (__init_array_start, .)

.init_array
 *(.init_array)
                0x00000004                PROVIDE (__init_array_end, .)
                0x00000004                PROVIDE (__fini_array_start, .)

.fini_array
 *(.fini_array)
                0x00000004                PROVIDE (__fini_array_end, .)

.ctors
 *crtbegin*.o(.ctors)
 *(EXCLUDE_FILE(*crtend*.o) .ctors)
 *(SORT(.ctors.*))
 *(.ctors)

.dtors
 *crtbegin*.o(.dtors)
 *(EXCLUDE_FILE(*crtend*.o) .dtors)
 *(SORT(.dtors.*))
 *(.dtors)

.jcr
 *(.jcr)

.data.rel.ro
 *(.data.rel.ro.local)
 *(.data.rel.ro*)

.dynamic
 *(.dynamic)

.got
 *(.got.plt)
 *(.got)

.data           0x00000004      0x508 load address 0x8000d6b0
 *(.data .data.* .gnu.linkonce.d.*)
 .data.flashcdw_wait_until_ready
                0x00000004        0x4 src/ASF/avr32/drivers/flashcdw/flashcdw.o
                0x00000004                flashcdw_wait_until_ready
 .data.impure_data
                0x00000008       0xf0 c:/program files (x86)/atmel/studio/7.0/toolchain/avr32/avr32-gnu-toolchain/bin/../lib/gcc/avr32/4.4.7/../../../../avr32/lib/ucr3\libc.a(lib_a-impure.o)
 .data._impure_ptr
                0x000000f8        0x4 c:/program files (x86)/atmel/studio/7.0/toolchain/avr32/avr32-gnu-toolchain/bin/../lib/gcc/avr32/4.4.7/../../../../avr32/lib/ucr3\libc.a(lib_a-impure.o)
                0x000000f8                _impure_ptr
 .data.__malloc_av_
                0x000000fc      0x408 c:/program files (x86)/atmel/studio/7.0/toolchain/avr32/avr32-gnu-toolchain/bin/../lib/gcc/avr32/4.4.7/../../../../avr32/lib/ucr3\libc.a(lib_a-mallocr.o)
                0x000000fc                __malloc_av_
 .data.__malloc_trim_threshold
                0x00000504        0x4 c:/program files (x86)/atmel/studio/7.0/toolchain/avr32/avr32-gnu-toolchain/bin/../lib/gcc/avr32/4.4.7/../../../../avr32/lib/ucr3\libc.a(lib_a-mallocr.o)
                0x00000504                __malloc_trim_threshold
 .data.__malloc_sbrk_base
                0x00000508        0x4 c:/program files (x86)/atmel/studio/7.0/toolchain/avr32/avr32-gnu-toolchain/bin/../lib/gcc/avr32/4.4.7/../../../../avr32/lib/ucr3\libc.a(lib_a-mallocr.o)
                0x00000508                __malloc_sbrk_base
 *(.gnu.linkonce.d.*personality*)

.data1
 *(.data1)

.balign         0x0000050c        0x4 load address 0x8000dbb8
                0x00000510                . = ALIGN (0x8)
 *fill*         0x0000050c        0x4 
                0x00000510                _edata = .
                0x00000510                _edata = .
                0x00000510                PROVIDE (edata, .)
                0x00000510                __bss_start = .

.bss            0x00000510      0x278 load address 0x8000dbb8
 *(.dynbss)
 *(.bss .bss.* .gnu.linkonce.b.*)
 .bss.flashcdw_error_status
                0x00000510        0x4 src/ASF/avr32/drivers/flashcdw/flashcdw.o
 .bss.act_time  0x00000514        0x4 src/pid.o
                0x00000514                act_time
 .bss.p_tmp.15823
                0x00000518        0xc src/pid.o
 .bss.r_tmp.15825
                0x00000524        0xc src/pid.o
 .bss.h_tmp.15824
                0x00000530        0xc src/pid.o
 .bss.twim_inst
                0x0000053c        0x4 src/ASF/avr32/drivers/twim/twim.o
 .bss.twim_tx_data
                0x00000540        0x4 src/ASF/avr32/drivers/twim/twim.o
 .bss.twim_rx_data
                0x00000544        0x4 src/ASF/avr32/drivers/twim/twim.o
 .bss.transfer_status
                0x00000548        0x4 src/ASF/avr32/drivers/twim/twim.o
 .bss.twim_tx_nb_bytes
                0x0000054c        0x4 src/ASF/avr32/drivers/twim/twim.o
 .bss.twim_rx_nb_bytes
                0x00000550        0x4 src/ASF/avr32/drivers/twim/twim.o
 .bss.twim_it_mask
                0x00000554        0x4 src/ASF/avr32/drivers/twim/twim.o
 .bss.twim_package
                0x00000558        0x4 src/ASF/avr32/drivers/twim/twim.o
 .bss.twim_next
                0x0000055c        0x1 src/ASF/avr32/drivers/twim/twim.o
 *fill*         0x0000055d        0x3 
 .bss._int_line_handler_table_0
                0x00000560        0x4 src/ASF/avr32/drivers/intc/intc.o
 .bss._int_line_handler_table_1
                0x00000564       0x28 src/ASF/avr32/drivers/intc/intc.o
 .bss._int_line_handler_table_2
                0x0000058c       0x1c src/ASF/avr32/drivers/intc/intc.o
 .bss._int_line_handler_table_3
                0x000005a8       0x1c src/ASF/avr32/drivers/intc/intc.o
 .bss._int_line_handler_table_4
                0x000005c4        0x4 src/ASF/avr32/drivers/intc/intc.o
 .bss._int_line_handler_table_5
                0x000005c8        0x4 src/ASF/avr32/drivers/intc/intc.o
 .bss._int_line_handler_table_6
                0x000005cc        0x4 src/ASF/avr32/drivers/intc/intc.o
 .bss._int_line_handler_table_7
                0x000005d0        0x4 src/ASF/avr32/drivers/intc/intc.o
 .bss._int_line_handler_table_8
                0x000005d4        0x4 src/ASF/avr32/drivers/intc/intc.o
 .bss._int_line_handler_table_9
                0x000005d8        0x4 src/ASF/avr32/drivers/intc/intc.o
 .bss._int_line_handler_table_10
                0x000005dc        0x4 src/ASF/avr32/drivers/intc/intc.o
 .bss._int_line_handler_table_11
                0x000005e0        0x4 src/ASF/avr32/drivers/intc/intc.o
 .bss._int_line_handler_table_12
                0x000005e4        0x4 src/ASF/avr32/drivers/intc/intc.o
 .bss._int_line_handler_table_13
                0x000005e8        0x4 src/ASF/avr32/drivers/intc/intc.o
 .bss._int_line_handler_table_14
                0x000005ec        0xc src/ASF/avr32/drivers/intc/intc.o
 .bss._int_line_handler_table_15
                0x000005f8        0xc src/ASF/avr32/drivers/intc/intc.o
 .bss._int_line_handler_table_16
                0x00000604        0x4 src/ASF/avr32/drivers/intc/intc.o
 .bss._int_line_handler_table_17
                0x00000608        0x8 src/ASF/avr32/drivers/intc/intc.o
 .bss._int_line_handler_table_18
                0x00000610        0x4 src/ASF/avr32/drivers/intc/intc.o
 .bss._int_line_handler_table_19
                0x00000614       0x10 src/ASF/avr32/drivers/intc/intc.o
 .bss._int_line_handler_table_20
                0x00000624        0x4 src/ASF/avr32/drivers/intc/intc.o
 .bss._int_line_handler_table_21
                0x00000628        0x4 src/ASF/avr32/drivers/intc/intc.o
 .bss.__malloc_max_total_mem
                0x0000062c        0x4 c:/program files (x86)/atmel/studio/7.0/toolchain/avr32/avr32-gnu-toolchain/bin/../lib/gcc/avr32/4.4.7/../../../../avr32/lib/ucr3\libc.a(lib_a-mallocr.o)
                0x0000062c                __malloc_max_total_mem
 .bss.__malloc_max_sbrked_mem
                0x00000630        0x4 c:/program files (x86)/atmel/studio/7.0/toolchain/avr32/avr32-gnu-toolchain/bin/../lib/gcc/avr32/4.4.7/../../../../avr32/lib/ucr3\libc.a(lib_a-mallocr.o)
                0x00000630                __malloc_max_sbrked_mem
 .bss.__malloc_top_pad
                0x00000634        0x4 c:/program files (x86)/atmel/studio/7.0/toolchain/avr32/avr32-gnu-toolchain/bin/../lib/gcc/avr32/4.4.7/../../../../avr32/lib/ucr3\libc.a(lib_a-mallocr.o)
                0x00000634                __malloc_top_pad
 .bss.__malloc_current_mallinfo
                0x00000638       0x28 c:/program files (x86)/atmel/studio/7.0/toolchain/avr32/avr32-gnu-toolchain/bin/../lib/gcc/avr32/4.4.7/../../../../avr32/lib/ucr3\libc.a(lib_a-mallocr.o)
                0x00000638                __malloc_current_mallinfo
 .bss.cur_heap_pos.1869
                0x00000660        0x4 c:/program files (x86)/atmel/studio/7.0/toolchain/avr32/avr32-gnu-toolchain/bin/../lib/gcc/avr32/4.4.7/../../../../avr32/lib/ucr3\libc.a(lib_a-syscalls.o)
 *(COMMON)
 COMMON         0x00000664       0x24 src/ast_rtc.o
                0x00000664                throotle
                0x00000668                speed
                0x00000670                esc_timer_values
                0x00000680                esc_timer_compare_values
 COMMON         0x00000688        0x8 src/communcation.o
                0x00000688                speed_1
 COMMON         0x00000690       0x6f src/sensor.o
                0x00000690                sensor_reg_page0
                0x000006e8                sensor_reg_page1
 *fill*         0x000006ff        0x1 
 COMMON         0x00000700       0x78 src/settings_t.o
                0x00000700                communication_frame_in
                0x00000718                communication_frame_out
                0x0000072c                set
 COMMON         0x00000778        0x7 src/ASF/common/services/sleepmgr/uc3/sleepmgr.o
                0x00000778                sleepmgr_locks
 *fill*         0x0000077f        0x1 
 COMMON         0x00000780        0x4 c:/program files (x86)/atmel/studio/7.0/toolchain/avr32/avr32-gnu-toolchain/bin/../lib/gcc/avr32/4.4.7/../../../../avr32/lib/ucr3\libc.a(lib_a-reent.o)
                0x00000780                errno
                0x00000788                . = ALIGN (0x8)
 *fill*         0x00000784        0x4 
                0x00000788                . = ALIGN (0x8)
                0x00000788                _end = .
                0x00000788                PROVIDE (end, .)
                0x00000788                __heap_start__ = ALIGN (0x8)
                0x00003000                . = ((ORIGIN (CPUSRAM) + 0x3ffc) - _stack_size)
                0x00003000                __heap_end__ = .

.stab
 *(.stab)

.stabstr
 *(.stabstr)

.stab.excl
 *(.stab.excl)

.stab.exclstr
 *(.stab.exclstr)

.stab.index
 *(.stab.index)

.stab.indexstr
 *(.stab.indexstr)

.comment        0x00000000       0x30
 *(.comment)
 .comment       0x00000000       0x30 src/ASF/avr32/drivers/ast/ast.o
                                 0x31 (size before relaxing)
 .comment       0x00000000       0x31 src/ast_rtc.o
 .comment       0x00000000       0x31 src/ASF/avr32/drivers/flashcdw/flashcdw.o
 .comment       0x00000000       0x31 src/ASF/avr32/drivers/gpio/gpio.o
 .comment       0x00000000       0x31 src/ASF/avr32/drivers/pdca/pdca.o
 .comment       0x00000000       0x31 src/communcation.o
 .comment       0x00000000       0x31 src/motor_control.o
 .comment       0x00000000       0x31 src/pid.o
 .comment       0x00000000       0x31 src/sensor.o
 .comment       0x00000000       0x31 src/settings_t.o
 .comment       0x00000000       0x31 src/ASF/avr32/drivers/tc/tc.o
 .comment       0x00000000       0x31 src/ASF/common/services/sleepmgr/uc3/sleepmgr.o
 .comment       0x00000000       0x31 src/ASF/common/services/clock/uc3d/osc.o
 .comment       0x00000000       0x31 src/ASF/common/services/clock/uc3d/sysclk.o
 .comment       0x00000000       0x31 src/ASF/avr32/drivers/spi/spi.o
 .comment       0x00000000       0x31 src/ASF/avr32/drivers/twim/twim.o
 .comment       0x00000000       0x31 src/ASF/avr32/drivers/usart/usart.o
 .comment       0x00000000       0x31 src/ASF/avr32/drivers/intc/intc.o
 .comment       0x00000000       0x31 src/ASF/common/boards/user_board/init.o
 .comment       0x00000000       0x31 src/main.o
 .comment       0x00000000       0x31 c:/program files (x86)/atmel/studio/7.0/toolchain/avr32/avr32-gnu-toolchain/bin/../lib/gcc/avr32/4.4.7/ucr3\libgcc.a(_udivdi3.o)
 .comment       0x00000000       0x31 c:/program files (x86)/atmel/studio/7.0/toolchain/avr32/avr32-gnu-toolchain/bin/../lib/gcc/avr32/4.4.7/../../../../avr32/lib/ucr3\libc.a(lib_a-sprintf.o)
 .comment       0x00000000       0x31 c:/program files (x86)/atmel/studio/7.0/toolchain/avr32/avr32-gnu-toolchain/bin/../lib/gcc/avr32/4.4.7/../../../../avr32/lib/ucr3\libc.a(lib_a-vfprintf.o)
 .comment       0x00000000       0x31 c:/program files (x86)/atmel/studio/7.0/toolchain/avr32/avr32-gnu-toolchain/bin/../lib/gcc/avr32/4.4.7/../../../../avr32/lib/ucr3\libc.a(lib_a-wsetup.o)
 .comment       0x00000000       0x31 c:/program files (x86)/atmel/studio/7.0/toolchain/avr32/avr32-gnu-toolchain/bin/../lib/gcc/avr32/4.4.7/../../../../avr32/lib/ucr3\libc.a(lib_a-dtoa.o)
 .comment       0x00000000       0x31 c:/program files (x86)/atmel/studio/7.0/toolchain/avr32/avr32-gnu-toolchain/bin/../lib/gcc/avr32/4.4.7/../../../../avr32/lib/ucr3\libc.a(lib_a-fflush.o)
 .comment       0x00000000       0x31 c:/program files (x86)/atmel/studio/7.0/toolchain/avr32/avr32-gnu-toolchain/bin/../lib/gcc/avr32/4.4.7/../../../../avr32/lib/ucr3\libc.a(lib_a-findfp.o)
 .comment       0x00000000       0x31 c:/program files (x86)/atmel/studio/7.0/toolchain/avr32/avr32-gnu-toolchain/bin/../lib/gcc/avr32/4.4.7/../../../../avr32/lib/ucr3\libc.a(lib_a-freer.o)
 .comment       0x00000000       0x31 c:/program files (x86)/atmel/studio/7.0/toolchain/avr32/avr32-gnu-toolchain/bin/../lib/gcc/avr32/4.4.7/../../../../avr32/lib/ucr3\libc.a(lib_a-fvwrite.o)
 .comment       0x00000000       0x31 c:/program files (x86)/atmel/studio/7.0/toolchain/avr32/avr32-gnu-toolchain/bin/../lib/gcc/avr32/4.4.7/../../../../avr32/lib/ucr3\libc.a(lib_a-fwalk.o)
 .comment       0x00000000       0x31 c:/program files (x86)/atmel/studio/7.0/toolchain/avr32/avr32-gnu-toolchain/bin/../lib/gcc/avr32/4.4.7/../../../../avr32/lib/ucr3\libc.a(lib_a-impure.o)
 .comment       0x00000000       0x31 c:/program files (x86)/atmel/studio/7.0/toolchain/avr32/avr32-gnu-toolchain/bin/../lib/gcc/avr32/4.4.7/../../../../avr32/lib/ucr3\libc.a(lib_a-locale.o)
 .comment       0x00000000       0x31 c:/program files (x86)/atmel/studio/7.0/toolchain/avr32/avr32-gnu-toolchain/bin/../lib/gcc/avr32/4.4.7/../../../../avr32/lib/ucr3\libc.a(lib_a-makebuf.o)
 .comment       0x00000000       0x31 c:/program files (x86)/atmel/studio/7.0/toolchain/avr32/avr32-gnu-toolchain/bin/../lib/gcc/avr32/4.4.7/../../../../avr32/lib/ucr3\libc.a(lib_a-malloc.o)
 .comment       0x00000000       0x31 c:/program files (x86)/atmel/studio/7.0/toolchain/avr32/avr32-gnu-toolchain/bin/../lib/gcc/avr32/4.4.7/../../../../avr32/lib/ucr3\libc.a(lib_a-mallocr.o)
 .comment       0x00000000       0x31 c:/program files (x86)/atmel/studio/7.0/toolchain/avr32/avr32-gnu-toolchain/bin/../lib/gcc/avr32/4.4.7/../../../../avr32/lib/ucr3\libc.a(lib_a-memchr.o)
 .comment       0x00000000       0x31 c:/program files (x86)/atmel/studio/7.0/toolchain/avr32/avr32-gnu-toolchain/bin/../lib/gcc/avr32/4.4.7/../../../../avr32/lib/ucr3\libc.a(lib_a-memmove.o)
 .comment       0x00000000       0x31 c:/program files (x86)/atmel/studio/7.0/toolchain/avr32/avr32-gnu-toolchain/bin/../lib/gcc/avr32/4.4.7/../../../../avr32/lib/ucr3\libc.a(lib_a-memset.o)
 .comment       0x00000000       0x31 c:/program files (x86)/atmel/studio/7.0/toolchain/avr32/avr32-gnu-toolchain/bin/../lib/gcc/avr32/4.4.7/../../../../avr32/lib/ucr3\libc.a(lib_a-mlock.o)
 .comment       0x00000000       0x31 c:/program files (x86)/atmel/studio/7.0/toolchain/avr32/avr32-gnu-toolchain/bin/../lib/gcc/avr32/4.4.7/../../../../avr32/lib/ucr3\libc.a(lib_a-mprec.o)
 .comment       0x00000000       0x31 c:/program files (x86)/atmel/studio/7.0/toolchain/avr32/avr32-gnu-toolchain/bin/../lib/gcc/avr32/4.4.7/../../../../avr32/lib/ucr3\libc.a(lib_a-reallocr.o)
 .comment       0x00000000       0x31 c:/program files (x86)/atmel/studio/7.0/toolchain/avr32/avr32-gnu-toolchain/bin/../lib/gcc/avr32/4.4.7/../../../../avr32/lib/ucr3\libc.a(lib_a-s_isinfd.o)
 .comment       0x00000000       0x31 c:/program files (x86)/atmel/studio/7.0/toolchain/avr32/avr32-gnu-toolchain/bin/../lib/gcc/avr32/4.4.7/../../../../avr32/lib/ucr3\libc.a(lib_a-s_isnand.o)
 .comment       0x00000000       0x31 c:/program files (x86)/atmel/studio/7.0/toolchain/avr32/avr32-gnu-toolchain/bin/../lib/gcc/avr32/4.4.7/../../../../avr32/lib/ucr3\libc.a(lib_a-sbrkr.o)
 .comment       0x00000000       0x31 c:/program files (x86)/atmel/studio/7.0/toolchain/avr32/avr32-gnu-toolchain/bin/../lib/gcc/avr32/4.4.7/../../../../avr32/lib/ucr3\libc.a(lib_a-stdio.o)
 .comment       0x00000000       0x31 c:/program files (x86)/atmel/studio/7.0/toolchain/avr32/avr32-gnu-toolchain/bin/../lib/gcc/avr32/4.4.7/../../../../avr32/lib/ucr3\libc.a(lib_a-strlen.o)
 .comment       0x00000000       0x31 c:/program files (x86)/atmel/studio/7.0/toolchain/avr32/avr32-gnu-toolchain/bin/../lib/gcc/avr32/4.4.7/../../../../avr32/lib/ucr3\libc.a(lib_a-syscalls.o)
 .comment       0x00000000       0x31 c:/program files (x86)/atmel/studio/7.0/toolchain/avr32/avr32-gnu-toolchain/bin/../lib/gcc/avr32/4.4.7/../../../../avr32/lib/ucr3\libc.a(lib_a-writer.o)
 .comment       0x00000000       0x31 c:/program files (x86)/atmel/studio/7.0/toolchain/avr32/avr32-gnu-toolchain/bin/../lib/gcc/avr32/4.4.7/../../../../avr32/lib/ucr3\libc.a(lib_a-callocr.o)
 .comment       0x00000000       0x31 c:/program files (x86)/atmel/studio/7.0/toolchain/avr32/avr32-gnu-toolchain/bin/../lib/gcc/avr32/4.4.7/../../../../avr32/lib/ucr3\libc.a(lib_a-closer.o)
 .comment       0x00000000       0x31 c:/program files (x86)/atmel/studio/7.0/toolchain/avr32/avr32-gnu-toolchain/bin/../lib/gcc/avr32/4.4.7/../../../../avr32/lib/ucr3\libc.a(lib_a-errno.o)
 .comment       0x00000000       0x31 c:/program files (x86)/atmel/studio/7.0/toolchain/avr32/avr32-gnu-toolchain/bin/../lib/gcc/avr32/4.4.7/../../../../avr32/lib/ucr3\libc.a(lib_a-fclose.o)
 .comment       0x00000000       0x31 c:/program files (x86)/atmel/studio/7.0/toolchain/avr32/avr32-gnu-toolchain/bin/../lib/gcc/avr32/4.4.7/../../../../avr32/lib/ucr3\libc.a(lib_a-fstatr.o)
 .comment       0x00000000       0x31 c:/program files (x86)/atmel/studio/7.0/toolchain/avr32/avr32-gnu-toolchain/bin/../lib/gcc/avr32/4.4.7/../../../../avr32/lib/ucr3\libc.a(lib_a-lseekr.o)
 .comment       0x00000000       0x31 c:/program files (x86)/atmel/studio/7.0/toolchain/avr32/avr32-gnu-toolchain/bin/../lib/gcc/avr32/4.4.7/../../../../avr32/lib/ucr3\libc.a(lib_a-readr.o)
 .comment       0x00000000       0x31 c:/program files (x86)/atmel/studio/7.0/toolchain/avr32/avr32-gnu-toolchain/bin/../lib/gcc/avr32/4.4.7/../../../../avr32/lib/ucr3\libc.a(lib_a-reent.o)
 .comment       0x00000000       0x31 c:/program files (x86)/atmel/studio/7.0/toolchain/avr32/avr32-gnu-toolchain/bin/../lib/gcc/avr32/4.4.7/ucr3\libgcc.a(_umoddi3.o)

.debug
 *(.debug)

.line
 *(.line)

.debug_srcinfo
 *(.debug_srcinfo)

.debug_sfnames
 *(.debug_sfnames)

.debug_aranges  0x00000000     0x1520
 *(.debug_aranges)
 .debug_aranges
                0x00000000      0x1d8 src/ASF/avr32/drivers/ast/ast.o
 .debug_aranges
                0x000001d8       0x88 src/ast_rtc.o
 .debug_aranges
                0x00000260      0x260 src/ASF/avr32/drivers/flashcdw/flashcdw.o
 .debug_aranges
                0x000004c0      0x128 src/ASF/avr32/drivers/gpio/gpio.o
 .debug_aranges
                0x000005e8       0xd0 src/ASF/avr32/drivers/pdca/pdca.o
 .debug_aranges
                0x000006b8       0xa8 src/communcation.o
 .debug_aranges
                0x00000760       0xb0 src/motor_control.o
 .debug_aranges
                0x00000810       0x40 src/pid.o
 .debug_aranges
                0x00000850       0xe0 src/sensor.o
 .debug_aranges
                0x00000930       0x50 src/settings_t.o
 .debug_aranges
                0x00000980       0xb0 src/ASF/avr32/drivers/tc/tc.o
 .debug_aranges
                0x00000a30       0x40 src/ASF/common/services/clock/uc3d/osc.o
 .debug_aranges
                0x00000a70       0x80 src/ASF/common/services/clock/uc3d/sysclk.o
 .debug_aranges
                0x00000af0       0xa8 src/ASF/avr32/drivers/spi/spi.o
 .debug_aranges
                0x00000b98       0x88 src/ASF/avr32/drivers/twim/twim.o
 .debug_aranges
                0x00000c20      0x108 src/ASF/avr32/drivers/usart/usart.o
 .debug_aranges
                0x00000d28       0x20 src/ASF/avr32/drivers/intc/exception.o
 .debug_aranges
                0x00000d48       0x40 src/ASF/avr32/drivers/intc/intc.o
 .debug_aranges
                0x00000d88       0x28 src/ASF/avr32/utils/startup/startup_uc3.o
 .debug_aranges
                0x00000db0       0x20 src/ASF/avr32/utils/startup/trampoline_uc3.o
 .debug_aranges
                0x00000dd0       0x40 src/ASF/common/boards/user_board/init.o
 .debug_aranges
                0x00000e10       0x28 src/main.o
 .debug_aranges
                0x00000e38       0x20 c:/program files (x86)/atmel/studio/7.0/toolchain/avr32/avr32-gnu-toolchain/bin/../lib/gcc/avr32/4.4.7/ucr3\libgcc.a(_udivdi3.o)
 .debug_aranges
                0x00000e58       0x28 c:/program files (x86)/atmel/studio/7.0/toolchain/avr32/avr32-gnu-toolchain/bin/../lib/gcc/avr32/4.4.7/../../../../avr32/lib/ucr3\libc.a(lib_a-sprintf.o)
 .debug_aranges
                0x00000e80       0x38 c:/program files (x86)/atmel/studio/7.0/toolchain/avr32/avr32-gnu-toolchain/bin/../lib/gcc/avr32/4.4.7/../../../../avr32/lib/ucr3\libc.a(lib_a-vfprintf.o)
 .debug_aranges
                0x00000eb8       0x20 c:/program files (x86)/atmel/studio/7.0/toolchain/avr32/avr32-gnu-toolchain/bin/../lib/gcc/avr32/4.4.7/../../../../avr32/lib/ucr3\libc.a(lib_a-wsetup.o)
 .debug_aranges
                0x00000ed8       0x28 c:/program files (x86)/atmel/studio/7.0/toolchain/avr32/avr32-gnu-toolchain/bin/../lib/gcc/avr32/4.4.7/../../../../avr32/lib/ucr3\libc.a(lib_a-dtoa.o)
 .debug_aranges
                0x00000f00       0x28 c:/program files (x86)/atmel/studio/7.0/toolchain/avr32/avr32-gnu-toolchain/bin/../lib/gcc/avr32/4.4.7/../../../../avr32/lib/ucr3\libc.a(lib_a-fflush.o)
 .debug_aranges
                0x00000f28       0x80 c:/program files (x86)/atmel/studio/7.0/toolchain/avr32/avr32-gnu-toolchain/bin/../lib/gcc/avr32/4.4.7/../../../../avr32/lib/ucr3\libc.a(lib_a-findfp.o)
 .debug_aranges
                0x00000fa8       0x28 c:/program files (x86)/atmel/studio/7.0/toolchain/avr32/avr32-gnu-toolchain/bin/../lib/gcc/avr32/4.4.7/../../../../avr32/lib/ucr3\libc.a(lib_a-freer.o)
 .debug_aranges
                0x00000fd0       0x20 c:/program files (x86)/atmel/studio/7.0/toolchain/avr32/avr32-gnu-toolchain/bin/../lib/gcc/avr32/4.4.7/../../../../avr32/lib/ucr3\libc.a(lib_a-fvwrite.o)
 .debug_aranges
                0x00000ff0       0x28 c:/program files (x86)/atmel/studio/7.0/toolchain/avr32/avr32-gnu-toolchain/bin/../lib/gcc/avr32/4.4.7/../../../../avr32/lib/ucr3\libc.a(lib_a-fwalk.o)
 .debug_aranges
                0x00001018       0x40 c:/program files (x86)/atmel/studio/7.0/toolchain/avr32/avr32-gnu-toolchain/bin/../lib/gcc/avr32/4.4.7/../../../../avr32/lib/ucr3\libc.a(lib_a-locale.o)
 .debug_aranges
                0x00001058       0x20 c:/program files (x86)/atmel/studio/7.0/toolchain/avr32/avr32-gnu-toolchain/bin/../lib/gcc/avr32/4.4.7/../../../../avr32/lib/ucr3\libc.a(lib_a-makebuf.o)
 .debug_aranges
                0x00001078       0x28 c:/program files (x86)/atmel/studio/7.0/toolchain/avr32/avr32-gnu-toolchain/bin/../lib/gcc/avr32/4.4.7/../../../../avr32/lib/ucr3\libc.a(lib_a-malloc.o)
 .debug_aranges
                0x000010a0       0x20 c:/program files (x86)/atmel/studio/7.0/toolchain/avr32/avr32-gnu-toolchain/bin/../lib/gcc/avr32/4.4.7/../../../../avr32/lib/ucr3\libc.a(lib_a-mallocr.o)
 .debug_aranges
                0x000010c0       0x20 c:/program files (x86)/atmel/studio/7.0/toolchain/avr32/avr32-gnu-toolchain/bin/../lib/gcc/avr32/4.4.7/../../../../avr32/lib/ucr3\libc.a(lib_a-memchr.o)
 .debug_aranges
                0x000010e0       0x20 c:/program files (x86)/atmel/studio/7.0/toolchain/avr32/avr32-gnu-toolchain/bin/../lib/gcc/avr32/4.4.7/../../../../avr32/lib/ucr3\libc.a(lib_a-memmove.o)
 .debug_aranges
                0x00001100       0x20 c:/program files (x86)/atmel/studio/7.0/toolchain/avr32/avr32-gnu-toolchain/bin/../lib/gcc/avr32/4.4.7/../../../../avr32/lib/ucr3\libc.a(lib_a-memset.o)
 .debug_aranges
                0x00001120       0x28 c:/program files (x86)/atmel/studio/7.0/toolchain/avr32/avr32-gnu-toolchain/bin/../lib/gcc/avr32/4.4.7/../../../../avr32/lib/ucr3\libc.a(lib_a-mlock.o)
 .debug_aranges
                0x00001148       0xb0 c:/program files (x86)/atmel/studio/7.0/toolchain/avr32/avr32-gnu-toolchain/bin/../lib/gcc/avr32/4.4.7/../../../../avr32/lib/ucr3\libc.a(lib_a-mprec.o)
 .debug_aranges
                0x000011f8       0x20 c:/program files (x86)/atmel/studio/7.0/toolchain/avr32/avr32-gnu-toolchain/bin/../lib/gcc/avr32/4.4.7/../../../../avr32/lib/ucr3\libc.a(lib_a-reallocr.o)
 .debug_aranges
                0x00001218       0x20 c:/program files (x86)/atmel/studio/7.0/toolchain/avr32/avr32-gnu-toolchain/bin/../lib/gcc/avr32/4.4.7/../../../../avr32/lib/ucr3\libc.a(lib_a-s_isinfd.o)
 .debug_aranges
                0x00001238       0x20 c:/program files (x86)/atmel/studio/7.0/toolchain/avr32/avr32-gnu-toolchain/bin/../lib/gcc/avr32/4.4.7/../../../../avr32/lib/ucr3\libc.a(lib_a-s_isnand.o)
 .debug_aranges
                0x00001258       0x20 c:/program files (x86)/atmel/studio/7.0/toolchain/avr32/avr32-gnu-toolchain/bin/../lib/gcc/avr32/4.4.7/../../../../avr32/lib/ucr3\libc.a(lib_a-sbrkr.o)
 .debug_aranges
                0x00001278       0x38 c:/program files (x86)/atmel/studio/7.0/toolchain/avr32/avr32-gnu-toolchain/bin/../lib/gcc/avr32/4.4.7/../../../../avr32/lib/ucr3\libc.a(lib_a-stdio.o)
 .debug_aranges
                0x000012b0       0x20 c:/program files (x86)/atmel/studio/7.0/toolchain/avr32/avr32-gnu-toolchain/bin/../lib/gcc/avr32/4.4.7/../../../../avr32/lib/ucr3\libc.a(lib_a-strlen.o)
 .debug_aranges
                0x000012d0       0xf8 c:/program files (x86)/atmel/studio/7.0/toolchain/avr32/avr32-gnu-toolchain/bin/../lib/gcc/avr32/4.4.7/../../../../avr32/lib/ucr3\libc.a(lib_a-syscalls.o)
 .debug_aranges
                0x000013c8       0x20 c:/program files (x86)/atmel/studio/7.0/toolchain/avr32/avr32-gnu-toolchain/bin/../lib/gcc/avr32/4.4.7/../../../../avr32/lib/ucr3\libc.a(lib_a-writer.o)
 .debug_aranges
                0x000013e8       0x20 c:/program files (x86)/atmel/studio/7.0/toolchain/avr32/avr32-gnu-toolchain/bin/../lib/gcc/avr32/4.4.7/../../../../avr32/lib/ucr3\libc.a(lib_a-callocr.o)
 .debug_aranges
                0x00001408       0x20 c:/program files (x86)/atmel/studio/7.0/toolchain/avr32/avr32-gnu-toolchain/bin/../lib/gcc/avr32/4.4.7/../../../../avr32/lib/ucr3\libc.a(lib_a-closer.o)
 .debug_aranges
                0x00001428       0x20 c:/program files (x86)/atmel/studio/7.0/toolchain/avr32/avr32-gnu-toolchain/bin/../lib/gcc/avr32/4.4.7/../../../../avr32/lib/ucr3\libc.a(lib_a-errno.o)
 .debug_aranges
                0x00001448       0x28 c:/program files (x86)/atmel/studio/7.0/toolchain/avr32/avr32-gnu-toolchain/bin/../lib/gcc/avr32/4.4.7/../../../../avr32/lib/ucr3\libc.a(lib_a-fclose.o)
 .debug_aranges
                0x00001470       0x20 c:/program files (x86)/atmel/studio/7.0/toolchain/avr32/avr32-gnu-toolchain/bin/../lib/gcc/avr32/4.4.7/../../../../avr32/lib/ucr3\libc.a(lib_a-fstatr.o)
 .debug_aranges
                0x00001490       0x20 c:/program files (x86)/atmel/studio/7.0/toolchain/avr32/avr32-gnu-toolchain/bin/../lib/gcc/avr32/4.4.7/../../../../avr32/lib/ucr3\libc.a(lib_a-lseekr.o)
 .debug_aranges
                0x000014b0       0x20 c:/program files (x86)/atmel/studio/7.0/toolchain/avr32/avr32-gnu-toolchain/bin/../lib/gcc/avr32/4.4.7/../../../../avr32/lib/ucr3\libc.a(lib_a-readr.o)
 .debug_aranges
                0x000014d0       0x30 c:/program files (x86)/atmel/studio/7.0/toolchain/avr32/avr32-gnu-toolchain/bin/../lib/gcc/avr32/4.4.7/../../../../avr32/lib/ucr3\libc.a(lib_a-reent.o)
 .debug_aranges
                0x00001500       0x20 c:/program files (x86)/atmel/studio/7.0/toolchain/avr32/avr32-gnu-toolchain/bin/../lib/gcc/avr32/4.4.7/ucr3\libgcc.a(_umoddi3.o)

.debug_pubnames
                0x00000000     0x2ce9
 *(.debug_pubnames)
 .debug_pubnames
                0x00000000      0x617 src/ASF/avr32/drivers/ast/ast.o
 .debug_pubnames
                0x00000617       0x9f src/ast_rtc.o
 .debug_pubnames
                0x000006b6      0x950 src/ASF/avr32/drivers/flashcdw/flashcdw.o
 .debug_pubnames
                0x00001006      0x3aa src/ASF/avr32/drivers/gpio/gpio.o
 .debug_pubnames
                0x000013b0      0x275 src/ASF/avr32/drivers/pdca/pdca.o
 .debug_pubnames
                0x00001625       0x87 src/communcation.o
 .debug_pubnames
                0x000016ac       0xd9 src/motor_control.o
 .debug_pubnames
                0x00001785       0xa6 src/pid.o
 .debug_pubnames
                0x0000182b      0x1c8 src/sensor.o
 .debug_pubnames
                0x000019f3       0xcd src/settings_t.o
 .debug_pubnames
                0x00001ac0      0x164 src/ASF/avr32/drivers/tc/tc.o
 .debug_pubnames
                0x00001c24       0x25 src/ASF/common/services/sleepmgr/uc3/sleepmgr.o
 .debug_pubnames
                0x00001c49       0x49 src/ASF/common/services/clock/uc3d/osc.o
 .debug_pubnames
                0x00001c92       0x8f src/ASF/common/services/clock/uc3d/sysclk.o
 .debug_pubnames
                0x00001d21      0x178 src/ASF/avr32/drivers/spi/spi.o
 .debug_pubnames
                0x00001e99       0xd6 src/ASF/avr32/drivers/twim/twim.o
 .debug_pubnames
                0x00001f6f      0x227 src/ASF/avr32/drivers/usart/usart.o
 .debug_pubnames
                0x00002196       0x62 src/ASF/avr32/drivers/intc/intc.o
 .debug_pubnames
                0x000021f8       0x6a src/ASF/common/boards/user_board/init.o
 .debug_pubnames
                0x00002262       0x64 src/main.o
 .debug_pubnames
                0x000022c6       0x20 c:/program files (x86)/atmel/studio/7.0/toolchain/avr32/avr32-gnu-toolchain/bin/../lib/gcc/avr32/4.4.7/ucr3\libgcc.a(_udivdi3.o)
 .debug_pubnames
                0x000022e6       0x2d c:/program files (x86)/atmel/studio/7.0/toolchain/avr32/avr32-gnu-toolchain/bin/../lib/gcc/avr32/4.4.7/../../../../avr32/lib/ucr3\libc.a(lib_a-sprintf.o)
 .debug_pubnames
                0x00002313       0x2f c:/program files (x86)/atmel/studio/7.0/toolchain/avr32/avr32-gnu-toolchain/bin/../lib/gcc/avr32/4.4.7/../../../../avr32/lib/ucr3\libc.a(lib_a-vfprintf.o)
 .debug_pubnames
                0x00002342       0x22 c:/program files (x86)/atmel/studio/7.0/toolchain/avr32/avr32-gnu-toolchain/bin/../lib/gcc/avr32/4.4.7/../../../../avr32/lib/ucr3\libc.a(lib_a-wsetup.o)
 .debug_pubnames
                0x00002364       0x1e c:/program files (x86)/atmel/studio/7.0/toolchain/avr32/avr32-gnu-toolchain/bin/../lib/gcc/avr32/4.4.7/../../../../avr32/lib/ucr3\libc.a(lib_a-dtoa.o)
 .debug_pubnames
                0x00002382       0x2b c:/program files (x86)/atmel/studio/7.0/toolchain/avr32/avr32-gnu-toolchain/bin/../lib/gcc/avr32/4.4.7/../../../../avr32/lib/ucr3\libc.a(lib_a-fflush.o)
 .debug_pubnames
                0x000023ad      0x119 c:/program files (x86)/atmel/studio/7.0/toolchain/avr32/avr32-gnu-toolchain/bin/../lib/gcc/avr32/4.4.7/../../../../avr32/lib/ucr3\libc.a(lib_a-findfp.o)
 .debug_pubnames
                0x000024c6       0x31 c:/program files (x86)/atmel/studio/7.0/toolchain/avr32/avr32-gnu-toolchain/bin/../lib/gcc/avr32/4.4.7/../../../../avr32/lib/ucr3\libc.a(lib_a-freer.o)
 .debug_pubnames
                0x000024f7       0x23 c:/program files (x86)/atmel/studio/7.0/toolchain/avr32/avr32-gnu-toolchain/bin/../lib/gcc/avr32/4.4.7/../../../../avr32/lib/ucr3\libc.a(lib_a-fvwrite.o)
 .debug_pubnames
                0x0000251a       0x2e c:/program files (x86)/atmel/studio/7.0/toolchain/avr32/avr32-gnu-toolchain/bin/../lib/gcc/avr32/4.4.7/../../../../avr32/lib/ucr3\libc.a(lib_a-fwalk.o)
 .debug_pubnames
                0x00002548       0x39 c:/program files (x86)/atmel/studio/7.0/toolchain/avr32/avr32-gnu-toolchain/bin/../lib/gcc/avr32/4.4.7/../../../../avr32/lib/ucr3\libc.a(lib_a-impure.o)
 .debug_pubnames
                0x00002581       0xc3 c:/program files (x86)/atmel/studio/7.0/toolchain/avr32/avr32-gnu-toolchain/bin/../lib/gcc/avr32/4.4.7/../../../../avr32/lib/ucr3\libc.a(lib_a-locale.o)
 .debug_pubnames
                0x00002644       0x23 c:/program files (x86)/atmel/studio/7.0/toolchain/avr32/avr32-gnu-toolchain/bin/../lib/gcc/avr32/4.4.7/../../../../avr32/lib/ucr3\libc.a(lib_a-makebuf.o)
 .debug_pubnames
                0x00002667       0x26 c:/program files (x86)/atmel/studio/7.0/toolchain/avr32/avr32-gnu-toolchain/bin/../lib/gcc/avr32/4.4.7/../../../../avr32/lib/ucr3\libc.a(lib_a-malloc.o)
 .debug_pubnames
                0x0000268d       0xce c:/program files (x86)/atmel/studio/7.0/toolchain/avr32/avr32-gnu-toolchain/bin/../lib/gcc/avr32/4.4.7/../../../../avr32/lib/ucr3\libc.a(lib_a-mallocr.o)
 .debug_pubnames
                0x0000275b       0x1d c:/program files (x86)/atmel/studio/7.0/toolchain/avr32/avr32-gnu-toolchain/bin/../lib/gcc/avr32/4.4.7/../../../../avr32/lib/ucr3\libc.a(lib_a-memchr.o)
 .debug_pubnames
                0x00002778       0x1e c:/program files (x86)/atmel/studio/7.0/toolchain/avr32/avr32-gnu-toolchain/bin/../lib/gcc/avr32/4.4.7/../../../../avr32/lib/ucr3\libc.a(lib_a-memmove.o)
 .debug_pubnames
                0x00002796       0x1d c:/program files (x86)/atmel/studio/7.0/toolchain/avr32/avr32-gnu-toolchain/bin/../lib/gcc/avr32/4.4.7/../../../../avr32/lib/ucr3\libc.a(lib_a-memset.o)
 .debug_pubnames
                0x000027b3       0x38 c:/program files (x86)/atmel/studio/7.0/toolchain/avr32/avr32-gnu-toolchain/bin/../lib/gcc/avr32/4.4.7/../../../../avr32/lib/ucr3\libc.a(lib_a-mlock.o)
 .debug_pubnames
                0x000027eb      0x13a c:/program files (x86)/atmel/studio/7.0/toolchain/avr32/avr32-gnu-toolchain/bin/../lib/gcc/avr32/4.4.7/../../../../avr32/lib/ucr3\libc.a(lib_a-mprec.o)
 .debug_pubnames
                0x00002925       0x21 c:/program files (x86)/atmel/studio/7.0/toolchain/avr32/avr32-gnu-toolchain/bin/../lib/gcc/avr32/4.4.7/../../../../avr32/lib/ucr3\libc.a(lib_a-reallocr.o)
 .debug_pubnames
                0x00002946       0x1f c:/program files (x86)/atmel/studio/7.0/toolchain/avr32/avr32-gnu-toolchain/bin/../lib/gcc/avr32/4.4.7/../../../../avr32/lib/ucr3\libc.a(lib_a-s_isinfd.o)
 .debug_pubnames
                0x00002965       0x1f c:/program files (x86)/atmel/studio/7.0/toolchain/avr32/avr32-gnu-toolchain/bin/../lib/gcc/avr32/4.4.7/../../../../avr32/lib/ucr3\libc.a(lib_a-s_isnand.o)
 .debug_pubnames
                0x00002984       0x1e c:/program files (x86)/atmel/studio/7.0/toolchain/avr32/avr32-gnu-toolchain/bin/../lib/gcc/avr32/4.4.7/../../../../avr32/lib/ucr3\libc.a(lib_a-sbrkr.o)
 .debug_pubnames
                0x000029a2       0x44 c:/program files (x86)/atmel/studio/7.0/toolchain/avr32/avr32-gnu-toolchain/bin/../lib/gcc/avr32/4.4.7/../../../../avr32/lib/ucr3\libc.a(lib_a-stdio.o)
 .debug_pubnames
                0x000029e6       0x1d c:/program files (x86)/atmel/studio/7.0/toolchain/avr32/avr32-gnu-toolchain/bin/../lib/gcc/avr32/4.4.7/../../../../avr32/lib/ucr3\libc.a(lib_a-strlen.o)
 .debug_pubnames
                0x00002a03      0x171 c:/program files (x86)/atmel/studio/7.0/toolchain/avr32/avr32-gnu-toolchain/bin/../lib/gcc/avr32/4.4.7/../../../../avr32/lib/ucr3\libc.a(lib_a-syscalls.o)
 .debug_pubnames
                0x00002b74       0x1f c:/program files (x86)/atmel/studio/7.0/toolchain/avr32/avr32-gnu-toolchain/bin/../lib/gcc/avr32/4.4.7/../../../../avr32/lib/ucr3\libc.a(lib_a-writer.o)
 .debug_pubnames
                0x00002b93       0x20 c:/program files (x86)/atmel/studio/7.0/toolchain/avr32/avr32-gnu-toolchain/bin/../lib/gcc/avr32/4.4.7/../../../../avr32/lib/ucr3\libc.a(lib_a-callocr.o)
 .debug_pubnames
                0x00002bb3       0x1f c:/program files (x86)/atmel/studio/7.0/toolchain/avr32/avr32-gnu-toolchain/bin/../lib/gcc/avr32/4.4.7/../../../../avr32/lib/ucr3\libc.a(lib_a-closer.o)
 .debug_pubnames
                0x00002bd2       0x1e c:/program files (x86)/atmel/studio/7.0/toolchain/avr32/avr32-gnu-toolchain/bin/../lib/gcc/avr32/4.4.7/../../../../avr32/lib/ucr3\libc.a(lib_a-errno.o)
 .debug_pubnames
                0x00002bf0       0x2b c:/program files (x86)/atmel/studio/7.0/toolchain/avr32/avr32-gnu-toolchain/bin/../lib/gcc/avr32/4.4.7/../../../../avr32/lib/ucr3\libc.a(lib_a-fclose.o)
 .debug_pubnames
                0x00002c1b       0x1f c:/program files (x86)/atmel/studio/7.0/toolchain/avr32/avr32-gnu-toolchain/bin/../lib/gcc/avr32/4.4.7/../../../../avr32/lib/ucr3\libc.a(lib_a-fstatr.o)
 .debug_pubnames
                0x00002c3a       0x1f c:/program files (x86)/atmel/studio/7.0/toolchain/avr32/avr32-gnu-toolchain/bin/../lib/gcc/avr32/4.4.7/../../../../avr32/lib/ucr3\libc.a(lib_a-lseekr.o)
 .debug_pubnames
                0x00002c59       0x1e c:/program files (x86)/atmel/studio/7.0/toolchain/avr32/avr32-gnu-toolchain/bin/../lib/gcc/avr32/4.4.7/../../../../avr32/lib/ucr3\libc.a(lib_a-readr.o)
 .debug_pubnames
                0x00002c77       0x52 c:/program files (x86)/atmel/studio/7.0/toolchain/avr32/avr32-gnu-toolchain/bin/../lib/gcc/avr32/4.4.7/../../../../avr32/lib/ucr3\libc.a(lib_a-reent.o)
 .debug_pubnames
                0x00002cc9       0x20 c:/program files (x86)/atmel/studio/7.0/toolchain/avr32/avr32-gnu-toolchain/bin/../lib/gcc/avr32/4.4.7/ucr3\libgcc.a(_umoddi3.o)

.debug_info     0x00000000    0x361f2
 *(.debug_info .gnu.linkonce.wi.*)
 .debug_info    0x00000000     0x17e3 src/ASF/avr32/drivers/ast/ast.o
 .debug_info    0x000017e3     0x16fd src/ast_rtc.o
 .debug_info    0x00002ee0     0x1df4 src/ASF/avr32/drivers/flashcdw/flashcdw.o
 .debug_info    0x00004cd4      0xf72 src/ASF/avr32/drivers/gpio/gpio.o
 .debug_info    0x00005c46      0xe75 src/ASF/avr32/drivers/pdca/pdca.o
 .debug_info    0x00006abb     0x4579 src/communcation.o
 .debug_info    0x0000b034     0x192f src/motor_control.o
 .debug_info    0x0000c963     0x3ac2 src/pid.o
 .debug_info    0x00010425     0x2ca0 src/sensor.o
 .debug_info    0x000130c5      0xf39 src/settings_t.o
 .debug_info    0x00013ffe     0x117d src/ASF/avr32/drivers/tc/tc.o
 .debug_info    0x0001517b       0xf9 src/ASF/common/services/sleepmgr/uc3/sleepmgr.o
 .debug_info    0x00015274     0x14ad src/ASF/common/services/clock/uc3d/osc.o
 .debug_info    0x00016721     0x227d src/ASF/common/services/clock/uc3d/sysclk.o
 .debug_info    0x0001899e     0x1314 src/ASF/avr32/drivers/spi/spi.o
 .debug_info    0x00019cb2     0x120b src/ASF/avr32/drivers/twim/twim.o
 .debug_info    0x0001aebd     0x2c09 src/ASF/avr32/drivers/usart/usart.o
 .debug_info    0x0001dac6       0x89 src/ASF/avr32/drivers/intc/exception.o
 .debug_info    0x0001db4f      0x5ee src/ASF/avr32/drivers/intc/intc.o
 .debug_info    0x0001e13d       0x88 src/ASF/avr32/utils/startup/startup_uc3.o
 .debug_info    0x0001e1c5       0x8f src/ASF/avr32/utils/startup/trampoline_uc3.o
 .debug_info    0x0001e254      0xab4 src/ASF/common/boards/user_board/init.o
 .debug_info    0x0001ed08     0x2b93 src/main.o
 .debug_info    0x0002189b      0x57b c:/program files (x86)/atmel/studio/7.0/toolchain/avr32/avr32-gnu-toolchain/bin/../lib/gcc/avr32/4.4.7/ucr3\libgcc.a(_udivdi3.o)
 .debug_info    0x00021e16      0x989 c:/program files (x86)/atmel/studio/7.0/toolchain/avr32/avr32-gnu-toolchain/bin/../lib/gcc/avr32/4.4.7/../../../../avr32/lib/ucr3\libc.a(lib_a-sprintf.o)
 .debug_info    0x0002279f     0x15e8 c:/program files (x86)/atmel/studio/7.0/toolchain/avr32/avr32-gnu-toolchain/bin/../lib/gcc/avr32/4.4.7/../../../../avr32/lib/ucr3\libc.a(lib_a-vfprintf.o)
 .debug_info    0x00023d87      0x982 c:/program files (x86)/atmel/studio/7.0/toolchain/avr32/avr32-gnu-toolchain/bin/../lib/gcc/avr32/4.4.7/../../../../avr32/lib/ucr3\libc.a(lib_a-wsetup.o)
 .debug_info    0x00024709      0xcf7 c:/program files (x86)/atmel/studio/7.0/toolchain/avr32/avr32-gnu-toolchain/bin/../lib/gcc/avr32/4.4.7/../../../../avr32/lib/ucr3\libc.a(lib_a-dtoa.o)
 .debug_info    0x00025400      0xa22 c:/program files (x86)/atmel/studio/7.0/toolchain/avr32/avr32-gnu-toolchain/bin/../lib/gcc/avr32/4.4.7/../../../../avr32/lib/ucr3\libc.a(lib_a-fflush.o)
 .debug_info    0x00025e22      0xc2a c:/program files (x86)/atmel/studio/7.0/toolchain/avr32/avr32-gnu-toolchain/bin/../lib/gcc/avr32/4.4.7/../../../../avr32/lib/ucr3\libc.a(lib_a-findfp.o)
 .debug_info    0x00026a4c      0xb3d c:/program files (x86)/atmel/studio/7.0/toolchain/avr32/avr32-gnu-toolchain/bin/../lib/gcc/avr32/4.4.7/../../../../avr32/lib/ucr3\libc.a(lib_a-freer.o)