Archive member included because of file (symbol)

c:/program files (x86)/atmel/studio/7.0/toolchain/avr32/avr32-gnu-toolchain/bin/../lib/gcc/avr32/4.4.7/ucr3\libgcc.a(_udivdi3.o)
                              src/ast_rtc.o (__avr32_udiv64)
c:/program files (x86)/atmel/studio/7.0/toolchain/avr32/avr32-gnu-toolchain/bin/../lib/gcc/avr32/4.4.7/../../../../avr32/lib/ucr3\libc.a(lib_a-memcpy.o)
                              src/pid.o (memcpy)

Allocating common symbols
Common symbol       size              file

app_euler           0x6               src/ast_rtc.o
speed_1             0x10              src/com_spi.o
sensor_reg_page0    0x58              src/sensor.o
sensor_euler        0x6               src/ast_rtc.o
sleepmgr_locks      0x7               src/ASF/common/services/sleepmgr/uc3/sleepmgr.o
throotle            0x4               src/ast_rtc.o
speed               0x10              src/ast_rtc.o
sensor_reg_page1    0x17              src/sensor.o
set                 0x4c              src/settings_t.o
esc_timer_values    0x10              src/ast_rtc.o
esc_timer_compare_values
                    0x8               src/ast_rtc.o

Discarded input sections

 .text          0x00000000        0x0 src/ASF/avr32/drivers/ast/ast.o
 .data          0x00000000        0x0 src/ASF/avr32/drivers/ast/ast.o
 .bss           0x00000000        0x0 src/ASF/avr32/drivers/ast/ast.o
 .text.ast_disable
                0x00000000       0x44 src/ASF/avr32/drivers/ast/ast.o
 .text.ast_init_calendar
                0x00000000      0x108 src/ASF/avr32/drivers/ast/ast.o
 .text.ast_configure_digital_tuner
                0x00000000      0x19c src/ASF/avr32/drivers/ast/ast.o
 .text.ast_init_digital_tuner
                0x00000000       0x74 src/ASF/avr32/drivers/ast/ast.o
 .text.ast_disable_digital_tuner
                0x00000000       0x48 src/ASF/avr32/drivers/ast/ast.o
 .text.ast_change_clk_source
                0x00000000      0x134 src/ASF/avr32/drivers/ast/ast.o
 .text.ast_set_calendar_value
                0x00000000       0x44 src/ASF/avr32/drivers/ast/ast.o
 .text.ast_get_calendar_value
                0x00000000       0x22 src/ASF/avr32/drivers/ast/ast.o
 .text.ast_get_counter_value
                0x00000000       0x1a src/ASF/avr32/drivers/ast/ast.o
 .text.ast_set_alarm0_value
                0x00000000       0x40 src/ASF/avr32/drivers/ast/ast.o
 .text.ast_set_alarm1_value
                0x00000000       0x40 src/ASF/avr32/drivers/ast/ast.o
 .text.ast_enable_alarm0
                0x00000000       0x44 src/ASF/avr32/drivers/ast/ast.o
 .text.ast_disable_alarm0
                0x00000000       0x44 src/ASF/avr32/drivers/ast/ast.o
 .text.ast_enable_alarm1
                0x00000000       0x44 src/ASF/avr32/drivers/ast/ast.o
 .text.ast_disable_alarm1
                0x00000000       0x44 src/ASF/avr32/drivers/ast/ast.o
 .text.ast_enable_periodic0
                0x00000000       0x44 src/ASF/avr32/drivers/ast/ast.o
 .text.ast_disable_periodic0
                0x00000000       0x44 src/ASF/avr32/drivers/ast/ast.o
 .text.ast_enable_periodic1
                0x00000000       0x44 src/ASF/avr32/drivers/ast/ast.o
 .text.ast_disable_periodic1
                0x00000000       0x44 src/ASF/avr32/drivers/ast/ast.o
 .text.ast_clear_alarm_status_flag
                0x00000000       0x3c src/ASF/avr32/drivers/ast/ast.o
 .text.ast_clear_periodic_status_flag
                0x00000000       0x3c src/ASF/avr32/drivers/ast/ast.o
 .text.ast_clear_ovf_status_flag
                0x00000000       0x20 src/ASF/avr32/drivers/ast/ast.o
 .text.ast_clear_ready_status_flag
                0x00000000       0x24 src/ASF/avr32/drivers/ast/ast.o
 .text.ast_clear_clkrdy_status_flag
                0x00000000       0x24 src/ASF/avr32/drivers/ast/ast.o
 .text.ast_clear_all_status_flags
                0x00000000       0x3c src/ASF/avr32/drivers/ast/ast.o
 .text.ast_enable_alarm_interrupt
                0x00000000       0x44 src/ASF/avr32/drivers/ast/ast.o
 .text.ast_enable_ovf_interrupt
                0x00000000       0x20 src/ASF/avr32/drivers/ast/ast.o
 .text.ast_enable_ready_interrupt
                0x00000000       0x24 src/ASF/avr32/drivers/ast/ast.o
 .text.ast_enable_clkrdy_interrupt
                0x00000000       0x24 src/ASF/avr32/drivers/ast/ast.o
 .text.ast_disable_interrupt
                0x00000000       0x40 src/ASF/avr32/drivers/ast/ast.o
 .text.ast_disable_alarm_interrupt
                0x00000000       0x44 src/ASF/avr32/drivers/ast/ast.o
 .text.ast_disable_periodic_interrupt
                0x00000000       0x44 src/ASF/avr32/drivers/ast/ast.o
 .text.ast_disable_ovf_interrupt
                0x00000000       0x20 src/ASF/avr32/drivers/ast/ast.o
 .text.ast_disable_ready_interrupt
                0x00000000       0x24 src/ASF/avr32/drivers/ast/ast.o
 .text.ast_disable_clkrdy_interrupt
                0x00000000       0x24 src/ASF/avr32/drivers/ast/ast.o
 .text.ast_disable_all_interrupts
[...]
Memory Configuration

Name             Origin             Length             Attributes
FLASH            0x80000000         0x00010000         axrl !w
CPUSRAM          0x00000004         0x00003ffc         axw !rl
USERPAGE         0x80800000         0x00000100
FACTORYPAGE      0x80800100         0x00000100
*default*        0x00000000         0xffffffff

Linker script and memory map

                0x00001000                _stack_size = 0x1000
LOAD src/ASF/avr32/drivers/ast/ast.o
LOAD src/ast_rtc.o
LOAD src/ASF/avr32/drivers/flashcdw/flashcdw.o
LOAD src/ASF/avr32/drivers/gpio/gpio.o
LOAD src/ASF/avr32/drivers/pdca/pdca.o
LOAD src/ASF/avr32/drivers/pm/pm_uc3d.o
LOAD src/ASF/avr32/drivers/scif/scif_uc3d.o
LOAD src/ASF/avr32/drivers/wdt/wdt4.o
LOAD src/com_spi.o
LOAD src/motor_control.o
LOAD src/pid.o
LOAD src/sensor.o
LOAD src/settings_t.o
LOAD src/ASF/avr32/drivers/tc/tc.o
LOAD src/ASF/common/services/spi/uc3_spi/spi_master.o
LOAD src/ASF/common/services/sleepmgr/uc3/sleepmgr.o
LOAD src/ASF/common/services/serial/usart_serial.o
LOAD src/ASF/common/services/clock/uc3d/osc.o
LOAD src/ASF/common/services/clock/uc3d/pll.o
LOAD src/ASF/common/services/clock/uc3d/sysclk.o
LOAD src/ASF/avr32/drivers/pm/power_clocks_lib.o
LOAD src/ASF/avr32/drivers/pwma/pwma.o
LOAD src/ASF/avr32/drivers/spi/spi.o
LOAD src/ASF/avr32/drivers/twim/twim.o
LOAD src/ASF/avr32/drivers/twis/twis.o
LOAD src/ASF/avr32/drivers/usart/usart.o
LOAD src/ASF/avr32/drivers/intc/exception.o
LOAD src/ASF/avr32/drivers/intc/intc.o
LOAD src/ASF/avr32/utils/startup/startup_uc3.o
LOAD src/ASF/avr32/utils/startup/trampoline_uc3.o
LOAD src/ASF/common/boards/user_board/init.o
LOAD src/main.o
START GROUP
LOAD c:/program files (x86)/atmel/studio/7.0/toolchain/avr32/avr32-gnu-toolchain/bin/../lib/gcc/avr32/4.4.7/../../../../avr32/lib/ucr3\libm.a
END GROUP
LOAD c:/program files (x86)/atmel/studio/7.0/toolchain/avr32/avr32-gnu-toolchain/bin/../lib/gcc/avr32/4.4.7/ucr3\libgcc.a
LOAD c:/program files (x86)/atmel/studio/7.0/toolchain/avr32/avr32-gnu-toolchain/bin/../lib/gcc/avr32/4.4.7/../../../../avr32/lib/ucr3\libc.a
LOAD c:/program files (x86)/atmel/studio/7.0/toolchain/avr32/avr32-gnu-toolchain/bin/../lib/gcc/avr32/4.4.7/ucr3\libgcc.a
                0x80000000                PROVIDE (__executable_start, 0x80000000)
                0x80000000                . = 0x80000000

.interp
 *(.interp)

.reset          0x80000000     0x2004
 *(.reset)
 .reset         0x80000000     0x2004 src/ASF/avr32/utils/startup/trampoline_uc3.o
                               0x2008 (size before relaxing)
                0x80000000                _trampoline

.hash
 *(.hash)

.dynsym
 *(.dynsym)

.dynstr
 *(.dynstr)

.gnu.version
 *(.gnu.version)

.gnu.version_d
 *(.gnu.version_d)

.gnu.version_r
 *(.gnu.version_r)

.rel.init
 *(.rel.init)

.rela.init
 *(.rela.init)

.rel.text
 *(.rel.text .rel.text.* .rel.gnu.linkonce.t.*)

.rela.text
 *(.rela.text .rela.text.* .rela.gnu.linkonce.t.*)

.rel.fini
 *(.rel.fini)

.rela.fini
 *(.rela.fini)

.rel.rodata
 *(.rel.rodata .rel.rodata.* .rel.gnu.linkonce.r.*)

.rela.rodata
 *(.rela.rodata .rela.rodata.* .rela.gnu.linkonce.r.*)

.rel.data.rel.ro
 *(.rel.data.rel.ro*)

.rela.data.rel.ro
 *(.rel.data.rel.ro*)

.rel.data
 *(.rel.data .rel.data.* .rel.gnu.linkonce.d.*)

.rela.data
 *(.rela.data .rela.data.* .rela.gnu.linkonce.d.*)

.rel.tdata
 *(.rel.tdata .rel.tdata.* .rel.gnu.linkonce.td.*)

.rela.tdata
 *(.rela.tdata .rela.tdata.* .rela.gnu.linkonce.td.*)

.rel.tbss
 *(.rel.tbss .rel.tbss.* .rel.gnu.linkonce.tb.*)

.rela.tbss
 *(.rela.tbss .rela.tbss.* .rela.gnu.linkonce.tb.*)

.rel.ctors
 *(.rel.ctors)

.rela.ctors
 *(.rela.ctors)

.rel.dtors
 *(.rel.dtors)

.rela.dtors
 *(.rela.dtors)

.rel.got
 *(.rel.got)

.rela.got       0x80002004        0x0
 *(.rela.got)
 .rela.got      0x80002004        0x0 src/ASF/avr32/drivers/flashcdw/flashcdw.o

.rel.bss
 *(.rel.bss .rel.bss.* .rel.gnu.linkonce.b.*)

.rela.bss
 *(.rela.bss .rela.bss.* .rela.gnu.linkonce.b.*)

.rel.plt
 *(.rel.plt)

.rela.plt
 *(.rela.plt)

.init
 *(.init)

.plt
 *(.plt)

.text           0x80002004     0x5114
 *(.text .stub .text.* .gnu.linkonce.t.*)
 .text.ast_is_busy
                0x80002004       0x22 src/ASF/avr32/drivers/ast/ast.o
 .text.ast_is_clkbusy
                0x80002026       0x22 src/ASF/avr32/drivers/ast/ast.o
 .text.ast_enable
                0x80002048       0x44 src/ASF/avr32/drivers/ast/ast.o
                0x80002048                ast_enable
 .text.ast_init_counter
                0x8000208c      0x108 src/ASF/avr32/drivers/ast/ast.o
                0x8000208c                ast_init_counter
 .text.ast_set_counter_value
                0x80002194       0x40 src/ASF/avr32/drivers/ast/ast.o
                0x80002194                ast_set_counter_value
 .text.ast_set_periodic0_value
                0x800021d4       0x40 src/ASF/avr32/drivers/ast/ast.o
                0x800021d4                ast_set_periodic0_value
 .text.ast_set_periodic1_value
                0x80002214       0x40 src/ASF/avr32/drivers/ast/ast.o
                0x80002214                ast_set_periodic1_value
 .text.ast_clear_status_flag
                0x80002254       0x40 src/ASF/avr32/drivers/ast/ast.o
                0x80002254                ast_clear_status_flag
 .text.ast_enable_interrupt
                0x80002294       0x48 src/ASF/avr32/drivers/ast/ast.o
                0x80002294                ast_enable_interrupt
 .text.ast_enable_periodic_interrupt
                0x800022dc       0x44 src/ASF/avr32/drivers/ast/ast.o
                0x800022dc                ast_enable_periodic_interrupt
 .text.cpu_irq_save
                0x80002320       0x1e src/ast_rtc.o
 .text.cpu_irq_is_enabled_flags
                0x8000233e       0x20 src/ast_rtc.o
 *fill*         0x8000235e        0x2 d703d703
 .text.cpu_irq_restore
                0x80002360       0x28 src/ast_rtc.o
 .text.sysclk_enable_hsb_module
                0x80002388       0x20 src/ast_rtc.o
 .text.sysclk_enable_pba_module
                0x800023a8       0x20 src/ast_rtc.o
 .text.sysclk_enable_pbb_module
                0x800023c8       0x20 src/ast_rtc.o
 .text.sysclk_enable_peripheral_clock
                0x800023e8      0x1c8 src/ast_rtc.o
 .text.ioport_toggle_pin_level
                0x800025b0       0x58 src/ast_rtc.o
 .text.sleepmgr_lock_mode
                0x80002608       0x58 src/ast_rtc.o
 .text.ast_init
                0x80002660       0x50 src/ast_rtc.o
                0x80002660                ast_init
 .text.ast_get_per_time_ms
                0x800026b0       0x60 src/ast_rtc.o
                0x800026b0                ast_get_per_time_ms
 .text.ast_per0_interrupt_handler
                0x80002710       0x24 src/ast_rtc.o
 .text.ast_per1_interrupt_handler
                0x80002734       0x28 src/ast_rtc.o
 .text.ast_set_periodic_interrupt
                0x8000275c       0xb4 src/ast_rtc.o
                0x8000275c                ast_set_periodic_interrupt
 .text.flashcdw_set_wait_state
                0x80002810       0x46 src/ASF/avr32/drivers/flashcdw/flashcdw.o
                0x80002810                flashcdw_set_wait_state
 *fill*         0x80002856        0x2 d703d703
 .text.flashcdw_set_flash_waitstate_and_readmode
                0x80002858       0x6c src/ASF/avr32/drivers/flashcdw/flashcdw.o
                0x80002858                flashcdw_set_flash_waitstate_and_readmode
 .text.flashcdw_is_ready
                0x800028c4       0x18 src/ASF/avr32/drivers/flashcdw/flashcdw.o
                0x800028c4                flashcdw_is_ready
 .text.flashcdw_default_wait_until_ready
                0x800028dc       0x1c src/ASF/avr32/drivers/flashcdw/flashcdw.o
                0x800028dc                flashcdw_default_wait_until_ready
 .text.flashcdw_get_error_status
                0x800028f8       0x16 src/ASF/avr32/drivers/flashcdw/flashcdw.o
 *fill*         0x8000290e        0x2 d703d703
 .text.flashcdw_issue_command
                0x80002910       0x88 src/ASF/avr32/drivers/flashcdw/flashcdw.o
                0x80002910                flashcdw_issue_command
 .text.flashcdw_clear_page_buffer
                0x80002998       0x18 src/ASF/avr32/drivers/flashcdw/flashcdw.o
                0x80002998                flashcdw_clear_page_buffer
 .text.flashcdw_is_page_erased
                0x800029b0       0x1a src/ASF/avr32/drivers/flashcdw/flashcdw.o
                0x800029b0                flashcdw_is_page_erased
 *fill*         0x800029ca        0x2 d703d703
 .text.flashcdw_quick_page_read
                0x800029cc       0x2c src/ASF/avr32/drivers/flashcdw/flashcdw.o
                0x800029cc                flashcdw_quick_page_read
 .text.flashcdw_erase_page
                0x800029f8       0x68 src/ASF/avr32/drivers/flashcdw/flashcdw.o
                0x800029f8                flashcdw_erase_page
 .text.flashcdw_write_page
                0x80002a60       0x20 src/ASF/avr32/drivers/flashcdw/flashcdw.o
                0x80002a60                flashcdw_write_page
 .text.flashcdw_quick_user_page_read
                0x80002a80       0x24 src/ASF/avr32/drivers/flashcdw/flashcdw.o
                0x80002a80                flashcdw_quick_user_page_read
 .text.flashcdw_erase_user_page
                0x80002aa4       0x3c src/ASF/avr32/drivers/flashcdw/flashcdw.o
                0x80002aa4                flashcdw_erase_user_page
 .text.flashcdw_write_user_page
                0x80002ae0       0x18 src/ASF/avr32/drivers/flashcdw/flashcdw.o
                0x80002ae0                flashcdw_write_user_page
 .text.flashcdw_memcpy
                0x80002af8      0x1b0 src/ASF/avr32/drivers/flashcdw/flashcdw.o
                0x80002af8                flashcdw_memcpy
 .text.gpio_enable_module
                0x80002ca8       0x70 src/ASF/avr32/drivers/gpio/gpio.o
                0x80002ca8                gpio_enable_module
 .text.gpio_enable_module_pin
                0x80002d18      0x27c src/ASF/avr32/drivers/gpio/gpio.o
                0x80002d18                gpio_enable_module_pin
 .text.cpu_irq_save
                0x80002f94       0x1e src/ASF/avr32/drivers/pdca/pdca.o
 .text.cpu_irq_is_enabled_flags
                0x80002fb2       0x20 src/ASF/avr32/drivers/pdca/pdca.o
 *fill*         0x80002fd2        0x2 d703d703
 .text.cpu_irq_restore
                0x80002fd4       0x28 src/ASF/avr32/drivers/pdca/pdca.o
 .text.pdca_get_handler
                0x80002ffc       0x3a src/ASF/avr32/drivers/pdca/pdca.o
                0x80002ffc                pdca_get_handler
 *fill*         0x80003036        0x2 d703d703
 .text.pdca_init_channel
                0x80003038       0xd0 src/ASF/avr32/drivers/pdca/pdca.o
                0x80003038                pdca_init_channel
 .text.pdca_disable
                0x80003108       0x30 src/ASF/avr32/drivers/pdca/pdca.o
                0x80003108                pdca_disable
 .text.pdca_enable
                0x80003138       0x30 src/ASF/avr32/drivers/pdca/pdca.o
                0x80003138                pdca_enable
 .text.pdca_disable_interrupt_transfer_complete
                0x80003168       0x50 src/ASF/avr32/drivers/pdca/pdca.o
                0x80003168                pdca_disable_interrupt_transfer_complete
 .text.pdca_enable_interrupt_transfer_complete
                0x800031b8       0x30 src/ASF/avr32/drivers/pdca/pdca.o
                0x800031b8                pdca_enable_interrupt_transfer_complete
 .text.pdca_disable_interrupt_reload_counter_zero
                0x800031e8       0x50 src/ASF/avr32/drivers/pdca/pdca.o
                0x800031e8                pdca_disable_interrupt_reload_counter_zero
 .text.cpu_irq_save
                0x80003238       0x1e src/com_spi.o
 .text.cpu_irq_is_enabled_flags
                0x80003256       0x20 src/com_spi.o
 *fill*         0x80003276        0x2 d703d703
 .text.cpu_irq_restore
                0x80003278       0x28 src/com_spi.o
 .text.sysclk_enable_hsb_module
                0x800032a0       0x20 src/com_spi.o
 .text.sysclk_enable_pba_module
                0x800032c0       0x20 src/com_spi.o
 .text.sysclk_enable_pbb_module
                0x800032e0       0x20 src/com_spi.o
 .text.sysclk_enable_peripheral_clock
                0x80003300      0x1c8 src/com_spi.o
 .text.ioport_set_pin_dir
                0x800034c8       0xb4 src/com_spi.o
 .text.ioport_set_pin_level
                0x8000357c       0xb2 src/com_spi.o
 .text.spi_get  0x8000362e       0x1c src/com_spi.o
 *fill*         0x8000364a        0x2 d703d703
 .text.sleepmgr_lock_mode
                0x8000364c       0x58 src/com_spi.o
 .text.com_spi_interrupt_handler
                0x800036a4      0x128 src/com_spi.o
 .text.com_pdca_interrupt_handler
                0x800037cc       0x30 src/com_spi.o
 .text.com_spi_init
                0x800037fc       0xd4 src/com_spi.o
                0x800037fc                com_spi_init
 .text.cpu_irq_save
                0x800038d0       0x1e src/motor_control.o
 .text.cpu_irq_is_enabled_flags
                0x800038ee       0x20 src/motor_control.o
 *fill*         0x8000390e        0x2 d703d703
 .text.cpu_irq_restore
                0x80003910       0x28 src/motor_control.o
 .text.sysclk_get_main_hz
                0x80003938       0x14 src/motor_control.o
 .text.sysclk_get_pba_hz
                0x8000394c       0x18 src/motor_control.o
 .text.sysclk_enable_hsb_module
                0x80003964       0x20 src/motor_control.o
 .text.sysclk_enable_pba_module
                0x80003984       0x20 src/motor_control.o
 .text.sysclk_enable_pbb_module
                0x800039a4       0x20 src/motor_control.o
 .text.sysclk_enable_peripheral_clock
                0x800039c4      0x1c8 src/motor_control.o
 .text.ioport_set_pin_dir
                0x80003b8c       0xb4 src/motor_control.o
 .text.sleepmgr_lock_mode
                0x80003c40       0x58 src/motor_control.o
 .text.motor_init
                0x80003c98      0x354 src/motor_control.o
                0x80003c98                motor_init
 .text.t_c1_rc_isr
                0x80003fec       0x50 src/motor_control.o
                0x80003fec                t_c1_rc_isr
 .text.t_c2_rc_isr
                0x8000403c       0x50 src/motor_control.o
                0x8000403c                t_c2_rc_isr
 .text.set_motor_speeds
                0x8000408c       0xa8 src/motor_control.o
                0x8000408c                set_motor_speeds
 .text.ioport_set_pin_level
                0x80004134       0xb2 src/pid.o
 .text.ioport_toggle_pin_level
                0x800041e6       0x58 src/pid.o
 *fill*         0x8000423e        0x2 d703d703
 .text.pid_init
                0x80004240       0x30 src/pid.o
                0x80004240                pid_init
 .text.calculate_actuating_variable
                0x80004270      0x17c src/pid.o
                0x80004270                calculate_actuating_variable
 .text.pid_control
                0x800043ec      0x258 src/pid.o
                0x800043ec                pid_control
 .text.sysclk_get_main_hz
                0x80004644       0x14 src/sensor.o
 .text.sysclk_get_cpu_hz
                0x80004658       0x18 src/sensor.o
 .text.sysclk_get_pba_hz
                0x80004670       0x18 src/sensor.o
 .text.sysclk_enable_hsb_module
                0x80004688       0x20 src/sensor.o
 .text.sysclk_enable_pba_module
                0x800046a8       0x20 src/sensor.o
 .text.sysclk_enable_pbb_module
                0x800046c8       0x20 src/sensor.o
 .text.sysclk_enable_peripheral_clock
                0x800046e8      0x1c8 src/sensor.o
 .text.ioport_set_pin_dir
                0x800048b0       0xb4 src/sensor.o
 .text.ioport_set_pin_level
                0x80004964       0xb2 src/sensor.o
 *fill*         0x80004a16        0x2 d703d703
 .text.sensor_init
                0x80004a18      0x54c src/sensor.o
                0x80004a18                sensor_init
 .text.sensor_switch_mode
                0x80004f64      0x180 src/sensor.o
                0x80004f64                sensor_switch_mode
 .text.sensor_led_init
                0x800050e4       0x44 src/sensor.o
                0x800050e4                sensor_led_init
 .text.sensor_read_data
                0x80005128       0x78 src/sensor.o
                0x80005128                sensor_read_data
 .text.sensor_write_data
                0x800051a0      0x13c src/sensor.o
                0x800051a0                sensor_write_data
 .text.sensor_read_euler
                0x800052dc       0xac src/sensor.o
                0x800052dc                sensor_read_euler
 .text.sensor_read_page0
                0x80005388       0x44 src/sensor.o
                0x80005388                sensor_read_page0
 .text.sensor_read_status
                0x800053cc       0x2c src/sensor.o
                0x800053cc                sensor_read_status
 .text.sensor_switch_page
                0x800053f8       0x50 src/sensor.o
                0x800053f8                sensor_switch_page
 .text.ioport_set_pin_mode
                0x80005448      0x11a src/settings_t.o
 .text.ioport_set_pin_dir
                0x80005562       0xb4 src/settings_t.o
 .text.ioport_get_pin_level
                0x80005616       0x60 src/settings_t.o
 *fill*         0x80005676        0x2 d703d703
 .text.settings_init
                0x80005678       0x88 src/settings_t.o
                0x80005678                settings_init
 .text.settings_save
                0x80005700       0x24 src/settings_t.o
                0x80005700                settings_save
 .text.check_save
                0x80005724       0x48 src/settings_t.o
                0x80005724                check_save
 .text.set_default_values
                0x8000576c       0xac src/settings_t.o
                0x8000576c                set_default_values
 .text.cpu_irq_is_enabled_flags
                0x80005818       0x20 src/ASF/avr32/drivers/tc/tc.o
 .text.tc_configure_interrupts
                0x80005838      0x1e8 src/ASF/avr32/drivers/tc/tc.o
                0x80005838                tc_configure_interrupts
 .text.tc_init_waveform
                0x80005a20      0x154 src/ASF/avr32/drivers/tc/tc.o
                0x80005a20                tc_init_waveform
 .text.tc_start
                0x80005b74       0x3a src/ASF/avr32/drivers/tc/tc.o
                0x80005b74                tc_start
 .text.tc_read_sr
                0x80005bae       0x3a src/ASF/avr32/drivers/tc/tc.o
                0x80005bae                tc_read_sr
 .text.tc_write_ra
                0x80005be8       0x78 src/ASF/avr32/drivers/tc/tc.o
                0x80005be8                tc_write_ra
 .text.tc_write_rb
                0x80005c60       0x78 src/ASF/avr32/drivers/tc/tc.o
                0x80005c60                tc_write_rb
 .text.tc_write_rc
                0x80005cd8       0x78 src/ASF/avr32/drivers/tc/tc.o
                0x80005cd8                tc_write_rc
 .text.cpu_irq_save
                0x80005d50       0x1e src/ASF/common/services/clock/uc3d/osc.o
 .text.cpu_irq_is_enabled_flags
                0x80005d6e       0x20 src/ASF/common/services/clock/uc3d/osc.o
 *fill*         0x80005d8e        0x2 d703d703
 .text.cpu_irq_restore
                0x80005d90       0x28 src/ASF/common/services/clock/uc3d/osc.o
 .text.osc_priv_enable_rc120m
                0x80005db8       0x40 src/ASF/common/services/clock/uc3d/osc.o
                0x80005db8                osc_priv_enable_rc120m
 .text.cpu_irq_save
                0x80005df8       0x1e src/ASF/common/services/clock/uc3d/sysclk.o
 .text.cpu_irq_is_enabled_flags
                0x80005e16       0x20 src/ASF/common/services/clock/uc3d/sysclk.o
 *fill*         0x80005e36        0x2 d703d703
 .text.cpu_irq_restore
                0x80005e38       0x28 src/ASF/common/services/clock/uc3d/sysclk.o
 .text.osc_enable
                0x80005e60       0x24 src/ASF/common/services/clock/uc3d/sysclk.o
 .text.osc_is_ready
                0x80005e84       0x3a src/ASF/common/services/clock/uc3d/sysclk.o
 *fill*         0x80005ebe        0x2 d703d703
 .text.osc_wait_ready
                0x80005ec0       0x2c src/ASF/common/services/clock/uc3d/sysclk.o
 .text.sysclk_get_main_hz
                0x80005eec       0x14 src/ASF/common/services/clock/uc3d/sysclk.o
 .text.sysclk_get_cpu_hz
                0x80005f00       0x18 src/ASF/common/services/clock/uc3d/sysclk.o
 .text.sysclk_priv_enable_module
                0x80005f18       0x80 src/ASF/common/services/clock/uc3d/sysclk.o
                0x80005f18                sysclk_priv_enable_module
 .text.sysclk_set_prescalers
                0x80005f98       0xcc src/ASF/common/services/clock/uc3d/sysclk.o
                0x80005f98                sysclk_set_prescalers
 .text.sysclk_set_source
                0x80006064       0x44 src/ASF/common/services/clock/uc3d/sysclk.o
                0x80006064                sysclk_set_source
 .text.sysclk_init
                0x800060a8       0x4c src/ASF/common/services/clock/uc3d/sysclk.o
                0x800060a8                sysclk_init
 .text.spi_initSlave
                0x800060f4       0x8a src/ASF/avr32/drivers/spi/spi.o
                0x800060f4                spi_initSlave
 .text.spi_enable
                0x8000617e       0x1a src/ASF/avr32/drivers/spi/spi.o
                0x8000617e                spi_enable
 .text.cpu_irq_save
                0x80006198       0x1e src/ASF/avr32/drivers/twim/twim.o
 .text.cpu_irq_is_enabled_flags
                0x800061b6       0x20 src/ASF/avr32/drivers/twim/twim.o
 *fill*         0x800061d6        0x2 d703d703
 .text.cpu_irq_restore
                0x800061d8       0x28 src/ASF/avr32/drivers/twim/twim.o
 .text.twim_master_interrupt_handler
                0x80006200      0x144 src/ASF/avr32/drivers/twim/twim.o
 .text.twim_set_speed
                0x80006344       0xa8 src/ASF/avr32/drivers/twim/twim.o
                0x80006344                twim_set_speed
 .text.twim_master_init
                0x800063ec      0x110 src/ASF/avr32/drivers/twim/twim.o
                0x800063ec                twim_master_init
 .text.twim_disable_interrupt
                0x800064fc       0x44 src/ASF/avr32/drivers/twim/twim.o
                0x800064fc                twim_disable_interrupt
 .text.twim_probe
                0x80006540       0x38 src/ASF/avr32/drivers/twim/twim.o
                0x80006540                twim_probe
 .text.twim_read_packet
                0x80006578      0x17c src/ASF/avr32/drivers/twim/twim.o
                0x80006578                twim_read_packet
 .text.twim_write
                0x800066f4      0x104 src/ASF/avr32/drivers/twim/twim.o
                0x800066f4                twim_write
 .text.twim_status
                0x800067f8       0x30 src/ASF/avr32/drivers/twim/twim.o
                0x800067f8                twim_status
 .text._unhandled_interrupt
                0x80006828        0x8 src/ASF/avr32/drivers/intc/intc.o
 .text._get_interrupt_handler
                0x80006830       0x70 src/ASF/avr32/drivers/intc/intc.o
                0x80006830                _get_interrupt_handler
 .text.INTC_init_evba
                0x800068a0       0x14 src/ASF/avr32/drivers/intc/intc.o
 .text.INTC_init_interrupts
                0x800068b4       0x98 src/ASF/avr32/drivers/intc/intc.o
                0x800068b4                INTC_init_interrupts
 .text.INTC_register_interrupt
                0x8000694c       0xd4 src/ASF/avr32/drivers/intc/intc.o
                0x8000694c                INTC_register_interrupt
 .text._stext   0x80006a20       0x3c src/ASF/avr32/utils/startup/startup_uc3.o
                                 0x50 (size before relaxing)
                0x80006a20                _stext
 .text.sysclk_enable_pba_module
                0x80006a5c       0x20 src/ASF/common/boards/user_board/init.o
 .text.ioport_init
                0x80006a7c       0x14 src/ASF/common/boards/user_board/init.o
 .text.ioport_set_pin_dir
                0x80006a90       0xb4 src/ASF/common/boards/user_board/init.o
 .text.sleepmgr_init
                0x80006b44       0x44 src/ASF/common/boards/user_board/init.o
 .text.board_init
                0x80006b88       0x68 src/ASF/common/boards/user_board/init.o
                0x80006b88                board_init
 .text.ioport_set_pin_level
                0x80006bf0       0xb2 src/main.o
 *fill*         0x80006ca2        0x2 d703d703
 .text.main     0x80006ca4       0xc8 src/main.o
                0x80006ca4                main
 .text          0x80006d6c      0x264 c:/program files (x86)/atmel/studio/7.0/toolchain/avr32/avr32-gnu-toolchain/bin/../lib/gcc/avr32/4.4.7/ucr3\libgcc.a(_udivdi3.o)
                0x80006d6c                __avr32_udiv64
                0x80006d6c                __udivdi3
 .text          0x80006fd0      0x148 c:/program files (x86)/atmel/studio/7.0/toolchain/avr32/avr32-gnu-toolchain/bin/../lib/gcc/avr32/4.4.7/../../../../avr32/lib/ucr3\libc.a(lib_a-memcpy.o)
                0x80006fd0                memcpy
 *(.text.*personality*)
 *(.gnu.warning)

.exception      0x80007200      0x200
 .exception     0x80007200      0x200 src/ASF/avr32/drivers/intc/exception.o
                0x80007200                _evba
                0x80007304                _int0
                0x80007312                _int1
                0x80007320                _int2
                0x8000732e                _int3

.fini
 *(.fini)
                0x80007400                PROVIDE (__etext, .)
                0x80007400                PROVIDE (_etext, .)
                0x80007400                PROVIDE (etext, .)

.rodata         0x80007400      0x118
 *(.rodata .rodata.* .gnu.linkonce.r.*)
 .rodata.gpio_enable_module_pin
                0x80007400       0x20 src/ASF/avr32/drivers/gpio/gpio.o
 .rodata.SPI_GPIO_MAP.15030
                0x80007420       0x18 src/com_spi.o
 .rodata.TIMER_GPIO_MAP.14985
                0x80007438       0x20 src/motor_control.o
 .rodata.TWI_GPIO_MAP.14991
                0x80007458       0x10 src/sensor.o
 .rodata._int_handler_table
                0x80007468       0xb0 src/ASF/avr32/drivers/intc/intc.o

.rodata1
 *(.rodata1)

.eh_frame_hdr
 *(.eh_frame_hdr)

.eh_frame
 *(.eh_frame)

.gcc_except_table
 *(.gcc_except_table)
 *(.gcc_except_table.*)

.dalign         0x80007518        0x0
                0x80007518                . = ALIGN (0x8)
                0x80007518                PROVIDE (_data_lma, .)
                0x00000004                PROVIDE (_data, ORIGIN (CPUSRAM))
                0x00000004                . = ORIGIN (CPUSRAM)

.eh_frame
 *(.eh_frame)

.gcc_except_table
 *(.gcc_except_table)
 *(.gcc_except_table.*)

.tdata
 *(.tdata .tdata.* .gnu.linkonce.td.*)

.tbss
 *(.tbss .tbss.* .gnu.linkonce.tb.*)
 *(.tcommon)
                0x00000004                PROVIDE (__preinit_array_start, ALIGN (0x4))

.preinit_array
 *(.preinit_array)
                0x00000004                PROVIDE (__preinit_array_end, .)
                0x00000004                PROVIDE (__init_array_start, .)

.init_array
 *(.init_array)
                0x00000004                PROVIDE (__init_array_end, .)
                0x00000004                PROVIDE (__fini_array_start, .)

.fini_array
 *(.fini_array)
                0x00000004                PROVIDE (__fini_array_end, .)

.ctors
 *crtbegin*.o(.ctors)
 *(EXCLUDE_FILE(*crtend*.o) .ctors)
 *(SORT(.ctors.*))
 *(.ctors)

.dtors
 *crtbegin*.o(.dtors)
 *(EXCLUDE_FILE(*crtend*.o) .dtors)
 *(SORT(.dtors.*))
 *(.dtors)

.jcr
 *(.jcr)

.data.rel.ro
 *(.data.rel.ro.local)
 *(.data.rel.ro*)

.dynamic
 *(.dynamic)

.got
 *(.got.plt)
 *(.got)

.data           0x00000004        0x4 load address 0x80007518
 *(.data .data.* .gnu.linkonce.d.*)
 .data.flashcdw_wait_until_ready
                0x00000004        0x4 src/ASF/avr32/drivers/flashcdw/flashcdw.o
                0x00000004                flashcdw_wait_until_ready
 *(.gnu.linkonce.d.*personality*)

.data1
 *(.data1)

.balign         0x00000008        0x0 load address 0x8000751c
                0x00000008                . = ALIGN (0x8)
                0x00000008                _edata = .
                0x00000008                _edata = .
                0x00000008                PROVIDE (edata, .)
                0x00000008                __bss_start = .

.bss            0x00000008      0x230 load address 0x8000751c
 *(.dynbss)
 *(.bss .bss.* .gnu.linkonce.b.*)
 .bss.flashcdw_error_status
                0x00000008        0x4 src/ASF/avr32/drivers/flashcdw/flashcdw.o
 .bss.act_time  0x0000000c        0x4 src/pid.o
                0x0000000c                act_time
 .bss.p_tmp.15132
                0x00000010        0xc src/pid.o
 .bss.r_tmp.15134
                0x0000001c        0xc src/pid.o
 .bss.h_tmp.15133
                0x00000028        0xc src/pid.o
 .bss.pin_old.14967
                0x00000034        0x1 src/settings_t.o
 *fill*         0x00000035        0x3 
 .bss.twim_inst
                0x00000038        0x4 src/ASF/avr32/drivers/twim/twim.o
 .bss.twim_tx_data
                0x0000003c        0x4 src/ASF/avr32/drivers/twim/twim.o
 .bss.twim_rx_data
                0x00000040        0x4 src/ASF/avr32/drivers/twim/twim.o
 .bss.transfer_status
                0x00000044        0x4 src/ASF/avr32/drivers/twim/twim.o
 .bss.twim_tx_nb_bytes
                0x00000048        0x4 src/ASF/avr32/drivers/twim/twim.o
 .bss.twim_rx_nb_bytes
                0x0000004c        0x4 src/ASF/avr32/drivers/twim/twim.o
 .bss.twim_it_mask
                0x00000050        0x4 src/ASF/avr32/drivers/twim/twim.o
 .bss.twim_package
                0x00000054        0x4 src/ASF/avr32/drivers/twim/twim.o
 .bss.twim_next
                0x00000058        0x1 src/ASF/avr32/drivers/twim/twim.o
 *fill*         0x00000059        0x3 
 .bss._int_line_handler_table_0
                0x0000005c        0x4 src/ASF/avr32/drivers/intc/intc.o
 .bss._int_line_handler_table_1
                0x00000060       0x28 src/ASF/avr32/drivers/intc/intc.o
 .bss._int_line_handler_table_2
                0x00000088       0x1c src/ASF/avr32/drivers/intc/intc.o
 .bss._int_line_handler_table_3
                0x000000a4       0x1c src/ASF/avr32/drivers/intc/intc.o
 .bss._int_line_handler_table_4
                0x000000c0        0x4 src/ASF/avr32/drivers/intc/intc.o
 .bss._int_line_handler_table_5
                0x000000c4        0x4 src/ASF/avr32/drivers/intc/intc.o
 .bss._int_line_handler_table_6
                0x000000c8        0x4 src/ASF/avr32/drivers/intc/intc.o
 .bss._int_line_handler_table_7
                0x000000cc        0x4 src/ASF/avr32/drivers/intc/intc.o
 .bss._int_line_handler_table_8
                0x000000d0        0x4 src/ASF/avr32/drivers/intc/intc.o
 .bss._int_line_handler_table_9
                0x000000d4        0x4 src/ASF/avr32/drivers/intc/intc.o
 .bss._int_line_handler_table_10
                0x000000d8        0x4 src/ASF/avr32/drivers/intc/intc.o
 .bss._int_line_handler_table_11
                0x000000dc        0x4 src/ASF/avr32/drivers/intc/intc.o
 .bss._int_line_handler_table_12
                0x000000e0        0x4 src/ASF/avr32/drivers/intc/intc.o
 .bss._int_line_handler_table_13
                0x000000e4        0x4 src/ASF/avr32/drivers/intc/intc.o
 .bss._int_line_handler_table_14
                0x000000e8        0xc src/ASF/avr32/drivers/intc/intc.o
 .bss._int_line_handler_table_15
                0x000000f4        0xc src/ASF/avr32/drivers/intc/intc.o
 .bss._int_line_handler_table_16
                0x00000100        0x4 src/ASF/avr32/drivers/intc/intc.o
 .bss._int_line_handler_table_17
                0x00000104        0x8 src/ASF/avr32/drivers/intc/intc.o
 .bss._int_line_handler_table_18
                0x0000010c        0x4 src/ASF/avr32/drivers/intc/intc.o
 .bss._int_line_handler_table_19
                0x00000110       0x10 src/ASF/avr32/drivers/intc/intc.o
 .bss._int_line_handler_table_20
                0x00000120        0x4 src/ASF/avr32/drivers/intc/intc.o
 .bss._int_line_handler_table_21
                0x00000124        0x4 src/ASF/avr32/drivers/intc/intc.o
 *(COMMON)
 COMMON         0x00000128       0x38 src/ast_rtc.o
                0x00000128                app_euler
                0x0000012e                sensor_euler
                0x00000134                throotle
                0x00000138                speed
                0x00000148                esc_timer_values
                0x00000158                esc_timer_compare_values
 COMMON         0x00000160       0x10 src/com_spi.o
                0x00000160                speed_1
 COMMON         0x00000170       0x6f src/sensor.o
                0x00000170                sensor_reg_page0
                0x000001c8                sensor_reg_page1
 *fill*         0x000001df        0x1 
 COMMON         0x000001e0       0x4c src/settings_t.o
                0x000001e0                set
 COMMON         0x0000022c        0x7 src/ASF/common/services/sleepmgr/uc3/sleepmgr.o
                0x0000022c                sleepmgr_locks
                0x00000238                . = ALIGN (0x8)
 *fill*         0x00000233        0x5 
                0x00000238                . = ALIGN (0x8)
                0x00000238                _end = .
                0x00000238                PROVIDE (end, .)
                0x00000238                __heap_start__ = ALIGN (0x8)
                0x00003000                . = ((ORIGIN (CPUSRAM) + 0x3ffc) - _stack_size)
                0x00003000                __heap_end__ = .

.stab
 *(.stab)

.stabstr
 *(.stabstr)

.stab.excl
 *(.stab.excl)

.stab.exclstr
 *(.stab.exclstr)

.stab.index
 *(.stab.index)

.stab.indexstr
 *(.stab.indexstr)

.comment        0x00000000       0x30
 *(.comment)
 .comment       0x00000000       0x30 src/ASF/avr32/drivers/ast/ast.o
                                 0x31 (size before relaxing)
 .comment       0x00000000       0x31 src/ast_rtc.o
 .comment       0x00000000       0x31 src/ASF/avr32/drivers/flashcdw/flashcdw.o
 .comment       0x00000000       0x31 src/ASF/avr32/drivers/gpio/gpio.o
 .comment       0x00000000       0x31 src/ASF/avr32/drivers/pdca/pdca.o
 .comment       0x00000000       0x31 src/com_spi.o
 .comment       0x00000000       0x31 src/motor_control.o
 .comment       0x00000000       0x31 src/pid.o
 .comment       0x00000000       0x31 src/sensor.o
 .comment       0x00000000       0x31 src/settings_t.o
 .comment       0x00000000       0x31 src/ASF/avr32/drivers/tc/tc.o
 .comment       0x00000000       0x31 src/ASF/common/services/sleepmgr/uc3/sleepmgr.o
 .comment       0x00000000       0x31 src/ASF/common/services/clock/uc3d/osc.o
 .comment       0x00000000       0x31 src/ASF/common/services/clock/uc3d/sysclk.o
 .comment       0x00000000       0x31 src/ASF/avr32/drivers/spi/spi.o
 .comment       0x00000000       0x31 src/ASF/avr32/drivers/twim/twim.o
 .comment       0x00000000       0x31 src/ASF/avr32/drivers/intc/intc.o
 .comment       0x00000000       0x31 src/ASF/common/boards/user_board/init.o
 .comment       0x00000000       0x31 src/main.o
 .comment       0x00000000       0x31 c:/program files (x86)/atmel/studio/7.0/toolchain/avr32/avr32-gnu-toolchain/bin/../lib/gcc/avr32/4.4.7/ucr3\libgcc.a(_udivdi3.o)

.debug
 *(.debug)

.line
 *(.line)

.debug_srcinfo
 *(.debug_srcinfo)

.debug_sfnames
 *(.debug_sfnames)

.debug_aranges  0x00000000      0xd30
 *(.debug_aranges)
 .debug_aranges
                0x00000000      0x1d8 src/ASF/avr32/drivers/ast/ast.o
 .debug_aranges
                0x000001d8       0x88 src/ast_rtc.o
 .debug_aranges
                0x00000260      0x260 src/ASF/avr32/drivers/flashcdw/flashcdw.o
 .debug_aranges
                0x000004c0      0x128 src/ASF/avr32/drivers/gpio/gpio.o
 .debug_aranges
                0x000005e8       0xd0 src/ASF/avr32/drivers/pdca/pdca.o
 .debug_aranges
                0x000006b8       0x88 src/com_spi.o
 .debug_aranges
                0x00000740       0xb0 src/motor_control.o
 .debug_aranges
                0x000007f0       0x40 src/pid.o
 .debug_aranges
                0x00000830       0xe0 src/sensor.o
 .debug_aranges
                0x00000910       0x50 src/settings_t.o
 .debug_aranges
                0x00000960       0xb0 src/ASF/avr32/drivers/tc/tc.o
 .debug_aranges
                0x00000a10       0x40 src/ASF/common/services/clock/uc3d/osc.o
 .debug_aranges
                0x00000a50       0x80 src/ASF/common/services/clock/uc3d/sysclk.o
 .debug_aranges
                0x00000ad0       0xa8 src/ASF/avr32/drivers/spi/spi.o
 .debug_aranges
                0x00000b78       0x88 src/ASF/avr32/drivers/twim/twim.o
 .debug_aranges
                0x00000c00       0x20 src/ASF/avr32/drivers/intc/exception.o
 .debug_aranges
                0x00000c20       0x40 src/ASF/avr32/drivers/intc/intc.o
 .debug_aranges
                0x00000c60       0x28 src/ASF/avr32/utils/startup/startup_uc3.o
 .debug_aranges
                0x00000c88       0x20 src/ASF/avr32/utils/startup/trampoline_uc3.o
 .debug_aranges
                0x00000ca8       0x40 src/ASF/common/boards/user_board/init.o
 .debug_aranges
                0x00000ce8       0x28 src/main.o
 .debug_aranges
                0x00000d10       0x20 c:/program files (x86)/atmel/studio/7.0/toolchain/avr32/avr32-gnu-toolchain/bin/../lib/gcc/avr32/4.4.7/ucr3\libgcc.a(_udivdi3.o)

.debug_pubnames
                0x00000000     0x20b0
 *(.debug_pubnames)
 .debug_pubnames
                0x00000000      0x617 src/ASF/avr32/drivers/ast/ast.o
 .debug_pubnames
                0x00000617       0xbe src/ast_rtc.o
 .debug_pubnames
                0x000006d5      0x950 src/ASF/avr32/drivers/flashcdw/flashcdw.o
 .debug_pubnames
                0x00001025      0x3aa src/ASF/avr32/drivers/gpio/gpio.o
 .debug_pubnames
                0x000013cf      0x275 src/ASF/avr32/drivers/pdca/pdca.o
 .debug_pubnames
                0x00001644       0x97 src/com_spi.o
 .debug_pubnames
                0x000016db       0xd9 src/motor_control.o
 .debug_pubnames
                0x000017b4       0xc5 src/pid.o
 .debug_pubnames
                0x00001879      0x196 src/sensor.o
 .debug_pubnames
                0x00001a0f       0x64 src/settings_t.o
 .debug_pubnames
                0x00001a73      0x164 src/ASF/avr32/drivers/tc/tc.o
 .debug_pubnames
                0x00001bd7       0x25 src/ASF/common/services/sleepmgr/uc3/sleepmgr.o
 .debug_pubnames
                0x00001bfc       0x49 src/ASF/common/services/clock/uc3d/osc.o
 .debug_pubnames
                0x00001c45       0x8f src/ASF/common/services/clock/uc3d/sysclk.o
 .debug_pubnames
                0x00001cd4      0x178 src/ASF/avr32/drivers/spi/spi.o
 .debug_pubnames
                0x00001e4c       0xd6 src/ASF/avr32/drivers/twim/twim.o
 .debug_pubnames
                0x00001f22       0x62 src/ASF/avr32/drivers/intc/intc.o
 .debug_pubnames
                0x00001f84       0x89 src/ASF/common/boards/user_board/init.o
 .debug_pubnames
                0x0000200d       0x83 src/main.o
 .debug_pubnames
                0x00002090       0x20 c:/program files (x86)/atmel/studio/7.0/toolchain/avr32/avr32-gnu-toolchain/bin/../lib/gcc/avr32/4.4.7/ucr3\libgcc.a(_udivdi3.o)

.debug_info     0x00000000    0x18bb6
 *(.debug_info .gnu.linkonce.wi.*)
 .debug_info    0x00000000     0x17e3 src/ASF/avr32/drivers/ast/ast.o
 .debug_info    0x000017e3     0x176a src/ast_rtc.o
 .debug_info    0x00002f4d     0x1df4 src/ASF/avr32/drivers/flashcdw/flashcdw.o
 .debug_info    0x00004d41      0xf72 src/ASF/avr32/drivers/gpio/gpio.o
 .debug_info    0x00005cb3      0xe75 src/ASF/avr32/drivers/pdca/pdca.o
 .debug_info    0x00006b28     0x2341 src/com_spi.o
 .debug_info    0x00008e69     0x1924 src/motor_control.o
 .debug_info    0x0000a78d     0x197c src/pid.o
 .debug_info    0x0000c109     0x2c10 src/sensor.o
 .debug_info    0x0000ed19      0xd34 src/settings_t.o
 .debug_info    0x0000fa4d     0x117d src/ASF/avr32/drivers/tc/tc.o
 .debug_info    0x00010bca       0xf9 src/ASF/common/services/sleepmgr/uc3/sleepmgr.o
 .debug_info    0x00010cc3     0x14ad src/ASF/common/services/clock/uc3d/osc.o
 .debug_info    0x00012170     0x227d src/ASF/common/services/clock/uc3d/sysclk.o
 .debug_info    0x000143ed     0x1314 src/ASF/avr32/drivers/spi/spi.o
 .debug_info    0x00015701     0x120b src/ASF/avr32/drivers/twim/twim.o
 .debug_info    0x0001690c       0x89 src/ASF/avr32/drivers/intc/exception.o
 .debug_info    0x00016995      0x5ee src/ASF/avr32/drivers/intc/intc.o
 .debug_info    0x00016f83       0x88 src/ASF/avr32/utils/startup/startup_uc3.o
 .debug_info    0x0001700b       0x8f src/ASF/avr32/utils/startup/trampoline_uc3.o
 .debug_info    0x0001709a      0xb21 src/ASF/common/boards/user_board/init.o
 .debug_info    0x00017bbb      0xa80 src/main.o
 .debug_info    0x0001863b      0x57b c:/program files (x86)/atmel/studio/7.0/toolchain/avr32/avr32-gnu-toolchain/bin/../lib/gcc/avr32/4.4.7/ucr3\libgcc.a(_udivdi3.o)

.debug_abbrev   0x00000000     0x2ef6
 *(.debug_abbrev)
 .debug_abbrev  0x00000000      0x21a src/ASF/avr32/drivers/ast/ast.o
 .debug_abbrev  0x0000021a      0x363 src/ast_rtc.o
 .debug_abbrev  0x0000057d      0x285 src/ASF/avr32/drivers/flashcdw/flashcdw.o
 .debug_abbrev  0x00000802      0x23f src/ASF/avr32/drivers/gpio/gpio.o
 .debug_abbrev  0x00000a41      0x215 src/ASF/avr32/drivers/pdca/pdca.o
 .debug_abbrev  0x00000c56      0x340 src/com_spi.o
 .debug_abbrev  0x00000f96      0x36e src/motor_control.o
 .debug_abbrev  0x00001304      0x349 src/pid.o
 .debug_abbrev  0x0000164d      0x36c src/sensor.o
 .debug_abbrev  0x000019b9      0x30b src/settings_t.o
 .debug_abbrev  0x00001cc4      0x21f src/ASF/avr32/drivers/tc/tc.o
 .debug_abbrev  0x00001ee3       0x7d src/ASF/common/services/sleepmgr/uc3/sleepmgr.o
 .debug_abbrev  0x00001f60      0x16e src/ASF/common/services/clock/uc3d/osc.o
 .debug_abbrev  0x000020ce      0x1cd src/ASF/common/services/clock/uc3d/sysclk.o
 .debug_abbrev  0x0000229b      0x204 src/ASF/avr32/drivers/spi/spi.o
 .debug_abbrev  0x0000249f      0x1ed src/ASF/avr32/drivers/twim/twim.o
 .debug_abbrev  0x0000268c       0x14 src/ASF/avr32/drivers/intc/exception.o
 .debug_abbrev  0x000026a0      0x1b6 src/ASF/avr32/drivers/intc/intc.o
 .debug_abbrev  0x00002856       0x12 src/ASF/avr32/utils/startup/startup_uc3.o
 .debug_abbrev  0x00002868       0x14 src/ASF/avr32/utils/startup/trampoline_uc3.o
 .debug_abbrev  0x0000287c      0x29f src/ASF/common/boards/user_board/init.o
 .debug_abbrev  0x00002b1b      0x281 src/main.o
 .debug_abbrev  0x00002d9c      0x15a c:/program files (x86)/atmel/studio/7.0/toolchain/avr32/avr32-gnu-toolchain/bin/../lib/gcc/avr32/4.4.7/ucr3\libgcc.a(_udivdi3.o)

.debug_line     0x00000000     0xd7a4
 *(.debug_line)
 .debug_line    0x00000000      0xb36 src/ASF/avr32/drivers/ast/ast.o
 .debug_line    0x00000b36      0xe1f src/ast_rtc.o
 .debug_line    0x00001955      0xcf4 src/ASF/avr32/drivers/flashcdw/flashcdw.o
 .debug_line    0x00002649      0x9e0 src/ASF/avr32/drivers/gpio/gpio.o
 .debug_line    0x00003029      0x863 src/ASF/avr32/drivers/pdca/pdca.o
 .debug_line    0x0000388c      0xeac src/com_spi.o
 .debug_line    0x00004738      0xef9 src/motor_control.o
 .debug_line    0x00005631      0xd59 src/pid.o
 .debug_line    0x0000638a     0x1068 src/sensor.o
 .debug_line    0x000073f2      0xd62 src/settings_t.o
 .debug_line    0x00008154      0x85a src/ASF/avr32/drivers/tc/tc.o
 .debug_line    0x000089ae      0x704 src/ASF/common/services/sleepmgr/uc3/sleepmgr.o
 .debug_line    0x000090b2      0x78c src/ASF/common/services/clock/uc3d/osc.o
 .debug_line    0x0000983e      0x8cc src/ASF/common/services/clock/uc3d/sysclk.o
 .debug_line    0x0000a10a      0x83a src/ASF/avr32/drivers/spi/spi.o
 .debug_line    0x0000a944      0x958 src/ASF/avr32/drivers/twim/twim.o
 .debug_line    0x0000b29c      0x109 src/ASF/avr32/drivers/intc/exception.o
 .debug_line    0x0000b3a5      0x6ca src/ASF/avr32/drivers/intc/intc.o
 .debug_line    0x0000ba6f       0xf2 src/ASF/avr32/utils/startup/startup_uc3.o
 .debug_line    0x0000bb61       0x67 src/ASF/avr32/utils/startup/trampoline_uc3.o
 .debug_line    0x0000bbc8      0xd23 src/ASF/common/boards/user_board/init.o
 .debug_line    0x0000c8eb      0xce4 src/main.o
 .debug_line    0x0000d5cf      0x1d5 c:/program files (x86)/atmel/studio/7.0/toolchain/avr32/avr32-gnu-toolchain/bin/../lib/gcc/avr32/4.4.7/ucr3\libgcc.a(_udivdi3.o)

.debug_frame    0x00000000     0x2874
 *(.debug_frame)
 .debug_frame   0x00000000      0x630 src/ASF/avr32/drivers/ast/ast.o
 .debug_frame   0x00000630      0x1a0 src/ast_rtc.o
 .debug_frame   0x000007d0      0x860 src/ASF/avr32/drivers/flashcdw/flashcdw.o
 .debug_frame   0x00001030      0x3c8 src/ASF/avr32/drivers/gpio/gpio.o
 .debug_frame   0x000013f8      0x294 src/ASF/avr32/drivers/pdca/pdca.o
 .debug_frame   0x0000168c      0x198 src/com_spi.o
 .debug_frame   0x00001824      0x224 src/motor_control.o
 .debug_frame   0x00001a48       0xac src/pid.o
 .debug_frame   0x00001af4      0x308 src/sensor.o
 .debug_frame   0x00001dfc       0xd4 src/settings_t.o
 .debug_frame   0x00001ed0      0x224 src/ASF/avr32/drivers/tc/tc.o
 .debug_frame   0x000020f4       0x9c src/ASF/common/services/clock/uc3d/osc.o
 .debug_frame   0x00002190      0x17c src/ASF/common/services/clock/uc3d/sysclk.o
 .debug_frame   0x0000230c      0x208 src/ASF/avr32/drivers/spi/spi.o
 .debug_frame   0x00002514      0x198 src/ASF/avr32/drivers/twim/twim.o
 .debug_frame   0x000026ac       0x9c src/ASF/avr32/drivers/intc/intc.o
 .debug_frame   0x00002748       0x9c src/ASF/common/boards/user_board/init.o
 .debug_frame   0x000027e4       0x4c src/main.o
 .debug_frame   0x00002830       0x44 c:/program files (x86)/atmel/studio/7.0/toolchain/avr32/avr32-gnu-toolchain/bin/../lib/gcc/avr32/4.4.7/ucr3\libgcc.a(_udivdi3.o)

.debug_str      0x00000000     0x61e2
 *(.debug_str)
 .debug_str     0x00000000      0x8a4 src/ASF/avr32/drivers/ast/ast.o
                                0x92d (size before relaxing)
 .debug_str     0x000008a4      0x552 src/ast_rtc.o
                                0x8d1 (size before relaxing)
 .debug_str     0x00000df6      0xc9d src/ASF/avr32/drivers/flashcdw/flashcdw.o
                                0xe5e (size before relaxing)
 .debug_str     0x00001a93      0x38c src/ASF/avr32/drivers/gpio/gpio.o
                                0x6d2 (size before relaxing)
 .debug_str     0x00001e1f      0x4a3 src/ASF/avr32/drivers/pdca/pdca.o
                                0x609 (size before relaxing)
 .debug_str     0x000022c2      0x458 src/com_spi.o
                                0xd19 (size before relaxing)
 .debug_str     0x0000271a      0x36a src/motor_control.o
                                0x9c2 (size before relaxing)
 .debug_str     0x00002a84      0x16e src/pid.o
                                0x8ec (size before relaxing)
 .debug_str     0x00002bf2     0x2061 src/sensor.o
                               0x2790 (size before relaxing)
 .debug_str     0x00004c53       0xbc src/settings_t.o
                                0x5ef (size before relaxing)
 .debug_str     0x00004d0f      0x14c src/ASF/avr32/drivers/tc/tc.o
                                0x4c6 (size before relaxing)
 .debug_str     0x00004e5b       0x33 src/ASF/common/services/sleepmgr/uc3/sleepmgr.o
                                0x1b9 (size before relaxing)
 .debug_str     0x00004e8e      0x629 src/ASF/common/services/clock/uc3d/osc.o
                                0x7a4 (size before relaxing)
 .debug_str     0x000054b7      0x420 src/ASF/common/services/clock/uc3d/sysclk.o
                                0xbb6 (size before relaxing)
 .debug_str     0x000058d7      0x1f0 src/ASF/avr32/drivers/spi/spi.o
                                0x650 (size before relaxing)
 .debug_str     0x00005ac7      0x1a7 src/ASF/avr32/drivers/twim/twim.o
                                0x713 (size before relaxing)
 .debug_str     0x00005c6e      0x3b3 src/ASF/avr32/drivers/intc/intc.o
                                0x4af (size before relaxing)
 .debug_str     0x00006021       0x55 src/ASF/common/boards/user_board/init.o
                                0x60e (size before relaxing)
 .debug_str     0x00006076       0x1a src/main.o
                                0x526 (size before relaxing)
 .debug_str     0x00006090      0x152 c:/program files (x86)/atmel/studio/7.0/toolchain/avr32/avr32-gnu-toolchain/bin/../lib/gcc/avr32/4.4.7/ucr3\libgcc.a(_udivdi3.o)
                                0x207 (size before relaxing)

.debug_loc      0x00000000     0x4252
 *(.debug_loc)
 .debug_loc     0x00000000      0x968 src/ASF/avr32/drivers/ast/ast.o
 .debug_loc     0x00000968      0x25a src/ast_rtc.o
 .debug_loc     0x00000bc2      0xc43 src/ASF/avr32/drivers/flashcdw/flashcdw.o
 .debug_loc     0x00001805      0x5b6 src/ASF/avr32/drivers/gpio/gpio.o
 .debug_loc     0x00001dbb      0x3dd src/ASF/avr32/drivers/pdca/pdca.o
 .debug_loc     0x00002198      0x25a src/com_spi.o
 .debug_loc     0x000023f2      0x331 src/motor_control.o
 .debug_loc     0x00002723       0xd7 src/pid.o
 .debug_loc     0x000027fa      0x433 src/sensor.o
 .debug_loc     0x00002c2d      0x12d src/settings_t.o
 .debug_loc     0x00002d5a      0x331 src/ASF/avr32/drivers/tc/tc.o
 .debug_loc     0x0000308b       0xd7 src/ASF/common/services/clock/uc3d/osc.o
 .debug_loc     0x00003162      0x22f src/ASF/common/services/clock/uc3d/sysclk.o
 .debug_loc     0x00003391      0x306 src/ASF/avr32/drivers/spi/spi.o
 .debug_loc     0x00003697      0x25a src/ASF/avr32/drivers/twim/twim.o
 .debug_loc     0x000038f1       0xd7 src/ASF/avr32/drivers/intc/intc.o
 .debug_loc     0x000039c8       0xd7 src/ASF/common/boards/user_board/init.o
 .debug_loc     0x00003a9f       0x56 src/main.o
 .debug_loc     0x00003af5      0x75d c:/program files (x86)/atmel/studio/7.0/toolchain/avr32/avr32-gnu-toolchain/bin/../lib/gcc/avr32/4.4.7/ucr3\libgcc.a(_udivdi3.o)

.debug_macinfo  0x00000000  0x134e679
 *(.debug_macinfo)
 .debug_macinfo
                0x00000000    0xfdba3 src/ASF/avr32/drivers/ast/ast.o
 .debug_macinfo
                0x000fdba3   0x10c2e1 src/ast_rtc.o
 .debug_macinfo
                0x00209e84    0xfdbf3 src/ASF/avr32/drivers/flashcdw/flashcdw.o
 .debug_macinfo
                0x00307a77    0xfdcad src/ASF/avr32/drivers/gpio/gpio.o
 .debug_macinfo
                0x00405724    0xfdbef src/ASF/avr32/drivers/pdca/pdca.o
 .debug_macinfo
                0x00503313   0x10c430 src/com_spi.o
 .debug_macinfo
                0x0060f743   0x10c2c1 src/motor_control.o
 .debug_macinfo
                0x0071ba04   0x10c2f6 src/pid.o
 .debug_macinfo
                0x00827cfa   0x10c2ba src/sensor.o
 .debug_macinfo
                0x00933fb4   0x10c2a9 src/settings_t.o
 .debug_macinfo
                0x00a4025d    0xfe392 src/ASF/avr32/drivers/tc/tc.o
 .debug_macinfo
                0x00b3e5ef    0xfdc2a src/ASF/common/services/sleepmgr/uc3/sleepmgr.o
 .debug_macinfo
                0x00c3c219    0xff433 src/ASF/common/services/clock/uc3d/osc.o
 .debug_macinfo
                0x00d3b64c   0x1002c8 src/ASF/common/services/clock/uc3d/sysclk.o
 .debug_macinfo
                0x00e3b914    0xfdafb src/ASF/avr32/drivers/spi/spi.o
 .debug_macinfo
                0x00f3940f    0xfeef8 src/ASF/avr32/drivers/twim/twim.o
 .debug_macinfo
                0x01038307    0xfdd5a src/ASF/avr32/drivers/intc/intc.o
 .debug_macinfo
                0x01136061   0x10c30c src/ASF/common/boards/user_board/init.o
 .debug_macinfo
                0x0124236d   0x10c30c src/main.o

.debug_weaknames
 *(.debug_weaknames)

.debug_funcnames
 *(.debug_funcnames)

.debug_typenames
 *(.debug_typenames)

.debug_varnames
 *(.debug_varnames)

.stack          0x00003000     0x1000
                0x00003000                _stack = .
 *(.stack)
                0x00001000                . = _stack_size
 *fill*         0x00003000     0x1000 
                0x00004000                _estack = .

.userpage
 *(.userpage .userpage.*)

.factorypage
 *(.factorypage .factorypage.*)

/DISCARD/
 *(.note.GNU-stack)
OUTPUT(Regler 2.elf elf32-avr32)

.debug_ranges   0x00000000      0xcb0
 .debug_ranges  0x00000000      0x1d0 src/ASF/avr32/drivers/ast/ast.o
 .debug_ranges  0x000001d0       0x80 src/ast_rtc.o
 .debug_ranges  0x00000250      0x258 src/ASF/avr32/drivers/flashcdw/flashcdw.o
 .debug_ranges  0x000004a8      0x120 src/ASF/avr32/drivers/gpio/gpio.o
 .debug_ranges  0x000005c8       0xc8 src/ASF/avr32/drivers/pdca/pdca.o
 .debug_ranges  0x00000690       0x80 src/com_spi.o
 .debug_ranges  0x00000710       0xa8 src/motor_control.o
 .debug_ranges  0x000007b8       0x38 src/pid.o
 .debug_ranges  0x000007f0       0xd8 src/sensor.o
 .debug_ranges  0x000008c8       0x48 src/settings_t.o
 .debug_ranges  0x00000910       0xa8 src/ASF/avr32/drivers/tc/tc.o
 .debug_ranges  0x000009b8       0x38 src/ASF/common/services/clock/uc3d/osc.o
 .debug_ranges  0x000009f0       0x78 src/ASF/common/services/clock/uc3d/sysclk.o
 .debug_ranges  0x00000a68       0xa0 src/ASF/avr32/drivers/spi/spi.o
 .debug_ranges  0x00000b08       0x80 src/ASF/avr32/drivers/twim/twim.o
 .debug_ranges  0x00000b88       0x38 src/ASF/avr32/drivers/intc/intc.o
 .debug_ranges  0x00000bc0       0x20 src/ASF/avr32/utils/startup/startup_uc3.o
 .debug_ranges  0x00000be0       0x38 src/ASF/common/boards/user_board/init.o
 .debug_ranges  0x00000c18       0x20 src/main.o
 .debug_ranges  0x00000c38       0x78 c:/program files (x86)/atmel/studio/7.0/toolchain/avr32/avr32-gnu-toolchain/bin/../lib/gcc/avr32/4.4.7/ucr3\libgcc.a(_udivdi3.o)
