Archive member included because of file (symbol)

c:/program files (x86)/atmel/studio/7.0/toolchain/avr32/avr32-gnu-toolchain/bin/../lib/gcc/avr32/4.4.7/ucr3\libgcc.a(_udivdi3.o)
                              src/ASF/avr32/drivers/wdt/wdt4.o (__avr32_udiv64)

Allocating common symbols
Common symbol       size              file

time_since_start    0x4               src/com_spi.o
app_euler           0xc               src/com_spi.o
sensor_euler        0xc               src/com_spi.o
sleepmgr_locks      0x7               src/ASF/common/services/sleepmgr/uc3/sleepmgr.o
throotle            0x4               src/com_spi.o
last_cycle_count    0x4               src/com_spi.o
set                 0x64              src/settings_t.o
esc_timer_values    0x10              src/motor_control.o
esc_timer_compare_values
                    0x10              src/motor_control.o

Discarded input sections

 .text          0x00000000        0x0 src/ASF/avr32/drivers/flashcdw/flashcdw.o
 .data          0x00000000        0x0 src/ASF/avr32/drivers/flashcdw/flashcdw.o
 .bss           0x00000000        0x0 src/ASF/avr32/drivers/flashcdw/flashcdw.o
 .text.flashcdw_get_flash_size
                0x00000000       0xbe src/ASF/avr32/drivers/flashcdw/flashcdw.o
 .text.flashcdw_get_page_count
                0x00000000       0x18 src/ASF/avr32/drivers/flashcdw/flashcdw.o
 .text.flashcdw_get_page_count_per_region
                0x00000000       0x18 src/ASF/avr32/drivers/flashcdw/flashcdw.o
 .text.flashcdw_get_page_region
                0x00000000       0x3c src/ASF/avr32/drivers/flashcdw/flashcdw.o
 .text.flashcdw_get_region_first_page_number
                0x00000000       0x28 src/ASF/avr32/drivers/flashcdw/flashcdw.o
 .text.flashcdw_get_wait_state
                0x00000000       0x18 src/ASF/avr32/drivers/flashcdw/flashcdw.o
 .text.flashcdw_is_ready_int_enabled
                0x00000000       0x18 src/ASF/avr32/drivers/flashcdw/flashcdw.o
 .text.flashcdw_enable_ready_int
                0x00000000       0x3e src/ASF/avr32/drivers/flashcdw/flashcdw.o
 .text.flashcdw_is_lock_error_int_enabled
                0x00000000       0x1a src/ASF/avr32/drivers/flashcdw/flashcdw.o
 .text.flashcdw_enable_lock_error_int
                0x00000000       0x3e src/ASF/avr32/drivers/flashcdw/flashcdw.o
 .text.flashcdw_is_prog_error_int_enabled
                0x00000000       0x1a src/ASF/avr32/drivers/flashcdw/flashcdw.o
 .text.flashcdw_enable_prog_error_int
                0x00000000       0x3e src/ASF/avr32/drivers/flashcdw/flashcdw.o
 .text.flashcdw_is_lock_error
                0x00000000       0x1c src/ASF/avr32/drivers/flashcdw/flashcdw.o
 .text.flashcdw_is_programming_error
                0x00000000       0x1c src/ASF/avr32/drivers/flashcdw/flashcdw.o
 .text.flashcdw_is_high_speed_enabled
                0x00000000       0x1a src/ASF/avr32/drivers/flashcdw/flashcdw.o
 .text.flashcdw_get_command
                0x00000000       0x16 src/ASF/avr32/drivers/flashcdw/flashcdw.o
 .text.flashcdw_get_page_number
                0x00000000       0x1c src/ASF/avr32/drivers/flashcdw/flashcdw.o
 .text.flashcdw_no_operation
                0x00000000       0x18 src/ASF/avr32/drivers/flashcdw/flashcdw.o
 .text.flashcdw_erase_all
                0x00000000       0x18 src/ASF/avr32/drivers/flashcdw/flashcdw.o
 .text.flashcdw_is_security_bit_active
                0x00000000       0x1a src/ASF/avr32/drivers/flashcdw/flashcdw.o
 .text.flashcdw_activate_security_bit
                0x00000000       0x18 src/ASF/avr32/drivers/flashcdw/flashcdw.o
 .text.flashcdw_get_bootloader_protected_size
                0x00000000       0x40 src/ASF/avr32/drivers/flashcdw/flashcdw.o
 .text.flashcdw_set_bootloader_protected_size
                0x00000000       0x9c src/ASF/avr32/drivers/flashcdw/flashcdw.o
 .text.flashcdw_is_external_privileged_fetch_locked
                0x00000000       0x20 src/ASF/avr32/drivers/flashcdw/flashcdw.o
 .text.flashcdw_lock_external_privileged_fetch
                0x00000000       0x2c src/ASF/avr32/drivers/flashcdw/flashcdw.o
 .text.flashcdw_is_jtag_user_protection_enabled
                0x00000000       0x20 src/ASF/avr32/drivers/flashcdw/flashcdw.o
 .text.flashcdw_enable_jtag_user_protection
                0x00000000       0x18 src/ASF/avr32/drivers/flashcdw/flashcdw.o
 .text.flashcdw_disable_jtag_user_protection
                0x00000000       0x18 src/ASF/avr32/drivers/flashcdw/flashcdw.o
 .text.flashcdw_is_secure_state_enabled
                0x00000000       0x40 src/ASF/avr32/drivers/flashcdw/flashcdw.o
 .text.flashcdw_is_secure_state_debug_enabled
                0x00000000       0x24 src/ASF/avr32/drivers/flashcdw/flashcdw.o
 .text.flashcdw_enable_secure_state_no_debug
                0x00000000       0x1c src/ASF/avr32/drivers/flashcdw/flashcdw.o
 .text.flashcdw_enable_secure_state_with_debug
                0x00000000       0x1c src/ASF/avr32/drivers/flashcdw/flashcdw.o
 .text.flashcdw_is_page_region_locked
                0x00000000       0x30 src/ASF/avr32/drivers/flashcdw/flashcdw.o
 .text.flashcdw_is_region_locked
                0x00000000       0x32 src/ASF/avr32/drivers/flashcdw/flashcdw.o
 .text.flashcdw_lock_page_region
                0x00000000       0x38 src/ASF/avr32/drivers/flashcdw/flashcdw.o
 .text.flashcdw_lock_region
                0x00000000       0x38 src/ASF/avr32/drivers/flashcdw/flashcdw.o
 .text.flashcdw_lock_all_regions
                0x00000000       0x64 src/ASF/avr32/drivers/flashcdw/flashcdw.o
 .text.flashcdw_read_gp_fuse_bit
                0x00000000       0x60 src/ASF/avr32/drivers/flashcdw/flashcdw.o
 .text.flashcdw_read_gp_fuse_bitfield
                0x00000000       0xcc src/ASF/avr32/drivers/flashcdw/flashcdw.o
 .text.flashcdw_read_gp_fuse_byte
                0x00000000       0x60 src/ASF/avr32/drivers/flashcdw/flashcdw.o
 .text.flashcdw_read_all_gp_fuses
                0x00000000       0x34 src/ASF/avr32/drivers/flashcdw/flashcdw.o
 .text.flashcdw_erase_gp_fuse_bit
                0x00000000       0x4c src/ASF/avr32/drivers/flashcdw/flashcdw.o
 .text.flashcdw_erase_gp_fuse_bitfield
                0x00000000      0x118 src/ASF/avr32/drivers/flashcdw/flashcdw.o
 .text.flashcdw_erase_gp_fuse_byte
                0x00000000       0xdc src/ASF/avr32/drivers/flashcdw/flashcdw.o
 .text.flashcdw_erase_all_gp_fuses
                0x00000000       0x48 src/ASF/avr32/drivers/flashcdw/flashcdw.o
 .text.flashcdw_write_gp_fuse_bit
                0x00000000       0x38 src/ASF/avr32/drivers/flashcdw/flashcdw.o
 .text.flashcdw_write_gp_fuse_bitfield
                0x00000000       0xcc src/ASF/avr32/drivers/flashcdw/flashcdw.o
 .text.flashcdw_write_gp_fuse_byte
                0x00000000       0x38 src/ASF/avr32/drivers/flashcdw/flashcdw.o
 .text.flashcdw_write_all_gp_fuses
                0x00000000       0x80 src/ASF/avr32/drivers/flashcdw/flashcdw.o
 .text.flashcdw_set_gp_fuse_bit
                0x00000000       0x44 src/ASF/avr32/drivers/flashcdw/flashcdw.o
 .text.flashcdw_set_gp_fuse_bitfield
                0x00000000       0xcc src/ASF/avr32/drivers/flashcdw/flashcdw.o
 .text.flashcdw_set_gp_fuse_byte
                0x00000000       0x78 src/ASF/avr32/drivers/flashcdw/flashcdw.o
 .text.flashcdw_set_all_gp_fuses
                0x00000000       0x6c src/ASF/avr32/drivers/flashcdw/flashcdw.o
 .text.flashcdw_erase_all_pages
                0x00000000       0x88 src/ASF/avr32/drivers/flashcdw/flashcdw.o
 .text.flashcdw_memset8
                0x00000000       0x50 src/ASF/avr32/drivers/flashcdw/flashcdw.o
 .text.flashcdw_memset16
                0x00000000       0x4c src/ASF/avr32/drivers/flashcdw/flashcdw.o
 .text.flashcdw_memset32
                0x00000000       0x5c src/ASF/avr32/drivers/flashcdw/flashcdw.o
 .text.flashcdw_memset64
                0x00000000      0x460 src/ASF/avr32/drivers/flashcdw/flashcdw.o
 .text          0x00000000        0x0 src/ASF/avr32/drivers/gpio/gpio.o
 .data          0x00000000        0x0 src/ASF/avr32/drivers/gpio/gpio.o
 .bss           0x00000000        0x0 src/ASF/avr32/drivers/gpio/gpio.o
 .text.gpio_enable_gpio
                0x00000000       0x50 src/ASF/avr32/drivers/gpio/gpio.o
 .text.gpio_enable_gpio_pin
                0x00000000       0x50 src/ASF/avr32/drivers/gpio/gpio.o
 .text.gpio_enable_pin_pull_up
                0x00000000       0x52 src/ASF/avr32/drivers/gpio/gpio.o
 .text.gpio_disable_pin_pull_up
                0x00000000       0x3a src/ASF/avr32/drivers/gpio/gpio.o
 .text.gpio_enable_pin_pull_down
                0x00000000       0x52 src/ASF/avr32/drivers/gpio/gpio.o
 .text.gpio_disable_pin_pull_down
                0x00000000       0x3a src/ASF/avr32/drivers/gpio/gpio.o
 .text.gpio_enable_pin_buskeeper
                0x00000000       0x52 src/ASF/avr32/drivers/gpio/gpio.o
 .text.gpio_disable_pin_buskeeper
                0x00000000       0x52 src/ASF/avr32/drivers/gpio/gpio.o
 .text.gpio_configure_pin
                0x00000000      0x29e src/ASF/avr32/drivers/gpio/gpio.o
 .text.gpio_configure_group
                0x00000000      0x1c8 src/ASF/avr32/drivers/gpio/gpio.o
 .text.gpio_get_pin_value
                0x00000000       0x3c src/ASF/avr32/drivers/gpio/gpio.o
 .text.gpio_get_gpio_pin_output_value
                0x00000000       0x3c src/ASF/avr32/drivers/gpio/gpio.o
 .text.gpio_get_gpio_open_drain_pin_output_value
                0x00000000       0x3e src/ASF/avr32/drivers/gpio/gpio.o
 .text.gpio_set_gpio_pin
                0x00000000       0x68 src/ASF/avr32/drivers/gpio/gpio.o
 .text.gpio_set_pin_high
                0x00000000       0x3a src/ASF/avr32/drivers/gpio/gpio.o
 .text.gpio_set_group_high
                0x00000000       0x30 src/ASF/avr32/drivers/gpio/gpio.o
 .text.gpio_set_pin_low
                0x00000000       0x3a src/ASF/avr32/drivers/gpio/gpio.o
 .text.gpio_clr_gpio_pin
                0x00000000       0x68 src/ASF/avr32/drivers/gpio/gpio.o
 .text.gpio_set_group_low
                0x00000000       0x30 src/ASF/avr32/drivers/gpio/gpio.o
 .text.gpio_tgl_gpio_pin
                0x00000000       0x68 src/ASF/avr32/drivers/gpio/gpio.o
 .text.gpio_toggle_pin
                0x00000000       0x3a src/ASF/avr32/drivers/gpio/gpio.o
 .text.gpio_toggle_group
                0x00000000       0x30 src/ASF/avr32/drivers/gpio/gpio.o
 .text.gpio_set_gpio_open_drain_pin
                0x00000000       0x50 src/ASF/avr32/drivers/gpio/gpio.o
 .text.gpio_clr_gpio_open_drain_pin
                0x00000000       0x68 src/ASF/avr32/drivers/gpio/gpio.o
 .text.gpio_tgl_gpio_open_drain_pin
                0x00000000       0x68 src/ASF/avr32/drivers/gpio/gpio.o
 .text.gpio_enable_pin_glitch_filter
                0x00000000       0x3a src/ASF/avr32/drivers/gpio/gpio.o
 .text.gpio_disable_pin_glitch_filter
                0x00000000       0x3a src/ASF/avr32/drivers/gpio/gpio.o
 .text.gpio_configure_edge_detector
                0x00000000       0xd4 src/ASF/avr32/drivers/gpio/gpio.o
 .text.gpio_enable_pin_interrupt
                0x00000000       0x74 src/ASF/avr32/drivers/gpio/gpio.o
 .text.gpio_disable_pin_interrupt
                0x00000000       0x3a src/ASF/avr32/drivers/gpio/gpio.o
 .text.gpio_get_pin_interrupt_flag
                0x00000000       0x3e src/ASF/avr32/drivers/gpio/gpio.o
 .text.gpio_clear_pin_interrupt_flag
                0x00000000       0x3a src/ASF/avr32/drivers/gpio/gpio.o
 .text          0x00000000        0x0 src/ASF/avr32/drivers/pdca/pdca.o
 .data          0x00000000        0x0 src/ASF/avr32/drivers/pdca/pdca.o
 .bss           0x00000000        0x0 src/ASF/avr32/drivers/pdca/pdca.o
 .text.pdca_get_channel_status
                0x00000000       0x38 src/ASF/avr32/drivers/pdca/pdca.o
 .text.pdca_get_load_size
                0x00000000       0x30 src/ASF/avr32/drivers/pdca/pdca.o
 .text.pdca_load_channel
                0x00000000       0x70 src/ASF/avr32/drivers/pdca/pdca.o
 .text.pdca_get_reload_size
                0x00000000       0x30 src/ASF/avr32/drivers/pdca/pdca.o
 .text.pdca_reload_channel
                0x00000000       0x70 src/ASF/avr32/drivers/pdca/pdca.o
 .text.pdca_set_peripheral_select
                0x00000000       0x38 src/ASF/avr32/drivers/pdca/pdca.o
 .text.pdca_set_transfer_size
                0x00000000       0x44 src/ASF/avr32/drivers/pdca/pdca.o
 .text.pdca_disable_event_trigger
                0x00000000       0x38 src/ASF/avr32/drivers/pdca/pdca.o
 .text.pdca_enable_event_trigger
                0x00000000       0x38 src/ASF/avr32/drivers/pdca/pdca.o
 .text.pdca_disable_interrupt_transfer_error
                0x00000000       0x50 src/ASF/avr32/drivers/pdca/pdca.o
 .text.pdca_enable_interrupt_transfer_error
                0x00000000       0x30 src/ASF/avr32/drivers/pdca/pdca.o
 .text.pdca_enable_interrupt_transfer_complete
                0x00000000       0x30 src/ASF/avr32/drivers/pdca/pdca.o
 .text.pdca_enable_interrupt_reload_counter_zero
                0x00000000       0x30 src/ASF/avr32/drivers/pdca/pdca.o
 .text.pdca_get_transfer_status
                0x00000000       0x30 src/ASF/avr32/drivers/pdca/pdca.o
 .text          0x00000000        0x0 src/ASF/avr32/drivers/pm/pm_uc3d.o
 .data          0x00000000        0x0 src/ASF/avr32/drivers/pm/pm_uc3d.o
 .bss           0x00000000        0x0 src/ASF/avr32/drivers/pm/pm_uc3d.o
 .debug_abbrev  0x00000000      0x1d3 src/ASF/avr32/drivers/pm/pm_uc3d.o
 .debug_info    0x00000000     0x1105 src/ASF/avr32/drivers/pm/pm_uc3d.o
 .debug_line    0x00000000      0x77c src/ASF/avr32/drivers/pm/pm_uc3d.o
 .debug_macinfo
                0x00000000    0xfdb9f src/ASF/avr32/drivers/pm/pm_uc3d.o
 .text.cpu_irq_is_enabled_flags
                0x00000000       0x20 src/ASF/avr32/drivers/pm/pm_uc3d.o
 .text.pm_set_mclk_source
                0x00000000       0x50 src/ASF/avr32/drivers/pm/pm_uc3d.o
 .text.pm_config_mainclk_safety
                0x00000000       0xb0 src/ASF/avr32/drivers/pm/pm_uc3d.o
 .text.pm_set_clk_domain_div
                0x00000000       0xa8 src/ASF/avr32/drivers/pm/pm_uc3d.o
 .text.pm_disable_clk_domain_div
                0x00000000       0x8c src/ASF/avr32/drivers/pm/pm_uc3d.o
 .text.pm_set_all_cksel
                0x00000000       0xb0 src/ASF/avr32/drivers/pm/pm_uc3d.o
 .text.pm_wait_for_clk_ready
                0x00000000       0x40 src/ASF/avr32/drivers/pm/pm_uc3d.o
 .text.pm_find_divratio
                0x00000000       0x40 src/ASF/avr32/drivers/pm/pm_uc3d.o
 .text.pm_enable_module
                0x00000000       0x94 src/ASF/avr32/drivers/pm/pm_uc3d.o
 .text.pm_disable_module
                0x00000000       0x98 src/ASF/avr32/drivers/pm/pm_uc3d.o
 .debug_frame   0x00000000      0x128 src/ASF/avr32/drivers/pm/pm_uc3d.o
 .debug_loc     0x00000000      0x1ae src/ASF/avr32/drivers/pm/pm_uc3d.o
 .debug_pubnames
                0x00000000       0xd8 src/ASF/avr32/drivers/pm/pm_uc3d.o
 .debug_aranges
                0x00000000       0x68 src/ASF/avr32/drivers/pm/pm_uc3d.o
 .debug_ranges  0x00000000       0x60 src/ASF/avr32/drivers/pm/pm_uc3d.o
 .debug_str     0x00000000      0x7eb src/ASF/avr32/drivers/pm/pm_uc3d.o
 .comment       0x00000000       0x31 src/ASF/avr32/drivers/pm/pm_uc3d.o
 .text          0x00000000        0x0 src/ASF/avr32/drivers/scif/scif_uc3d.o
 .data          0x00000000        0x0 src/ASF/avr32/drivers/scif/scif_uc3d.o
 .bss           0x00000000        0x0 src/ASF/avr32/drivers/scif/scif_uc3d.o
 .debug_abbrev  0x00000000      0x27f src/ASF/avr32/drivers/scif/scif_uc3d.o
 .debug_info    0x00000000     0x1dd1 src/ASF/avr32/drivers/scif/scif_uc3d.o
 .debug_line    0x00000000      0x969 src/ASF/avr32/drivers/scif/scif_uc3d.o
 .debug_macinfo
                0x00000000    0xfdc59 src/ASF/avr32/drivers/scif/scif_uc3d.o
 .text.cpu_irq_is_enabled_flags
                0x00000000       0x20 src/ASF/avr32/drivers/scif/scif_uc3d.o
 .text.scif_pclksr_statushigh_wait
                0x00000000       0x46 src/ASF/avr32/drivers/scif/scif_uc3d.o
 .text.scif_read_gplp
                0x00000000       0x22 src/ASF/avr32/drivers/scif/scif_uc3d.o
 .text.scif_write_gplp
                0x00000000       0x3a src/ASF/avr32/drivers/scif/scif_uc3d.o
 .text.scif_start_osc
                0x00000000      0x140 src/ASF/avr32/drivers/scif/scif_uc3d.o
 .text.scif_is_osc_ready
                0x00000000       0x2c src/ASF/avr32/drivers/scif/scif_uc3d.o
 .text.scif_stop_osc
                0x00000000       0x7c src/ASF/avr32/drivers/scif/scif_uc3d.o
 .text.scif_configure_osc_crystalmode
                0x00000000       0xb8 src/ASF/avr32/drivers/scif/scif_uc3d.o
 .text.scif_configure_osc_extmode
                0x00000000       0x9c src/ASF/avr32/drivers/scif/scif_uc3d.o
 .text.scif_enable_osc
                0x00000000       0xec src/ASF/avr32/drivers/scif/scif_uc3d.o
 .text.scif_enable_extosc
                0x00000000       0x9c src/ASF/avr32/drivers/scif/scif_uc3d.o
 .text.scif_pll_setup
                0x00000000      0x174 src/ASF/avr32/drivers/scif/scif_uc3d.o
 .text.scif_pll_enable
                0x00000000       0x9c src/ASF/avr32/drivers/scif/scif_uc3d.o
 .text.scif_pll_disable
                0x00000000       0x9c src/ASF/avr32/drivers/scif/scif_uc3d.o
 .text.scif_wait_for_pll_locked
                0x00000000       0x38 src/ASF/avr32/drivers/scif/scif_uc3d.o
 .text.scif_start_osc32
                0x00000000       0xc8 src/ASF/avr32/drivers/scif/scif_uc3d.o
 .text.scif_stop_osc32
                0x00000000       0x60 src/ASF/avr32/drivers/scif/scif_uc3d.o
 .text.scif_start_rc120M
                0x00000000       0x48 src/ASF/avr32/drivers/scif/scif_uc3d.o
 .text.scif_stop_rc120M
                0x00000000       0x60 src/ASF/avr32/drivers/scif/scif_uc3d.o
 .text.scif_start_gclk
                0x00000000       0x70 src/ASF/avr32/drivers/scif/scif_uc3d.o
 .text.scif_stop_gclk
                0x00000000       0x6a src/ASF/avr32/drivers/scif/scif_uc3d.o
 .text.scif_gc_setup
                0x00000000       0xc4 src/ASF/avr32/drivers/scif/scif_uc3d.o
 .text.scif_gc_enable
                0x00000000       0x48 src/ASF/avr32/drivers/scif/scif_uc3d.o
 .text.scif_bod18_enable_irq
                0x00000000       0x12 src/ASF/avr32/drivers/scif/scif_uc3d.o
 .text.scif_bod18_disable_irq
                0x00000000       0x4c src/ASF/avr32/drivers/scif/scif_uc3d.o
 .text.scif_bod18_clear_irq
                0x00000000       0x12 src/ASF/avr32/drivers/scif/scif_uc3d.o
 .text.scif_bod18_get_irq_status
                0x00000000       0x18 src/ASF/avr32/drivers/scif/scif_uc3d.o
 .text.scif_bod18_get_irq_enable_bit
                0x00000000       0x18 src/ASF/avr32/drivers/scif/scif_uc3d.o
 .text.scif_bod18_get_level
                0x00000000       0x16 src/ASF/avr32/drivers/scif/scif_uc3d.o
 .debug_frame   0x00000000      0x33c src/ASF/avr32/drivers/scif/scif_uc3d.o
 .debug_loc     0x00000000      0x4df src/ASF/avr32/drivers/scif/scif_uc3d.o
 .debug_pubnames
                0x00000000      0x281 src/ASF/avr32/drivers/scif/scif_uc3d.o
 .debug_aranges
                0x00000000      0x100 src/ASF/avr32/drivers/scif/scif_uc3d.o
 .debug_ranges  0x00000000       0xf8 src/ASF/avr32/drivers/scif/scif_uc3d.o
 .debug_str     0x00000000      0xc7b src/ASF/avr32/drivers/scif/scif_uc3d.o
 .comment       0x00000000       0x31 src/ASF/avr32/drivers/scif/scif_uc3d.o
 .text          0x00000000        0x0 src/ASF/avr32/drivers/wdt/wdt4.o
 .data          0x00000000        0x0 src/ASF/avr32/drivers/wdt/wdt4.o
 .bss           0x00000000        0x0 src/ASF/avr32/drivers/wdt/wdt4.o
 .debug_abbrev  0x00000000      0x18b src/ASF/avr32/drivers/wdt/wdt4.o
 .debug_info    0x00000000      0x419 src/ASF/avr32/drivers/wdt/wdt4.o
 .debug_line    0x00000000      0x7c0 src/ASF/avr32/drivers/wdt/wdt4.o
 .debug_macinfo
                0x00000000    0xfef93 src/ASF/avr32/drivers/wdt/wdt4.o
 .text.wdt_set_ctrl
                0x00000000       0x2e src/ASF/avr32/drivers/wdt/wdt4.o
 .text.wdt_get_us_timeout_period
                0x00000000      0x11c src/ASF/avr32/drivers/wdt/wdt4.o
 .text.wdt_get_us_timeban_period
                0x00000000      0x11c src/ASF/avr32/drivers/wdt/wdt4.o
 .text.wdt_disable
                0x00000000       0x1c src/ASF/avr32/drivers/wdt/wdt4.o
 .text.wdt_enable
                0x00000000      0x36c src/ASF/avr32/drivers/wdt/wdt4.o
 .text.wdt_reenable
                0x00000000       0x24 src/ASF/avr32/drivers/wdt/wdt4.o
 .text.wdt_clear
                0x00000000       0x2e src/ASF/avr32/drivers/wdt/wdt4.o
 .text.wdt_reset_mcu
                0x00000000       0x3c src/ASF/avr32/drivers/wdt/wdt4.o
 .debug_frame   0x00000000      0x120 src/ASF/avr32/drivers/wdt/wdt4.o
 .debug_loc     0x00000000      0x158 src/ASF/avr32/drivers/wdt/wdt4.o
 .debug_pubnames
                0x00000000       0x9e src/ASF/avr32/drivers/wdt/wdt4.o
 .debug_aranges
                0x00000000       0x58 src/ASF/avr32/drivers/wdt/wdt4.o
 .debug_ranges  0x00000000       0x50 src/ASF/avr32/drivers/wdt/wdt4.o
 .debug_str     0x00000000      0x249 src/ASF/avr32/drivers/wdt/wdt4.o
 .comment       0x00000000       0x31 src/ASF/avr32/drivers/wdt/wdt4.o
 .text          0x00000000        0x0 src/com_spi.o
 .data          0x00000000        0x0 src/com_spi.o
 .bss           0x00000000        0x0 src/com_spi.o
 .text          0x00000000        0x0 src/motor_control.o
 .data          0x00000000        0x0 src/motor_control.o
 .bss           0x00000000        0x0 src/motor_control.o
 .text.motor_values_pref
                0x00000000       0x5e src/motor_control.o
 .text.alter_motor_speeds
                0x00000000       0xbc src/motor_control.o
 .text.get_motor_speeds
                0x00000000       0x70 src/motor_control.o
 .text.motor_stop
                0x00000000       0x60 src/motor_control.o
 .text          0x00000000        0x0 src/pid.o
 .data          0x00000000        0x0 src/pid.o
 .bss           0x00000000        0x0 src/pid.o
 .text          0x00000000        0x0 src/sensor.o
 .data          0x00000000        0x0 src/sensor.o
 .bss           0x00000000        0x0 src/sensor.o
 .text.read_sensor_accel
                0x00000000       0x80 src/sensor.o
 .text.read_sensor_gyro
                0x00000000       0x80 src/sensor.o
 .text.read_sensor_mag
                0x00000000       0x80 src/sensor.o
 .text          0x00000000        0x0 src/settings_t.o
 .data          0x00000000        0x0 src/settings_t.o
 .bss           0x00000000        0x0 src/settings_t.o
 .text          0x00000000        0x0 src/ASF/avr32/drivers/tc/tc.o
 .data          0x00000000        0x0 src/ASF/avr32/drivers/tc/tc.o
 .bss           0x00000000        0x0 src/ASF/avr32/drivers/tc/tc.o
 .text.tc_get_interrupt_settings
                0x00000000       0x38 src/ASF/avr32/drivers/tc/tc.o
 .text.tc_select_external_clock
                0x00000000       0x66 src/ASF/avr32/drivers/tc/tc.o
 .text.tc_init_capture
                0x00000000       0xde src/ASF/avr32/drivers/tc/tc.o
 .text.tc_stop  0x00000000       0x3a src/ASF/avr32/drivers/tc/tc.o
 .text.tc_software_trigger
                0x00000000       0x3a src/ASF/avr32/drivers/tc/tc.o
 .text.tc_sync_trigger
                0x00000000       0x1c src/ASF/avr32/drivers/tc/tc.o
 .text.tc_sync_start
                0x00000000       0x4a src/ASF/avr32/drivers/tc/tc.o
 .text.tc_read_tc
                0x00000000       0x3e src/ASF/avr32/drivers/tc/tc.o
 .text.tc_read_ra
                0x00000000       0x3c src/ASF/avr32/drivers/tc/tc.o
 .text.tc_read_rb
                0x00000000       0x3c src/ASF/avr32/drivers/tc/tc.o
 .text.tc_read_rc
                0x00000000       0x3c src/ASF/avr32/drivers/tc/tc.o
 .text          0x00000000        0x0 src/ASF/common/services/spi/uc3_spi/spi_master.o
 .data          0x00000000        0x0 src/ASF/common/services/spi/uc3_spi/spi_master.o
 .bss           0x00000000        0x0 src/ASF/common/services/spi/uc3_spi/spi_master.o
 .debug_abbrev  0x00000000      0x1fb src/ASF/common/services/spi/uc3_spi/spi_master.o
 .debug_info    0x00000000     0x128f src/ASF/common/services/spi/uc3_spi/spi_master.o
 .debug_line    0x00000000      0x9f7 src/ASF/common/services/spi/uc3_spi/spi_master.o
 .debug_macinfo
                0x00000000   0x10000b src/ASF/common/services/spi/uc3_spi/spi_master.o
 .text.sysclk_get_main_hz
                0x00000000       0x14 src/ASF/common/services/spi/uc3_spi/spi_master.o
 .text.sysclk_get_pba_hz
                0x00000000       0x18 src/ASF/common/services/spi/uc3_spi/spi_master.o
 .text.sysclk_get_pbb_hz
                0x00000000       0x18 src/ASF/common/services/spi/uc3_spi/spi_master.o
 .text.sysclk_get_peripheral_bus_hz
                0x00000000       0xf4 src/ASF/common/services/spi/uc3_spi/spi_master.o
 .text.spi_set_chipselect_delay_bct
                0x00000000       0x80 src/ASF/common/services/spi/uc3_spi/spi_master.o
 .text.spi_set_chipselect_delay_bs
                0x00000000       0x80 src/ASF/common/services/spi/uc3_spi/spi_master.o
 .text.spi_set_bits_per_transfer
                0x00000000       0xb0 src/ASF/common/services/spi/uc3_spi/spi_master.o
 .text.spi_set_baudrate_register
                0x00000000       0x80 src/ASF/common/services/spi/uc3_spi/spi_master.o
 .text.spi_enable_active_mode
                0x00000000       0x72 src/ASF/common/services/spi/uc3_spi/spi_master.o
 .text.spi_set_mode
                0x00000000      0x118 src/ASF/common/services/spi/uc3_spi/spi_master.o
 .text.spi_put  0x00000000       0x22 src/ASF/common/services/spi/uc3_spi/spi_master.o
 .text.spi_get  0x00000000       0x1c src/ASF/common/services/spi/uc3_spi/spi_master.o
 .text.spi_is_tx_ready
                0x00000000       0x22 src/ASF/common/services/spi/uc3_spi/spi_master.o
 .text.spi_is_rx_ready
                0x00000000       0x26 src/ASF/common/services/spi/uc3_spi/spi_master.o
 .text.spi_write_single
                0x00000000       0x2c src/ASF/common/services/spi/uc3_spi/spi_master.o
 .text.spi_read_single
                0x00000000       0x30 src/ASF/common/services/spi/uc3_spi/spi_master.o
 .text.spi_master_setup_device
                0x00000000       0xcc src/ASF/common/services/spi/uc3_spi/spi_master.o
 .text.spi_read_packet
                0x00000000       0xf4 src/ASF/common/services/spi/uc3_spi/spi_master.o
 .text.spi_write_packet
                0x00000000       0xac src/ASF/common/services/spi/uc3_spi/spi_master.o
 .debug_frame   0x00000000      0x224 src/ASF/common/services/spi/uc3_spi/spi_master.o
 .debug_loc     0x00000000      0x331 src/ASF/common/services/spi/uc3_spi/spi_master.o
 .debug_pubnames
                0x00000000       0x57 src/ASF/common/services/spi/uc3_spi/spi_master.o
 .debug_aranges
                0x00000000       0xb0 src/ASF/common/services/spi/uc3_spi/spi_master.o
 .debug_ranges  0x00000000       0xa8 src/ASF/common/services/spi/uc3_spi/spi_master.o
 .debug_str     0x00000000      0x6e0 src/ASF/common/services/spi/uc3_spi/spi_master.o
 .comment       0x00000000       0x31 src/ASF/common/services/spi/uc3_spi/spi_master.o
 .text          0x00000000        0x0 src/ASF/common/services/sleepmgr/uc3/sleepmgr.o
 .data          0x00000000        0x0 src/ASF/common/services/sleepmgr/uc3/sleepmgr.o
 .bss           0x00000000        0x0 src/ASF/common/services/sleepmgr/uc3/sleepmgr.o
 .debug_abbrev  0x00000000       0x7d src/ASF/common/services/sleepmgr/uc3/sleepmgr.o
 .debug_info    0x00000000       0xf9 src/ASF/common/services/sleepmgr/uc3/sleepmgr.o
 .debug_line    0x00000000      0x704 src/ASF/common/services/sleepmgr/uc3/sleepmgr.o
 .debug_macinfo
                0x00000000    0xfdc2a src/ASF/common/services/sleepmgr/uc3/sleepmgr.o
 .debug_pubnames
                0x00000000       0x25 src/ASF/common/services/sleepmgr/uc3/sleepmgr.o
 .debug_str     0x00000000      0x1b9 src/ASF/common/services/sleepmgr/uc3/sleepmgr.o
 .comment       0x00000000       0x31 src/ASF/common/services/sleepmgr/uc3/sleepmgr.o
 COMMON         0x00000000        0x7 src/ASF/common/services/sleepmgr/uc3/sleepmgr.o
 .text          0x00000000        0x0 src/ASF/common/services/serial/usart_serial.o
 .data          0x00000000        0x0 src/ASF/common/services/serial/usart_serial.o
 .bss           0x00000000        0x0 src/ASF/common/services/serial/usart_serial.o
 .debug_abbrev  0x00000000      0x18e src/ASF/common/services/serial/usart_serial.o
 .debug_info    0x00000000     0x228e src/ASF/common/services/serial/usart_serial.o
 .debug_line    0x00000000      0x886 src/ASF/common/services/serial/usart_serial.o
 .debug_macinfo
                0x00000000   0x100376 src/ASF/common/services/serial/usart_serial.o
 .text.usart_serial_putchar
                0x00000000       0x34 src/ASF/common/services/serial/usart_serial.o
 .text.usart_serial_getchar
                0x00000000       0x2c src/ASF/common/services/serial/usart_serial.o
 .text.usart_serial_write_packet
                0x00000000       0x50 src/ASF/common/services/serial/usart_serial.o
 .text.usart_serial_read_packet
                0x00000000       0x4c src/ASF/common/services/serial/usart_serial.o
 .debug_frame   0x00000000       0x80 src/ASF/common/services/serial/usart_serial.o
 .debug_loc     0x00000000       0xac src/ASF/common/services/serial/usart_serial.o
 .debug_pubnames
                0x00000000       0x4d src/ASF/common/services/serial/usart_serial.o
 .debug_aranges
                0x00000000       0x38 src/ASF/common/services/serial/usart_serial.o
 .debug_ranges  0x00000000       0x30 src/ASF/common/services/serial/usart_serial.o
 .debug_str     0x00000000      0x7f1 src/ASF/common/services/serial/usart_serial.o
 .comment       0x00000000       0x31 src/ASF/common/services/serial/usart_serial.o
 .text          0x00000000        0x0 src/ASF/common/services/clock/uc3d/osc.o
 .data          0x00000000        0x0 src/ASF/common/services/clock/uc3d/osc.o
 .bss           0x00000000        0x0 src/ASF/common/services/clock/uc3d/osc.o
 .text.osc_priv_disable_rc120m
                0x00000000       0x40 src/ASF/common/services/clock/uc3d/osc.o
 .text          0x00000000        0x0 src/ASF/common/services/clock/uc3d/pll.o
 .data          0x00000000        0x0 src/ASF/common/services/clock/uc3d/pll.o
 .bss           0x00000000        0x0 src/ASF/common/services/clock/uc3d/pll.o
 .debug_abbrev  0x00000000      0x1ad src/ASF/common/services/clock/uc3d/pll.o
 .debug_info    0x00000000     0x1545 src/ASF/common/services/clock/uc3d/pll.o
 .debug_line    0x00000000      0x7b7 src/ASF/common/services/clock/uc3d/pll.o
 .debug_macinfo
                0x00000000    0xff794 src/ASF/common/services/clock/uc3d/pll.o
 .text.cpu_irq_save
                0x00000000       0x1e src/ASF/common/services/clock/uc3d/pll.o
 .text.cpu_irq_is_enabled_flags
                0x00000000       0x20 src/ASF/common/services/clock/uc3d/pll.o
 .text.cpu_irq_restore
                0x00000000       0x28 src/ASF/common/services/clock/uc3d/pll.o
 .text.pll_config_write
                0x00000000       0x58 src/ASF/common/services/clock/uc3d/pll.o
 .text.pll_enable
                0x00000000       0x58 src/ASF/common/services/clock/uc3d/pll.o
 .text.pll_disable
                0x00000000       0x50 src/ASF/common/services/clock/uc3d/pll.o
 .debug_frame   0x00000000       0xb8 src/ASF/common/services/clock/uc3d/pll.o
 .debug_loc     0x00000000      0x102 src/ASF/common/services/clock/uc3d/pll.o
 .debug_pubnames
                0x00000000       0x46 src/ASF/common/services/clock/uc3d/pll.o
 .debug_aranges
                0x00000000       0x48 src/ASF/common/services/clock/uc3d/pll.o
 .debug_ranges  0x00000000       0x40 src/ASF/common/services/clock/uc3d/pll.o
 .debug_str     0x00000000      0x7af src/ASF/common/services/clock/uc3d/pll.o
 .comment       0x00000000       0x31 src/ASF/common/services/clock/uc3d/pll.o
 .text          0x00000000        0x0 src/ASF/common/services/clock/uc3d/sysclk.o
 .data          0x00000000        0x0 src/ASF/common/services/clock/uc3d/sysclk.o
 .bss           0x00000000        0x0 src/ASF/common/services/clock/uc3d/sysclk.o
 .text.sysclk_priv_disable_module
                0x00000000       0x84 src/ASF/common/services/clock/uc3d/sysclk.o
 .text          0x00000000        0x0 src/ASF/avr32/drivers/pm/power_clocks_lib.o
 .data          0x00000000        0x0 src/ASF/avr32/drivers/pm/power_clocks_lib.o
 .bss           0x00000000        0x0 src/ASF/avr32/drivers/pm/power_clocks_lib.o
 .debug_abbrev  0x00000000      0x16e src/ASF/avr32/drivers/pm/power_clocks_lib.o
 .debug_info    0x00000000      0x4bd src/ASF/avr32/drivers/pm/power_clocks_lib.o
 .debug_line    0x00000000      0x7bb src/ASF/avr32/drivers/pm/power_clocks_lib.o
 .debug_macinfo
                0x00000000    0xfdf59 src/ASF/avr32/drivers/pm/power_clocks_lib.o
 .text.pcl_configure_clocks
                0x00000000       0x24 src/ASF/avr32/drivers/pm/power_clocks_lib.o
 .text.pcl_configure_clocks_uc3d
                0x00000000      0x334 src/ASF/avr32/drivers/pm/power_clocks_lib.o
 .text.pcl_switch_to_osc
                0x00000000       0x60 src/ASF/avr32/drivers/pm/power_clocks_lib.o
 .text.pcl_configure_usb_clock
                0x00000000       0x10 src/ASF/avr32/drivers/pm/power_clocks_lib.o
 .text.pcl_write_gplp
                0x00000000       0x28 src/ASF/avr32/drivers/pm/power_clocks_lib.o
 .text.pcl_read_gplp
                0x00000000       0x24 src/ASF/avr32/drivers/pm/power_clocks_lib.o
 .debug_frame   0x00000000       0xb8 src/ASF/avr32/drivers/pm/power_clocks_lib.o
 .debug_loc     0x00000000      0x102 src/ASF/avr32/drivers/pm/power_clocks_lib.o
 .debug_pubnames
                0x00000000       0x82 src/ASF/avr32/drivers/pm/power_clocks_lib.o
 .debug_aranges
                0x00000000       0x48 src/ASF/avr32/drivers/pm/power_clocks_lib.o
 .debug_ranges  0x00000000       0x40 src/ASF/avr32/drivers/pm/power_clocks_lib.o
 .debug_str     0x00000000      0x50e src/ASF/avr32/drivers/pm/power_clocks_lib.o
 .comment       0x00000000       0x31 src/ASF/avr32/drivers/pm/power_clocks_lib.o
 .text          0x00000000        0x0 src/ASF/avr32/drivers/pwma/pwma.o
 .data          0x00000000        0x0 src/ASF/avr32/drivers/pwma/pwma.o
 .bss           0x00000000        0x0 src/ASF/avr32/drivers/pwma/pwma.o
 .debug_abbrev  0x00000000      0x179 src/ASF/avr32/drivers/pwma/pwma.o
 .debug_info    0x00000000      0xa50 src/ASF/avr32/drivers/pwma/pwma.o
 .debug_line    0x00000000      0x72e src/ASF/avr32/drivers/pwma/pwma.o
 .debug_macinfo
                0x00000000    0xfdaf4 src/ASF/avr32/drivers/pwma/pwma.o
 .text.pwma_wait_for_ready
                0x00000000       0x1e src/ASF/avr32/drivers/pwma/pwma.o
 .text.pwma_config_and_enable
                0x00000000       0x4c src/ASF/avr32/drivers/pwma/pwma.o
 .text.pwma_config_enable
                0x00000000       0xac src/ASF/avr32/drivers/pwma/pwma.o
 .text.pwma_set_channels_value
                0x00000000       0xb4 src/ASF/avr32/drivers/pwma/pwma.o
 .text.pwma_set_multiple_values
                0x00000000      0x148 src/ASF/avr32/drivers/pwma/pwma.o
 .text.pwma_write_top_value
                0x00000000       0x4c src/ASF/avr32/drivers/pwma/pwma.o
 .text.pwma_enable_cwg_mode
                0x00000000       0x20 src/ASF/avr32/drivers/pwma/pwma.o
 .debug_frame   0x00000000       0xdc src/ASF/avr32/drivers/pwma/pwma.o
 .debug_loc     0x00000000      0x12d src/ASF/avr32/drivers/pwma/pwma.o
 .debug_pubnames
                0x00000000       0xaf src/ASF/avr32/drivers/pwma/pwma.o
 .debug_aranges
                0x00000000       0x50 src/ASF/avr32/drivers/pwma/pwma.o
 .debug_ranges  0x00000000       0x48 src/ASF/avr32/drivers/pwma/pwma.o
 .debug_str     0x00000000      0x49b src/ASF/avr32/drivers/pwma/pwma.o
 .comment       0x00000000       0x31 src/ASF/avr32/drivers/pwma/pwma.o
 .text          0x00000000        0x0 src/ASF/avr32/drivers/spi/spi.o
 .data          0x00000000        0x0 src/ASF/avr32/drivers/spi/spi.o
 .bss           0x00000000        0x0 src/ASF/avr32/drivers/spi/spi.o
 .text.getBaudDiv
                0x00000000       0x50 src/ASF/avr32/drivers/spi/spi.o
 .text.spi_initTest
                0x00000000       0x32 src/ASF/avr32/drivers/spi/spi.o
 .text.spi_initMaster
                0x00000000       0x94 src/ASF/avr32/drivers/spi/spi.o
 .text.spi_selectionMode
                0x00000000       0x94 src/ASF/avr32/drivers/spi/spi.o
 .text.spi_selectChip
                0x00000000       0x98 src/ASF/avr32/drivers/spi/spi.o
 .text.spi_unselectChip
                0x00000000       0x6a src/ASF/avr32/drivers/spi/spi.o
 .text.spi_setupChipReg
                0x00000000      0x184 src/ASF/avr32/drivers/spi/spi.o
 .text.spi_disable
                0x00000000       0x1a src/ASF/avr32/drivers/spi/spi.o
 .text.spi_is_enabled
                0x00000000       0x22 src/ASF/avr32/drivers/spi/spi.o
 .text.spi_writeRegisterEmptyCheck
                0x00000000       0x20 src/ASF/avr32/drivers/spi/spi.o
 .text.spi_write
                0x00000000       0x58 src/ASF/avr32/drivers/spi/spi.o
 .text.spi_variableSlaveWrite
                0x00000000       0x98 src/ASF/avr32/drivers/spi/spi.o
 .text.spi_writeEndCheck
                0x00000000       0x20 src/ASF/avr32/drivers/spi/spi.o
 .text.spi_readRegisterFullCheck
                0x00000000       0x20 src/ASF/avr32/drivers/spi/spi.o
 .text.spi_read
                0x00000000       0x5e src/ASF/avr32/drivers/spi/spi.o
 .text.spi_getStatus
                0x00000000       0x68 src/ASF/avr32/drivers/spi/spi.o
 .text          0x00000000        0x0 src/ASF/avr32/drivers/twim/twim.o
 .data          0x00000000        0x0 src/ASF/avr32/drivers/twim/twim.o
 .bss           0x00000000        0x0 src/ASF/avr32/drivers/twim/twim.o
 .text.twim_read
                0x00000000      0x134 src/ASF/avr32/drivers/twim/twim.o
 .text.twim_write_packet
                0x00000000      0x13c src/ASF/avr32/drivers/twim/twim.o
 .text.twim_chained_transfer
                0x00000000      0x340 src/ASF/avr32/drivers/twim/twim.o
 .text          0x00000000        0x0 src/ASF/avr32/drivers/twis/twis.o
 .data          0x00000000        0x0 src/ASF/avr32/drivers/twis/twis.o
 .bss           0x00000000        0x0 src/ASF/avr32/drivers/twis/twis.o
 .debug_abbrev  0x00000000      0x1f2 src/ASF/avr32/drivers/twis/twis.o
 .debug_info    0x00000000      0xeed src/ASF/avr32/drivers/twis/twis.o
 .debug_line    0x00000000      0x7d2 src/ASF/avr32/drivers/twis/twis.o
 .debug_macinfo
                0x00000000    0xfecbf src/ASF/avr32/drivers/twis/twis.o
 .text.cpu_irq_save
                0x00000000       0x1e src/ASF/avr32/drivers/twis/twis.o
 .text.cpu_irq_is_enabled_flags
                0x00000000       0x20 src/ASF/avr32/drivers/twis/twis.o
 .text.cpu_irq_restore
                0x00000000       0x28 src/ASF/avr32/drivers/twis/twis.o
 .bss.twis_inst_slave
                0x00000000        0x4 src/ASF/avr32/drivers/twis/twis.o
 .bss.twis_slave_fct
                0x00000000        0xc src/ASF/avr32/drivers/twis/twis.o
 .text.twis_slave_interrupt_handler
                0x00000000      0x19c src/ASF/avr32/drivers/twis/twis.o
 .text.twis_slave_init
                0x00000000      0x144 src/ASF/avr32/drivers/twis/twis.o
 .text.twis_send_data_nack
                0x00000000       0x58 src/ASF/avr32/drivers/twis/twis.o
 .text.twis_send_data_ack
                0x00000000       0x22 src/ASF/avr32/drivers/twis/twis.o
 .debug_frame   0x00000000       0xd8 src/ASF/avr32/drivers/twis/twis.o
 .debug_loc     0x00000000      0x12d src/ASF/avr32/drivers/twis/twis.o
 .debug_pubnames
                0x00000000       0x55 src/ASF/avr32/drivers/twis/twis.o
 .debug_aranges
                0x00000000       0x50 src/ASF/avr32/drivers/twis/twis.o
 .debug_ranges  0x00000000       0x48 src/ASF/avr32/drivers/twis/twis.o
 .debug_str     0x00000000      0x514 src/ASF/avr32/drivers/twis/twis.o
 .comment       0x00000000       0x31 src/ASF/avr32/drivers/twis/twis.o
 .text          0x00000000        0xc src/ASF/avr32/drivers/usart/usart.o
 .data          0x00000000        0x0 src/ASF/avr32/drivers/usart/usart.o
 .bss           0x00000000        0x0 src/ASF/avr32/drivers/usart/usart.o
 .debug_abbrev  0x00000000      0x266 src/ASF/avr32/drivers/usart/usart.o
 .debug_info    0x00000000     0x2c09 src/ASF/avr32/drivers/usart/usart.o
 .debug_line    0x00000000      0xa3c src/ASF/avr32/drivers/usart/usart.o
 .debug_macinfo
                0x00000000    0xfdec0 src/ASF/avr32/drivers/usart/usart.o
 .text.cpu_irq_is_enabled_flags
                0x00000000       0x20 src/ASF/avr32/drivers/usart/usart.o
 .text.usart_set_async_baudrate
                0x00000000       0xd2 src/ASF/avr32/drivers/usart/usart.o
 .text.usart_set_sync_master_baudrate
                0x00000000       0x70 src/ASF/avr32/drivers/usart/usart.o
 .text.usart_set_sync_slave_baudrate
                0x00000000       0x28 src/ASF/avr32/drivers/usart/usart.o
 .text.usart_set_iso7816_clock
                0x00000000       0x72 src/ASF/avr32/drivers/usart/usart.o
 .text.usart_set_spi_master_baudrate
                0x00000000       0x70 src/ASF/avr32/drivers/usart/usart.o
 .text.usart_set_spi_slave_baudrate
                0x00000000       0x28 src/ASF/avr32/drivers/usart/usart.o
 .text.usart_reset
                0x00000000       0x74 src/ASF/avr32/drivers/usart/usart.o
 .text.usart_init_rs232
                0x00000000      0x170 src/ASF/avr32/drivers/usart/usart.o
 .text.usart_init_rs232_tx_only
                0x00000000      0x17c src/ASF/avr32/drivers/usart/usart.o
 .text.usart_init_hw_handshaking
                0x00000000       0x50 src/ASF/avr32/drivers/usart/usart.o
 .text.usart_init_modem
                0x00000000       0x54 src/ASF/avr32/drivers/usart/usart.o
 .text.usart_init_sync_master
                0x00000000      0x184 src/ASF/avr32/drivers/usart/usart.o
 .text.usart_init_sync_slave
                0x00000000      0x170 src/ASF/avr32/drivers/usart/usart.o
 .text.usart_init_rs485
                0x00000000       0x50 src/ASF/avr32/drivers/usart/usart.o
 .text.usart_init_IrDA
                0x00000000       0x6c src/ASF/avr32/drivers/usart/usart.o
 .text.usart_init_iso7816
                0x00000000      0x11c src/ASF/avr32/drivers/usart/usart.o
 .text.usart_init_lin_master
                0x00000000       0x64 src/ASF/avr32/drivers/usart/usart.o
 .text.usart_init_lin_slave
                0x00000000       0x64 src/ASF/avr32/drivers/usart/usart.o
 .text.usart_init_spi_master
                0x00000000      0x11c src/ASF/avr32/drivers/usart/usart.o
 .text.usart_init_spi_slave
                0x00000000      0x108 src/ASF/avr32/drivers/usart/usart.o
 .text.usart_spi_selectChip
                0x00000000       0x20 src/ASF/avr32/drivers/usart/usart.o
 .text.usart_spi_unselectChip
                0x00000000       0x5c src/ASF/avr32/drivers/usart/usart.o
 .text.usart_send_address
                0x00000000       0x6c src/ASF/avr32/drivers/usart/usart.o
 .text.usart_write_char
                0x00000000       0x44 src/ASF/avr32/drivers/usart/usart.o
 .text.usart_putchar
                0x00000000       0x54 src/ASF/avr32/drivers/usart/usart.o
 .text.usart_read_char
                0x00000000       0x52 src/ASF/avr32/drivers/usart/usart.o
 .text.usart_getchar
                0x00000000       0x44 src/ASF/avr32/drivers/usart/usart.o
 .text.usart_write_line
                0x00000000       0x40 src/ASF/avr32/drivers/usart/usart.o
 .text.usart_get_echo_line
                0x00000000       0x8c src/ASF/avr32/drivers/usart/usart.o
 .debug_frame   0x00000000      0x358 src/ASF/avr32/drivers/usart/usart.o
 .debug_loc     0x00000000      0x50a src/ASF/avr32/drivers/usart/usart.o
 .debug_pubnames
                0x00000000      0x227 src/ASF/avr32/drivers/usart/usart.o
 .debug_aranges
                0x00000000      0x108 src/ASF/avr32/drivers/usart/usart.o
 .debug_ranges  0x00000000      0x100 src/ASF/avr32/drivers/usart/usart.o
 .debug_str     0x00000000      0xa74 src/ASF/avr32/drivers/usart/usart.o
 .comment       0x00000000       0x31 src/ASF/avr32/drivers/usart/usart.o
 .text          0x00000000        0x0 src/ASF/avr32/drivers/intc/exception.o
 .data          0x00000000        0x0 src/ASF/avr32/drivers/intc/exception.o
 .bss           0x00000000        0x0 src/ASF/avr32/drivers/intc/exception.o
 .text          0x00000000        0x0 src/ASF/avr32/drivers/intc/intc.o
 .data          0x00000000        0x0 src/ASF/avr32/drivers/intc/intc.o
 .bss           0x00000000        0x0 src/ASF/avr32/drivers/intc/intc.o
 .text          0x00000000        0x0 src/ASF/avr32/utils/startup/startup_uc3.o
 .data          0x00000000        0x0 src/ASF/avr32/utils/startup/startup_uc3.o
 .bss           0x00000000        0x0 src/ASF/avr32/utils/startup/startup_uc3.o
 .reset         0x00000000        0x8 src/ASF/avr32/utils/startup/startup_uc3.o
 .text          0x00000000        0x0 src/ASF/avr32/utils/startup/trampoline_uc3.o
 .data          0x00000000        0x0 src/ASF/avr32/utils/startup/trampoline_uc3.o
 .bss           0x00000000        0x0 src/ASF/avr32/utils/startup/trampoline_uc3.o
 .text          0x00000000        0x0 src/ASF/common/boards/user_board/init.o
 .data          0x00000000        0x0 src/ASF/common/boards/user_board/init.o
 .bss           0x00000000        0x0 src/ASF/common/boards/user_board/init.o
 .text          0x00000000        0x0 src/main.o
 .data          0x00000000        0x0 src/main.o
 .bss           0x00000000        0x0 src/main.o
 .data          0x00000000        0x0 c:/program files (x86)/atmel/studio/7.0/toolchain/avr32/avr32-gnu-toolchain/bin/../lib/gcc/avr32/4.4.7/ucr3\libgcc.a(_udivdi3.o)
 .bss           0x00000000        0x0 c:/program files (x86)/atmel/studio/7.0/toolchain/avr32/avr32-gnu-toolchain/bin/../lib/gcc/avr32/4.4.7/ucr3\libgcc.a(_udivdi3.o)

Memory Configuration

Name             Origin             Length             Attributes
FLASH            0x80000000         0x00010000         axrl !w
CPUSRAM          0x00000004         0x00003ffc         axw !rl
USERPAGE         0x80800000         0x00000100
FACTORYPAGE      0x80800100         0x00000100
*default*        0x00000000         0xffffffff

Linker script and memory map

                0x00001000                _stack_size = 0x1000
LOAD src/ASF/avr32/drivers/flashcdw/flashcdw.o
LOAD src/ASF/avr32/drivers/gpio/gpio.o
LOAD src/ASF/avr32/drivers/pdca/pdca.o
LOAD src/ASF/avr32/drivers/pm/pm_uc3d.o
LOAD src/ASF/avr32/drivers/scif/scif_uc3d.o
LOAD src/ASF/avr32/drivers/wdt/wdt4.o
LOAD src/com_spi.o
LOAD src/motor_control.o
LOAD src/pid.o
LOAD src/sensor.o
LOAD src/settings_t.o
LOAD src/ASF/avr32/drivers/tc/tc.o
LOAD src/ASF/common/services/spi/uc3_spi/spi_master.o
LOAD src/ASF/common/services/sleepmgr/uc3/sleepmgr.o
LOAD src/ASF/common/services/serial/usart_serial.o
LOAD src/ASF/common/services/clock/uc3d/osc.o
LOAD src/ASF/common/services/clock/uc3d/pll.o
LOAD src/ASF/common/services/clock/uc3d/sysclk.o
LOAD src/ASF/avr32/drivers/pm/power_clocks_lib.o
LOAD src/ASF/avr32/drivers/pwma/pwma.o
LOAD src/ASF/avr32/drivers/spi/spi.o
LOAD src/ASF/avr32/drivers/twim/twim.o
LOAD src/ASF/avr32/drivers/twis/twis.o
LOAD src/ASF/avr32/drivers/usart/usart.o
LOAD src/ASF/avr32/drivers/intc/exception.o
LOAD src/ASF/avr32/drivers/intc/intc.o
LOAD src/ASF/avr32/utils/startup/startup_uc3.o
LOAD src/ASF/avr32/utils/startup/trampoline_uc3.o
LOAD src/ASF/common/boards/user_board/init.o
LOAD src/main.o
START GROUP
LOAD c:/program files (x86)/atmel/studio/7.0/toolchain/avr32/avr32-gnu-toolchain/bin/../lib/gcc/avr32/4.4.7/../../../../avr32/lib/ucr3\libm.a
END GROUP
LOAD c:/program files (x86)/atmel/studio/7.0/toolchain/avr32/avr32-gnu-toolchain/bin/../lib/gcc/avr32/4.4.7/ucr3\libgcc.a
LOAD c:/program files (x86)/atmel/studio/7.0/toolchain/avr32/avr32-gnu-toolchain/bin/../lib/gcc/avr32/4.4.7/../../../../avr32/lib/ucr3\libc.a
LOAD c:/program files (x86)/atmel/studio/7.0/toolchain/avr32/avr32-gnu-toolchain/bin/../lib/gcc/avr32/4.4.7/ucr3\libgcc.a
                0x80000000                PROVIDE (__executable_start, 0x80000000)
                0x80000000                . = 0x80000000

.interp
 *(.interp)

.reset          0x80000000     0x2004
 *(.reset)
 .reset         0x80000000     0x2004 src/ASF/avr32/utils/startup/trampoline_uc3.o
                               0x2008 (size before relaxing)
                0x80000000                _trampoline

.hash
 *(.hash)

.dynsym
 *(.dynsym)

.dynstr
 *(.dynstr)

.gnu.version
 *(.gnu.version)

.gnu.version_d
 *(.gnu.version_d)

.gnu.version_r
 *(.gnu.version_r)

.rel.init
 *(.rel.init)

.rela.init
 *(.rela.init)

.rel.text
 *(.rel.text .rel.text.* .rel.gnu.linkonce.t.*)

.rela.text
 *(.rela.text .rela.text.* .rela.gnu.linkonce.t.*)

.rel.fini
 *(.rel.fini)

.rela.fini
 *(.rela.fini)

.rel.rodata
 *(.rel.rodata .rel.rodata.* .rel.gnu.linkonce.r.*)

.rela.rodata
 *(.rela.rodata .rela.rodata.* .rela.gnu.linkonce.r.*)

.rel.data.rel.ro
 *(.rel.data.rel.ro*)

.rela.data.rel.ro
 *(.rel.data.rel.ro*)

.rel.data
 *(.rel.data .rel.data.* .rel.gnu.linkonce.d.*)

.rela.data
 *(.rela.data .rela.data.* .rela.gnu.linkonce.d.*)

.rel.tdata
 *(.rel.tdata .rel.tdata.* .rel.gnu.linkonce.td.*)

.rela.tdata
 *(.rela.tdata .rela.tdata.* .rela.gnu.linkonce.td.*)

.rel.tbss
 *(.rel.tbss .rel.tbss.* .rel.gnu.linkonce.tb.*)

.rela.tbss
 *(.rela.tbss .rela.tbss.* .rela.gnu.linkonce.tb.*)

.rel.ctors
 *(.rel.ctors)

.rela.ctors
 *(.rela.ctors)

.rel.dtors
 *(.rel.dtors)

.rela.dtors
 *(.rela.dtors)

.rel.got
 *(.rel.got)

.rela.got       0x80002004        0x0
 *(.rela.got)
 .rela.got      0x80002004        0x0 src/ASF/avr32/drivers/flashcdw/flashcdw.o

.rel.bss
 *(.rel.bss .rel.bss.* .rel.gnu.linkonce.b.*)

.rela.bss
 *(.rela.bss .rela.bss.* .rela.gnu.linkonce.b.*)

.rel.plt
 *(.rel.plt)

.rela.plt
 *(.rela.plt)

.init
 *(.init)

.plt
 *(.plt)

.text           0x80002004     0x40d0
 *(.text .stub .text.* .gnu.linkonce.t.*)
 .text.flashcdw_set_wait_state
                0x80002004       0x46 src/ASF/avr32/drivers/flashcdw/flashcdw.o
                0x80002004                flashcdw_set_wait_state
 *fill*         0x8000204a        0x2 d703d703
 .text.flashcdw_set_flash_waitstate_and_readmode
                0x8000204c       0x6c src/ASF/avr32/drivers/flashcdw/flashcdw.o
                0x8000204c                flashcdw_set_flash_waitstate_and_readmode
 .text.flashcdw_is_ready
                0x800020b8       0x18 src/ASF/avr32/drivers/flashcdw/flashcdw.o
                0x800020b8                flashcdw_is_ready
 .text.flashcdw_default_wait_until_ready
                0x800020d0       0x1c src/ASF/avr32/drivers/flashcdw/flashcdw.o
                0x800020d0                flashcdw_default_wait_until_ready
 .text.flashcdw_get_error_status
                0x800020ec       0x16 src/ASF/avr32/drivers/flashcdw/flashcdw.o
 *fill*         0x80002102        0x2 d703d703
 .text.flashcdw_issue_command
                0x80002104       0x88 src/ASF/avr32/drivers/flashcdw/flashcdw.o
                0x80002104                flashcdw_issue_command
 .text.flashcdw_clear_page_buffer
                0x8000218c       0x18 src/ASF/avr32/drivers/flashcdw/flashcdw.o
                0x8000218c                flashcdw_clear_page_buffer
 .text.flashcdw_is_page_erased
                0x800021a4       0x1a src/ASF/avr32/drivers/flashcdw/flashcdw.o
                0x800021a4                flashcdw_is_page_erased
 *fill*         0x800021be        0x2 d703d703
 .text.flashcdw_quick_page_read
                0x800021c0       0x2c src/ASF/avr32/drivers/flashcdw/flashcdw.o
                0x800021c0                flashcdw_quick_page_read
 .text.flashcdw_erase_page
                0x800021ec       0x68 src/ASF/avr32/drivers/flashcdw/flashcdw.o
                0x800021ec                flashcdw_erase_page
 .text.flashcdw_write_page
                0x80002254       0x20 src/ASF/avr32/drivers/flashcdw/flashcdw.o
                0x80002254                flashcdw_write_page
 .text.flashcdw_quick_user_page_read
                0x80002274       0x24 src/ASF/avr32/drivers/flashcdw/flashcdw.o
                0x80002274                flashcdw_quick_user_page_read
 .text.flashcdw_erase_user_page
                0x80002298       0x3c src/ASF/avr32/drivers/flashcdw/flashcdw.o
                0x80002298                flashcdw_erase_user_page
 .text.flashcdw_write_user_page
                0x800022d4       0x18 src/ASF/avr32/drivers/flashcdw/flashcdw.o
                0x800022d4                flashcdw_write_user_page
 .text.flashcdw_memcpy
                0x800022ec      0x1b0 src/ASF/avr32/drivers/flashcdw/flashcdw.o
                0x800022ec                flashcdw_memcpy
 .text.gpio_enable_module
                0x8000249c       0x70 src/ASF/avr32/drivers/gpio/gpio.o
                0x8000249c                gpio_enable_module
 .text.gpio_enable_module_pin
                0x8000250c      0x27c src/ASF/avr32/drivers/gpio/gpio.o
                0x8000250c                gpio_enable_module_pin
 .text.cpu_irq_save
                0x80002788       0x1e src/ASF/avr32/drivers/pdca/pdca.o
 .text.cpu_irq_is_enabled_flags
                0x800027a6       0x20 src/ASF/avr32/drivers/pdca/pdca.o
 *fill*         0x800027c6        0x2 d703d703
 .text.cpu_irq_restore
                0x800027c8       0x28 src/ASF/avr32/drivers/pdca/pdca.o
 .text.pdca_get_handler
                0x800027f0       0x3a src/ASF/avr32/drivers/pdca/pdca.o
                0x800027f0                pdca_get_handler
 *fill*         0x8000282a        0x2 d703d703
 .text.pdca_init_channel
                0x8000282c       0xd0 src/ASF/avr32/drivers/pdca/pdca.o
                0x8000282c                pdca_init_channel
 .text.pdca_disable
                0x800028fc       0x30 src/ASF/avr32/drivers/pdca/pdca.o
                0x800028fc                pdca_disable
 .text.pdca_enable
                0x8000292c       0x30 src/ASF/avr32/drivers/pdca/pdca.o
                0x8000292c                pdca_enable
 .text.pdca_disable_interrupt_transfer_complete
                0x8000295c       0x50 src/ASF/avr32/drivers/pdca/pdca.o
                0x8000295c                pdca_disable_interrupt_transfer_complete
 .text.pdca_disable_interrupt_reload_counter_zero
                0x800029ac       0x50 src/ASF/avr32/drivers/pdca/pdca.o
                0x800029ac                pdca_disable_interrupt_reload_counter_zero
 .text.cpu_irq_is_enabled_flags
                0x800029fc       0x20 src/com_spi.o
 .text.sysclk_enable_hsb_module
                0x80002a1c       0x20 src/com_spi.o
 .text.sysclk_enable_pba_module
                0x80002a3c       0x20 src/com_spi.o
 .text.sysclk_enable_pbb_module
                0x80002a5c       0x20 src/com_spi.o
 .text.sysclk_enable_peripheral_clock
                0x80002a7c      0x1c8 src/com_spi.o
 .text.ioport_set_pin_dir
                0x80002c44       0xb4 src/com_spi.o
 .text.ioport_set_pin_level
                0x80002cf8       0xb2 src/com_spi.o
 .text.spi_get  0x80002daa       0x1c src/com_spi.o
 *fill*         0x80002dc6        0x2 d703d703
 .text.com_spi_interrupt_handler
                0x80002dc8       0xac src/com_spi.o
 .text.com_spi_init
                0x80002e74       0xbc src/com_spi.o
                0x80002e74                com_spi_init
 .text.sysclk_get_main_hz
                0x80002f30       0x14 src/motor_control.o
 .text.sysclk_get_pba_hz
                0x80002f44       0x18 src/motor_control.o
 .text.sysclk_enable_hsb_module
                0x80002f5c       0x20 src/motor_control.o
 .text.sysclk_enable_pba_module
                0x80002f7c       0x20 src/motor_control.o
 .text.sysclk_enable_pbb_module
                0x80002f9c       0x20 src/motor_control.o
 .text.sysclk_enable_peripheral_clock
                0x80002fbc      0x1c8 src/motor_control.o
 .text.ioport_set_pin_dir
                0x80003184       0xb4 src/motor_control.o
 .text.motor_init
                0x80003238      0x34c src/motor_control.o
                0x80003238                motor_init
 .text.t_c1_rc_isr
                0x80003584       0x50 src/motor_control.o
                0x80003584                t_c1_rc_isr
 .text.t_c2_rc_isr
                0x800035d4       0x50 src/motor_control.o
                0x800035d4                t_c2_rc_isr
 .text.set_motor_speeds
                0x80003624       0xa0 src/motor_control.o
                0x80003624                set_motor_speeds
 .text.sysclk_get_main_hz
                0x800036c4       0x14 src/pid.o
 .text.sysclk_get_cpu_hz
                0x800036d8       0x18 src/pid.o
 .text.get_time_since_last_pid
                0x800036f0      0x130 src/pid.o
                0x800036f0                get_time_since_last_pid
 .text.calculate_actuating_variable
                0x80003820       0xc8 src/pid.o
                0x80003820                calculate_actuating_variable
 .text.control  0x800038e8      0x1ac src/pid.o
                0x800038e8                control
 .text.sysclk_get_main_hz
                0x80003a94       0x14 src/sensor.o
 .text.sysclk_get_cpu_hz
                0x80003aa8       0x18 src/sensor.o
 .text.sysclk_get_pba_hz
                0x80003ac0       0x18 src/sensor.o
 .text.sysclk_enable_hsb_module
                0x80003ad8       0x20 src/sensor.o
 .text.sysclk_enable_pba_module
                0x80003af8       0x20 src/sensor.o
 .text.sysclk_enable_pbb_module
                0x80003b18       0x20 src/sensor.o
 .text.sysclk_enable_peripheral_clock
                0x80003b38      0x1c8 src/sensor.o
 .text.ioport_set_pin_dir
                0x80003d00       0xb4 src/sensor.o
 .text.ioport_set_pin_level
                0x80003db4       0xb2 src/sensor.o
 *fill*         0x80003e66        0x2 d703d703
 .text.sensor_init
                0x80003e68      0x4f8 src/sensor.o
                0x80003e68                sensor_init
 .text.sensor_led_init
                0x80004360       0x44 src/sensor.o
                0x80004360                sensor_led_init
 .text.read_sensor_data
                0x800043a4       0x5c src/sensor.o
                0x800043a4                read_sensor_data
 .text.write_sensor_data
                0x80004400      0x118 src/sensor.o
                0x80004400                write_sensor_data
 .text.read_sensor_euler
                0x80004518       0x74 src/sensor.o
                0x80004518                read_sensor_euler
 .text.ioport_set_pin_mode
                0x8000458c      0x11a src/settings_t.o
 .text.ioport_set_pin_dir
                0x800046a6       0xb4 src/settings_t.o
 .text.ioport_get_pin_level
                0x8000475a       0x60 src/settings_t.o
 *fill*         0x800047ba        0x2 d703d703
 .text.settings_init
                0x800047bc       0x88 src/settings_t.o
                0x800047bc                settings_init
 .text.settings_save
                0x80004844       0x24 src/settings_t.o
                0x80004844                settings_save
 .text.check_save
                0x80004868       0x48 src/settings_t.o
                0x80004868                check_save
 .text.set_default_values
                0x800048b0       0xa8 src/settings_t.o
                0x800048b0                set_default_values
 .text.cpu_irq_is_enabled_flags
                0x80004958       0x20 src/ASF/avr32/drivers/tc/tc.o
 .text.tc_configure_interrupts
                0x80004978      0x1e8 src/ASF/avr32/drivers/tc/tc.o
                0x80004978                tc_configure_interrupts
 .text.tc_init_waveform
                0x80004b60      0x154 src/ASF/avr32/drivers/tc/tc.o
                0x80004b60                tc_init_waveform
 .text.tc_start
                0x80004cb4       0x3a src/ASF/avr32/drivers/tc/tc.o
                0x80004cb4                tc_start
 .text.tc_read_sr
                0x80004cee       0x3a src/ASF/avr32/drivers/tc/tc.o
                0x80004cee                tc_read_sr
 .text.tc_write_ra
                0x80004d28       0x78 src/ASF/avr32/drivers/tc/tc.o
                0x80004d28                tc_write_ra
 .text.tc_write_rb
                0x80004da0       0x78 src/ASF/avr32/drivers/tc/tc.o
                0x80004da0                tc_write_rb
 .text.tc_write_rc
                0x80004e18       0x78 src/ASF/avr32/drivers/tc/tc.o
                0x80004e18                tc_write_rc
 .text.cpu_irq_save
                0x80004e90       0x1e src/ASF/common/services/clock/uc3d/osc.o
 .text.cpu_irq_is_enabled_flags
                0x80004eae       0x20 src/ASF/common/services/clock/uc3d/osc.o
 *fill*         0x80004ece        0x2 d703d703
 .text.cpu_irq_restore
                0x80004ed0       0x28 src/ASF/common/services/clock/uc3d/osc.o
 .text.osc_priv_enable_rc120m
                0x80004ef8       0x40 src/ASF/common/services/clock/uc3d/osc.o
                0x80004ef8                osc_priv_enable_rc120m
 .text.cpu_irq_save
                0x80004f38       0x1e src/ASF/common/services/clock/uc3d/sysclk.o
 .text.cpu_irq_is_enabled_flags
                0x80004f56       0x20 src/ASF/common/services/clock/uc3d/sysclk.o
 *fill*         0x80004f76        0x2 d703d703
 .text.cpu_irq_restore
                0x80004f78       0x28 src/ASF/common/services/clock/uc3d/sysclk.o
 .text.osc_enable
                0x80004fa0       0x24 src/ASF/common/services/clock/uc3d/sysclk.o
 .text.osc_is_ready
                0x80004fc4       0x3a src/ASF/common/services/clock/uc3d/sysclk.o
 *fill*         0x80004ffe        0x2 d703d703
 .text.osc_wait_ready
                0x80005000       0x2c src/ASF/common/services/clock/uc3d/sysclk.o
 .text.sysclk_get_main_hz
                0x8000502c       0x14 src/ASF/common/services/clock/uc3d/sysclk.o
 .text.sysclk_get_cpu_hz
                0x80005040       0x18 src/ASF/common/services/clock/uc3d/sysclk.o
 .text.sysclk_priv_enable_module
                0x80005058       0x80 src/ASF/common/services/clock/uc3d/sysclk.o
                0x80005058                sysclk_priv_enable_module
 .text.sysclk_set_prescalers
                0x800050d8       0xcc src/ASF/common/services/clock/uc3d/sysclk.o
                0x800050d8                sysclk_set_prescalers
 .text.sysclk_set_source
                0x800051a4       0x44 src/ASF/common/services/clock/uc3d/sysclk.o
                0x800051a4                sysclk_set_source
 .text.sysclk_init
                0x800051e8       0x4c src/ASF/common/services/clock/uc3d/sysclk.o
                0x800051e8                sysclk_init
 .text.spi_initSlave
                0x80005234       0x8a src/ASF/avr32/drivers/spi/spi.o
                0x80005234                spi_initSlave
 .text.spi_enable
                0x800052be       0x1a src/ASF/avr32/drivers/spi/spi.o
                0x800052be                spi_enable
 .text.cpu_irq_save
                0x800052d8       0x1e src/ASF/avr32/drivers/twim/twim.o
 .text.cpu_irq_is_enabled_flags
                0x800052f6       0x20 src/ASF/avr32/drivers/twim/twim.o
 *fill*         0x80005316        0x2 d703d703
 .text.cpu_irq_restore
                0x80005318       0x28 src/ASF/avr32/drivers/twim/twim.o
 .text.twim_master_interrupt_handler
                0x80005340      0x144 src/ASF/avr32/drivers/twim/twim.o
 .text.twim_set_speed
                0x80005484       0xa8 src/ASF/avr32/drivers/twim/twim.o
                0x80005484                twim_set_speed
 .text.twim_master_init
                0x8000552c      0x110 src/ASF/avr32/drivers/twim/twim.o
                0x8000552c                twim_master_init
 .text.twim_disable_interrupt
                0x8000563c       0x44 src/ASF/avr32/drivers/twim/twim.o
                0x8000563c                twim_disable_interrupt
 .text.twim_probe
                0x80005680       0x38 src/ASF/avr32/drivers/twim/twim.o
                0x80005680                twim_probe
 .text.twim_read_packet
                0x800056b8      0x17c src/ASF/avr32/drivers/twim/twim.o
                0x800056b8                twim_read_packet
 .text.twim_write
                0x80005834      0x104 src/ASF/avr32/drivers/twim/twim.o
                0x80005834                twim_write
 .text.twim_status
                0x80005938       0x30 src/ASF/avr32/drivers/twim/twim.o
                0x80005938                twim_status
 .text._unhandled_interrupt
                0x80005968        0x8 src/ASF/avr32/drivers/intc/intc.o
 .text._get_interrupt_handler
                0x80005970       0x70 src/ASF/avr32/drivers/intc/intc.o
                0x80005970                _get_interrupt_handler
 .text.INTC_init_evba
                0x800059e0       0x14 src/ASF/avr32/drivers/intc/intc.o
 .text.INTC_init_interrupts
                0x800059f4       0x98 src/ASF/avr32/drivers/intc/intc.o
                0x800059f4                INTC_init_interrupts
 .text.INTC_register_interrupt
                0x80005a8c       0xd4 src/ASF/avr32/drivers/intc/intc.o
                0x80005a8c                INTC_register_interrupt
 .text._stext   0x80005b60       0x3c src/ASF/avr32/utils/startup/startup_uc3.o
                                 0x50 (size before relaxing)
                0x80005b60                _stext
 .text.sysclk_enable_pba_module
                0x80005b9c       0x20 src/ASF/common/boards/user_board/init.o
 .text.ioport_init
                0x80005bbc       0x14 src/ASF/common/boards/user_board/init.o
 .text.ioport_set_pin_dir
                0x80005bd0       0xb4 src/ASF/common/boards/user_board/init.o
 .text.board_init
                0x80005c84       0x58 src/ASF/common/boards/user_board/init.o
                0x80005c84                board_init
 .text.ioport_set_pin_level
                0x80005cdc       0xb2 src/main.o
 *fill*         0x80005d8e        0x2 d703d703
 .text.main     0x80005d90       0xe0 src/main.o
                0x80005d90                main
 .text          0x80005e70      0x264 c:/program files (x86)/atmel/studio/7.0/toolchain/avr32/avr32-gnu-toolchain/bin/../lib/gcc/avr32/4.4.7/ucr3\libgcc.a(_udivdi3.o)
                0x80005e70                __avr32_udiv64
                0x80005e70                __udivdi3
 *(.text.*personality*)
 *(.gnu.warning)

.exception      0x80006200      0x200
 .exception     0x80006200      0x200 src/ASF/avr32/drivers/intc/exception.o
                0x80006200                _evba
                0x80006304                _int0
                0x80006312                _int1
                0x80006320                _int2
                0x8000632e                _int3

.fini
 *(.fini)
                0x80006400                PROVIDE (__etext, .)
                0x80006400                PROVIDE (_etext, .)
                0x80006400                PROVIDE (etext, .)

.rodata         0x80006400      0x118
 *(.rodata .rodata.* .gnu.linkonce.r.*)
 .rodata.gpio_enable_module_pin
                0x80006400       0x20 src/ASF/avr32/drivers/gpio/gpio.o
 .rodata.SPI_GPIO_MAP.14668
                0x80006420       0x18 src/com_spi.o
 .rodata.TIMER_GPIO_MAP.14671
                0x80006438       0x20 src/motor_control.o
 .rodata.TWI_GPIO_MAP.14632
                0x80006458       0x10 src/sensor.o
 .rodata._int_handler_table
                0x80006468       0xb0 src/ASF/avr32/drivers/intc/intc.o

.rodata1
 *(.rodata1)

.eh_frame_hdr
 *(.eh_frame_hdr)

.eh_frame
 *(.eh_frame)

.gcc_except_table
 *(.gcc_except_table)
 *(.gcc_except_table.*)

.dalign         0x80006518        0x0
                0x80006518                . = ALIGN (0x8)
                0x80006518                PROVIDE (_data_lma, .)
                0x00000004                PROVIDE (_data, ORIGIN (CPUSRAM))
                0x00000004                . = ORIGIN (CPUSRAM)

.eh_frame
 *(.eh_frame)

.gcc_except_table
 *(.gcc_except_table)
 *(.gcc_except_table.*)

.tdata
 *(.tdata .tdata.* .gnu.linkonce.td.*)

.tbss
 *(.tbss .tbss.* .gnu.linkonce.tb.*)
 *(.tcommon)
                0x00000004                PROVIDE (__preinit_array_start, ALIGN (0x4))

.preinit_array
 *(.preinit_array)
                0x00000004                PROVIDE (__preinit_array_end, .)
                0x00000004                PROVIDE (__init_array_start, .)

.init_array
 *(.init_array)
                0x00000004                PROVIDE (__init_array_end, .)
                0x00000004                PROVIDE (__fini_array_start, .)

.fini_array
 *(.fini_array)
                0x00000004                PROVIDE (__fini_array_end, .)

.ctors
 *crtbegin*.o(.ctors)
 *(EXCLUDE_FILE(*crtend*.o) .ctors)
 *(SORT(.ctors.*))
 *(.ctors)

.dtors
 *crtbegin*.o(.dtors)
 *(EXCLUDE_FILE(*crtend*.o) .dtors)
 *(SORT(.dtors.*))
 *(.dtors)

.jcr
 *(.jcr)

.data.rel.ro
 *(.data.rel.ro.local)
 *(.data.rel.ro*)

.dynamic
 *(.dynamic)

.got
 *(.got.plt)
 *(.got)

.data           0x00000004        0x4 load address 0x80006518
 *(.data .data.* .gnu.linkonce.d.*)
 .data.flashcdw_wait_until_ready
                0x00000004        0x4 src/ASF/avr32/drivers/flashcdw/flashcdw.o
                0x00000004                flashcdw_wait_until_ready
 *(.gnu.linkonce.d.*personality*)

.data1
 *(.data1)

.balign         0x00000008        0x0 load address 0x8000651c
                0x00000008                . = ALIGN (0x8)
                0x00000008                _edata = .
                0x00000008                _edata = .
                0x00000008                PROVIDE (edata, .)
                0x00000008                __bss_start = .

.bss            0x00000008      0x1b8 load address 0x8000651c
 *(.dynbss)
 *(.bss .bss.* .gnu.linkonce.b.*)
 .bss.flashcdw_error_status
                0x00000008        0x4 src/ASF/avr32/drivers/flashcdw/flashcdw.o
 .bss.p_tmp.14763
                0x0000000c        0x8 src/pid.o
 .bss.r_tmp.14765
                0x00000014        0x8 src/pid.o
 .bss.h_tmp.14764
                0x0000001c        0x8 src/pid.o
 .bss.pin_old.14653
                0x00000024        0x1 src/settings_t.o
 *fill*         0x00000025        0x3 
 .bss.twim_inst
                0x00000028        0x4 src/ASF/avr32/drivers/twim/twim.o
 .bss.twim_tx_data
                0x0000002c        0x4 src/ASF/avr32/drivers/twim/twim.o
 .bss.twim_rx_data
                0x00000030        0x4 src/ASF/avr32/drivers/twim/twim.o
 .bss.transfer_status
                0x00000034        0x4 src/ASF/avr32/drivers/twim/twim.o
 .bss.twim_tx_nb_bytes
                0x00000038        0x4 src/ASF/avr32/drivers/twim/twim.o
 .bss.twim_rx_nb_bytes
                0x0000003c        0x4 src/ASF/avr32/drivers/twim/twim.o
 .bss.twim_it_mask
                0x00000040        0x4 src/ASF/avr32/drivers/twim/twim.o
 .bss.twim_package
                0x00000044        0x4 src/ASF/avr32/drivers/twim/twim.o
 .bss.twim_next
                0x00000048        0x1 src/ASF/avr32/drivers/twim/twim.o
 *fill*         0x00000049        0x3 
 .bss._int_line_handler_table_0
                0x0000004c        0x4 src/ASF/avr32/drivers/intc/intc.o
 .bss._int_line_handler_table_1
                0x00000050       0x28 src/ASF/avr32/drivers/intc/intc.o
 .bss._int_line_handler_table_2
                0x00000078       0x1c src/ASF/avr32/drivers/intc/intc.o
 .bss._int_line_handler_table_3
                0x00000094       0x1c src/ASF/avr32/drivers/intc/intc.o
 .bss._int_line_handler_table_4
                0x000000b0        0x4 src/ASF/avr32/drivers/intc/intc.o
 .bss._int_line_handler_table_5
                0x000000b4        0x4 src/ASF/avr32/drivers/intc/intc.o
 .bss._int_line_handler_table_6
                0x000000b8        0x4 src/ASF/avr32/drivers/intc/intc.o
 .bss._int_line_handler_table_7
                0x000000bc        0x4 src/ASF/avr32/drivers/intc/intc.o
 .bss._int_line_handler_table_8
                0x000000c0        0x4 src/ASF/avr32/drivers/intc/intc.o
 .bss._int_line_handler_table_9
                0x000000c4        0x4 src/ASF/avr32/drivers/intc/intc.o
 .bss._int_line_handler_table_10
                0x000000c8        0x4 src/ASF/avr32/drivers/intc/intc.o
 .bss._int_line_handler_table_11
                0x000000cc        0x4 src/ASF/avr32/drivers/intc/intc.o
 .bss._int_line_handler_table_12
                0x000000d0        0x4 src/ASF/avr32/drivers/intc/intc.o
 .bss._int_line_handler_table_13
                0x000000d4        0x4 src/ASF/avr32/drivers/intc/intc.o
 .bss._int_line_handler_table_14
                0x000000d8        0xc src/ASF/avr32/drivers/intc/intc.o
 .bss._int_line_handler_table_15
                0x000000e4        0xc src/ASF/avr32/drivers/intc/intc.o
 .bss._int_line_handler_table_16
                0x000000f0        0x4 src/ASF/avr32/drivers/intc/intc.o
 .bss._int_line_handler_table_17
                0x000000f4        0x8 src/ASF/avr32/drivers/intc/intc.o
 .bss._int_line_handler_table_18
                0x000000fc        0x4 src/ASF/avr32/drivers/intc/intc.o
 .bss._int_line_handler_table_19
                0x00000100       0x10 src/ASF/avr32/drivers/intc/intc.o
 .bss._int_line_handler_table_20
                0x00000110        0x4 src/ASF/avr32/drivers/intc/intc.o
 .bss._int_line_handler_table_21
                0x00000114        0x4 src/ASF/avr32/drivers/intc/intc.o
 *(COMMON)
 COMMON         0x00000118       0x24 src/com_spi.o
                0x00000118                time_since_start
                0x0000011c                app_euler
                0x00000128                sensor_euler
                0x00000134                throotle
                0x00000138                last_cycle_count
 COMMON         0x0000013c       0x20 src/motor_control.o
                0x0000013c                esc_timer_values
                0x0000014c                esc_timer_compare_values
 COMMON         0x0000015c       0x64 src/settings_t.o
                0x0000015c                set
                0x000001c0                . = ALIGN (0x8)
                0x000001c0                . = ALIGN (0x8)
                0x000001c0                _end = .
                0x000001c0                PROVIDE (end, .)
                0x000001c0                __heap_start__ = ALIGN (0x8)
                0x00003000                . = ((ORIGIN (CPUSRAM) + 0x3ffc) - _stack_size)
                0x00003000                __heap_end__ = .

.stab
 *(.stab)

.stabstr
 *(.stabstr)

.stab.excl
 *(.stab.excl)

.stab.exclstr
 *(.stab.exclstr)

.stab.index
 *(.stab.index)

.stab.indexstr
 *(.stab.indexstr)

.comment        0x00000000       0x30
 *(.comment)
 .comment       0x00000000       0x30 src/ASF/avr32/drivers/flashcdw/flashcdw.o
                                 0x31 (size before relaxing)
 .comment       0x00000000       0x31 src/ASF/avr32/drivers/gpio/gpio.o
 .comment       0x00000000       0x31 src/ASF/avr32/drivers/pdca/pdca.o
 .comment       0x00000000       0x31 src/com_spi.o
 .comment       0x00000000       0x31 src/motor_control.o
 .comment       0x00000000       0x31 src/pid.o
 .comment       0x00000000       0x31 src/sensor.o
 .comment       0x00000000       0x31 src/settings_t.o
 .comment       0x00000000       0x31 src/ASF/avr32/drivers/tc/tc.o
 .comment       0x00000000       0x31 src/ASF/common/services/clock/uc3d/osc.o
 .comment       0x00000000       0x31 src/ASF/common/services/clock/uc3d/sysclk.o
 .comment       0x00000000       0x31 src/ASF/avr32/drivers/spi/spi.o
 .comment       0x00000000       0x31 src/ASF/avr32/drivers/twim/twim.o
 .comment       0x00000000       0x31 src/ASF/avr32/drivers/intc/intc.o
 .comment       0x00000000       0x31 src/ASF/common/boards/user_board/init.o
 .comment       0x00000000       0x31 src/main.o
 .comment       0x00000000       0x31 c:/program files (x86)/atmel/studio/7.0/toolchain/avr32/avr32-gnu-toolchain/bin/../lib/gcc/avr32/4.4.7/ucr3\libgcc.a(_udivdi3.o)

.debug
 *(.debug)

.line
 *(.line)

.debug_srcinfo
 *(.debug_srcinfo)

.debug_sfnames
 *(.debug_sfnames)

.debug_aranges  0x00000000      0xa48
 *(.debug_aranges)
 .debug_aranges
                0x00000000      0x260 src/ASF/avr32/drivers/flashcdw/flashcdw.o
 .debug_aranges
                0x00000260      0x128 src/ASF/avr32/drivers/gpio/gpio.o
 .debug_aranges
                0x00000388       0xd0 src/ASF/avr32/drivers/pdca/pdca.o
 .debug_aranges
                0x00000458       0x68 src/com_spi.o
 .debug_aranges
                0x000004c0       0x90 src/motor_control.o
 .debug_aranges
                0x00000550       0x40 src/pid.o
 .debug_aranges
                0x00000590       0xa0 src/sensor.o
 .debug_aranges
                0x00000630       0x50 src/settings_t.o
 .debug_aranges
                0x00000680       0xb0 src/ASF/avr32/drivers/tc/tc.o
 .debug_aranges
                0x00000730       0x40 src/ASF/common/services/clock/uc3d/osc.o
 .debug_aranges
                0x00000770       0x80 src/ASF/common/services/clock/uc3d/sysclk.o
 .debug_aranges
                0x000007f0       0xa8 src/ASF/avr32/drivers/spi/spi.o
 .debug_aranges
                0x00000898       0x88 src/ASF/avr32/drivers/twim/twim.o
 .debug_aranges
                0x00000920       0x20 src/ASF/avr32/drivers/intc/exception.o
 .debug_aranges
                0x00000940       0x40 src/ASF/avr32/drivers/intc/intc.o
 .debug_aranges
                0x00000980       0x28 src/ASF/avr32/utils/startup/startup_uc3.o
 .debug_aranges
                0x000009a8       0x20 src/ASF/avr32/utils/startup/trampoline_uc3.o
 .debug_aranges
                0x000009c8       0x38 src/ASF/common/boards/user_board/init.o
 .debug_aranges
                0x00000a00       0x28 src/main.o
 .debug_aranges
                0x00000a28       0x20 c:/program files (x86)/atmel/studio/7.0/toolchain/avr32/avr32-gnu-toolchain/bin/../lib/gcc/avr32/4.4.7/ucr3\libgcc.a(_udivdi3.o)

.debug_pubnames
                0x00000000     0x18c0
 *(.debug_pubnames)
 .debug_pubnames
                0x00000000      0x950 src/ASF/avr32/drivers/flashcdw/flashcdw.o
 .debug_pubnames
                0x00000950      0x3aa src/ASF/avr32/drivers/gpio/gpio.o
 .debug_pubnames
                0x00000cfa      0x275 src/ASF/avr32/drivers/pdca/pdca.o
 .debug_pubnames
                0x00000f6f       0x79 src/com_spi.o
 .debug_pubnames
                0x00000fe8       0xd9 src/motor_control.o
 .debug_pubnames
                0x000010c1       0xe3 src/pid.o
 .debug_pubnames
                0x000011a4       0xb6 src/sensor.o
 .debug_pubnames
                0x0000125a       0x64 src/settings_t.o
 .debug_pubnames
                0x000012be      0x164 src/ASF/avr32/drivers/tc/tc.o
 .debug_pubnames
                0x00001422       0x49 src/ASF/common/services/clock/uc3d/osc.o
 .debug_pubnames
                0x0000146b       0x8f src/ASF/common/services/clock/uc3d/sysclk.o
 .debug_pubnames
                0x000014fa      0x178 src/ASF/avr32/drivers/spi/spi.o
 .debug_pubnames
                0x00001672       0xd6 src/ASF/avr32/drivers/twim/twim.o
 .debug_pubnames
                0x00001748       0x62 src/ASF/avr32/drivers/intc/intc.o
 .debug_pubnames
                0x000017aa       0x53 src/ASF/common/boards/user_board/init.o
 .debug_pubnames
                0x000017fd       0xa3 src/main.o
 .debug_pubnames
                0x000018a0       0x20 c:/program files (x86)/atmel/studio/7.0/toolchain/avr32/avr32-gnu-toolchain/bin/../lib/gcc/avr32/4.4.7/ucr3\libgcc.a(_udivdi3.o)

.debug_info     0x00000000    0x13c3f
 *(.debug_info .gnu.linkonce.wi.*)
 .debug_info    0x00000000     0x1df4 src/ASF/avr32/drivers/flashcdw/flashcdw.o
 .debug_info    0x00001df4      0xf72 src/ASF/avr32/drivers/gpio/gpio.o
 .debug_info    0x00002d66      0xe75 src/ASF/avr32/drivers/pdca/pdca.o
 .debug_info    0x00003bdb     0x2194 src/com_spi.o
 .debug_info    0x00005d6f     0x1825 src/motor_control.o
 .debug_info    0x00007594      0x645 src/pid.o
 .debug_info    0x00007bd9     0x20d2 src/sensor.o
 .debug_info    0x00009cab      0xd34 src/settings_t.o
 .debug_info    0x0000a9df     0x117d src/ASF/avr32/drivers/tc/tc.o
 .debug_info    0x0000bb5c     0x14ad src/ASF/common/services/clock/uc3d/osc.o
 .debug_info    0x0000d009     0x227d src/ASF/common/services/clock/uc3d/sysclk.o
 .debug_info    0x0000f286     0x1314 src/ASF/avr32/drivers/spi/spi.o
 .debug_info    0x0001059a     0x120b src/ASF/avr32/drivers/twim/twim.o
 .debug_info    0x000117a5       0x89 src/ASF/avr32/drivers/intc/exception.o
 .debug_info    0x0001182e      0x5ee src/ASF/avr32/drivers/intc/intc.o
 .debug_info    0x00011e1c       0x88 src/ASF/avr32/utils/startup/startup_uc3.o
 .debug_info    0x00011ea4       0x8f src/ASF/avr32/utils/startup/trampoline_uc3.o
 .debug_info    0x00011f33      0x9e1 src/ASF/common/boards/user_board/init.o
 .debug_info    0x00012914      0xdb0 src/main.o
 .debug_info    0x000136c4      0x57b c:/program files (x86)/atmel/studio/7.0/toolchain/avr32/avr32-gnu-toolchain/bin/../lib/gcc/avr32/4.4.7/ucr3\libgcc.a(_udivdi3.o)

.debug_abbrev   0x00000000     0x26e8
 *(.debug_abbrev)
 .debug_abbrev  0x00000000      0x285 src/ASF/avr32/drivers/flashcdw/flashcdw.o
 .debug_abbrev  0x00000285      0x23f src/ASF/avr32/drivers/gpio/gpio.o
 .debug_abbrev  0x000004c4      0x215 src/ASF/avr32/drivers/pdca/pdca.o
 .debug_abbrev  0x000006d9      0x324 src/com_spi.o
 .debug_abbrev  0x000009fd      0x342 src/motor_control.o
 .debug_abbrev  0x00000d3f      0x1ea src/pid.o
 .debug_abbrev  0x00000f29      0x324 src/sensor.o
 .debug_abbrev  0x0000124d      0x30b src/settings_t.o
 .debug_abbrev  0x00001558      0x21f src/ASF/avr32/drivers/tc/tc.o
 .debug_abbrev  0x00001777      0x16e src/ASF/common/services/clock/uc3d/osc.o
 .debug_abbrev  0x000018e5      0x1cd src/ASF/common/services/clock/uc3d/sysclk.o
 .debug_abbrev  0x00001ab2      0x204 src/ASF/avr32/drivers/spi/spi.o
 .debug_abbrev  0x00001cb6      0x1ed src/ASF/avr32/drivers/twim/twim.o
 .debug_abbrev  0x00001ea3       0x14 src/ASF/avr32/drivers/intc/exception.o
 .debug_abbrev  0x00001eb7      0x1b6 src/ASF/avr32/drivers/intc/intc.o
 .debug_abbrev  0x0000206d       0x12 src/ASF/avr32/utils/startup/startup_uc3.o
 .debug_abbrev  0x0000207f       0x14 src/ASF/avr32/utils/startup/trampoline_uc3.o
 .debug_abbrev  0x00002093      0x26b src/ASF/common/boards/user_board/init.o
 .debug_abbrev  0x000022fe      0x290 src/main.o
 .debug_abbrev  0x0000258e      0x15a c:/program files (x86)/atmel/studio/7.0/toolchain/avr32/avr32-gnu-toolchain/bin/../lib/gcc/avr32/4.4.7/ucr3\libgcc.a(_udivdi3.o)

.debug_line     0x00000000     0xb3a8
 *(.debug_line)
 .debug_line    0x00000000      0xcf4 src/ASF/avr32/drivers/flashcdw/flashcdw.o
 .debug_line    0x00000cf4      0x9e0 src/ASF/avr32/drivers/gpio/gpio.o
 .debug_line    0x000016d4      0x863 src/ASF/avr32/drivers/pdca/pdca.o
 .debug_line    0x00001f37      0xe05 src/com_spi.o
 .debug_line    0x00002d3c      0xe74 src/motor_control.o
 .debug_line    0x00003bb0      0xcde src/pid.o
 .debug_line    0x0000488e      0xf1b src/sensor.o
 .debug_line    0x000057a9      0xd3c src/settings_t.o
 .debug_line    0x000064e5      0x85a src/ASF/avr32/drivers/tc/tc.o
 .debug_line    0x00006d3f      0x78c src/ASF/common/services/clock/uc3d/osc.o
 .debug_line    0x000074cb      0x8cc src/ASF/common/services/clock/uc3d/sysclk.o
 .debug_line    0x00007d97      0x83a src/ASF/avr32/drivers/spi/spi.o
 .debug_line    0x000085d1      0x958 src/ASF/avr32/drivers/twim/twim.o
 .debug_line    0x00008f29      0x109 src/ASF/avr32/drivers/intc/exception.o
 .debug_line    0x00009032      0x6ca src/ASF/avr32/drivers/intc/intc.o
 .debug_line    0x000096fc       0xf2 src/ASF/avr32/utils/startup/startup_uc3.o
 .debug_line    0x000097ee       0x67 src/ASF/avr32/utils/startup/trampoline_uc3.o
 .debug_line    0x00009855      0xccd src/ASF/common/boards/user_board/init.o
 .debug_line    0x0000a522      0xcb1 src/main.o
 .debug_line    0x0000b1d3      0x1d5 c:/program files (x86)/atmel/studio/7.0/toolchain/avr32/avr32-gnu-toolchain/bin/../lib/gcc/avr32/4.4.7/ucr3\libgcc.a(_udivdi3.o)

.debug_frame    0x00000000     0x1ed0
 *(.debug_frame)
 .debug_frame   0x00000000      0x860 src/ASF/avr32/drivers/flashcdw/flashcdw.o
 .debug_frame   0x00000860      0x3c8 src/ASF/avr32/drivers/gpio/gpio.o
 .debug_frame   0x00000c28      0x294 src/ASF/avr32/drivers/pdca/pdca.o
 .debug_frame   0x00000ebc      0x128 src/com_spi.o
 .debug_frame   0x00000fe4      0x1b4 src/motor_control.o
 .debug_frame   0x00001198       0xc0 src/pid.o
 .debug_frame   0x00001258      0x21c src/sensor.o
 .debug_frame   0x00001474       0xd4 src/settings_t.o
 .debug_frame   0x00001548      0x224 src/ASF/avr32/drivers/tc/tc.o
 .debug_frame   0x0000176c       0x9c src/ASF/common/services/clock/uc3d/osc.o
 .debug_frame   0x00001808      0x17c src/ASF/common/services/clock/uc3d/sysclk.o
 .debug_frame   0x00001984      0x208 src/ASF/avr32/drivers/spi/spi.o
 .debug_frame   0x00001b8c      0x198 src/ASF/avr32/drivers/twim/twim.o
 .debug_frame   0x00001d24       0x9c src/ASF/avr32/drivers/intc/intc.o
 .debug_frame   0x00001dc0       0x80 src/ASF/common/boards/user_board/init.o
 .debug_frame   0x00001e40       0x4c src/main.o
 .debug_frame   0x00001e8c       0x44 c:/program files (x86)/atmel/studio/7.0/toolchain/avr32/avr32-gnu-toolchain/bin/../lib/gcc/avr32/4.4.7/ucr3\libgcc.a(_udivdi3.o)

.debug_str      0x00000000     0x4b8c
 *(.debug_str)
 .debug_str     0x00000000      0xd58 src/ASF/avr32/drivers/flashcdw/flashcdw.o
                                0xe5e (size before relaxing)
 .debug_str     0x00000d58      0x595 src/ASF/avr32/drivers/gpio/gpio.o
                                0x6d2 (size before relaxing)
 .debug_str     0x000012ed      0x4e4 src/ASF/avr32/drivers/pdca/pdca.o
                                0x609 (size before relaxing)
 .debug_str     0x000017d1      0x592 src/com_spi.o
                                0xbda (size before relaxing)
 .debug_str     0x00001d63      0x3e3 src/motor_control.o
                                0x8d8 (size before relaxing)
 .debug_str     0x00002146      0x15d src/pid.o
                                0x3e4 (size before relaxing)
 .debug_str     0x000022a3     0x12f0 src/sensor.o
                               0x1908 (size before relaxing)
 .debug_str     0x00003593       0xbc src/settings_t.o
                                0x5f4 (size before relaxing)
 .debug_str     0x0000364f      0x14c src/ASF/avr32/drivers/tc/tc.o
                                0x4c6 (size before relaxing)
 .debug_str     0x0000379b      0x629 src/ASF/common/services/clock/uc3d/osc.o
                                0x7a4 (size before relaxing)
 .debug_str     0x00003dc4      0x42e src/ASF/common/services/clock/uc3d/sysclk.o
                                0xbb6 (size before relaxing)
 .debug_str     0x000041f2      0x1f0 src/ASF/avr32/drivers/spi/spi.o
                                0x650 (size before relaxing)
 .debug_str     0x000043e2      0x239 src/ASF/avr32/drivers/twim/twim.o
                                0x713 (size before relaxing)
 .debug_str     0x0000461b      0x3b3 src/ASF/avr32/drivers/intc/intc.o
                                0x4af (size before relaxing)
 .debug_str     0x000049ce       0x47 src/ASF/common/boards/user_board/init.o
                                0x512 (size before relaxing)
 .debug_str     0x00004a15       0x25 src/main.o
                               0x13b5 (size before relaxing)
 .debug_str     0x00004a3a      0x152 c:/program files (x86)/atmel/studio/7.0/toolchain/avr32/avr32-gnu-toolchain/bin/../lib/gcc/avr32/4.4.7/ucr3\libgcc.a(_udivdi3.o)
                                0x207 (size before relaxing)

.debug_loc      0x00000000     0x33b5
 *(.debug_loc)
 .debug_loc     0x00000000      0xc43 src/ASF/avr32/drivers/flashcdw/flashcdw.o
 .debug_loc     0x00000c43      0x5b6 src/ASF/avr32/drivers/gpio/gpio.o
 .debug_loc     0x000011f9      0x3dd src/ASF/avr32/drivers/pdca/pdca.o
 .debug_loc     0x000015d6      0x1ae src/com_spi.o
 .debug_loc     0x00001784      0x285 src/motor_control.o
 .debug_loc     0x00001a09       0xd7 src/pid.o
 .debug_loc     0x00001ae0      0x2db src/sensor.o
 .debug_loc     0x00001dbb      0x12d src/settings_t.o
 .debug_loc     0x00001ee8      0x331 src/ASF/avr32/drivers/tc/tc.o
 .debug_loc     0x00002219       0xd7 src/ASF/common/services/clock/uc3d/osc.o
 .debug_loc     0x000022f0      0x22f src/ASF/common/services/clock/uc3d/sysclk.o
 .debug_loc     0x0000251f      0x306 src/ASF/avr32/drivers/spi/spi.o
 .debug_loc     0x00002825      0x25a src/ASF/avr32/drivers/twim/twim.o
 .debug_loc     0x00002a7f       0xd7 src/ASF/avr32/drivers/intc/intc.o
 .debug_loc     0x00002b56       0xac src/ASF/common/boards/user_board/init.o
 .debug_loc     0x00002c02       0x56 src/main.o
 .debug_loc     0x00002c58      0x75d c:/program files (x86)/atmel/studio/7.0/toolchain/avr32/avr32-gnu-toolchain/bin/../lib/gcc/avr32/4.4.7/ucr3\libgcc.a(_udivdi3.o)

.debug_macinfo  0x00000000  0x1045b2e
 *(.debug_macinfo)
 .debug_macinfo
                0x00000000    0xfdbf3 src/ASF/avr32/drivers/flashcdw/flashcdw.o
 .debug_macinfo
                0x000fdbf3    0xfdcad src/ASF/avr32/drivers/gpio/gpio.o
 .debug_macinfo
                0x001fb8a0    0xfdbef src/ASF/avr32/drivers/pdca/pdca.o
 .debug_macinfo
                0x002f948f   0x10c1a5 src/com_spi.o
 .debug_macinfo
                0x00405634   0x10c110 src/motor_control.o
 .debug_macinfo
                0x00511744   0x10c133 src/pid.o
 .debug_macinfo
                0x0061d877   0x10c0c2 src/sensor.o
 .debug_macinfo
                0x00729939   0x10c0f8 src/settings_t.o
 .debug_macinfo
                0x00835a31    0xfe392 src/ASF/avr32/drivers/tc/tc.o
 .debug_macinfo
                0x00933dc3    0xff314 src/ASF/common/services/clock/uc3d/osc.o
 .debug_macinfo
                0x00a330d7   0x1001a9 src/ASF/common/services/clock/uc3d/sysclk.o
 .debug_macinfo
                0x00b33280    0xfdafb src/ASF/avr32/drivers/spi/spi.o
 .debug_macinfo
                0x00c30d7b    0xfedd9 src/ASF/avr32/drivers/twim/twim.o
 .debug_macinfo
                0x00d2fb54    0xfdd5a src/ASF/avr32/drivers/intc/intc.o
 .debug_macinfo
                0x00e2d8ae   0x10c137 src/ASF/common/boards/user_board/init.o
 .debug_macinfo
                0x00f399e5   0x10c149 src/main.o

.debug_weaknames
 *(.debug_weaknames)

.debug_funcnames
 *(.debug_funcnames)

.debug_typenames
 *(.debug_typenames)

.debug_varnames
 *(.debug_varnames)

.stack          0x00003000     0x1000
                0x00003000                _stack = .
 *(.stack)
                0x00001000                . = _stack_size
 *fill*         0x00003000     0x1000 
                0x00004000                _estack = .

.userpage
 *(.userpage .userpage.*)

.factorypage
 *(.factorypage .factorypage.*)

/DISCARD/
 *(.note.GNU-stack)
OUTPUT(Regler 2.elf elf32-avr32)

.debug_ranges   0x00000000      0x9d8
 .debug_ranges  0x00000000      0x258 src/ASF/avr32/drivers/flashcdw/flashcdw.o
 .debug_ranges  0x00000258      0x120 src/ASF/avr32/drivers/gpio/gpio.o
 .debug_ranges  0x00000378       0xc8 src/ASF/avr32/drivers/pdca/pdca.o
 .debug_ranges  0x00000440       0x60 src/com_spi.o
 .debug_ranges  0x000004a0       0x88 src/motor_control.o
 .debug_ranges  0x00000528       0x38 src/pid.o
 .debug_ranges  0x00000560       0x98 src/sensor.o
 .debug_ranges  0x000005f8       0x48 src/settings_t.o
 .debug_ranges  0x00000640       0xa8 src/ASF/avr32/drivers/tc/tc.o
 .debug_ranges  0x000006e8       0x38 src/ASF/common/services/clock/uc3d/osc.o
 .debug_ranges  0x00000720       0x78 src/ASF/common/services/clock/uc3d/sysclk.o
 .debug_ranges  0x00000798       0xa0 src/ASF/avr32/drivers/spi/spi.o
 .debug_ranges  0x00000838       0x80 src/ASF/avr32/drivers/twim/twim.o
 .debug_ranges  0x000008b8       0x38 src/ASF/avr32/drivers/intc/intc.o
 .debug_ranges  0x000008f0       0x20 src/ASF/avr32/utils/startup/startup_uc3.o
 .debug_ranges  0x00000910       0x30 src/ASF/common/boards/user_board/init.o
 .debug_ranges  0x00000940       0x20 src/main.o
 .debug_ranges  0x00000960       0x78 c:/program files (x86)/atmel/studio/7.0/toolchain/avr32/avr32-gnu-toolchain/bin/../lib/gcc/avr32/4.4.7/ucr3\libgcc.a(_udivdi3.o)
