Archive member included because of file (symbol)

c:/program files (x86)/atmel/studio/7.0/toolchain/avr32/avr32-gnu-toolchain/bin/../lib/gcc/avr32/4.4.7/ucr3\libgcc.a(_udivdi3.o)
                              src/ASF/avr32/drivers/wdt/wdt4.o (__avr32_udiv64)

Allocating common symbols
Common symbol       size              file

time_since_start    0x4               src/pid.o
sensor_euler        0xc               src/main.o
sleepmgr_locks      0x7               src/ASF/common/services/sleepmgr/uc3/sleepmgr.o
last_cycle_count    0x4               src/pid.o
set                 0x3c              src/settings_t.o
esc_timer_values    0x10              src/motor_control.o
esc_timer_compare_values
                    0x10              src/motor_control.o

Discarded input sections

 .text          0x00000000        0x0 src/ASF/avr32/drivers/flashcdw/flashcdw.o
 .data          0x00000000        0x0 src/ASF/avr32/drivers/flashcdw/flashcdw.o
 .bss           0x00000000        0x0 src/ASF/avr32/drivers/flashcdw/flashcdw.o
 .text.flashcdw_get_flash_size
                0x00000000       0xbe src/ASF/avr32/drivers/flashcdw/flashcdw.o
 .text.flashcdw_get_page_count
                0x00000000       0x18 src/ASF/avr32/drivers/flashcdw/flashcdw.o
 .text.flashcdw_get_page_count_per_region
                0x00000000       0x18 src/ASF/avr32/drivers/flashcdw/flashcdw.o
 .text.flashcdw_get_page_region
                0x00000000       0x3c src/ASF/avr32/drivers/flashcdw/flashcdw.o
 .text.flashcdw_get_region_first_page_number
                0x00000000       0x28 src/ASF/avr32/drivers/flashcdw/flashcdw.o
 .text.flashcdw_get_wait_state
                0x00000000       0x18 src/ASF/avr32/drivers/flashcdw/flashcdw.o
 .text.flashcdw_is_ready_int_enabled
                0x00000000       0x18 src/ASF/avr32/drivers/flashcdw/flashcdw.o
 .text.flashcdw_enable_ready_int
                0x00000000       0x3e src/ASF/avr32/drivers/flashcdw/flashcdw.o
 .text.flashcdw_is_lock_error_int_enabled
                0x00000000       0x1a src/ASF/avr32/drivers/flashcdw/flashcdw.o
 .text.flashcdw_enable_lock_error_int
                0x00000000       0x3e src/ASF/avr32/drivers/flashcdw/flashcdw.o
 .text.flashcdw_is_prog_error_int_enabled
                0x00000000       0x1a src/ASF/avr32/drivers/flashcdw/flashcdw.o
 .text.flashcdw_enable_prog_error_int
                0x00000000       0x3e src/ASF/avr32/drivers/flashcdw/flashcdw.o
 .text.flashcdw_is_lock_error
                0x00000000       0x1c src/ASF/avr32/drivers/flashcdw/flashcdw.o
 .text.flashcdw_is_programming_error
                0x00000000       0x1c src/ASF/avr32/drivers/flashcdw/flashcdw.o
 .text.flashcdw_is_high_speed_enabled
                0x00000000       0x1a src/ASF/avr32/drivers/flashcdw/flashcdw.o
 .text.flashcdw_get_command
                0x00000000       0x16 src/ASF/avr32/drivers/flashcdw/flashcdw.o
 .text.flashcdw_get_page_number
                0x00000000       0x1c src/ASF/avr32/drivers/flashcdw/flashcdw.o
 .text.flashcdw_no_operation
                0x00000000       0x18 src/ASF/avr32/drivers/flashcdw/flashcdw.o
 .text.flashcdw_erase_all
                0x00000000       0x18 src/ASF/avr32/drivers/flashcdw/flashcdw.o
 .text.flashcdw_is_security_bit_active
                0x00000000       0x1a src/ASF/avr32/drivers/flashcdw/flashcdw.o
 .text.flashcdw_activate_security_bit
                0x00000000       0x18 src/ASF/avr32/drivers/flashcdw/flashcdw.o
 .text.flashcdw_get_bootloader_protected_size
                0x00000000       0x40 src/ASF/avr32/drivers/flashcdw/flashcdw.o
 .text.flashcdw_set_bootloader_protected_size
                0x00000000       0x9c src/ASF/avr32/drivers/flashcdw/flashcdw.o
 .text.flashcdw_is_external_privileged_fetch_locked
                0x00000000       0x20 src/ASF/avr32/drivers/flashcdw/flashcdw.o
 .text.flashcdw_lock_external_privileged_fetch
                0x00000000       0x2c src/ASF/avr32/drivers/flashcdw/flashcdw.o
 .text.flashcdw_is_jtag_user_protection_enabled
                0x00000000       0x20 src/ASF/avr32/drivers/flashcdw/flashcdw.o
 .text.flashcdw_enable_jtag_user_protection
                0x00000000       0x18 src/ASF/avr32/drivers/flashcdw/flashcdw.o
 .text.flashcdw_disable_jtag_user_protection
                0x00000000       0x18 src/ASF/avr32/drivers/flashcdw/flashcdw.o
 .text.flashcdw_is_secure_state_enabled
                0x00000000       0x40 src/ASF/avr32/drivers/flashcdw/flashcdw.o
 .text.flashcdw_is_secure_state_debug_enabled
                0x00000000       0x24 src/ASF/avr32/drivers/flashcdw/flashcdw.o
 .text.flashcdw_enable_secure_state_no_debug
                0x00000000       0x1c src/ASF/avr32/drivers/flashcdw/flashcdw.o
 .text.flashcdw_enable_secure_state_with_debug
                0x00000000       0x1c src/ASF/avr32/drivers/flashcdw/flashcdw.o
 .text.flashcdw_is_page_region_locked
                0x00000000       0x30 src/ASF/avr32/drivers/flashcdw/flashcdw.o
 .text.flashcdw_is_region_locked
                0x00000000       0x32 src/ASF/avr32/drivers/flashcdw/flashcdw.o
 .text.flashcdw_lock_page_region
                0x00000000       0x38 src/ASF/avr32/drivers/flashcdw/flashcdw.o
 .text.flashcdw_lock_region
                0x00000000       0x38 src/ASF/avr32/drivers/flashcdw/flashcdw.o
 .text.flashcdw_lock_all_regions
                0x00000000       0x64 src/ASF/avr32/drivers/flashcdw/flashcdw.o
 .text.flashcdw_read_gp_fuse_bit
                0x00000000       0x60 src/ASF/avr32/drivers/flashcdw/flashcdw.o
 .text.flashcdw_read_gp_fuse_bitfield
                0x00000000       0xcc src/ASF/avr32/drivers/flashcdw/flashcdw.o
 .text.flashcdw_read_gp_fuse_byte
                0x00000000       0x60 src/ASF/avr32/drivers/flashcdw/flashcdw.o
 .text.flashcdw_read_all_gp_fuses
                0x00000000       0x34 src/ASF/avr32/drivers/flashcdw/flashcdw.o
 .text.flashcdw_erase_gp_fuse_bit
                0x00000000       0x4c src/ASF/avr32/drivers/flashcdw/flashcdw.o
 .text.flashcdw_erase_gp_fuse_bitfield
                0x00000000      0x118 src/ASF/avr32/drivers/flashcdw/flashcdw.o
 .text.flashcdw_erase_gp_fuse_byte
                0x00000000       0xdc src/ASF/avr32/drivers/flashcdw/flashcdw.o
 .text.flashcdw_erase_all_gp_fuses
                0x00000000       0x48 src/ASF/avr32/drivers/flashcdw/flashcdw.o
 .text.flashcdw_write_gp_fuse_bit
                0x00000000       0x38 src/ASF/avr32/drivers/flashcdw/flashcdw.o
 .text.flashcdw_write_gp_fuse_bitfield
                0x00000000       0xcc src/ASF/avr32/drivers/flashcdw/flashcdw.o
 .text.flashcdw_write_gp_fuse_byte
                0x00000000       0x38 src/ASF/avr32/drivers/flashcdw/flashcdw.o
 .text.flashcdw_write_all_gp_fuses
                0x00000000       0x80 src/ASF/avr32/drivers/flashcdw/flashcdw.o
 .text.flashcdw_set_gp_fuse_bit
                0x00000000       0x44 src/ASF/avr32/drivers/flashcdw/flashcdw.o
 .text.flashcdw_set_gp_fuse_bitfield
                0x00000000       0xcc src/ASF/avr32/drivers/flashcdw/flashcdw.o
 .text.flashcdw_set_gp_fuse_byte
                0x00000000       0x78 src/ASF/avr32/drivers/flashcdw/flashcdw.o
 .text.flashcdw_set_all_gp_fuses
                0x00000000       0x6c src/ASF/avr32/drivers/flashcdw/flashcdw.o
 .text.flashcdw_erase_all_pages
                0x00000000       0x88 src/ASF/avr32/drivers/flashcdw/flashcdw.o
 .text.flashcdw_memset8
                0x00000000       0x50 src/ASF/avr32/drivers/flashcdw/flashcdw.o
 .text.flashcdw_memset16
                0x00000000       0x4c src/ASF/avr32/drivers/flashcdw/flashcdw.o
 .text.flashcdw_memset32
                0x00000000       0x5c src/ASF/avr32/drivers/flashcdw/flashcdw.o
 .text.flashcdw_memset64
                0x00000000      0x460 src/ASF/avr32/drivers/flashcdw/flashcdw.o
 .text          0x00000000        0x0 src/ASF/avr32/drivers/gpio/gpio.o
 .data          0x00000000        0x0 src/ASF/avr32/drivers/gpio/gpio.o
 .bss           0x00000000        0x0 src/ASF/avr32/drivers/gpio/gpio.o
 .text.gpio_enable_gpio
                0x00000000       0x50 src/ASF/avr32/drivers/gpio/gpio.o
 .text.gpio_enable_gpio_pin
                0x00000000       0x50 src/ASF/avr32/drivers/gpio/gpio.o
 .text.gpio_enable_pin_pull_up
                0x00000000       0x52 src/ASF/avr32/drivers/gpio/gpio.o
 .text.gpio_disable_pin_pull_up
                0x00000000       0x3a src/ASF/avr32/drivers/gpio/gpio.o
 .text.gpio_enable_pin_pull_down
                0x00000000       0x52 src/ASF/avr32/drivers/gpio/gpio.o
 .text.gpio_disable_pin_pull_down
                0x00000000       0x3a src/ASF/avr32/drivers/gpio/gpio.o
 .text.gpio_enable_pin_buskeeper
                0x00000000       0x52 src/ASF/avr32/drivers/gpio/gpio.o
 .text.gpio_disable_pin_buskeeper
                0x00000000       0x52 src/ASF/avr32/drivers/gpio/gpio.o
 .text.gpio_configure_pin
                0x00000000      0x29e src/ASF/avr32/drivers/gpio/gpio.o
 .text.gpio_configure_group
                0x00000000      0x1c8 src/ASF/avr32/drivers/gpio/gpio.o
 .text.gpio_get_pin_value
                0x00000000       0x3c src/ASF/avr32/drivers/gpio/gpio.o
 .text.gpio_get_gpio_pin_output_value
                0x00000000       0x3c src/ASF/avr32/drivers/gpio/gpio.o
 .text.gpio_get_gpio_open_drain_pin_output_value
                0x00000000       0x3e src/ASF/avr32/drivers/gpio/gpio.o
 .text.gpio_set_gpio_pin
                0x00000000       0x68 src/ASF/avr32/drivers/gpio/gpio.o
 .text.gpio_set_pin_high
                0x00000000       0x3a src/ASF/avr32/drivers/gpio/gpio.o
 .text.gpio_set_group_high
                0x00000000       0x30 src/ASF/avr32/drivers/gpio/gpio.o
 .text.gpio_set_pin_low
                0x00000000       0x3a src/ASF/avr32/drivers/gpio/gpio.o
 .text.gpio_clr_gpio_pin
                0x00000000       0x68 src/ASF/avr32/drivers/gpio/gpio.o
 .text.gpio_set_group_low
                0x00000000       0x30 src/ASF/avr32/drivers/gpio/gpio.o
 .text.gpio_tgl_gpio_pin
                0x00000000       0x68 src/ASF/avr32/drivers/gpio/gpio.o
 .text.gpio_toggle_pin
                0x00000000       0x3a src/ASF/avr32/drivers/gpio/gpio.o
 .text.gpio_toggle_group
                0x00000000       0x30 src/ASF/avr32/drivers/gpio/gpio.o
 .text.gpio_set_gpio_open_drain_pin
                0x00000000       0x50 src/ASF/avr32/drivers/gpio/gpio.o
 .text.gpio_clr_gpio_open_drain_pin
                0x00000000       0x68 src/ASF/avr32/drivers/gpio/gpio.o
 .text.gpio_tgl_gpio_open_drain_pin
                0x00000000       0x68 src/ASF/avr32/drivers/gpio/gpio.o
 .text.gpio_enable_pin_glitch_filter
                0x00000000       0x3a src/ASF/avr32/drivers/gpio/gpio.o
 .text.gpio_disable_pin_glitch_filter
                0x00000000       0x3a src/ASF/avr32/drivers/gpio/gpio.o
 .text.gpio_configure_edge_detector
                0x00000000       0xd4 src/ASF/avr32/drivers/gpio/gpio.o
 .text.gpio_enable_pin_interrupt
                0x00000000       0x74 src/ASF/avr32/drivers/gpio/gpio.o
 .text.gpio_disable_pin_interrupt
                0x00000000       0x3a src/ASF/avr32/drivers/gpio/gpio.o
 .text.gpio_get_pin_interrupt_flag
                0x00000000       0x3e src/ASF/avr32/drivers/gpio/gpio.o
 .text.gpio_clear_pin_interrupt_flag
                0x00000000       0x3a src/ASF/avr32/drivers/gpio/gpio.o
 .text          0x00000000        0x0 src/ASF/avr32/drivers/pdca/pdca.o
 .data          0x00000000        0x0 src/ASF/avr32/drivers/pdca/pdca.o
 .bss           0x00000000        0x0 src/ASF/avr32/drivers/pdca/pdca.o
 .debug_abbrev  0x00000000      0x215 src/ASF/avr32/drivers/pdca/pdca.o
 .debug_info    0x00000000      0xe75 src/ASF/avr32/drivers/pdca/pdca.o
 .debug_line    0x00000000      0x863 src/ASF/avr32/drivers/pdca/pdca.o
 .debug_macinfo
                0x00000000    0xfdbef src/ASF/avr32/drivers/pdca/pdca.o
 .text.cpu_irq_save
                0x00000000       0x1e src/ASF/avr32/drivers/pdca/pdca.o
 .text.cpu_irq_is_enabled_flags
                0x00000000       0x20 src/ASF/avr32/drivers/pdca/pdca.o
 .text.cpu_irq_restore
                0x00000000       0x28 src/ASF/avr32/drivers/pdca/pdca.o
 .text.pdca_get_handler
                0x00000000       0x3a src/ASF/avr32/drivers/pdca/pdca.o
 .text.pdca_init_channel
                0x00000000       0xd0 src/ASF/avr32/drivers/pdca/pdca.o
 .text.pdca_get_channel_status
                0x00000000       0x38 src/ASF/avr32/drivers/pdca/pdca.o
 .text.pdca_disable
                0x00000000       0x30 src/ASF/avr32/drivers/pdca/pdca.o
 .text.pdca_enable
                0x00000000       0x30 src/ASF/avr32/drivers/pdca/pdca.o
 .text.pdca_get_load_size
                0x00000000       0x30 src/ASF/avr32/drivers/pdca/pdca.o
 .text.pdca_load_channel
                0x00000000       0x70 src/ASF/avr32/drivers/pdca/pdca.o
 .text.pdca_get_reload_size
                0x00000000       0x30 src/ASF/avr32/drivers/pdca/pdca.o
 .text.pdca_reload_channel
                0x00000000       0x70 src/ASF/avr32/drivers/pdca/pdca.o
 .text.pdca_set_peripheral_select
                0x00000000       0x38 src/ASF/avr32/drivers/pdca/pdca.o
 .text.pdca_set_transfer_size
                0x00000000       0x44 src/ASF/avr32/drivers/pdca/pdca.o
 .text.pdca_disable_event_trigger
                0x00000000       0x38 src/ASF/avr32/drivers/pdca/pdca.o
 .text.pdca_enable_event_trigger
                0x00000000       0x38 src/ASF/avr32/drivers/pdca/pdca.o
 .text.pdca_disable_interrupt_transfer_error
                0x00000000       0x50 src/ASF/avr32/drivers/pdca/pdca.o
 .text.pdca_enable_interrupt_transfer_error
                0x00000000       0x30 src/ASF/avr32/drivers/pdca/pdca.o
 .text.pdca_disable_interrupt_transfer_complete
                0x00000000       0x50 src/ASF/avr32/drivers/pdca/pdca.o
 .text.pdca_enable_interrupt_transfer_complete
                0x00000000       0x30 src/ASF/avr32/drivers/pdca/pdca.o
 .text.pdca_disable_interrupt_reload_counter_zero
                0x00000000       0x50 src/ASF/avr32/drivers/pdca/pdca.o
 .text.pdca_enable_interrupt_reload_counter_zero
                0x00000000       0x30 src/ASF/avr32/drivers/pdca/pdca.o
 .text.pdca_get_transfer_status
                0x00000000       0x30 src/ASF/avr32/drivers/pdca/pdca.o
 .debug_frame   0x00000000      0x294 src/ASF/avr32/drivers/pdca/pdca.o
 .debug_loc     0x00000000      0x3dd src/ASF/avr32/drivers/pdca/pdca.o
 .debug_pubnames
                0x00000000      0x275 src/ASF/avr32/drivers/pdca/pdca.o
 .debug_aranges
                0x00000000       0xd0 src/ASF/avr32/drivers/pdca/pdca.o
 .debug_ranges  0x00000000       0xc8 src/ASF/avr32/drivers/pdca/pdca.o
 .debug_str     0x00000000      0x619 src/ASF/avr32/drivers/pdca/pdca.o
 .comment       0x00000000       0x31 src/ASF/avr32/drivers/pdca/pdca.o
 .text          0x00000000        0x0 src/ASF/avr32/drivers/pm/pm_uc3d.o
 .data          0x00000000        0x0 src/ASF/avr32/drivers/pm/pm_uc3d.o
 .bss           0x00000000        0x0 src/ASF/avr32/drivers/pm/pm_uc3d.o
 .debug_abbrev  0x00000000      0x1d3 src/ASF/avr32/drivers/pm/pm_uc3d.o
 .debug_info    0x00000000     0x1105 src/ASF/avr32/drivers/pm/pm_uc3d.o
 .debug_line    0x00000000      0x77c src/ASF/avr32/drivers/pm/pm_uc3d.o
 .debug_macinfo
                0x00000000    0xfdb9f src/ASF/avr32/drivers/pm/pm_uc3d.o
 .text.cpu_irq_is_enabled_flags
                0x00000000       0x20 src/ASF/avr32/drivers/pm/pm_uc3d.o
 .text.pm_set_mclk_source
                0x00000000       0x50 src/ASF/avr32/drivers/pm/pm_uc3d.o
 .text.pm_config_mainclk_safety
                0x00000000       0xb0 src/ASF/avr32/drivers/pm/pm_uc3d.o
 .text.pm_set_clk_domain_div
                0x00000000       0xa8 src/ASF/avr32/drivers/pm/pm_uc3d.o
 .text.pm_disable_clk_domain_div
                0x00000000       0x8c src/ASF/avr32/drivers/pm/pm_uc3d.o
 .text.pm_set_all_cksel
                0x00000000       0xb0 src/ASF/avr32/drivers/pm/pm_uc3d.o
 .text.pm_wait_for_clk_ready
                0x00000000       0x40 src/ASF/avr32/drivers/pm/pm_uc3d.o
 .text.pm_find_divratio
                0x00000000       0x40 src/ASF/avr32/drivers/pm/pm_uc3d.o
 .text.pm_enable_module
                0x00000000       0x94 src/ASF/avr32/drivers/pm/pm_uc3d.o
 .text.pm_disable_module
                0x00000000       0x98 src/ASF/avr32/drivers/pm/pm_uc3d.o
 .debug_frame   0x00000000      0x128 src/ASF/avr32/drivers/pm/pm_uc3d.o
 .debug_loc     0x00000000      0x1ae src/ASF/avr32/drivers/pm/pm_uc3d.o
 .debug_pubnames
                0x00000000       0xd8 src/ASF/avr32/drivers/pm/pm_uc3d.o
 .debug_aranges
                0x00000000       0x68 src/ASF/avr32/drivers/pm/pm_uc3d.o
 .debug_ranges  0x00000000       0x60 src/ASF/avr32/drivers/pm/pm_uc3d.o
 .debug_str     0x00000000      0x7fb src/ASF/avr32/drivers/pm/pm_uc3d.o
 .comment       0x00000000       0x31 src/ASF/avr32/drivers/pm/pm_uc3d.o
 .text          0x00000000        0x0 src/ASF/avr32/drivers/scif/scif_uc3d.o
 .data          0x00000000        0x0 src/ASF/avr32/drivers/scif/scif_uc3d.o
 .bss           0x00000000        0x0 src/ASF/avr32/drivers/scif/scif_uc3d.o
 .debug_abbrev  0x00000000      0x27f src/ASF/avr32/drivers/scif/scif_uc3d.o
 .debug_info    0x00000000     0x1dd1 src/ASF/avr32/drivers/scif/scif_uc3d.o
 .debug_line    0x00000000      0x969 src/ASF/avr32/drivers/scif/scif_uc3d.o
 .debug_macinfo
                0x00000000    0xfdc59 src/ASF/avr32/drivers/scif/scif_uc3d.o
 .text.cpu_irq_is_enabled_flags
                0x00000000       0x20 src/ASF/avr32/drivers/scif/scif_uc3d.o
 .text.scif_pclksr_statushigh_wait
                0x00000000       0x46 src/ASF/avr32/drivers/scif/scif_uc3d.o
 .text.scif_read_gplp
                0x00000000       0x22 src/ASF/avr32/drivers/scif/scif_uc3d.o
 .text.scif_write_gplp
                0x00000000       0x3a src/ASF/avr32/drivers/scif/scif_uc3d.o
 .text.scif_start_osc
                0x00000000      0x140 src/ASF/avr32/drivers/scif/scif_uc3d.o
 .text.scif_is_osc_ready
                0x00000000       0x2c src/ASF/avr32/drivers/scif/scif_uc3d.o
 .text.scif_stop_osc
                0x00000000       0x7c src/ASF/avr32/drivers/scif/scif_uc3d.o
 .text.scif_configure_osc_crystalmode
                0x00000000       0xb8 src/ASF/avr32/drivers/scif/scif_uc3d.o
 .text.scif_configure_osc_extmode
                0x00000000       0x9c src/ASF/avr32/drivers/scif/scif_uc3d.o
 .text.scif_enable_osc
                0x00000000       0xec src/ASF/avr32/drivers/scif/scif_uc3d.o
 .text.scif_enable_extosc
                0x00000000       0x9c src/ASF/avr32/drivers/scif/scif_uc3d.o
 .text.scif_pll_setup
                0x00000000      0x174 src/ASF/avr32/drivers/scif/scif_uc3d.o
 .text.scif_pll_enable
                0x00000000       0x9c src/ASF/avr32/drivers/scif/scif_uc3d.o
 .text.scif_pll_disable
                0x00000000       0x9c src/ASF/avr32/drivers/scif/scif_uc3d.o
 .text.scif_wait_for_pll_locked
                0x00000000       0x38 src/ASF/avr32/drivers/scif/scif_uc3d.o
 .text.scif_start_osc32
                0x00000000       0xc8 src/ASF/avr32/drivers/scif/scif_uc3d.o
 .text.scif_stop_osc32
                0x00000000       0x60 src/ASF/avr32/drivers/scif/scif_uc3d.o
 .text.scif_start_rc120M
                0x00000000       0x48 src/ASF/avr32/drivers/scif/scif_uc3d.o
 .text.scif_stop_rc120M
                0x00000000       0x60 src/ASF/avr32/drivers/scif/scif_uc3d.o
 .text.scif_start_gclk
                0x00000000       0x70 src/ASF/avr32/drivers/scif/scif_uc3d.o
 .text.scif_stop_gclk
                0x00000000       0x6a src/ASF/avr32/drivers/scif/scif_uc3d.o
 .text.scif_gc_setup
                0x00000000       0xc4 src/ASF/avr32/drivers/scif/scif_uc3d.o
 .text.scif_gc_enable
                0x00000000       0x48 src/ASF/avr32/drivers/scif/scif_uc3d.o
 .text.scif_bod18_enable_irq
                0x00000000       0x12 src/ASF/avr32/drivers/scif/scif_uc3d.o
 .text.scif_bod18_disable_irq
                0x00000000       0x4c src/ASF/avr32/drivers/scif/scif_uc3d.o
 .text.scif_bod18_clear_irq
                0x00000000       0x12 src/ASF/avr32/drivers/scif/scif_uc3d.o
 .text.scif_bod18_get_irq_status
                0x00000000       0x18 src/ASF/avr32/drivers/scif/scif_uc3d.o
 .text.scif_bod18_get_irq_enable_bit
                0x00000000       0x18 src/ASF/avr32/drivers/scif/scif_uc3d.o
 .text.scif_bod18_get_level
                0x00000000       0x16 src/ASF/avr32/drivers/scif/scif_uc3d.o
 .debug_frame   0x00000000      0x33c src/ASF/avr32/drivers/scif/scif_uc3d.o
 .debug_loc     0x00000000      0x4df src/ASF/avr32/drivers/scif/scif_uc3d.o
 .debug_pubnames
                0x00000000      0x281 src/ASF/avr32/drivers/scif/scif_uc3d.o
 .debug_aranges
                0x00000000      0x100 src/ASF/avr32/drivers/scif/scif_uc3d.o
 .debug_ranges  0x00000000       0xf8 src/ASF/avr32/drivers/scif/scif_uc3d.o
 .debug_str     0x00000000      0xc8b src/ASF/avr32/drivers/scif/scif_uc3d.o
 .comment       0x00000000       0x31 src/ASF/avr32/drivers/scif/scif_uc3d.o
 .text          0x00000000        0x0 src/ASF/avr32/drivers/wdt/wdt4.o
 .data          0x00000000        0x0 src/ASF/avr32/drivers/wdt/wdt4.o
 .bss           0x00000000        0x0 src/ASF/avr32/drivers/wdt/wdt4.o
 .debug_abbrev  0x00000000      0x18b src/ASF/avr32/drivers/wdt/wdt4.o
 .debug_info    0x00000000      0x419 src/ASF/avr32/drivers/wdt/wdt4.o
 .debug_line    0x00000000      0x7c0 src/ASF/avr32/drivers/wdt/wdt4.o
 .debug_macinfo
                0x00000000    0xfef4e src/ASF/avr32/drivers/wdt/wdt4.o
 .text.wdt_set_ctrl
                0x00000000       0x2e src/ASF/avr32/drivers/wdt/wdt4.o
 .text.wdt_get_us_timeout_period
                0x00000000      0x11c src/ASF/avr32/drivers/wdt/wdt4.o
 .text.wdt_get_us_timeban_period
                0x00000000      0x11c src/ASF/avr32/drivers/wdt/wdt4.o
 .text.wdt_disable
                0x00000000       0x1c src/ASF/avr32/drivers/wdt/wdt4.o
 .text.wdt_enable
                0x00000000      0x36c src/ASF/avr32/drivers/wdt/wdt4.o
 .text.wdt_reenable
                0x00000000       0x24 src/ASF/avr32/drivers/wdt/wdt4.o
 .text.wdt_clear
                0x00000000       0x2e src/ASF/avr32/drivers/wdt/wdt4.o
 .text.wdt_reset_mcu
                0x00000000       0x3c src/ASF/avr32/drivers/wdt/wdt4.o
 .debug_frame   0x00000000      0x120 src/ASF/avr32/drivers/wdt/wdt4.o
 .debug_loc     0x00000000      0x158 src/ASF/avr32/drivers/wdt/wdt4.o
 .debug_pubnames
                0x00000000       0x9e src/ASF/avr32/drivers/wdt/wdt4.o
 .debug_aranges
                0x00000000       0x58 src/ASF/avr32/drivers/wdt/wdt4.o
 .debug_ranges  0x00000000       0x50 src/ASF/avr32/drivers/wdt/wdt4.o
 .debug_str     0x00000000      0x259 src/ASF/avr32/drivers/wdt/wdt4.o
 .comment       0x00000000       0x31 src/ASF/avr32/drivers/wdt/wdt4.o
 .text          0x00000000        0x0 src/com_spi.o
 .data          0x00000000        0x0 src/com_spi.o
 .bss           0x00000000        0x0 src/com_spi.o
 .text.spi_put  0x00000000       0x22 src/com_spi.o
 .text.com_spi_interrupt_handler
                0x00000000       0x44 src/com_spi.o
 .data.count.14421
                0x00000000        0x1 src/com_spi.o
 .text          0x00000000        0x0 src/motor_control.o
 .data          0x00000000        0x0 src/motor_control.o
 .bss           0x00000000        0x0 src/motor_control.o
 .text.motor_values_pref
                0x00000000       0x5e src/motor_control.o
 .text.alter_motor_speeds
                0x00000000       0xbc src/motor_control.o
 .text.get_motor_speeds
                0x00000000       0x70 src/motor_control.o
 .text.motor_stop
                0x00000000       0x60 src/motor_control.o
 .text          0x00000000        0x0 src/pid.o
 .data          0x00000000        0x0 src/pid.o
 .bss           0x00000000        0x0 src/pid.o
 .text          0x00000000        0x0 src/sensor.o
 .data          0x00000000        0x0 src/sensor.o
 .bss           0x00000000        0x0 src/sensor.o
 .text.read_sensor_accel
                0x00000000       0x80 src/sensor.o
 .text.read_sensor_gyro
                0x00000000       0x80 src/sensor.o
 .text.read_sensor_mag
                0x00000000       0x80 src/sensor.o
 .text          0x00000000        0x0 src/settings_t.o
 .data          0x00000000        0x0 src/settings_t.o
 .bss           0x00000000        0x0 src/settings_t.o
 .text          0x00000000        0x0 src/ASF/avr32/drivers/tc/tc.o
 .data          0x00000000        0x0 src/ASF/avr32/drivers/tc/tc.o
 .bss           0x00000000        0x0 src/ASF/avr32/drivers/tc/tc.o
 .text.tc_get_interrupt_settings
                0x00000000       0x38 src/ASF/avr32/drivers/tc/tc.o
 .text.tc_select_external_clock
                0x00000000       0x66 src/ASF/avr32/drivers/tc/tc.o
 .text.tc_init_capture
                0x00000000       0xde src/ASF/avr32/drivers/tc/tc.o
 .text.tc_stop  0x00000000       0x3a src/ASF/avr32/drivers/tc/tc.o
 .text.tc_software_trigger
                0x00000000       0x3a src/ASF/avr32/drivers/tc/tc.o
 .text.tc_sync_trigger
                0x00000000       0x1c src/ASF/avr32/drivers/tc/tc.o
 .text.tc_sync_start
                0x00000000       0x4a src/ASF/avr32/drivers/tc/tc.o
 .text.tc_read_tc
                0x00000000       0x3e src/ASF/avr32/drivers/tc/tc.o
 .text.tc_read_ra
                0x00000000       0x3c src/ASF/avr32/drivers/tc/tc.o
 .text.tc_read_rb
                0x00000000       0x3c src/ASF/avr32/drivers/tc/tc.o
 .text.tc_read_rc
                0x00000000       0x3c src/ASF/avr32/drivers/tc/tc.o
 .text          0x00000000        0x0 src/ASF/common/services/spi/uc3_spi/spi_master.o
 .data          0x00000000        0x0 src/ASF/common/services/spi/uc3_spi/spi_master.o
 .bss           0x00000000        0x0 src/ASF/common/services/spi/uc3_spi/spi_master.o
 .debug_abbrev  0x00000000      0x1fb src/ASF/common/services/spi/uc3_spi/spi_master.o
 .debug_info    0x00000000     0x128f src/ASF/common/services/spi/uc3_spi/spi_master.o
 .debug_line    0x00000000      0x9f7 src/ASF/common/services/spi/uc3_spi/spi_master.o
 .debug_macinfo
                0x00000000    0xfffc6 src/ASF/common/services/spi/uc3_spi/spi_master.o
 .text.sysclk_get_main_hz
                0x00000000       0x14 src/ASF/common/services/spi/uc3_spi/spi_master.o
 .text.sysclk_get_pba_hz
                0x00000000       0x18 src/ASF/common/services/spi/uc3_spi/spi_master.o
 .text.sysclk_get_pbb_hz
                0x00000000       0x18 src/ASF/common/services/spi/uc3_spi/spi_master.o
 .text.sysclk_get_peripheral_bus_hz
                0x00000000       0xf4 src/ASF/common/services/spi/uc3_spi/spi_master.o
 .text.spi_set_chipselect_delay_bct
                0x00000000       0x80 src/ASF/common/services/spi/uc3_spi/spi_master.o
 .text.spi_set_chipselect_delay_bs
                0x00000000       0x80 src/ASF/common/services/spi/uc3_spi/spi_master.o
 .text.spi_set_bits_per_transfer
                0x00000000       0xb0 src/ASF/common/services/spi/uc3_spi/spi_master.o
 .text.spi_set_baudrate_register
                0x00000000       0x80 src/ASF/common/services/spi/uc3_spi/spi_master.o
 .text.spi_enable_active_mode
                0x00000000       0x72 src/ASF/common/services/spi/uc3_spi/spi_master.o
 .text.spi_set_mode
                0x00000000      0x118 src/ASF/common/services/spi/uc3_spi/spi_master.o
 .text.spi_put  0x00000000       0x22 src/ASF/common/services/spi/uc3_spi/spi_master.o
 .text.spi_get  0x00000000       0x1c src/ASF/common/services/spi/uc3_spi/spi_master.o
 .text.spi_is_tx_ready
                0x00000000       0x22 src/ASF/common/services/spi/uc3_spi/spi_master.o
 .text.spi_is_rx_ready
                0x00000000       0x26 src/ASF/common/services/spi/uc3_spi/spi_master.o
 .text.spi_write_single
                0x00000000       0x2c src/ASF/common/services/spi/uc3_spi/spi_master.o
 .text.spi_read_single
                0x00000000       0x30 src/ASF/common/services/spi/uc3_spi/spi_master.o
 .text.spi_master_setup_device
                0x00000000       0xcc src/ASF/common/services/spi/uc3_spi/spi_master.o
 .text.spi_read_packet
                0x00000000       0xf4 src/ASF/common/services/spi/uc3_spi/spi_master.o
 .text.spi_write_packet
                0x00000000       0xac src/ASF/common/services/spi/uc3_spi/spi_master.o
 .debug_frame   0x00000000      0x224 src/ASF/common/services/spi/uc3_spi/spi_master.o
 .debug_loc     0x00000000      0x331 src/ASF/common/services/spi/uc3_spi/spi_master.o
 .debug_pubnames
                0x00000000       0x57 src/ASF/common/services/spi/uc3_spi/spi_master.o
 .debug_aranges
                0x00000000       0xb0 src/ASF/common/services/spi/uc3_spi/spi_master.o
 .debug_ranges  0x00000000       0xa8 src/ASF/common/services/spi/uc3_spi/spi_master.o
 .debug_str     0x00000000      0x6f0 src/ASF/common/services/spi/uc3_spi/spi_master.o
 .comment       0x00000000       0x31 src/ASF/common/services/spi/uc3_spi/spi_master.o
 .text          0x00000000        0x0 src/ASF/common/services/sleepmgr/uc3/sleepmgr.o
 .data          0x00000000        0x0 src/ASF/common/services/sleepmgr/uc3/sleepmgr.o
 .bss           0x00000000        0x0 src/ASF/common/services/sleepmgr/uc3/sleepmgr.o
 .debug_abbrev  0x00000000       0x7d src/ASF/common/services/sleepmgr/uc3/sleepmgr.o
 .debug_info    0x00000000       0xf9 src/ASF/common/services/sleepmgr/uc3/sleepmgr.o
 .debug_line    0x00000000      0x704 src/ASF/common/services/sleepmgr/uc3/sleepmgr.o
 .debug_macinfo
                0x00000000    0xfdc2a src/ASF/common/services/sleepmgr/uc3/sleepmgr.o
 .debug_pubnames
                0x00000000       0x25 src/ASF/common/services/sleepmgr/uc3/sleepmgr.o
 .debug_str     0x00000000      0x1c9 src/ASF/common/services/sleepmgr/uc3/sleepmgr.o
 .comment       0x00000000       0x31 src/ASF/common/services/sleepmgr/uc3/sleepmgr.o
 COMMON         0x00000000        0x7 src/ASF/common/services/sleepmgr/uc3/sleepmgr.o
 .text          0x00000000        0x0 src/ASF/common/services/serial/usart_serial.o
 .data          0x00000000        0x0 src/ASF/common/services/serial/usart_serial.o
 .bss           0x00000000        0x0 src/ASF/common/services/serial/usart_serial.o
 .debug_abbrev  0x00000000      0x18e src/ASF/common/services/serial/usart_serial.o
 .debug_info    0x00000000     0x228e src/ASF/common/services/serial/usart_serial.o
 .debug_line    0x00000000      0x886 src/ASF/common/services/serial/usart_serial.o
 .debug_macinfo
                0x00000000   0x100331 src/ASF/common/services/serial/usart_serial.o
 .text.usart_serial_putchar
                0x00000000       0x34 src/ASF/common/services/serial/usart_serial.o
 .text.usart_serial_getchar
                0x00000000       0x2c src/ASF/common/services/serial/usart_serial.o
 .text.usart_serial_write_packet
                0x00000000       0x50 src/ASF/common/services/serial/usart_serial.o
 .text.usart_serial_read_packet
                0x00000000       0x4c src/ASF/common/services/serial/usart_serial.o
 .debug_frame   0x00000000       0x80 src/ASF/common/services/serial/usart_serial.o
 .debug_loc     0x00000000       0xac src/ASF/common/services/serial/usart_serial.o
 .debug_pubnames
                0x00000000       0x4d src/ASF/common/services/serial/usart_serial.o
 .debug_aranges
                0x00000000       0x38 src/ASF/common/services/serial/usart_serial.o
 .debug_ranges  0x00000000       0x30 src/ASF/common/services/serial/usart_serial.o
 .debug_str     0x00000000      0x801 src/ASF/common/services/serial/usart_serial.o
 .comment       0x00000000       0x31 src/ASF/common/services/serial/usart_serial.o
 .text          0x00000000        0x0 src/ASF/common/services/clock/uc3d/osc.o
 .data          0x00000000        0x0 src/ASF/common/services/clock/uc3d/osc.o
 .bss           0x00000000        0x0 src/ASF/common/services/clock/uc3d/osc.o
 .text.osc_priv_disable_rc120m
                0x00000000       0x40 src/ASF/common/services/clock/uc3d/osc.o
 .text          0x00000000        0x0 src/ASF/common/services/clock/uc3d/pll.o
 .data          0x00000000        0x0 src/ASF/common/services/clock/uc3d/pll.o
 .bss           0x00000000        0x0 src/ASF/common/services/clock/uc3d/pll.o
 .debug_abbrev  0x00000000      0x1ad src/ASF/common/services/clock/uc3d/pll.o
 .debug_info    0x00000000     0x1545 src/ASF/common/services/clock/uc3d/pll.o
 .debug_line    0x00000000      0x7b7 src/ASF/common/services/clock/uc3d/pll.o
 .debug_macinfo
                0x00000000    0xff74f src/ASF/common/services/clock/uc3d/pll.o
 .text.cpu_irq_save
                0x00000000       0x1e src/ASF/common/services/clock/uc3d/pll.o
 .text.cpu_irq_is_enabled_flags
                0x00000000       0x20 src/ASF/common/services/clock/uc3d/pll.o
 .text.cpu_irq_restore
                0x00000000       0x28 src/ASF/common/services/clock/uc3d/pll.o
 .text.pll_config_write
                0x00000000       0x58 src/ASF/common/services/clock/uc3d/pll.o
 .text.pll_enable
                0x00000000       0x58 src/ASF/common/services/clock/uc3d/pll.o
 .text.pll_disable
                0x00000000       0x50 src/ASF/common/services/clock/uc3d/pll.o
 .debug_frame   0x00000000       0xb8 src/ASF/common/services/clock/uc3d/pll.o
 .debug_loc     0x00000000      0x102 src/ASF/common/services/clock/uc3d/pll.o
 .debug_pubnames
                0x00000000       0x46 src/ASF/common/services/clock/uc3d/pll.o
 .debug_aranges
                0x00000000       0x48 src/ASF/common/services/clock/uc3d/pll.o
 .debug_ranges  0x00000000       0x40 src/ASF/common/services/clock/uc3d/pll.o
 .debug_str     0x00000000      0x7bf src/ASF/common/services/clock/uc3d/pll.o
 .comment       0x00000000       0x31 src/ASF/common/services/clock/uc3d/pll.o
 .text          0x00000000        0x0 src/ASF/common/services/clock/uc3d/sysclk.o
 .data          0x00000000        0x0 src/ASF/common/services/clock/uc3d/sysclk.o
 .bss           0x00000000        0x0 src/ASF/common/services/clock/uc3d/sysclk.o
 .text.sysclk_priv_disable_module
                0x00000000       0x84 src/ASF/common/services/clock/uc3d/sysclk.o
 .text          0x00000000        0x0 src/ASF/avr32/drivers/pm/power_clocks_lib.o
 .data          0x00000000        0x0 src/ASF/avr32/drivers/pm/power_clocks_lib.o
 .bss           0x00000000        0x0 src/ASF/avr32/drivers/pm/power_clocks_lib.o
 .debug_abbrev  0x00000000      0x16e src/ASF/avr32/drivers/pm/power_clocks_lib.o
 .debug_info    0x00000000      0x4bd src/ASF/avr32/drivers/pm/power_clocks_lib.o
 .debug_line    0x00000000      0x7bb src/ASF/avr32/drivers/pm/power_clocks_lib.o
 .debug_macinfo
                0x00000000    0xfdf59 src/ASF/avr32/drivers/pm/power_clocks_lib.o
 .text.pcl_configure_clocks
                0x00000000       0x24 src/ASF/avr32/drivers/pm/power_clocks_lib.o
 .text.pcl_configure_clocks_uc3d
                0x00000000      0x334 src/ASF/avr32/drivers/pm/power_clocks_lib.o
 .text.pcl_switch_to_osc
                0x00000000       0x60 src/ASF/avr32/drivers/pm/power_clocks_lib.o
 .text.pcl_configure_usb_clock
                0x00000000       0x10 src/ASF/avr32/drivers/pm/power_clocks_lib.o
 .text.pcl_write_gplp
                0x00000000       0x28 src/ASF/avr32/drivers/pm/power_clocks_lib.o
 .text.pcl_read_gplp
                0x00000000       0x24 src/ASF/avr32/drivers/pm/power_clocks_lib.o
 .debug_frame   0x00000000       0xb8 src/ASF/avr32/drivers/pm/power_clocks_lib.o
 .debug_loc     0x00000000      0x102 src/ASF/avr32/drivers/pm/power_clocks_lib.o
 .debug_pubnames
                0x00000000       0x82 src/ASF/avr32/drivers/pm/power_clocks_lib.o
 .debug_aranges
                0x00000000       0x48 src/ASF/avr32/drivers/pm/power_clocks_lib.o
 .debug_ranges  0x00000000       0x40 src/ASF/avr32/drivers/pm/power_clocks_lib.o
 .debug_str     0x00000000      0x51e src/ASF/avr32/drivers/pm/power_clocks_lib.o
 .comment       0x00000000       0x31 src/ASF/avr32/drivers/pm/power_clocks_lib.o
 .text          0x00000000        0x0 src/ASF/avr32/drivers/pwma/pwma.o
 .data          0x00000000        0x0 src/ASF/avr32/drivers/pwma/pwma.o
 .bss           0x00000000        0x0 src/ASF/avr32/drivers/pwma/pwma.o
 .debug_abbrev  0x00000000      0x179 src/ASF/avr32/drivers/pwma/pwma.o
 .debug_info    0x00000000      0xa50 src/ASF/avr32/drivers/pwma/pwma.o
 .debug_line    0x00000000      0x72e src/ASF/avr32/drivers/pwma/pwma.o
 .debug_macinfo
                0x00000000    0xfdaf4 src/ASF/avr32/drivers/pwma/pwma.o
 .text.pwma_wait_for_ready
                0x00000000       0x1e src/ASF/avr32/drivers/pwma/pwma.o
 .text.pwma_config_and_enable
                0x00000000       0x4c src/ASF/avr32/drivers/pwma/pwma.o
 .text.pwma_config_enable
                0x00000000       0xac src/ASF/avr32/drivers/pwma/pwma.o
 .text.pwma_set_channels_value
                0x00000000       0xb4 src/ASF/avr32/drivers/pwma/pwma.o
 .text.pwma_set_multiple_values
                0x00000000      0x148 src/ASF/avr32/drivers/pwma/pwma.o
 .text.pwma_write_top_value
                0x00000000       0x4c src/ASF/avr32/drivers/pwma/pwma.o
 .text.pwma_enable_cwg_mode
                0x00000000       0x20 src/ASF/avr32/drivers/pwma/pwma.o
 .debug_frame   0x00000000       0xdc src/ASF/avr32/drivers/pwma/pwma.o
 .debug_loc     0x00000000      0x12d src/ASF/avr32/drivers/pwma/pwma.o
 .debug_pubnames
                0x00000000       0xaf src/ASF/avr32/drivers/pwma/pwma.o
 .debug_aranges
                0x00000000       0x50 src/ASF/avr32/drivers/pwma/pwma.o
 .debug_ranges  0x00000000       0x48 src/ASF/avr32/drivers/pwma/pwma.o
 .debug_str     0x00000000      0x4ab src/ASF/avr32/drivers/pwma/pwma.o
 .comment       0x00000000       0x31 src/ASF/avr32/drivers/pwma/pwma.o
 .text          0x00000000        0x0 src/ASF/avr32/drivers/spi/spi.o
 .data          0x00000000        0x0 src/ASF/avr32/drivers/spi/spi.o
 .bss           0x00000000        0x0 src/ASF/avr32/drivers/spi/spi.o
 .text.getBaudDiv
                0x00000000       0x50 src/ASF/avr32/drivers/spi/spi.o
 .text.spi_initTest
                0x00000000       0x32 src/ASF/avr32/drivers/spi/spi.o
 .text.spi_initMaster
                0x00000000       0x94 src/ASF/avr32/drivers/spi/spi.o
 .text.spi_selectionMode
                0x00000000       0x94 src/ASF/avr32/drivers/spi/spi.o
 .text.spi_selectChip
                0x00000000       0x98 src/ASF/avr32/drivers/spi/spi.o
 .text.spi_unselectChip
                0x00000000       0x6a src/ASF/avr32/drivers/spi/spi.o
 .text.spi_setupChipReg
                0x00000000      0x184 src/ASF/avr32/drivers/spi/spi.o
 .text.spi_disable
                0x00000000       0x1a src/ASF/avr32/drivers/spi/spi.o
 .text.spi_is_enabled
                0x00000000       0x22 src/ASF/avr32/drivers/spi/spi.o
 .text.spi_writeRegisterEmptyCheck
                0x00000000       0x20 src/ASF/avr32/drivers/spi/spi.o
 .text.spi_write
                0x00000000       0x58 src/ASF/avr32/drivers/spi/spi.o
 .text.spi_variableSlaveWrite
                0x00000000       0x98 src/ASF/avr32/drivers/spi/spi.o
 .text.spi_writeEndCheck
                0x00000000       0x20 src/ASF/avr32/drivers/spi/spi.o
 .text.spi_readRegisterFullCheck
                0x00000000       0x20 src/ASF/avr32/drivers/spi/spi.o
 .text.spi_read
                0x00000000       0x5e src/ASF/avr32/drivers/spi/spi.o
 .text.spi_getStatus
                0x00000000       0x68 src/ASF/avr32/drivers/spi/spi.o
 .text          0x00000000        0x0 src/ASF/avr32/drivers/twim/twim.o
 .data          0x00000000        0x0 src/ASF/avr32/drivers/twim/twim.o
 .bss           0x00000000        0x0 src/ASF/avr32/drivers/twim/twim.o
 .text.twim_read
                0x00000000      0x134 src/ASF/avr32/drivers/twim/twim.o
 .text.twim_write_packet
                0x00000000      0x13c src/ASF/avr32/drivers/twim/twim.o
 .text.twim_chained_transfer
                0x00000000      0x340 src/ASF/avr32/drivers/twim/twim.o
 .text          0x00000000        0x0 src/ASF/avr32/drivers/twis/twis.o
 .data          0x00000000        0x0 src/ASF/avr32/drivers/twis/twis.o
 .bss           0x00000000        0x0 src/ASF/avr32/drivers/twis/twis.o
 .debug_abbrev  0x00000000      0x1f2 src/ASF/avr32/drivers/twis/twis.o
 .debug_info    0x00000000      0xeed src/ASF/avr32/drivers/twis/twis.o
 .debug_line    0x00000000      0x7d2 src/ASF/avr32/drivers/twis/twis.o
 .debug_macinfo
                0x00000000    0xfec7a src/ASF/avr32/drivers/twis/twis.o
 .text.cpu_irq_save
                0x00000000       0x1e src/ASF/avr32/drivers/twis/twis.o
 .text.cpu_irq_is_enabled_flags
                0x00000000       0x20 src/ASF/avr32/drivers/twis/twis.o
 .text.cpu_irq_restore
                0x00000000       0x28 src/ASF/avr32/drivers/twis/twis.o
 .bss.twis_inst_slave
                0x00000000        0x4 src/ASF/avr32/drivers/twis/twis.o
 .bss.twis_slave_fct
                0x00000000        0xc src/ASF/avr32/drivers/twis/twis.o
 .text.twis_slave_interrupt_handler
                0x00000000      0x19c src/ASF/avr32/drivers/twis/twis.o
 .text.twis_slave_init
                0x00000000      0x144 src/ASF/avr32/drivers/twis/twis.o
 .text.twis_send_data_nack
                0x00000000       0x58 src/ASF/avr32/drivers/twis/twis.o
 .text.twis_send_data_ack
                0x00000000       0x22 src/ASF/avr32/drivers/twis/twis.o
 .debug_frame   0x00000000       0xd8 src/ASF/avr32/drivers/twis/twis.o
 .debug_loc     0x00000000      0x12d src/ASF/avr32/drivers/twis/twis.o
 .debug_pubnames
                0x00000000       0x55 src/ASF/avr32/drivers/twis/twis.o
 .debug_aranges
                0x00000000       0x50 src/ASF/avr32/drivers/twis/twis.o
 .debug_ranges  0x00000000       0x48 src/ASF/avr32/drivers/twis/twis.o
 .debug_str     0x00000000      0x524 src/ASF/avr32/drivers/twis/twis.o
 .comment       0x00000000       0x31 src/ASF/avr32/drivers/twis/twis.o
 .text          0x00000000        0xc src/ASF/avr32/drivers/usart/usart.o
 .data          0x00000000        0x0 src/ASF/avr32/drivers/usart/usart.o
 .bss           0x00000000        0x0 src/ASF/avr32/drivers/usart/usart.o
 .debug_abbrev  0x00000000      0x266 src/ASF/avr32/drivers/usart/usart.o
 .debug_info    0x00000000     0x2c09 src/ASF/avr32/drivers/usart/usart.o
 .debug_line    0x00000000      0xa3c src/ASF/avr32/drivers/usart/usart.o
 .debug_macinfo
                0x00000000    0xfdec0 src/ASF/avr32/drivers/usart/usart.o
 .text.cpu_irq_is_enabled_flags
                0x00000000       0x20 src/ASF/avr32/drivers/usart/usart.o
 .text.usart_set_async_baudrate
                0x00000000       0xd2 src/ASF/avr32/drivers/usart/usart.o
 .text.usart_set_sync_master_baudrate
                0x00000000       0x70 src/ASF/avr32/drivers/usart/usart.o
 .text.usart_set_sync_slave_baudrate
                0x00000000       0x28 src/ASF/avr32/drivers/usart/usart.o
 .text.usart_set_iso7816_clock
                0x00000000       0x72 src/ASF/avr32/drivers/usart/usart.o
 .text.usart_set_spi_master_baudrate
                0x00000000       0x70 src/ASF/avr32/drivers/usart/usart.o
 .text.usart_set_spi_slave_baudrate
                0x00000000       0x28 src/ASF/avr32/drivers/usart/usart.o
 .text.usart_reset
                0x00000000       0x74 src/ASF/avr32/drivers/usart/usart.o
 .text.usart_init_rs232
                0x00000000      0x170 src/ASF/avr32/drivers/usart/usart.o
 .text.usart_init_rs232_tx_only
                0x00000000      0x17c src/ASF/avr32/drivers/usart/usart.o
 .text.usart_init_hw_handshaking
                0x00000000       0x50 src/ASF/avr32/drivers/usart/usart.o
 .text.usart_init_modem
                0x00000000       0x54 src/ASF/avr32/drivers/usart/usart.o
 .text.usart_init_sync_master
                0x00000000      0x184 src/ASF/avr32/drivers/usart/usart.o
 .text.usart_init_sync_slave
                0x00000000      0x170 src/ASF/avr32/drivers/usart/usart.o
 .text.usart_init_rs485
                0x00000000       0x50 src/ASF/avr32/drivers/usart/usart.o
 .text.usart_init_IrDA
                0x00000000       0x6c src/ASF/avr32/drivers/usart/usart.o
 .text.usart_init_iso7816
                0x00000000      0x11c src/ASF/avr32/drivers/usart/usart.o
 .text.usart_init_lin_master
                0x00000000       0x64 src/ASF/avr32/drivers/usart/usart.o
 .text.usart_init_lin_slave
                0x00000000       0x64 src/ASF/avr32/drivers/usart/usart.o
 .text.usart_init_spi_master
                0x00000000      0x11c src/ASF/avr32/drivers/usart/usart.o
 .text.usart_init_spi_slave
                0x00000000      0x108 src/ASF/avr32/drivers/usart/usart.o
 .text.usart_spi_selectChip
                0x00000000       0x20 src/ASF/avr32/drivers/usart/usart.o
 .text.usart_spi_unselectChip
                0x00000000       0x5c src/ASF/avr32/drivers/usart/usart.o
 .text.usart_send_address
                0x00000000       0x6c src/ASF/avr32/drivers/usart/usart.o
 .text.usart_write_char
                0x00000000       0x44 src/ASF/avr32/drivers/usart/usart.o
 .text.usart_putchar
                0x00000000       0x54 src/ASF/avr32/drivers/usart/usart.o
 .text.usart_read_char
                0x00000000       0x52 src/ASF/avr32/drivers/usart/usart.o
 .text.usart_getchar
                0x00000000       0x44 src/ASF/avr32/drivers/usart/usart.o
 .text.usart_write_line
                0x00000000       0x40 src/ASF/avr32/drivers/usart/usart.o
 .text.usart_get_echo_line
                0x00000000       0x8c src/ASF/avr32/drivers/usart/usart.o
 .debug_frame   0x00000000      0x358 src/ASF/avr32/drivers/usart/usart.o
 .debug_loc     0x00000000      0x50a src/ASF/avr32/drivers/usart/usart.o
 .debug_pubnames
                0x00000000      0x227 src/ASF/avr32/drivers/usart/usart.o
 .debug_aranges
                0x00000000      0x108 src/ASF/avr32/drivers/usart/usart.o
 .debug_ranges  0x00000000      0x100 src/ASF/avr32/drivers/usart/usart.o
 .debug_str     0x00000000      0xa84 src/ASF/avr32/drivers/usart/usart.o
 .comment       0x00000000       0x31 src/ASF/avr32/drivers/usart/usart.o
 .text          0x00000000        0x0 src/ASF/avr32/drivers/intc/exception.o
 .data          0x00000000        0x0 src/ASF/avr32/drivers/intc/exception.o
 .bss           0x00000000        0x0 src/ASF/avr32/drivers/intc/exception.o
 .text          0x00000000        0x0 src/ASF/avr32/drivers/intc/intc.o
 .data          0x00000000        0x0 src/ASF/avr32/drivers/intc/intc.o
 .bss           0x00000000        0x0 src/ASF/avr32/drivers/intc/intc.o
 .text          0x00000000        0x0 src/ASF/avr32/utils/startup/startup_uc3.o
 .data          0x00000000        0x0 src/ASF/avr32/utils/startup/startup_uc3.o
 .bss           0x00000000        0x0 src/ASF/avr32/utils/startup/startup_uc3.o
 .reset         0x00000000        0x8 src/ASF/avr32/utils/startup/startup_uc3.o
 .text          0x00000000        0x0 src/ASF/avr32/utils/startup/trampoline_uc3.o
 .data          0x00000000        0x0 src/ASF/avr32/utils/startup/trampoline_uc3.o
 .bss           0x00000000        0x0 src/ASF/avr32/utils/startup/trampoline_uc3.o
 .text          0x00000000        0x0 src/ASF/common/boards/user_board/init.o
 .data          0x00000000        0x0 src/ASF/common/boards/user_board/init.o
 .bss           0x00000000        0x0 src/ASF/common/boards/user_board/init.o
 .text          0x00000000        0x0 src/main.o
 .data          0x00000000        0x0 src/main.o
 .bss           0x00000000        0x0 src/main.o
 .data          0x00000000        0x0 c:/program files (x86)/atmel/studio/7.0/toolchain/avr32/avr32-gnu-toolchain/bin/../lib/gcc/avr32/4.4.7/ucr3\libgcc.a(_udivdi3.o)
 .bss           0x00000000        0x0 c:/program files (x86)/atmel/studio/7.0/toolchain/avr32/avr32-gnu-toolchain/bin/../lib/gcc/avr32/4.4.7/ucr3\libgcc.a(_udivdi3.o)

Memory Configuration

Name             Origin             Length             Attributes
FLASH            0x80000000         0x00010000         axrl !w
CPUSRAM          0x00000004         0x00003ffc         axw !rl
USERPAGE         0x80800000         0x00000100
FACTORYPAGE      0x80800100         0x00000100
*default*        0x00000000         0xffffffff

Linker script and memory map

                0x00001000                _stack_size = 0x1000
LOAD src/ASF/avr32/drivers/flashcdw/flashcdw.o
LOAD src/ASF/avr32/drivers/gpio/gpio.o
LOAD src/ASF/avr32/drivers/pdca/pdca.o
LOAD src/ASF/avr32/drivers/pm/pm_uc3d.o
LOAD src/ASF/avr32/drivers/scif/scif_uc3d.o
LOAD src/ASF/avr32/drivers/wdt/wdt4.o
LOAD src/com_spi.o
LOAD src/motor_control.o
LOAD src/pid.o
LOAD src/sensor.o
LOAD src/settings_t.o
LOAD src/ASF/avr32/drivers/tc/tc.o
LOAD src/ASF/common/services/spi/uc3_spi/spi_master.o
LOAD src/ASF/common/services/sleepmgr/uc3/sleepmgr.o
LOAD src/ASF/common/services/serial/usart_serial.o
LOAD src/ASF/common/services/clock/uc3d/osc.o
LOAD src/ASF/common/services/clock/uc3d/pll.o
LOAD src/ASF/common/services/clock/uc3d/sysclk.o
LOAD src/ASF/avr32/drivers/pm/power_clocks_lib.o
LOAD src/ASF/avr32/drivers/pwma/pwma.o
LOAD src/ASF/avr32/drivers/spi/spi.o
LOAD src/ASF/avr32/drivers/twim/twim.o
LOAD src/ASF/avr32/drivers/twis/twis.o
LOAD src/ASF/avr32/drivers/usart/usart.o
LOAD src/ASF/avr32/drivers/intc/exception.o
LOAD src/ASF/avr32/drivers/intc/intc.o
LOAD src/ASF/avr32/utils/startup/startup_uc3.o
LOAD src/ASF/avr32/utils/startup/trampoline_uc3.o
LOAD src/ASF/common/boards/user_board/init.o
LOAD src/main.o
START GROUP
LOAD c:/program files (x86)/atmel/studio/7.0/toolchain/avr32/avr32-gnu-toolchain/bin/../lib/gcc/avr32/4.4.7/../../../../avr32/lib/ucr3\libm.a
END GROUP
LOAD c:/program files (x86)/atmel/studio/7.0/toolchain/avr32/avr32-gnu-toolchain/bin/../lib/gcc/avr32/4.4.7/ucr3\libgcc.a
LOAD c:/program files (x86)/atmel/studio/7.0/toolchain/avr32/avr32-gnu-toolchain/bin/../lib/gcc/avr32/4.4.7/../../../../avr32/lib/ucr3\libc.a
LOAD c:/program files (x86)/atmel/studio/7.0/toolchain/avr32/avr32-gnu-toolchain/bin/../lib/gcc/avr32/4.4.7/ucr3\libgcc.a
                0x80000000                PROVIDE (__executable_start, 0x80000000)
                0x80000000                . = 0x80000000

.interp
 *(.interp)

.reset          0x80000000     0x2004
 *(.reset)
 .reset         0x80000000     0x2004 src/ASF/avr32/utils/startup/trampoline_uc3.o
                               0x2008 (size before relaxing)
                0x80000000                _trampoline

.hash
 *(.hash)

.dynsym
 *(.dynsym)

.dynstr
 *(.dynstr)

.gnu.version
 *(.gnu.version)

.gnu.version_d
 *(.gnu.version_d)

.gnu.version_r
 *(.gnu.version_r)

.rel.init
 *(.rel.init)

.rela.init
 *(.rela.init)

.rel.text
 *(.rel.text .rel.text.* .rel.gnu.linkonce.t.*)

.rela.text
 *(.rela.text .rela.text.* .rela.gnu.linkonce.t.*)

.rel.fini
 *(.rel.fini)

.rela.fini
 *(.rela.fini)

.rel.rodata
 *(.rel.rodata .rel.rodata.* .rel.gnu.linkonce.r.*)

.rela.rodata
 *(.rela.rodata .rela.rodata.* .rela.gnu.linkonce.r.*)

.rel.data.rel.ro
 *(.rel.data.rel.ro*)

.rela.data.rel.ro
 *(.rel.data.rel.ro*)

.rel.data
 *(.rel.data .rel.data.* .rel.gnu.linkonce.d.*)

.rela.data
 *(.rela.data .rela.data.* .rela.gnu.linkonce.d.*)

.rel.tdata
 *(.rel.tdata .rel.tdata.* .rel.gnu.linkonce.td.*)

.rela.tdata
 *(.rela.tdata .rela.tdata.* .rela.gnu.linkonce.td.*)

.rel.tbss
 *(.rel.tbss .rel.tbss.* .rel.gnu.linkonce.tb.*)

.rela.tbss
 *(.rela.tbss .rela.tbss.* .rela.gnu.linkonce.tb.*)

.rel.ctors
 *(.rel.ctors)

.rela.ctors
 *(.rela.ctors)

.rel.dtors
 *(.rel.dtors)

.rela.dtors
 *(.rela.dtors)

.rel.got
 *(.rel.got)

.rela.got       0x80002004        0x0
 *(.rela.got)
 .rela.got      0x80002004        0x0 src/ASF/avr32/drivers/flashcdw/flashcdw.o

.rel.bss
 *(.rel.bss .rel.bss.* .rel.gnu.linkonce.b.*)

.rela.bss
 *(.rela.bss .rela.bss.* .rela.gnu.linkonce.b.*)

.rel.plt
 *(.rel.plt)

.rela.plt
 *(.rela.plt)

.init
 *(.init)

.plt
 *(.plt)

.text           0x80002004     0x3bb8
 *(.text .stub .text.* .gnu.linkonce.t.*)
 .text.flashcdw_set_wait_state
                0x80002004       0x46 src/ASF/avr32/drivers/flashcdw/flashcdw.o
                0x80002004                flashcdw_set_wait_state
 *fill*         0x8000204a        0x2 d703d703
 .text.flashcdw_set_flash_waitstate_and_readmode
                0x8000204c       0x6c src/ASF/avr32/drivers/flashcdw/flashcdw.o
                0x8000204c                flashcdw_set_flash_waitstate_and_readmode
 .text.flashcdw_is_ready
                0x800020b8       0x18 src/ASF/avr32/drivers/flashcdw/flashcdw.o
                0x800020b8                flashcdw_is_ready
 .text.flashcdw_default_wait_until_ready
                0x800020d0       0x1c src/ASF/avr32/drivers/flashcdw/flashcdw.o
                0x800020d0                flashcdw_default_wait_until_ready
 .text.flashcdw_get_error_status
                0x800020ec       0x16 src/ASF/avr32/drivers/flashcdw/flashcdw.o
 *fill*         0x80002102        0x2 d703d703
 .text.flashcdw_issue_command
                0x80002104       0x88 src/ASF/avr32/drivers/flashcdw/flashcdw.o
                0x80002104                flashcdw_issue_command
 .text.flashcdw_clear_page_buffer
                0x8000218c       0x18 src/ASF/avr32/drivers/flashcdw/flashcdw.o
                0x8000218c                flashcdw_clear_page_buffer
 .text.flashcdw_is_page_erased
                0x800021a4       0x1a src/ASF/avr32/drivers/flashcdw/flashcdw.o
                0x800021a4                flashcdw_is_page_erased
 *fill*         0x800021be        0x2 d703d703
 .text.flashcdw_quick_page_read
                0x800021c0       0x2c src/ASF/avr32/drivers/flashcdw/flashcdw.o
                0x800021c0                flashcdw_quick_page_read
 .text.flashcdw_erase_page
                0x800021ec       0x68 src/ASF/avr32/drivers/flashcdw/flashcdw.o
                0x800021ec                flashcdw_erase_page
 .text.flashcdw_write_page
                0x80002254       0x20 src/ASF/avr32/drivers/flashcdw/flashcdw.o
                0x80002254                flashcdw_write_page
 .text.flashcdw_quick_user_page_read
                0x80002274       0x24 src/ASF/avr32/drivers/flashcdw/flashcdw.o
                0x80002274                flashcdw_quick_user_page_read
 .text.flashcdw_erase_user_page
                0x80002298       0x3c src/ASF/avr32/drivers/flashcdw/flashcdw.o
                0x80002298                flashcdw_erase_user_page
 .text.flashcdw_write_user_page
                0x800022d4       0x18 src/ASF/avr32/drivers/flashcdw/flashcdw.o
                0x800022d4                flashcdw_write_user_page
 .text.flashcdw_memcpy
                0x800022ec      0x1b0 src/ASF/avr32/drivers/flashcdw/flashcdw.o
                0x800022ec                flashcdw_memcpy
 .text.gpio_enable_module
                0x8000249c       0x70 src/ASF/avr32/drivers/gpio/gpio.o
                0x8000249c                gpio_enable_module
 .text.gpio_enable_module_pin
                0x8000250c      0x27c src/ASF/avr32/drivers/gpio/gpio.o
                0x8000250c                gpio_enable_module_pin
 .text.sysclk_enable_hsb_module
                0x80002788       0x20 src/com_spi.o
 .text.sysclk_enable_pba_module
                0x800027a8       0x20 src/com_spi.o
 .text.sysclk_enable_pbb_module
                0x800027c8       0x20 src/com_spi.o
 .text.sysclk_enable_peripheral_clock
                0x800027e8      0x1c8 src/com_spi.o
 .text.ioport_set_pin_dir
                0x800029b0       0xb4 src/com_spi.o
 .text.ioport_set_pin_level
                0x80002a64       0xb2 src/com_spi.o
 *fill*         0x80002b16        0x2 d703d703
 .text.com_spi_init
                0x80002b18       0x70 src/com_spi.o
                0x80002b18                com_spi_init
 .text.sysclk_get_main_hz
                0x80002b88       0x14 src/motor_control.o
 .text.sysclk_get_pba_hz
                0x80002b9c       0x18 src/motor_control.o
 .text.sysclk_enable_hsb_module
                0x80002bb4       0x20 src/motor_control.o
 .text.sysclk_enable_pba_module
                0x80002bd4       0x20 src/motor_control.o
 .text.sysclk_enable_pbb_module
                0x80002bf4       0x20 src/motor_control.o
 .text.sysclk_enable_peripheral_clock
                0x80002c14      0x1c8 src/motor_control.o
 .text.ioport_set_pin_dir
                0x80002ddc       0xb4 src/motor_control.o
 .text.motor_init
                0x80002e90      0x34c src/motor_control.o
                0x80002e90                motor_init
 .text.t_c1_rc_isr
                0x800031dc       0x50 src/motor_control.o
                0x800031dc                t_c1_rc_isr
 .text.t_c2_rc_isr
                0x8000322c       0x50 src/motor_control.o
                0x8000322c                t_c2_rc_isr
 .text.set_motor_speeds
                0x8000327c       0xa0 src/motor_control.o
                0x8000327c                set_motor_speeds
 .text.sysclk_get_main_hz
                0x8000331c       0x14 src/pid.o
 .text.sysclk_get_cpu_hz
                0x80003330       0x18 src/pid.o
 .text.get_time_since_last_pid
                0x80003348      0x130 src/pid.o
                0x80003348                get_time_since_last_pid
 .text.calculate_actuating_variable
                0x80003478       0xc0 src/pid.o
                0x80003478                calculate_actuating_variable
 .text.control  0x80003538      0x214 src/pid.o
                0x80003538                control
 .text.sysclk_get_main_hz
                0x8000374c       0x14 src/sensor.o
 .text.sysclk_get_cpu_hz
                0x80003760       0x18 src/sensor.o
 .text.sysclk_get_pba_hz
                0x80003778       0x18 src/sensor.o
 .text.sysclk_enable_hsb_module
                0x80003790       0x20 src/sensor.o
 .text.sysclk_enable_pba_module
                0x800037b0       0x20 src/sensor.o
 .text.sysclk_enable_pbb_module
                0x800037d0       0x20 src/sensor.o
 .text.sysclk_enable_peripheral_clock
                0x800037f0      0x1c8 src/sensor.o
 .text.ioport_set_pin_dir
                0x800039b8       0xb4 src/sensor.o
 .text.ioport_set_pin_level
                0x80003a6c       0xb2 src/sensor.o
 *fill*         0x80003b1e        0x2 d703d703
 .text.sensor_init
                0x80003b20      0x4f8 src/sensor.o
                0x80003b20                sensor_init
 .text.sensor_led_init
                0x80004018       0x44 src/sensor.o
                0x80004018                sensor_led_init
 .text.read_sensor_data
                0x8000405c       0x5c src/sensor.o
                0x8000405c                read_sensor_data
 .text.write_sensor_data
                0x800040b8      0x118 src/sensor.o
                0x800040b8                write_sensor_data
 .text.read_sensor_euler
                0x800041d0       0x74 src/sensor.o
                0x800041d0                read_sensor_euler
 .text.ioport_set_pin_mode
                0x80004244      0x11a src/settings_t.o
 .text.ioport_set_pin_dir
                0x8000435e       0xb4 src/settings_t.o
 .text.ioport_get_pin_level
                0x80004412       0x60 src/settings_t.o
 *fill*         0x80004472        0x2 d703d703
 .text.settings_init
                0x80004474       0x5c src/settings_t.o
                0x80004474                settings_init
 .text.settings_save
                0x800044d0       0x20 src/settings_t.o
                0x800044d0                settings_save
 .text.check_save
                0x800044f0       0x48 src/settings_t.o
                0x800044f0                check_save
 .text.cpu_irq_is_enabled_flags
                0x80004538       0x20 src/ASF/avr32/drivers/tc/tc.o
 .text.tc_configure_interrupts
                0x80004558      0x1e8 src/ASF/avr32/drivers/tc/tc.o
                0x80004558                tc_configure_interrupts
 .text.tc_init_waveform
                0x80004740      0x154 src/ASF/avr32/drivers/tc/tc.o
                0x80004740                tc_init_waveform
 .text.tc_start
                0x80004894       0x3a src/ASF/avr32/drivers/tc/tc.o
                0x80004894                tc_start
 .text.tc_read_sr
                0x800048ce       0x3a src/ASF/avr32/drivers/tc/tc.o
                0x800048ce                tc_read_sr
 .text.tc_write_ra
                0x80004908       0x78 src/ASF/avr32/drivers/tc/tc.o
                0x80004908                tc_write_ra
 .text.tc_write_rb
                0x80004980       0x78 src/ASF/avr32/drivers/tc/tc.o
                0x80004980                tc_write_rb
 .text.tc_write_rc
                0x800049f8       0x78 src/ASF/avr32/drivers/tc/tc.o
                0x800049f8                tc_write_rc
 .text.cpu_irq_save
                0x80004a70       0x1e src/ASF/common/services/clock/uc3d/osc.o
 .text.cpu_irq_is_enabled_flags
                0x80004a8e       0x20 src/ASF/common/services/clock/uc3d/osc.o
 *fill*         0x80004aae        0x2 d703d703
 .text.cpu_irq_restore
                0x80004ab0       0x28 src/ASF/common/services/clock/uc3d/osc.o
 .text.osc_priv_enable_rc120m
                0x80004ad8       0x40 src/ASF/common/services/clock/uc3d/osc.o
                0x80004ad8                osc_priv_enable_rc120m
 .text.cpu_irq_save
                0x80004b18       0x1e src/ASF/common/services/clock/uc3d/sysclk.o
 .text.cpu_irq_is_enabled_flags
                0x80004b36       0x20 src/ASF/common/services/clock/uc3d/sysclk.o
 *fill*         0x80004b56        0x2 d703d703
 .text.cpu_irq_restore
                0x80004b58       0x28 src/ASF/common/services/clock/uc3d/sysclk.o
 .text.osc_enable
                0x80004b80       0x24 src/ASF/common/services/clock/uc3d/sysclk.o
 .text.osc_is_ready
                0x80004ba4       0x3a src/ASF/common/services/clock/uc3d/sysclk.o
 *fill*         0x80004bde        0x2 d703d703
 .text.osc_wait_ready
                0x80004be0       0x2c src/ASF/common/services/clock/uc3d/sysclk.o
 .text.sysclk_get_main_hz
                0x80004c0c       0x14 src/ASF/common/services/clock/uc3d/sysclk.o
 .text.sysclk_get_cpu_hz
                0x80004c20       0x18 src/ASF/common/services/clock/uc3d/sysclk.o
 .text.sysclk_priv_enable_module
                0x80004c38       0x80 src/ASF/common/services/clock/uc3d/sysclk.o
                0x80004c38                sysclk_priv_enable_module
 .text.sysclk_set_prescalers
                0x80004cb8       0xcc src/ASF/common/services/clock/uc3d/sysclk.o
                0x80004cb8                sysclk_set_prescalers
 .text.sysclk_set_source
                0x80004d84       0x44 src/ASF/common/services/clock/uc3d/sysclk.o
                0x80004d84                sysclk_set_source
 .text.sysclk_init
                0x80004dc8       0x4c src/ASF/common/services/clock/uc3d/sysclk.o
                0x80004dc8                sysclk_init
 .text.spi_initSlave
                0x80004e14       0x8a src/ASF/avr32/drivers/spi/spi.o
                0x80004e14                spi_initSlave
 .text.spi_enable
                0x80004e9e       0x1a src/ASF/avr32/drivers/spi/spi.o
                0x80004e9e                spi_enable
 .text.cpu_irq_save
                0x80004eb8       0x1e src/ASF/avr32/drivers/twim/twim.o
 .text.cpu_irq_is_enabled_flags
                0x80004ed6       0x20 src/ASF/avr32/drivers/twim/twim.o
 *fill*         0x80004ef6        0x2 d703d703
 .text.cpu_irq_restore
                0x80004ef8       0x28 src/ASF/avr32/drivers/twim/twim.o
 .text.twim_master_interrupt_handler
                0x80004f20      0x144 src/ASF/avr32/drivers/twim/twim.o
 .text.twim_set_speed
                0x80005064       0xa8 src/ASF/avr32/drivers/twim/twim.o
                0x80005064                twim_set_speed
 .text.twim_master_init
                0x8000510c      0x110 src/ASF/avr32/drivers/twim/twim.o
                0x8000510c                twim_master_init
 .text.twim_disable_interrupt
                0x8000521c       0x44 src/ASF/avr32/drivers/twim/twim.o
                0x8000521c                twim_disable_interrupt
 .text.twim_probe
                0x80005260       0x38 src/ASF/avr32/drivers/twim/twim.o
                0x80005260                twim_probe
 .text.twim_read_packet
                0x80005298      0x17c src/ASF/avr32/drivers/twim/twim.o
                0x80005298                twim_read_packet
 .text.twim_write
                0x80005414      0x104 src/ASF/avr32/drivers/twim/twim.o
                0x80005414                twim_write
 .text.twim_status
                0x80005518       0x30 src/ASF/avr32/drivers/twim/twim.o
                0x80005518                twim_status
 .text._unhandled_interrupt
                0x80005548        0x8 src/ASF/avr32/drivers/intc/intc.o
 .text._get_interrupt_handler
                0x80005550       0x70 src/ASF/avr32/drivers/intc/intc.o
                0x80005550                _get_interrupt_handler
 .text.INTC_init_evba
                0x800055c0       0x14 src/ASF/avr32/drivers/intc/intc.o
 .text.INTC_init_interrupts
                0x800055d4       0x98 src/ASF/avr32/drivers/intc/intc.o
                0x800055d4                INTC_init_interrupts
 .text.INTC_register_interrupt
                0x8000566c       0xd4 src/ASF/avr32/drivers/intc/intc.o
                0x8000566c                INTC_register_interrupt
 .text._stext   0x80005740       0x3c src/ASF/avr32/utils/startup/startup_uc3.o
                                 0x50 (size before relaxing)
                0x80005740                _stext
 .text.sysclk_enable_pba_module
                0x8000577c       0x20 src/ASF/common/boards/user_board/init.o
 .text.ioport_init
                0x8000579c       0x14 src/ASF/common/boards/user_board/init.o
 .text.ioport_set_pin_dir
                0x800057b0       0xb4 src/ASF/common/boards/user_board/init.o
 .text.board_init
                0x80005864       0x58 src/ASF/common/boards/user_board/init.o
                0x80005864                board_init
 .text.main     0x800058bc       0x9c src/main.o
                0x800058bc                main
 .text          0x80005958      0x264 c:/program files (x86)/atmel/studio/7.0/toolchain/avr32/avr32-gnu-toolchain/bin/../lib/gcc/avr32/4.4.7/ucr3\libgcc.a(_udivdi3.o)
                0x80005958                __avr32_udiv64
                0x80005958                __udivdi3
 *(.text.*personality*)
 *(.gnu.warning)

.exception      0x80005c00      0x200
 .exception     0x80005c00      0x200 src/ASF/avr32/drivers/intc/exception.o
                0x80005c00                _evba
                0x80005d04                _int0
                0x80005d12                _int1
                0x80005d20                _int2
                0x80005d2e                _int3

.fini
 *(.fini)
                0x80005e00                PROVIDE (__etext, .)
                0x80005e00                PROVIDE (_etext, .)
                0x80005e00                PROVIDE (etext, .)

.rodata         0x80005e00      0x118
 *(.rodata .rodata.* .gnu.linkonce.r.*)
 .rodata.gpio_enable_module_pin
                0x80005e00       0x20 src/ASF/avr32/drivers/gpio/gpio.o
 .rodata.SPI_GPIO_MAP.14432
                0x80005e20       0x18 src/com_spi.o
 .rodata.TIMER_GPIO_MAP.14477
                0x80005e38       0x20 src/motor_control.o
 .rodata.TWI_GPIO_MAP.14632
                0x80005e58       0x10 src/sensor.o
 .rodata._int_handler_table
                0x80005e68       0xb0 src/ASF/avr32/drivers/intc/intc.o

.rodata1
 *(.rodata1)

.eh_frame_hdr
 *(.eh_frame_hdr)

.eh_frame
 *(.eh_frame)

.gcc_except_table
 *(.gcc_except_table)
 *(.gcc_except_table.*)

.dalign         0x80005f18        0x0
                0x80005f18                . = ALIGN (0x8)
                0x80005f18                PROVIDE (_data_lma, .)
                0x00000004                PROVIDE (_data, ORIGIN (CPUSRAM))
                0x00000004                . = ORIGIN (CPUSRAM)

.eh_frame
 *(.eh_frame)

.gcc_except_table
 *(.gcc_except_table)
 *(.gcc_except_table.*)

.tdata
 *(.tdata .tdata.* .gnu.linkonce.td.*)

.tbss
 *(.tbss .tbss.* .gnu.linkonce.tb.*)
 *(.tcommon)
                0x00000004                PROVIDE (__preinit_array_start, ALIGN (0x4))

.preinit_array
 *(.preinit_array)
                0x00000004                PROVIDE (__preinit_array_end, .)
                0x00000004                PROVIDE (__init_array_start, .)

.init_array
 *(.init_array)
                0x00000004                PROVIDE (__init_array_end, .)
                0x00000004                PROVIDE (__fini_array_start, .)

.fini_array
 *(.fini_array)
                0x00000004                PROVIDE (__fini_array_end, .)

.ctors
 *crtbegin*.o(.ctors)
 *(EXCLUDE_FILE(*crtend*.o) .ctors)
 *(SORT(.ctors.*))
 *(.ctors)

.dtors
 *crtbegin*.o(.dtors)
 *(EXCLUDE_FILE(*crtend*.o) .dtors)
 *(SORT(.dtors.*))
 *(.dtors)

.jcr
 *(.jcr)

.data.rel.ro
 *(.data.rel.ro.local)
 *(.data.rel.ro*)

.dynamic
 *(.dynamic)

.got
 *(.got.plt)
 *(.got)

.data           0x00000004        0x4 load address 0x80005f18
 *(.data .data.* .gnu.linkonce.d.*)
 .data.flashcdw_wait_until_ready
                0x00000004        0x4 src/ASF/avr32/drivers/flashcdw/flashcdw.o
                0x00000004                flashcdw_wait_until_ready
 *(.gnu.linkonce.d.*personality*)

.data1
 *(.data1)

.balign         0x00000008        0x0 load address 0x80005f1c
                0x00000008                . = ALIGN (0x8)
                0x00000008                _edata = .
                0x00000008                _edata = .
                0x00000008                PROVIDE (edata, .)
                0x00000008                __bss_start = .

.bss            0x00000008      0x190 load address 0x80005f1c
 *(.dynbss)
 *(.bss .bss.* .gnu.linkonce.b.*)
 .bss.flashcdw_error_status
                0x00000008        0x4 src/ASF/avr32/drivers/flashcdw/flashcdw.o
 .bss.set_point
                0x0000000c        0xc src/pid.o
                0x0000000c                set_point
 .bss.throotle  0x00000018        0x4 src/pid.o
                0x00000018                throotle
 .bss.p_tmp.14761
                0x0000001c        0x8 src/pid.o
 .bss.r_tmp.14763
                0x00000024        0x8 src/pid.o
 .bss.h_tmp.14762
                0x0000002c        0x8 src/pid.o
 .bss.pin_old.14456
                0x00000034        0x1 src/settings_t.o
 *fill*         0x00000035        0x3 
 .bss.twim_inst
                0x00000038        0x4 src/ASF/avr32/drivers/twim/twim.o
 .bss.twim_tx_data
                0x0000003c        0x4 src/ASF/avr32/drivers/twim/twim.o
 .bss.twim_rx_data
                0x00000040        0x4 src/ASF/avr32/drivers/twim/twim.o
 .bss.transfer_status
                0x00000044        0x4 src/ASF/avr32/drivers/twim/twim.o
 .bss.twim_tx_nb_bytes
                0x00000048        0x4 src/ASF/avr32/drivers/twim/twim.o
 .bss.twim_rx_nb_bytes
                0x0000004c        0x4 src/ASF/avr32/drivers/twim/twim.o
 .bss.twim_it_mask
                0x00000050        0x4 src/ASF/avr32/drivers/twim/twim.o
 .bss.twim_package
                0x00000054        0x4 src/ASF/avr32/drivers/twim/twim.o
 .bss.twim_next
                0x00000058        0x1 src/ASF/avr32/drivers/twim/twim.o
 *fill*         0x00000059        0x3 
 .bss._int_line_handler_table_0
                0x0000005c        0x4 src/ASF/avr32/drivers/intc/intc.o
 .bss._int_line_handler_table_1
                0x00000060       0x28 src/ASF/avr32/drivers/intc/intc.o
 .bss._int_line_handler_table_2
                0x00000088       0x1c src/ASF/avr32/drivers/intc/intc.o
 .bss._int_line_handler_table_3
                0x000000a4       0x1c src/ASF/avr32/drivers/intc/intc.o
 .bss._int_line_handler_table_4
                0x000000c0        0x4 src/ASF/avr32/drivers/intc/intc.o
 .bss._int_line_handler_table_5
                0x000000c4        0x4 src/ASF/avr32/drivers/intc/intc.o
 .bss._int_line_handler_table_6
                0x000000c8        0x4 src/ASF/avr32/drivers/intc/intc.o
 .bss._int_line_handler_table_7
                0x000000cc        0x4 src/ASF/avr32/drivers/intc/intc.o
 .bss._int_line_handler_table_8
                0x000000d0        0x4 src/ASF/avr32/drivers/intc/intc.o
 .bss._int_line_handler_table_9
                0x000000d4        0x4 src/ASF/avr32/drivers/intc/intc.o
 .bss._int_line_handler_table_10
                0x000000d8        0x4 src/ASF/avr32/drivers/intc/intc.o
 .bss._int_line_handler_table_11
                0x000000dc        0x4 src/ASF/avr32/drivers/intc/intc.o
 .bss._int_line_handler_table_12
                0x000000e0        0x4 src/ASF/avr32/drivers/intc/intc.o
 .bss._int_line_handler_table_13
                0x000000e4        0x4 src/ASF/avr32/drivers/intc/intc.o
 .bss._int_line_handler_table_14
                0x000000e8        0xc src/ASF/avr32/drivers/intc/intc.o
 .bss._int_line_handler_table_15
                0x000000f4        0xc src/ASF/avr32/drivers/intc/intc.o
 .bss._int_line_handler_table_16
                0x00000100        0x4 src/ASF/avr32/drivers/intc/intc.o
 .bss._int_line_handler_table_17
                0x00000104        0x8 src/ASF/avr32/drivers/intc/intc.o
 .bss._int_line_handler_table_18
                0x0000010c        0x4 src/ASF/avr32/drivers/intc/intc.o
 .bss._int_line_handler_table_19
                0x00000110       0x10 src/ASF/avr32/drivers/intc/intc.o
 .bss._int_line_handler_table_20
                0x00000120        0x4 src/ASF/avr32/drivers/intc/intc.o
 .bss._int_line_handler_table_21
                0x00000124        0x4 src/ASF/avr32/drivers/intc/intc.o
 *(COMMON)
 COMMON         0x00000128       0x20 src/motor_control.o
                0x00000128                esc_timer_values
                0x00000138                esc_timer_compare_values
 COMMON         0x00000148        0x8 src/pid.o
                0x00000148                time_since_start
                0x0000014c                last_cycle_count
 COMMON         0x00000150       0x3c src/settings_t.o
                0x00000150                set
 COMMON         0x0000018c        0xc src/main.o
                0x0000018c                sensor_euler
                0x00000198                . = ALIGN (0x8)
                0x00000198                . = ALIGN (0x8)
                0x00000198                _end = .
                0x00000198                PROVIDE (end, .)
                0x00000198                __heap_start__ = ALIGN (0x8)
                0x00003000                . = ((ORIGIN (CPUSRAM) + 0x3ffc) - _stack_size)
                0x00003000                __heap_end__ = .

.stab
 *(.stab)

.stabstr
 *(.stabstr)

.stab.excl
 *(.stab.excl)

.stab.exclstr
 *(.stab.exclstr)

.stab.index
 *(.stab.index)

.stab.indexstr
 *(.stab.indexstr)

.comment        0x00000000       0x30
 *(.comment)
 .comment       0x00000000       0x30 src/ASF/avr32/drivers/flashcdw/flashcdw.o
                                 0x31 (size before relaxing)
 .comment       0x00000000       0x31 src/ASF/avr32/drivers/gpio/gpio.o
 .comment       0x00000000       0x31 src/com_spi.o
 .comment       0x00000000       0x31 src/motor_control.o
 .comment       0x00000000       0x31 src/pid.o
 .comment       0x00000000       0x31 src/sensor.o
 .comment       0x00000000       0x31 src/settings_t.o
 .comment       0x00000000       0x31 src/ASF/avr32/drivers/tc/tc.o
 .comment       0x00000000       0x31 src/ASF/common/services/clock/uc3d/osc.o
 .comment       0x00000000       0x31 src/ASF/common/services/clock/uc3d/sysclk.o
 .comment       0x00000000       0x31 src/ASF/avr32/drivers/spi/spi.o
 .comment       0x00000000       0x31 src/ASF/avr32/drivers/twim/twim.o
 .comment       0x00000000       0x31 src/ASF/avr32/drivers/intc/intc.o
 .comment       0x00000000       0x31 src/ASF/common/boards/user_board/init.o
 .comment       0x00000000       0x31 src/main.o
 .comment       0x00000000       0x31 c:/program files (x86)/atmel/studio/7.0/toolchain/avr32/avr32-gnu-toolchain/bin/../lib/gcc/avr32/4.4.7/ucr3\libgcc.a(_udivdi3.o)

.debug
 *(.debug)

.line
 *(.line)

.debug_srcinfo
 *(.debug_srcinfo)

.debug_sfnames
 *(.debug_sfnames)

.debug_aranges  0x00000000      0x960
 *(.debug_aranges)
 .debug_aranges
                0x00000000      0x260 src/ASF/avr32/drivers/flashcdw/flashcdw.o
 .debug_aranges
                0x00000260      0x128 src/ASF/avr32/drivers/gpio/gpio.o
 .debug_aranges
                0x00000388       0x60 src/com_spi.o
 .debug_aranges
                0x000003e8       0x90 src/motor_control.o
 .debug_aranges
                0x00000478       0x40 src/pid.o
 .debug_aranges
                0x000004b8       0xa0 src/sensor.o
 .debug_aranges
                0x00000558       0x48 src/settings_t.o
 .debug_aranges
                0x000005a0       0xb0 src/ASF/avr32/drivers/tc/tc.o
 .debug_aranges
                0x00000650       0x40 src/ASF/common/services/clock/uc3d/osc.o
 .debug_aranges
                0x00000690       0x80 src/ASF/common/services/clock/uc3d/sysclk.o
 .debug_aranges
                0x00000710       0xa8 src/ASF/avr32/drivers/spi/spi.o
 .debug_aranges
                0x000007b8       0x88 src/ASF/avr32/drivers/twim/twim.o
 .debug_aranges
                0x00000840       0x20 src/ASF/avr32/drivers/intc/exception.o
 .debug_aranges
                0x00000860       0x40 src/ASF/avr32/drivers/intc/intc.o
 .debug_aranges
                0x000008a0       0x28 src/ASF/avr32/utils/startup/startup_uc3.o
 .debug_aranges
                0x000008c8       0x20 src/ASF/avr32/utils/startup/trampoline_uc3.o
 .debug_aranges
                0x000008e8       0x38 src/ASF/common/boards/user_board/init.o
 .debug_aranges
                0x00000920       0x20 src/main.o
 .debug_aranges
                0x00000940       0x20 c:/program files (x86)/atmel/studio/7.0/toolchain/avr32/avr32-gnu-toolchain/bin/../lib/gcc/avr32/4.4.7/ucr3\libgcc.a(_udivdi3.o)

.debug_pubnames
                0x00000000     0x15cd
 *(.debug_pubnames)
 .debug_pubnames
                0x00000000      0x950 src/ASF/avr32/drivers/flashcdw/flashcdw.o
 .debug_pubnames
                0x00000950      0x3aa src/ASF/avr32/drivers/gpio/gpio.o
 .debug_pubnames
                0x00000cfa       0x23 src/com_spi.o
 .debug_pubnames
                0x00000d1d       0xd9 src/motor_control.o
 .debug_pubnames
                0x00000df6       0xd2 src/pid.o
 .debug_pubnames
                0x00000ec8       0xb6 src/sensor.o
 .debug_pubnames
                0x00000f7e       0x4d src/settings_t.o
 .debug_pubnames
                0x00000fcb      0x164 src/ASF/avr32/drivers/tc/tc.o
 .debug_pubnames
                0x0000112f       0x49 src/ASF/common/services/clock/uc3d/osc.o
 .debug_pubnames
                0x00001178       0x8f src/ASF/common/services/clock/uc3d/sysclk.o
 .debug_pubnames
                0x00001207      0x178 src/ASF/avr32/drivers/spi/spi.o
 .debug_pubnames
                0x0000137f       0xd6 src/ASF/avr32/drivers/twim/twim.o
 .debug_pubnames
                0x00001455       0x62 src/ASF/avr32/drivers/intc/intc.o
 .debug_pubnames
                0x000014b7       0x53 src/ASF/common/boards/user_board/init.o
 .debug_pubnames
                0x0000150a       0xa3 src/main.o
 .debug_pubnames
                0x000015ad       0x20 c:/program files (x86)/atmel/studio/7.0/toolchain/avr32/avr32-gnu-toolchain/bin/../lib/gcc/avr32/4.4.7/ucr3\libgcc.a(_udivdi3.o)

.debug_info     0x00000000    0x12288
 *(.debug_info .gnu.linkonce.wi.*)
 .debug_info    0x00000000     0x1df4 src/ASF/avr32/drivers/flashcdw/flashcdw.o
 .debug_info    0x00001df4      0xf72 src/ASF/avr32/drivers/gpio/gpio.o
 .debug_info    0x00002d66     0x2332 src/com_spi.o
 .debug_info    0x00005098     0x1825 src/motor_control.o
 .debug_info    0x000068bd      0x596 src/pid.o
 .debug_info    0x00006e53     0x20d2 src/sensor.o
 .debug_info    0x00008f25      0xc61 src/settings_t.o
 .debug_info    0x00009b86     0x117d src/ASF/avr32/drivers/tc/tc.o
 .debug_info    0x0000ad03     0x14ad src/ASF/common/services/clock/uc3d/osc.o
 .debug_info    0x0000c1b0     0x227d src/ASF/common/services/clock/uc3d/sysclk.o
 .debug_info    0x0000e42d     0x1314 src/ASF/avr32/drivers/spi/spi.o
 .debug_info    0x0000f741     0x120b src/ASF/avr32/drivers/twim/twim.o
 .debug_info    0x0001094c       0x99 src/ASF/avr32/drivers/intc/exception.o
 .debug_info    0x000109e5      0x5ee src/ASF/avr32/drivers/intc/intc.o
 .debug_info    0x00010fd3       0x98 src/ASF/avr32/utils/startup/startup_uc3.o
 .debug_info    0x0001106b       0x9f src/ASF/avr32/utils/startup/trampoline_uc3.o
 .debug_info    0x0001110a      0x9e1 src/ASF/common/boards/user_board/init.o
 .debug_info    0x00011aeb      0x222 src/main.o
 .debug_info    0x00011d0d      0x57b c:/program files (x86)/atmel/studio/7.0/toolchain/avr32/avr32-gnu-toolchain/bin/../lib/gcc/avr32/4.4.7/ucr3\libgcc.a(_udivdi3.o)

.debug_abbrev   0x00000000     0x22c8
 *(.debug_abbrev)
 .debug_abbrev  0x00000000      0x285 src/ASF/avr32/drivers/flashcdw/flashcdw.o
 .debug_abbrev  0x00000285      0x23f src/ASF/avr32/drivers/gpio/gpio.o
 .debug_abbrev  0x000004c4      0x2ba src/com_spi.o
 .debug_abbrev  0x0000077e      0x342 src/motor_control.o
 .debug_abbrev  0x00000ac0      0x1f3 src/pid.o
 .debug_abbrev  0x00000cb3      0x324 src/sensor.o
 .debug_abbrev  0x00000fd7      0x2ef src/settings_t.o
 .debug_abbrev  0x000012c6      0x21f src/ASF/avr32/drivers/tc/tc.o
 .debug_abbrev  0x000014e5      0x16e src/ASF/common/services/clock/uc3d/osc.o
 .debug_abbrev  0x00001653      0x1cd src/ASF/common/services/clock/uc3d/sysclk.o
 .debug_abbrev  0x00001820      0x204 src/ASF/avr32/drivers/spi/spi.o
 .debug_abbrev  0x00001a24      0x1ed src/ASF/avr32/drivers/twim/twim.o
 .debug_abbrev  0x00001c11       0x14 src/ASF/avr32/drivers/intc/exception.o
 .debug_abbrev  0x00001c25      0x1b6 src/ASF/avr32/drivers/intc/intc.o
 .debug_abbrev  0x00001ddb       0x12 src/ASF/avr32/utils/startup/startup_uc3.o
 .debug_abbrev  0x00001ded       0x14 src/ASF/avr32/utils/startup/trampoline_uc3.o
 .debug_abbrev  0x00001e01      0x26b src/ASF/common/boards/user_board/init.o
 .debug_abbrev  0x0000206c      0x102 src/main.o
 .debug_abbrev  0x0000216e      0x15a c:/program files (x86)/atmel/studio/7.0/toolchain/avr32/avr32-gnu-toolchain/bin/../lib/gcc/avr32/4.4.7/ucr3\libgcc.a(_udivdi3.o)

.debug_line     0x00000000     0xaa55
 *(.debug_line)
 .debug_line    0x00000000      0xcf4 src/ASF/avr32/drivers/flashcdw/flashcdw.o
 .debug_line    0x00000cf4      0x9e0 src/ASF/avr32/drivers/gpio/gpio.o
 .debug_line    0x000016d4      0xda8 src/com_spi.o
 .debug_line    0x0000247c      0xe68 src/motor_control.o
 .debug_line    0x000032e4      0xce2 src/pid.o
 .debug_line    0x00003fc6      0xf1b src/sensor.o
 .debug_line    0x00004ee1      0xd04 src/settings_t.o
 .debug_line    0x00005be5      0x85a src/ASF/avr32/drivers/tc/tc.o
 .debug_line    0x0000643f      0x78c src/ASF/common/services/clock/uc3d/osc.o
 .debug_line    0x00006bcb      0x8cc src/ASF/common/services/clock/uc3d/sysclk.o
 .debug_line    0x00007497      0x83a src/ASF/avr32/drivers/spi/spi.o
 .debug_line    0x00007cd1      0x958 src/ASF/avr32/drivers/twim/twim.o
 .debug_line    0x00008629      0x109 src/ASF/avr32/drivers/intc/exception.o
 .debug_line    0x00008732      0x6ca src/ASF/avr32/drivers/intc/intc.o
 .debug_line    0x00008dfc       0xf2 src/ASF/avr32/utils/startup/startup_uc3.o
 .debug_line    0x00008eee       0x67 src/ASF/avr32/utils/startup/trampoline_uc3.o
 .debug_line    0x00008f55      0xccd src/ASF/common/boards/user_board/init.o
 .debug_line    0x00009c22      0xc5e src/main.o
 .debug_line    0x0000a880      0x1d5 c:/program files (x86)/atmel/studio/7.0/toolchain/avr32/avr32-gnu-toolchain/bin/../lib/gcc/avr32/4.4.7/ucr3\libgcc.a(_udivdi3.o)

.debug_frame    0x00000000     0x1be8
 *(.debug_frame)
 .debug_frame   0x00000000      0x860 src/ASF/avr32/drivers/flashcdw/flashcdw.o
 .debug_frame   0x00000860      0x3c8 src/ASF/avr32/drivers/gpio/gpio.o
 .debug_frame   0x00000c28      0x10c src/com_spi.o
 .debug_frame   0x00000d34      0x1b4 src/motor_control.o
 .debug_frame   0x00000ee8       0xc0 src/pid.o
 .debug_frame   0x00000fa8      0x21c src/sensor.o
 .debug_frame   0x000011c4       0xb8 src/settings_t.o
 .debug_frame   0x0000127c      0x224 src/ASF/avr32/drivers/tc/tc.o
 .debug_frame   0x000014a0       0x9c src/ASF/common/services/clock/uc3d/osc.o
 .debug_frame   0x0000153c      0x17c src/ASF/common/services/clock/uc3d/sysclk.o
 .debug_frame   0x000016b8      0x208 src/ASF/avr32/drivers/spi/spi.o
 .debug_frame   0x000018c0      0x198 src/ASF/avr32/drivers/twim/twim.o
 .debug_frame   0x00001a58       0x9c src/ASF/avr32/drivers/intc/intc.o
 .debug_frame   0x00001af4       0x80 src/ASF/common/boards/user_board/init.o
 .debug_frame   0x00001b74       0x30 src/main.o
 .debug_frame   0x00001ba4       0x44 c:/program files (x86)/atmel/studio/7.0/toolchain/avr32/avr32-gnu-toolchain/bin/../lib/gcc/avr32/4.4.7/ucr3\libgcc.a(_udivdi3.o)

.debug_str      0x00000000     0x468a
 *(.debug_str)
 .debug_str     0x00000000      0xd68 src/ASF/avr32/drivers/flashcdw/flashcdw.o
                                0xe6e (size before relaxing)
 .debug_str     0x00000d68      0x595 src/ASF/avr32/drivers/gpio/gpio.o
                                0x6e2 (size before relaxing)
 .debug_str     0x000012fd      0x6d6 src/com_spi.o
                                0xaaa (size before relaxing)
 .debug_str     0x000019d3      0x3eb src/motor_control.o
                                0x8e8 (size before relaxing)
 .debug_str     0x00001dbe      0x15f src/pid.o
                                0x396 (size before relaxing)
 .debug_str     0x00001f1d     0x1138 src/sensor.o
                               0x1918 (size before relaxing)
 .debug_str     0x00003055       0xa9 src/settings_t.o
                                0x5a9 (size before relaxing)
 .debug_str     0x000030fe      0x189 src/ASF/avr32/drivers/tc/tc.o
                                0x4d6 (size before relaxing)
 .debug_str     0x00003287      0x646 src/ASF/common/services/clock/uc3d/osc.o
                                0x7b4 (size before relaxing)
 .debug_str     0x000038cd      0x42e src/ASF/common/services/clock/uc3d/sysclk.o
                                0xbc6 (size before relaxing)
 .debug_str     0x00003cfb      0x1f0 src/ASF/avr32/drivers/spi/spi.o
                                0x660 (size before relaxing)
 .debug_str     0x00003eeb      0x239 src/ASF/avr32/drivers/twim/twim.o
                                0x723 (size before relaxing)
 .debug_str     0x00004124      0x3b3 src/ASF/avr32/drivers/intc/intc.o
                                0x4bf (size before relaxing)
 .debug_str     0x000044d7       0x47 src/ASF/common/boards/user_board/init.o
                                0x522 (size before relaxing)
 .debug_str     0x0000451e       0x1a src/main.o
                                0x1ed (size before relaxing)
 .debug_str     0x00004538      0x152 c:/program files (x86)/atmel/studio/7.0/toolchain/avr32/avr32-gnu-toolchain/bin/../lib/gcc/avr32/4.4.7/ucr3\libgcc.a(_udivdi3.o)
                                0x207 (size before relaxing)

.debug_loc      0x00000000     0x2f57
 *(.debug_loc)
 .debug_loc     0x00000000      0xc43 src/ASF/avr32/drivers/flashcdw/flashcdw.o
 .debug_loc     0x00000c43      0x5b6 src/ASF/avr32/drivers/gpio/gpio.o
 .debug_loc     0x000011f9      0x183 src/com_spi.o
 .debug_loc     0x0000137c      0x285 src/motor_control.o
 .debug_loc     0x00001601       0xd7 src/pid.o
 .debug_loc     0x000016d8      0x2db src/sensor.o
 .debug_loc     0x000019b3      0x102 src/settings_t.o
 .debug_loc     0x00001ab5      0x331 src/ASF/avr32/drivers/tc/tc.o
 .debug_loc     0x00001de6       0xd7 src/ASF/common/services/clock/uc3d/osc.o
 .debug_loc     0x00001ebd      0x22f src/ASF/common/services/clock/uc3d/sysclk.o
 .debug_loc     0x000020ec      0x306 src/ASF/avr32/drivers/spi/spi.o
 .debug_loc     0x000023f2      0x25a src/ASF/avr32/drivers/twim/twim.o
 .debug_loc     0x0000264c       0xd7 src/ASF/avr32/drivers/intc/intc.o
 .debug_loc     0x00002723       0xac src/ASF/common/boards/user_board/init.o
 .debug_loc     0x000027cf       0x2b src/main.o
 .debug_loc     0x000027fa      0x75d c:/program files (x86)/atmel/studio/7.0/toolchain/avr32/avr32-gnu-toolchain/bin/../lib/gcc/avr32/4.4.7/ucr3\libgcc.a(_udivdi3.o)

.debug_macinfo  0x00000000   0xf29c78
 *(.debug_macinfo)
 .debug_macinfo
                0x00000000    0xfdbf3 src/ASF/avr32/drivers/flashcdw/flashcdw.o
 .debug_macinfo
                0x000fdbf3    0xfdcad src/ASF/avr32/drivers/gpio/gpio.o
 .debug_macinfo
                0x001fb8a0   0x102119 src/com_spi.o
 .debug_macinfo
                0x002fd9b9   0x102132 src/motor_control.o
 .debug_macinfo
                0x003ffaeb   0x10c0ba src/pid.o
 .debug_macinfo
                0x0050bba5   0x10c07d src/sensor.o
 .debug_macinfo
                0x00617c22   0x10211a src/settings_t.o
 .debug_macinfo
                0x00719d3c    0xfe392 src/ASF/avr32/drivers/tc/tc.o
 .debug_macinfo
                0x008180ce    0xff2cf src/ASF/common/services/clock/uc3d/osc.o
 .debug_macinfo
                0x0091739d   0x100164 src/ASF/common/services/clock/uc3d/sysclk.o
 .debug_macinfo
                0x00a17501    0xfdafb src/ASF/avr32/drivers/spi/spi.o
 .debug_macinfo
                0x00b14ffc    0xfed94 src/ASF/avr32/drivers/twim/twim.o
 .debug_macinfo
                0x00c13d90    0xfdd5a src/ASF/avr32/drivers/intc/intc.o
 .debug_macinfo
                0x00d11aea   0x10c0be src/ASF/common/boards/user_board/init.o
 .debug_macinfo
                0x00e1dba8   0x10c0d0 src/main.o

.debug_weaknames
 *(.debug_weaknames)

.debug_funcnames
 *(.debug_funcnames)

.debug_typenames
 *(.debug_typenames)

.debug_varnames
 *(.debug_varnames)

.stack          0x00003000     0x1000
                0x00003000                _stack = .
 *(.stack)
                0x00001000                . = _stack_size
 *fill*         0x00003000     0x1000 
                0x00004000                _estack = .

.userpage
 *(.userpage .userpage.*)

.factorypage
 *(.factorypage .factorypage.*)

/DISCARD/
 *(.note.GNU-stack)
OUTPUT(Regler 2.elf elf32-avr32)

.debug_ranges   0x00000000      0x8f8
 .debug_ranges  0x00000000      0x258 src/ASF/avr32/drivers/flashcdw/flashcdw.o
 .debug_ranges  0x00000258      0x120 src/ASF/avr32/drivers/gpio/gpio.o
 .debug_ranges  0x00000378       0x58 src/com_spi.o
 .debug_ranges  0x000003d0       0x88 src/motor_control.o
 .debug_ranges  0x00000458       0x38 src/pid.o
 .debug_ranges  0x00000490       0x98 src/sensor.o
 .debug_ranges  0x00000528       0x40 src/settings_t.o
 .debug_ranges  0x00000568       0xa8 src/ASF/avr32/drivers/tc/tc.o
 .debug_ranges  0x00000610       0x38 src/ASF/common/services/clock/uc3d/osc.o
 .debug_ranges  0x00000648       0x78 src/ASF/common/services/clock/uc3d/sysclk.o
 .debug_ranges  0x000006c0       0xa0 src/ASF/avr32/drivers/spi/spi.o
 .debug_ranges  0x00000760       0x80 src/ASF/avr32/drivers/twim/twim.o
 .debug_ranges  0x000007e0       0x38 src/ASF/avr32/drivers/intc/intc.o
 .debug_ranges  0x00000818       0x20 src/ASF/avr32/utils/startup/startup_uc3.o
 .debug_ranges  0x00000838       0x30 src/ASF/common/boards/user_board/init.o
 .debug_ranges  0x00000868       0x18 src/main.o
 .debug_ranges  0x00000880       0x78 c:/program files (x86)/atmel/studio/7.0/toolchain/avr32/avr32-gnu-toolchain/bin/../lib/gcc/avr32/4.4.7/ucr3\libgcc.a(_udivdi3.o)
