Archive member included because of file (symbol)

c:/program files (x86)/atmel/studio/7.0/toolchain/avr32/avr32-gnu-toolchain/bin/../lib/gcc/avr32/4.4.7/ucr3\libgcc.a(_udivdi3.o)
                              src/ast_rtc.o (__avr32_udiv64)
c:/program files (x86)/atmel/studio/7.0/toolchain/avr32/avr32-gnu-toolchain/bin/../lib/gcc/avr32/4.4.7/../../../../avr32/lib/ucr3\libc.a(lib_a-memcpy.o)
                              src/pid.o (memcpy)
c:/program files (x86)/atmel/studio/7.0/toolchain/avr32/avr32-gnu-toolchain/bin/../lib/gcc/avr32/4.4.7/../../../../avr32/lib/ucr3\libc.a(lib_a-sprintf.o)
                              src/pid.o (sprintf)
c:/program files (x86)/atmel/studio/7.0/toolchain/avr32/avr32-gnu-toolchain/bin/../lib/gcc/avr32/4.4.7/../../../../avr32/lib/ucr3\libc.a(lib_a-vfprintf.o)
                              c:/program files (x86)/atmel/studio/7.0/toolchain/avr32/avr32-gnu-toolchain/bin/../lib/gcc/avr32/4.4.7/../../../../avr32/lib/ucr3\libc.a(lib_a-sprintf.o) (_vfprintf_r)
c:/program files (x86)/atmel/studio/7.0/toolchain/avr32/avr32-gnu-toolchain/bin/../lib/gcc/avr32/4.4.7/../../../../avr32/lib/ucr3\libc.a(lib_a-wsetup.o)
                              c:/program files (x86)/atmel/studio/7.0/toolchain/avr32/avr32-gnu-toolchain/bin/../lib/gcc/avr32/4.4.7/../../../../avr32/lib/ucr3\libc.a(lib_a-vfprintf.o) (__swsetup_r)
c:/program files (x86)/atmel/studio/7.0/toolchain/avr32/avr32-gnu-toolchain/bin/../lib/gcc/avr32/4.4.7/../../../../avr32/lib/ucr3\libc.a(lib_a-dtoa.o)
                              c:/program files (x86)/atmel/studio/7.0/toolchain/avr32/avr32-gnu-toolchain/bin/../lib/gcc/avr32/4.4.7/../../../../avr32/lib/ucr3\libc.a(lib_a-vfprintf.o) (_dtoa_r)
c:/program files (x86)/atmel/studio/7.0/toolchain/avr32/avr32-gnu-toolchain/bin/../lib/gcc/avr32/4.4.7/../../../../avr32/lib/ucr3\libc.a(lib_a-fflush.o)
                              c:/program files (x86)/atmel/studio/7.0/toolchain/avr32/avr32-gnu-toolchain/bin/../lib/gcc/avr32/4.4.7/../../../../avr32/lib/ucr3\libc.a(lib_a-vfprintf.o) (_fflush_r)
c:/program files (x86)/atmel/studio/7.0/toolchain/avr32/avr32-gnu-toolchain/bin/../lib/gcc/avr32/4.4.7/../../../../avr32/lib/ucr3\libc.a(lib_a-findfp.o)
                              c:/program files (x86)/atmel/studio/7.0/toolchain/avr32/avr32-gnu-toolchain/bin/../lib/gcc/avr32/4.4.7/../../../../avr32/lib/ucr3\libc.a(lib_a-vfprintf.o) (__sinit)
c:/program files (x86)/atmel/studio/7.0/toolchain/avr32/avr32-gnu-toolchain/bin/../lib/gcc/avr32/4.4.7/../../../../avr32/lib/ucr3\libc.a(lib_a-freer.o)
                              c:/program files (x86)/atmel/studio/7.0/toolchain/avr32/avr32-gnu-toolchain/bin/../lib/gcc/avr32/4.4.7/../../../../avr32/lib/ucr3\libc.a(lib_a-wsetup.o) (_free_r)
c:/program files (x86)/atmel/studio/7.0/toolchain/avr32/avr32-gnu-toolchain/bin/../lib/gcc/avr32/4.4.7/../../../../avr32/lib/ucr3\libc.a(lib_a-fvwrite.o)
                              c:/program files (x86)/atmel/studio/7.0/toolchain/avr32/avr32-gnu-toolchain/bin/../lib/gcc/avr32/4.4.7/../../../../avr32/lib/ucr3\libc.a(lib_a-vfprintf.o) (__sfvwrite_r)
c:/program files (x86)/atmel/studio/7.0/toolchain/avr32/avr32-gnu-toolchain/bin/../lib/gcc/avr32/4.4.7/../../../../avr32/lib/ucr3\libc.a(lib_a-fwalk.o)
                              c:/program files (x86)/atmel/studio/7.0/toolchain/avr32/avr32-gnu-toolchain/bin/../lib/gcc/avr32/4.4.7/../../../../avr32/lib/ucr3\libc.a(lib_a-fflush.o) (_fwalk_reent)
c:/program files (x86)/atmel/studio/7.0/toolchain/avr32/avr32-gnu-toolchain/bin/../lib/gcc/avr32/4.4.7/../../../../avr32/lib/ucr3\libc.a(lib_a-impure.o)
                              c:/program files (x86)/atmel/studio/7.0/toolchain/avr32/avr32-gnu-toolchain/bin/../lib/gcc/avr32/4.4.7/../../../../avr32/lib/ucr3\libc.a(lib_a-sprintf.o) (_impure_ptr)
c:/program files (x86)/atmel/studio/7.0/toolchain/avr32/avr32-gnu-toolchain/bin/../lib/gcc/avr32/4.4.7/../../../../avr32/lib/ucr3\libc.a(lib_a-locale.o)
                              c:/program files (x86)/atmel/studio/7.0/toolchain/avr32/avr32-gnu-toolchain/bin/../lib/gcc/avr32/4.4.7/../../../../avr32/lib/ucr3\libc.a(lib_a-vfprintf.o) (_localeconv_r)
c:/program files (x86)/atmel/studio/7.0/toolchain/avr32/avr32-gnu-toolchain/bin/../lib/gcc/avr32/4.4.7/../../../../avr32/lib/ucr3\libc.a(lib_a-makebuf.o)
                              c:/program files (x86)/atmel/studio/7.0/toolchain/avr32/avr32-gnu-toolchain/bin/../lib/gcc/avr32/4.4.7/../../../../avr32/lib/ucr3\libc.a(lib_a-wsetup.o) (__smakebuf_r)
c:/program files (x86)/atmel/studio/7.0/toolchain/avr32/avr32-gnu-toolchain/bin/../lib/gcc/avr32/4.4.7/../../../../avr32/lib/ucr3\libc.a(lib_a-malloc.o)
                              c:/program files (x86)/atmel/studio/7.0/toolchain/avr32/avr32-gnu-toolchain/bin/../lib/gcc/avr32/4.4.7/../../../../avr32/lib/ucr3\libc.a(lib_a-dtoa.o) (malloc)
c:/program files (x86)/atmel/studio/7.0/toolchain/avr32/avr32-gnu-toolchain/bin/../lib/gcc/avr32/4.4.7/../../../../avr32/lib/ucr3\libc.a(lib_a-mallocr.o)
[...]
Memory Configuration

Name             Origin             Length             Attributes
FLASH            0x80000000         0x00010000         axrl !w
CPUSRAM          0x00000004         0x00003ffc         axw !rl
USERPAGE         0x80800000         0x00000100
FACTORYPAGE      0x80800100         0x00000100
*default*        0x00000000         0xffffffff

Linker script and memory map

                0x00001000                _stack_size = 0x1000
LOAD src/ASF/avr32/drivers/ast/ast.o
LOAD src/ast_rtc.o
LOAD src/ASF/avr32/drivers/flashcdw/flashcdw.o
LOAD src/ASF/avr32/drivers/gpio/gpio.o
LOAD src/ASF/avr32/drivers/pdca/pdca.o
LOAD src/ASF/avr32/drivers/pm/pm_uc3d.o
LOAD src/ASF/avr32/drivers/scif/scif_uc3d.o
LOAD src/ASF/avr32/drivers/wdt/wdt4.o
LOAD src/communcation.o
LOAD src/motor_control.o
LOAD src/pid.o
LOAD src/sensor.o
LOAD src/settings_t.o
LOAD src/ASF/avr32/drivers/tc/tc.o
LOAD src/ASF/common/services/spi/uc3_spi/spi_master.o
LOAD src/ASF/common/services/sleepmgr/uc3/sleepmgr.o
LOAD src/ASF/common/services/serial/usart_serial.o
LOAD src/ASF/common/services/clock/uc3d/osc.o
LOAD src/ASF/common/services/clock/uc3d/pll.o
LOAD src/ASF/common/services/clock/uc3d/sysclk.o
LOAD src/ASF/avr32/drivers/pm/power_clocks_lib.o
LOAD src/ASF/avr32/drivers/pwma/pwma.o
LOAD src/ASF/avr32/drivers/spi/spi.o
LOAD src/ASF/avr32/drivers/twim/twim.o
LOAD src/ASF/avr32/drivers/twis/twis.o
LOAD src/ASF/avr32/drivers/usart/usart.o
LOAD src/ASF/avr32/drivers/intc/exception.o
LOAD src/ASF/avr32/drivers/intc/intc.o
LOAD src/ASF/avr32/utils/startup/startup_uc3.o
LOAD src/ASF/avr32/utils/startup/trampoline_uc3.o
LOAD src/ASF/common/boards/user_board/init.o
LOAD src/main.o
START GROUP
LOAD c:/program files (x86)/atmel/studio/7.0/toolchain/avr32/avr32-gnu-toolchain/bin/../lib/gcc/avr32/4.4.7/../../../../avr32/lib/ucr3\libm.a
END GROUP
LOAD c:/program files (x86)/atmel/studio/7.0/toolchain/avr32/avr32-gnu-toolchain/bin/../lib/gcc/avr32/4.4.7/ucr3\libgcc.a
LOAD c:/program files (x86)/atmel/studio/7.0/toolchain/avr32/avr32-gnu-toolchain/bin/../lib/gcc/avr32/4.4.7/../../../../avr32/lib/ucr3\libc.a
LOAD c:/program files (x86)/atmel/studio/7.0/toolchain/avr32/avr32-gnu-toolchain/bin/../lib/gcc/avr32/4.4.7/ucr3\libgcc.a
                0x80000000                PROVIDE (__executable_start, 0x80000000)
                0x80000000                . = 0x80000000

.interp
 *(.interp)

.reset          0x80000000     0x2004
 *(.reset)
 .reset         0x80000000     0x2004 src/ASF/avr32/utils/startup/trampoline_uc3.o
                               0x2008 (size before relaxing)
                0x80000000                _trampoline

.hash
 *(.hash)

.dynsym
 *(.dynsym)

.dynstr
 *(.dynstr)

.gnu.version
 *(.gnu.version)

.gnu.version_d
 *(.gnu.version_d)

.gnu.version_r
 *(.gnu.version_r)

.rel.init
 *(.rel.init)

.rela.init
 *(.rela.init)

.rel.text
 *(.rel.text .rel.text.* .rel.gnu.linkonce.t.*)

.rela.text
 *(.rela.text .rela.text.* .rela.gnu.linkonce.t.*)

.rel.fini
 *(.rel.fini)

.rela.fini
 *(.rela.fini)

.rel.rodata
 *(.rel.rodata .rel.rodata.* .rel.gnu.linkonce.r.*)

.rela.rodata
 *(.rela.rodata .rela.rodata.* .rela.gnu.linkonce.r.*)

.rel.data.rel.ro
 *(.rel.data.rel.ro*)

.rela.data.rel.ro
 *(.rel.data.rel.ro*)

.rel.data
 *(.rel.data .rel.data.* .rel.gnu.linkonce.d.*)

.rela.data
 *(.rela.data .rela.data.* .rela.gnu.linkonce.d.*)

.rel.tdata
 *(.rel.tdata .rel.tdata.* .rel.gnu.linkonce.td.*)

.rela.tdata
 *(.rela.tdata .rela.tdata.* .rela.gnu.linkonce.td.*)

.rel.tbss
 *(.rel.tbss .rel.tbss.* .rel.gnu.linkonce.tb.*)

.rela.tbss
 *(.rela.tbss .rela.tbss.* .rela.gnu.linkonce.tb.*)

.rel.ctors
 *(.rel.ctors)

.rela.ctors
 *(.rela.ctors)

.rel.dtors
 *(.rel.dtors)

.rela.dtors
 *(.rela.dtors)

.rel.got
 *(.rel.got)

.rela.got       0x80002004        0x0
 *(.rela.got)
 .rela.got      0x80002004        0x0 src/ASF/avr32/drivers/flashcdw/flashcdw.o

.rel.bss
 *(.rel.bss .rel.bss.* .rel.gnu.linkonce.b.*)

.rela.bss
 *(.rela.bss .rela.bss.* .rela.gnu.linkonce.b.*)

.rel.plt
 *(.rel.plt)

.rela.plt
 *(.rela.plt)

.init
 *(.init)

.plt
 *(.plt)

.text           0x80002004     0xa9ac
 *(.text .stub .text.* .gnu.linkonce.t.*)
 .text.ast_is_busy
                0x80002004       0x22 src/ASF/avr32/drivers/ast/ast.o
 .text.ast_is_clkbusy
                0x80002026       0x22 src/ASF/avr32/drivers/ast/ast.o
 .text.ast_enable
                0x80002048       0x44 src/ASF/avr32/drivers/ast/ast.o
                0x80002048                ast_enable
 .text.ast_init_counter
                0x8000208c      0x108 src/ASF/avr32/drivers/ast/ast.o
                0x8000208c                ast_init_counter
 .text.ast_set_counter_value
                0x80002194       0x40 src/ASF/avr32/drivers/ast/ast.o
                0x80002194                ast_set_counter_value
 .text.ast_set_periodic0_value
                0x800021d4       0x40 src/ASF/avr32/drivers/ast/ast.o
                0x800021d4                ast_set_periodic0_value
 .text.ast_set_periodic1_value
                0x80002214       0x40 src/ASF/avr32/drivers/ast/ast.o
                0x80002214                ast_set_periodic1_value
 .text.ast_clear_status_flag
                0x80002254       0x40 src/ASF/avr32/drivers/ast/ast.o
                0x80002254                ast_clear_status_flag
 .text.ast_enable_interrupt
                0x80002294       0x48 src/ASF/avr32/drivers/ast/ast.o
                0x80002294                ast_enable_interrupt
 .text.ast_enable_periodic_interrupt
                0x800022dc       0x44 src/ASF/avr32/drivers/ast/ast.o
                0x800022dc                ast_enable_periodic_interrupt
 .text.cpu_irq_save
                0x80002320       0x1e src/ast_rtc.o
 .text.cpu_irq_is_enabled_flags
                0x8000233e       0x20 src/ast_rtc.o
 *fill*         0x8000235e        0x2 d703d703
 .text.cpu_irq_restore
                0x80002360       0x28 src/ast_rtc.o
 .text.sysclk_enable_hsb_module
                0x80002388       0x20 src/ast_rtc.o
 .text.sysclk_enable_pba_module
                0x800023a8       0x20 src/ast_rtc.o
 .text.sysclk_enable_pbb_module
                0x800023c8       0x20 src/ast_rtc.o
 .text.sysclk_enable_peripheral_clock
                0x800023e8      0x1c8 src/ast_rtc.o
 .text.ioport_toggle_pin_level
                0x800025b0       0x58 src/ast_rtc.o
 .text.sleepmgr_lock_mode
                0x80002608       0x58 src/ast_rtc.o
 .text.ast_init
                0x80002660       0x50 src/ast_rtc.o
                0x80002660                ast_init
 .text.ast_get_per_time_ms
                0x800026b0       0x60 src/ast_rtc.o
                0x800026b0                ast_get_per_time_ms
 .text.ast_per0_interrupt_handler
                0x80002710       0x24 src/ast_rtc.o
 .text.ast_per1_interrupt_handler
                0x80002734       0x28 src/ast_rtc.o
 .text.ast_set_periodic_interrupt
                0x8000275c       0xb4 src/ast_rtc.o
                0x8000275c                ast_set_periodic_interrupt
 .text.flashcdw_set_wait_state
                0x80002810       0x46 src/ASF/avr32/drivers/flashcdw/flashcdw.o
                0x80002810                flashcdw_set_wait_state
 *fill*         0x80002856        0x2 d703d703
 .text.flashcdw_set_flash_waitstate_and_readmode
                0x80002858       0x6c src/ASF/avr32/drivers/flashcdw/flashcdw.o
                0x80002858                flashcdw_set_flash_waitstate_and_readmode
 .text.flashcdw_is_ready
                0x800028c4       0x18 src/ASF/avr32/drivers/flashcdw/flashcdw.o
                0x800028c4                flashcdw_is_ready
 .text.flashcdw_default_wait_until_ready
                0x800028dc       0x1c src/ASF/avr32/drivers/flashcdw/flashcdw.o
                0x800028dc                flashcdw_default_wait_until_ready
 .text.flashcdw_get_error_status
                0x800028f8       0x16 src/ASF/avr32/drivers/flashcdw/flashcdw.o
 *fill*         0x8000290e        0x2 d703d703
 .text.flashcdw_issue_command
                0x80002910       0x88 src/ASF/avr32/drivers/flashcdw/flashcdw.o
                0x80002910                flashcdw_issue_command
 .text.flashcdw_clear_page_buffer
                0x80002998       0x18 src/ASF/avr32/drivers/flashcdw/flashcdw.o
                0x80002998                flashcdw_clear_page_buffer
 .text.flashcdw_is_page_erased
                0x800029b0       0x1a src/ASF/avr32/drivers/flashcdw/flashcdw.o
                0x800029b0                flashcdw_is_page_erased
 *fill*         0x800029ca        0x2 d703d703
 .text.flashcdw_quick_page_read
                0x800029cc       0x2c src/ASF/avr32/drivers/flashcdw/flashcdw.o
                0x800029cc                flashcdw_quick_page_read
 .text.flashcdw_erase_page
                0x800029f8       0x68 src/ASF/avr32/drivers/flashcdw/flashcdw.o
                0x800029f8                flashcdw_erase_page
 .text.flashcdw_write_page
                0x80002a60       0x20 src/ASF/avr32/drivers/flashcdw/flashcdw.o
                0x80002a60                flashcdw_write_page
 .text.flashcdw_quick_user_page_read
                0x80002a80       0x24 src/ASF/avr32/drivers/flashcdw/flashcdw.o
                0x80002a80                flashcdw_quick_user_page_read
 .text.flashcdw_erase_user_page
                0x80002aa4       0x3c src/ASF/avr32/drivers/flashcdw/flashcdw.o
                0x80002aa4                flashcdw_erase_user_page
 .text.flashcdw_write_user_page
                0x80002ae0       0x18 src/ASF/avr32/drivers/flashcdw/flashcdw.o
                0x80002ae0                flashcdw_write_user_page
 .text.flashcdw_memcpy
                0x80002af8      0x1b0 src/ASF/avr32/drivers/flashcdw/flashcdw.o
                0x80002af8                flashcdw_memcpy
 .text.gpio_enable_module
                0x80002ca8       0x70 src/ASF/avr32/drivers/gpio/gpio.o
                0x80002ca8                gpio_enable_module
 .text.gpio_enable_module_pin
                0x80002d18      0x27c src/ASF/avr32/drivers/gpio/gpio.o
                0x80002d18                gpio_enable_module_pin
 .text.cpu_irq_save
                0x80002f94       0x1e src/ASF/avr32/drivers/pdca/pdca.o
 .text.cpu_irq_is_enabled_flags
                0x80002fb2       0x20 src/ASF/avr32/drivers/pdca/pdca.o
 *fill*         0x80002fd2        0x2 d703d703
 .text.cpu_irq_restore
                0x80002fd4       0x28 src/ASF/avr32/drivers/pdca/pdca.o
 .text.pdca_get_handler
                0x80002ffc       0x3a src/ASF/avr32/drivers/pdca/pdca.o
                0x80002ffc                pdca_get_handler
 *fill*         0x80003036        0x2 d703d703
 .text.pdca_init_channel
                0x80003038       0xd0 src/ASF/avr32/drivers/pdca/pdca.o
                0x80003038                pdca_init_channel
 .text.pdca_disable
                0x80003108       0x30 src/ASF/avr32/drivers/pdca/pdca.o
                0x80003108                pdca_disable
 .text.pdca_enable
                0x80003138       0x30 src/ASF/avr32/drivers/pdca/pdca.o
                0x80003138                pdca_enable
 .text.pdca_disable_interrupt_transfer_complete
                0x80003168       0x50 src/ASF/avr32/drivers/pdca/pdca.o
                0x80003168                pdca_disable_interrupt_transfer_complete
 .text.pdca_enable_interrupt_transfer_complete
                0x800031b8       0x30 src/ASF/avr32/drivers/pdca/pdca.o
                0x800031b8                pdca_enable_interrupt_transfer_complete
 .text.pdca_disable_interrupt_reload_counter_zero
                0x800031e8       0x50 src/ASF/avr32/drivers/pdca/pdca.o
                0x800031e8                pdca_disable_interrupt_reload_counter_zero
 .text.cpu_irq_save
                0x80003238       0x1e src/communcation.o
 .text.cpu_irq_is_enabled_flags
                0x80003256       0x20 src/communcation.o
 *fill*         0x80003276        0x2 d703d703
 .text.cpu_irq_restore
                0x80003278       0x28 src/communcation.o
 .text.sysclk_get_main_hz
                0x800032a0       0x14 src/communcation.o
 .text.sysclk_get_pba_hz
                0x800032b4       0x18 src/communcation.o
 .text.sysclk_enable_hsb_module
                0x800032cc       0x20 src/communcation.o
 .text.sysclk_enable_pba_module
                0x800032ec       0x20 src/communcation.o
 .text.sysclk_enable_pbb_module
                0x8000330c       0x20 src/communcation.o
 .text.sysclk_enable_peripheral_clock
                0x8000332c      0x1c8 src/communcation.o
 .text.ioport_set_pin_dir
                0x800034f4       0xb4 src/communcation.o
 .text.ioport_set_pin_level
                0x800035a8       0xb2 src/communcation.o
 .text.spi_get  0x8000365a       0x1c src/communcation.o
 *fill*         0x80003676        0x2 d703d703
 .text.sleepmgr_lock_mode
                0x80003678       0x58 src/communcation.o
 .text.com_spi_interrupt_handler
                0x800036d0      0x140 src/communcation.o
 .text.com_pdca_interrupt_handler
                0x80003810       0x30 src/communcation.o
 .text.com_spi_init
                0x80003840       0xd4 src/communcation.o
                0x80003840                com_spi_init
 .text.usart_init
                0x80003914       0x80 src/communcation.o
                0x80003914                usart_init
 .text.cpu_irq_save
                0x80003994       0x1e src/motor_control.o
 .text.cpu_irq_is_enabled_flags
                0x800039b2       0x20 src/motor_control.o
 *fill*         0x800039d2        0x2 d703d703
 .text.cpu_irq_restore
                0x800039d4       0x28 src/motor_control.o
 .text.sysclk_get_main_hz
                0x800039fc       0x14 src/motor_control.o
 .text.sysclk_get_pba_hz
                0x80003a10       0x18 src/motor_control.o
 .text.sysclk_enable_hsb_module
                0x80003a28       0x20 src/motor_control.o
 .text.sysclk_enable_pba_module
                0x80003a48       0x20 src/motor_control.o
 .text.sysclk_enable_pbb_module
                0x80003a68       0x20 src/motor_control.o
 .text.sysclk_enable_peripheral_clock
                0x80003a88      0x1c8 src/motor_control.o
 .text.ioport_set_pin_dir
                0x80003c50       0xb4 src/motor_control.o
 .text.sleepmgr_lock_mode
                0x80003d04       0x58 src/motor_control.o
 .text.motor_init
                0x80003d5c      0x354 src/motor_control.o
                0x80003d5c                motor_init
 .text.t_c1_rc_isr
                0x800040b0       0x50 src/motor_control.o
                0x800040b0                t_c1_rc_isr
 .text.t_c2_rc_isr
                0x80004100       0x50 src/motor_control.o
                0x80004100                t_c2_rc_isr
 .text          0x80004150        0xc src/pid.o
 .text.ioport_set_pin_level
                0x8000415c       0xb2 src/pid.o
 .text.ioport_toggle_pin_level
                0x8000420e       0x58 src/pid.o
 *fill*         0x80004266        0x2 d703d703
 .text.pid_init
                0x80004268       0x30 src/pid.o
                0x80004268                pid_init
 .text.calculate_actuating_variable
                0x80004298      0x17c src/pid.o
                0x80004298                calculate_actuating_variable
 .text.pid_control
                0x80004414      0x270 src/pid.o
                0x80004414                pid_control
 .text.sysclk_get_main_hz
                0x80004684       0x14 src/sensor.o
 .text.sysclk_get_cpu_hz
                0x80004698       0x18 src/sensor.o
 .text.sysclk_get_pba_hz
                0x800046b0       0x18 src/sensor.o
 .text.sysclk_enable_hsb_module
                0x800046c8       0x20 src/sensor.o
 .text.sysclk_enable_pba_module
                0x800046e8       0x20 src/sensor.o
 .text.sysclk_enable_pbb_module
                0x80004708       0x20 src/sensor.o
 .text.sysclk_enable_peripheral_clock
                0x80004728      0x1c8 src/sensor.o
 .text.ioport_set_pin_dir
                0x800048f0       0xb4 src/sensor.o
 .text.ioport_set_pin_level
                0x800049a4       0xb2 src/sensor.o
 *fill*         0x80004a56        0x2 d703d703
 .text.sensor_init
                0x80004a58      0x54c src/sensor.o
                0x80004a58                sensor_init
 .text.sensor_switch_mode
                0x80004fa4      0x180 src/sensor.o
                0x80004fa4                sensor_switch_mode
 .text.sensor_led_init
                0x80005124       0x44 src/sensor.o
                0x80005124                sensor_led_init
 .text.sensor_read_data
                0x80005168       0x78 src/sensor.o
                0x80005168                sensor_read_data
 .text.sensor_write_data
                0x800051e0      0x13c src/sensor.o
                0x800051e0                sensor_write_data
 .text.sensor_read_euler
                0x8000531c       0xac src/sensor.o
                0x8000531c                sensor_read_euler
 .text.sensor_read_page0
                0x800053c8       0x44 src/sensor.o
                0x800053c8                sensor_read_page0
 .text.sensor_read_status
                0x8000540c       0x2c src/sensor.o
                0x8000540c                sensor_read_status
 .text.sensor_switch_page
                0x80005438       0x50 src/sensor.o
                0x80005438                sensor_switch_page
 .text.ioport_set_pin_mode
                0x80005488      0x11a src/settings_t.o
 .text.ioport_set_pin_dir
                0x800055a2       0xb4 src/settings_t.o
 *fill*         0x80005656        0x2 d703d703
 .text.settings_init
                0x80005658       0x88 src/settings_t.o
                0x80005658                settings_init
 .text.settings_save
                0x800056e0       0x24 src/settings_t.o
                0x800056e0                settings_save
 .text.set_default_values
                0x80005704       0xac src/settings_t.o
                0x80005704                set_default_values
 .text.cpu_irq_is_enabled_flags
                0x800057b0       0x20 src/ASF/avr32/drivers/tc/tc.o
 .text.tc_configure_interrupts
                0x800057d0      0x1e8 src/ASF/avr32/drivers/tc/tc.o
                0x800057d0                tc_configure_interrupts
 .text.tc_init_waveform
                0x800059b8      0x154 src/ASF/avr32/drivers/tc/tc.o
                0x800059b8                tc_init_waveform
 .text.tc_start
                0x80005b0c       0x3a src/ASF/avr32/drivers/tc/tc.o
                0x80005b0c                tc_start
 .text.tc_read_sr
                0x80005b46       0x3a src/ASF/avr32/drivers/tc/tc.o
                0x80005b46                tc_read_sr
 .text.tc_write_ra
                0x80005b80       0x78 src/ASF/avr32/drivers/tc/tc.o
                0x80005b80                tc_write_ra
 .text.tc_write_rb
                0x80005bf8       0x78 src/ASF/avr32/drivers/tc/tc.o
                0x80005bf8                tc_write_rb
 .text.tc_write_rc
                0x80005c70       0x78 src/ASF/avr32/drivers/tc/tc.o
                0x80005c70                tc_write_rc
 .text.cpu_irq_save
                0x80005ce8       0x1e src/ASF/common/services/clock/uc3d/osc.o
 .text.cpu_irq_is_enabled_flags
                0x80005d06       0x20 src/ASF/common/services/clock/uc3d/osc.o
 *fill*         0x80005d26        0x2 d703d703
 .text.cpu_irq_restore
                0x80005d28       0x28 src/ASF/common/services/clock/uc3d/osc.o
 .text.osc_priv_enable_rc120m
                0x80005d50       0x40 src/ASF/common/services/clock/uc3d/osc.o
                0x80005d50                osc_priv_enable_rc120m
 .text.cpu_irq_save
                0x80005d90       0x1e src/ASF/common/services/clock/uc3d/sysclk.o
 .text.cpu_irq_is_enabled_flags
                0x80005dae       0x20 src/ASF/common/services/clock/uc3d/sysclk.o
 *fill*         0x80005dce        0x2 d703d703
 .text.cpu_irq_restore
                0x80005dd0       0x28 src/ASF/common/services/clock/uc3d/sysclk.o
 .text.osc_enable
                0x80005df8       0x24 src/ASF/common/services/clock/uc3d/sysclk.o
 .text.osc_is_ready
                0x80005e1c       0x3a src/ASF/common/services/clock/uc3d/sysclk.o
 *fill*         0x80005e56        0x2 d703d703
 .text.osc_wait_ready
                0x80005e58       0x2c src/ASF/common/services/clock/uc3d/sysclk.o
 .text.sysclk_get_main_hz
                0x80005e84       0x14 src/ASF/common/services/clock/uc3d/sysclk.o
 .text.sysclk_get_cpu_hz
                0x80005e98       0x18 src/ASF/common/services/clock/uc3d/sysclk.o
 .text.sysclk_priv_enable_module
                0x80005eb0       0x80 src/ASF/common/services/clock/uc3d/sysclk.o
                0x80005eb0                sysclk_priv_enable_module
 .text.sysclk_set_prescalers
                0x80005f30       0xcc src/ASF/common/services/clock/uc3d/sysclk.o
                0x80005f30                sysclk_set_prescalers
 .text.sysclk_set_source
                0x80005ffc       0x44 src/ASF/common/services/clock/uc3d/sysclk.o
                0x80005ffc                sysclk_set_source
 .text.sysclk_init
                0x80006040       0x4c src/ASF/common/services/clock/uc3d/sysclk.o
                0x80006040                sysclk_init
 .text.spi_initSlave
                0x8000608c       0x8a src/ASF/avr32/drivers/spi/spi.o
                0x8000608c                spi_initSlave
 .text.spi_enable
                0x80006116       0x1a src/ASF/avr32/drivers/spi/spi.o
                0x80006116                spi_enable
 .text.cpu_irq_save
                0x80006130       0x1e src/ASF/avr32/drivers/twim/twim.o
 .text.cpu_irq_is_enabled_flags
                0x8000614e       0x20 src/ASF/avr32/drivers/twim/twim.o
 *fill*         0x8000616e        0x2 d703d703
 .text.cpu_irq_restore
                0x80006170       0x28 src/ASF/avr32/drivers/twim/twim.o
 .text.twim_master_interrupt_handler
                0x80006198      0x144 src/ASF/avr32/drivers/twim/twim.o
 .text.twim_set_speed
                0x800062dc       0xa8 src/ASF/avr32/drivers/twim/twim.o
                0x800062dc                twim_set_speed
 .text.twim_master_init
                0x80006384      0x110 src/ASF/avr32/drivers/twim/twim.o
                0x80006384                twim_master_init
 .text.twim_disable_interrupt
                0x80006494       0x44 src/ASF/avr32/drivers/twim/twim.o
                0x80006494                twim_disable_interrupt
 .text.twim_probe
                0x800064d8       0x38 src/ASF/avr32/drivers/twim/twim.o
                0x800064d8                twim_probe
 .text.twim_read_packet
                0x80006510      0x17c src/ASF/avr32/drivers/twim/twim.o
                0x80006510                twim_read_packet
 .text.twim_write
                0x8000668c      0x104 src/ASF/avr32/drivers/twim/twim.o
                0x8000668c                twim_write
 .text.twim_status
                0x80006790       0x30 src/ASF/avr32/drivers/twim/twim.o
                0x80006790                twim_status
 .text.cpu_irq_is_enabled_flags
                0x800067c0       0x20 src/ASF/avr32/drivers/usart/usart.o
 .text.usart_set_async_baudrate
                0x800067e0       0xd2 src/ASF/avr32/drivers/usart/usart.o
 *fill*         0x800068b2        0x2 d703d703
 .text.usart_reset
                0x800068b4       0x74 src/ASF/avr32/drivers/usart/usart.o
                0x800068b4                usart_reset
 .text.usart_init_rs232
                0x80006928      0x170 src/ASF/avr32/drivers/usart/usart.o
                0x80006928                usart_init_rs232
 .text.usart_write_char
                0x80006a98       0x44 src/ASF/avr32/drivers/usart/usart.o
                0x80006a98                usart_write_char
 .text.usart_putchar
                0x80006adc       0x54 src/ASF/avr32/drivers/usart/usart.o
                0x80006adc                usart_putchar
 .text.usart_write_line
                0x80006b30       0x40 src/ASF/avr32/drivers/usart/usart.o
                0x80006b30                usart_write_line
 .text._unhandled_interrupt
                0x80006b70        0x8 src/ASF/avr32/drivers/intc/intc.o
 .text._get_interrupt_handler
                0x80006b78       0x70 src/ASF/avr32/drivers/intc/intc.o
                0x80006b78                _get_interrupt_handler
 .text.INTC_init_evba
                0x80006be8       0x14 src/ASF/avr32/drivers/intc/intc.o
 .text.INTC_init_interrupts
                0x80006bfc       0x98 src/ASF/avr32/drivers/intc/intc.o
                0x80006bfc                INTC_init_interrupts
 .text.INTC_register_interrupt
                0x80006c94       0xd4 src/ASF/avr32/drivers/intc/intc.o
                0x80006c94                INTC_register_interrupt
 .text._stext   0x80006d68       0x40 src/ASF/avr32/utils/startup/startup_uc3.o
                                 0x50 (size before relaxing)
                0x80006d68                _stext
 .text.sysclk_enable_pba_module
                0x80006da8       0x20 src/ASF/common/boards/user_board/init.o
 .text.ioport_init
                0x80006dc8       0x14 src/ASF/common/boards/user_board/init.o
 .text.ioport_set_pin_dir
                0x80006ddc       0xb4 src/ASF/common/boards/user_board/init.o
 .text.sleepmgr_init
                0x80006e90       0x44 src/ASF/common/boards/user_board/init.o
 .text.board_init
                0x80006ed4       0x70 src/ASF/common/boards/user_board/init.o
                0x80006ed4                board_init
 .text          0x80006f44       0x10 src/main.o
 .text.ioport_set_pin_level
                0x80006f54       0xb2 src/main.o
 *fill*         0x80007006        0x2 d703d703
 .text.main     0x80007008       0xd4 src/main.o
                0x80007008                main
 .text          0x800070dc      0x264 c:/program files (x86)/atmel/studio/7.0/toolchain/avr32/avr32-gnu-toolchain/bin/../lib/gcc/avr32/4.4.7/ucr3\libgcc.a(_udivdi3.o)
                0x800070dc                __avr32_udiv64
                0x800070dc                __udivdi3
 .text          0x80007340      0x148 c:/program files (x86)/atmel/studio/7.0/toolchain/avr32/avr32-gnu-toolchain/bin/../lib/gcc/avr32/4.4.7/../../../../avr32/lib/ucr3\libc.a(lib_a-memcpy.o)
                0x80007340                memcpy
 .text.sprintf  0x80007488       0x38 c:/program files (x86)/atmel/studio/7.0/toolchain/avr32/avr32-gnu-toolchain/bin/../lib/gcc/avr32/4.4.7/../../../../avr32/lib/ucr3\libc.a(lib_a-sprintf.o)
                                 0x40 (size before relaxing)
                0x80007488                sprintf
 .text.get_arg  0x800074c0      0x314 c:/program files (x86)/atmel/studio/7.0/toolchain/avr32/avr32-gnu-toolchain/bin/../lib/gcc/avr32/4.4.7/../../../../avr32/lib/ucr3\libc.a(lib_a-vfprintf.o)
                                0x324 (size before relaxing)
 .text.__sprint_r
                0x800077d4       0x1c c:/program files (x86)/atmel/studio/7.0/toolchain/avr32/avr32-gnu-toolchain/bin/../lib/gcc/avr32/4.4.7/../../../../avr32/lib/ucr3\libc.a(lib_a-vfprintf.o)
                                 0x20 (size before relaxing)
 .text._vfprintf_r
                0x800077f0     0x1f14 c:/program files (x86)/atmel/studio/7.0/toolchain/avr32/avr32-gnu-toolchain/bin/../lib/gcc/avr32/4.4.7/../../../../avr32/lib/ucr3\libc.a(lib_a-vfprintf.o)
                               0x1f9c (size before relaxing)
                0x800077f0                _vfprintf_r
 .text.__swsetup_r
                0x80009704       0xdc c:/program files (x86)/atmel/studio/7.0/toolchain/avr32/avr32-gnu-toolchain/bin/../lib/gcc/avr32/4.4.7/../../../../avr32/lib/ucr3\libc.a(lib_a-wsetup.o)
                                 0xe8 (size before relaxing)
                0x80009704                __swsetup_r
 .text.quorem   0x800097e0      0x120 c:/program files (x86)/atmel/studio/7.0/toolchain/avr32/avr32-gnu-toolchain/bin/../lib/gcc/avr32/4.4.7/../../../../avr32/lib/ucr3\libc.a(lib_a-dtoa.o)
                                0x124 (size before relaxing)
 .text._dtoa_r  0x80009900      0xbdc c:/program files (x86)/atmel/studio/7.0/toolchain/avr32/avr32-gnu-toolchain/bin/../lib/gcc/avr32/4.4.7/../../../../avr32/lib/ucr3\libc.a(lib_a-dtoa.o)
                                0xc90 (size before relaxing)
                0x80009900                _dtoa_r
 .text._fflush_r
                0x8000a4dc      0x10c c:/program files (x86)/atmel/studio/7.0/toolchain/avr32/avr32-gnu-toolchain/bin/../lib/gcc/avr32/4.4.7/../../../../avr32/lib/ucr3\libc.a(lib_a-fflush.o)
                                0x118 (size before relaxing)
                0x8000a4dc                _fflush_r
 .text.__sfp_lock_acquire
                0x8000a5e8        0x2 c:/program files (x86)/atmel/studio/7.0/toolchain/avr32/avr32-gnu-toolchain/bin/../lib/gcc/avr32/4.4.7/../../../../avr32/lib/ucr3\libc.a(lib_a-findfp.o)
                0x8000a5e8                __sfp_lock_acquire
 .text.__sfp_lock_release
                0x8000a5ea        0x2 c:/program files (x86)/atmel/studio/7.0/toolchain/avr32/avr32-gnu-toolchain/bin/../lib/gcc/avr32/4.4.7/../../../../avr32/lib/ucr3\libc.a(lib_a-findfp.o)
                0x8000a5ea                __sfp_lock_release
 .text._cleanup_r
                0x8000a5ec        0xc c:/program files (x86)/atmel/studio/7.0/toolchain/avr32/avr32-gnu-toolchain/bin/../lib/gcc/avr32/4.4.7/../../../../avr32/lib/ucr3\libc.a(lib_a-findfp.o)
                                 0x14 (size before relaxing)
                0x8000a5ec                _cleanup_r
 .text.__sfmoreglue
                0x8000a5f8       0x28 c:/program files (x86)/atmel/studio/7.0/toolchain/avr32/avr32-gnu-toolchain/bin/../lib/gcc/avr32/4.4.7/../../../../avr32/lib/ucr3\libc.a(lib_a-findfp.o)
                                 0x30 (size before relaxing)
                0x8000a5f8                __sfmoreglue
 .text.__sfp    0x8000a620       0x6c c:/program files (x86)/atmel/studio/7.0/toolchain/avr32/avr32-gnu-toolchain/bin/../lib/gcc/avr32/4.4.7/../../../../avr32/lib/ucr3\libc.a(lib_a-findfp.o)
                                 0x7c (size before relaxing)
                0x8000a620                __sfp
 .text.__sinit  0x8000a68c       0x9c c:/program files (x86)/atmel/studio/7.0/toolchain/avr32/avr32-gnu-toolchain/bin/../lib/gcc/avr32/4.4.7/../../../../avr32/lib/ucr3\libc.a(lib_a-findfp.o)
                                 0xb0 (size before relaxing)
                0x8000a68c                __sinit
 .text._malloc_trim_r
                0x8000a728       0x98 c:/program files (x86)/atmel/studio/7.0/toolchain/avr32/avr32-gnu-toolchain/bin/../lib/gcc/avr32/4.4.7/../../../../avr32/lib/ucr3\libc.a(lib_a-freer.o)
                                 0xa8 (size before relaxing)
                0x8000a728                _malloc_trim_r
 .text._free_r  0x8000a7c0      0x18c c:/program files (x86)/atmel/studio/7.0/toolchain/avr32/avr32-gnu-toolchain/bin/../lib/gcc/avr32/4.4.7/../../../../avr32/lib/ucr3\libc.a(lib_a-freer.o)
                                0x1a0 (size before relaxing)
                0x8000a7c0                _free_r
 .text.__sfvwrite_r
                0x8000a94c      0x2a0 c:/program files (x86)/atmel/studio/7.0/toolchain/avr32/avr32-gnu-toolchain/bin/../lib/gcc/avr32/4.4.7/../../../../avr32/lib/ucr3\libc.a(lib_a-fvwrite.o)
                                0x2c4 (size before relaxing)
                0x8000a94c                __sfvwrite_r
 .text._fwalk   0x8000abec       0x4c c:/program files (x86)/atmel/studio/7.0/toolchain/avr32/avr32-gnu-toolchain/bin/../lib/gcc/avr32/4.4.7/../../../../avr32/lib/ucr3\libc.a(lib_a-fwalk.o)
                                 0x54 (size before relaxing)
                0x8000abec                _fwalk
 .text._localeconv_r
                0x8000ac38        0x8 c:/program files (x86)/atmel/studio/7.0/toolchain/avr32/avr32-gnu-toolchain/bin/../lib/gcc/avr32/4.4.7/../../../../avr32/lib/ucr3\libc.a(lib_a-locale.o)
                0x8000ac38                _localeconv_r
 .text.__smakebuf_r
                0x8000ac40       0xbc c:/program files (x86)/atmel/studio/7.0/toolchain/avr32/avr32-gnu-toolchain/bin/../lib/gcc/avr32/4.4.7/../../../../avr32/lib/ucr3\libc.a(lib_a-makebuf.o)
                                 0xcc (size before relaxing)
                0x8000ac40                __smakebuf_r
 .text.malloc   0x8000acfc       0x10 c:/program files (x86)/atmel/studio/7.0/toolchain/avr32/avr32-gnu-toolchain/bin/../lib/gcc/avr32/4.4.7/../../../../avr32/lib/ucr3\libc.a(lib_a-malloc.o)
                                 0x18 (size before relaxing)
                0x8000acfc                malloc
 .text._malloc_r
                0x8000ad0c      0x430 c:/program files (x86)/atmel/studio/7.0/toolchain/avr32/avr32-gnu-toolchain/bin/../lib/gcc/avr32/4.4.7/../../../../avr32/lib/ucr3\libc.a(lib_a-mallocr.o)
                                0x450 (size before relaxing)
                0x8000ad0c                _malloc_r
 .text.memchr   0x8000b13c       0x16 c:/program files (x86)/atmel/studio/7.0/toolchain/avr32/avr32-gnu-toolchain/bin/../lib/gcc/avr32/4.4.7/../../../../avr32/lib/ucr3\libc.a(lib_a-memchr.o)
                0x8000b13c                memchr
 .text.memmove  0x8000b152       0x3e c:/program files (x86)/atmel/studio/7.0/toolchain/avr32/avr32-gnu-toolchain/bin/../lib/gcc/avr32/4.4.7/../../../../avr32/lib/ucr3\libc.a(lib_a-memmove.o)
                0x8000b152                memmove
 .text.memset   0x8000b190        0xe c:/program files (x86)/atmel/studio/7.0/toolchain/avr32/avr32-gnu-toolchain/bin/../lib/gcc/avr32/4.4.7/../../../../avr32/lib/ucr3\libc.a(lib_a-memset.o)
                0x8000b190                memset
 .text.__malloc_lock
                0x8000b19e        0x2 c:/program files (x86)/atmel/studio/7.0/toolchain/avr32/avr32-gnu-toolchain/bin/../lib/gcc/avr32/4.4.7/../../../../avr32/lib/ucr3\libc.a(lib_a-mlock.o)
                0x8000b19e                __malloc_lock
 .text.__malloc_unlock
                0x8000b1a0        0x2 c:/program files (x86)/atmel/studio/7.0/toolchain/avr32/avr32-gnu-toolchain/bin/../lib/gcc/avr32/4.4.7/../../../../avr32/lib/ucr3\libc.a(lib_a-mlock.o)
                0x8000b1a0                __malloc_unlock
 .text.__hi0bits
                0x8000b1a2       0x60 c:/program files (x86)/atmel/studio/7.0/toolchain/avr32/avr32-gnu-toolchain/bin/../lib/gcc/avr32/4.4.7/../../../../avr32/lib/ucr3\libc.a(lib_a-mprec.o)
                0x8000b1a2                __hi0bits
 .text.__lo0bits
                0x8000b202       0x8e c:/program files (x86)/atmel/studio/7.0/toolchain/avr32/avr32-gnu-toolchain/bin/../lib/gcc/avr32/4.4.7/../../../../avr32/lib/ucr3\libc.a(lib_a-mprec.o)
                0x8000b202                __lo0bits
 .text.__mcmp   0x8000b290       0x32 c:/program files (x86)/atmel/studio/7.0/toolchain/avr32/avr32-gnu-toolchain/bin/../lib/gcc/avr32/4.4.7/../../../../avr32/lib/ucr3\libc.a(lib_a-mprec.o)
                0x8000b290                __mcmp
 *fill*         0x8000b2c2        0x2 d703d703
 .text._Bfree   0x8000b2c4       0x34 c:/program files (x86)/atmel/studio/7.0/toolchain/avr32/avr32-gnu-toolchain/bin/../lib/gcc/avr32/4.4.7/../../../../avr32/lib/ucr3\libc.a(lib_a-mprec.o)
                                 0x38 (size before relaxing)
                0x8000b2c4                _Bfree
 .text._Balloc  0x8000b2f8       0x70 c:/program files (x86)/atmel/studio/7.0/toolchain/avr32/avr32-gnu-toolchain/bin/../lib/gcc/avr32/4.4.7/../../../../avr32/lib/ucr3\libc.a(lib_a-mprec.o)
                                 0x78 (size before relaxing)
                0x8000b2f8                _Balloc
 .text.__d2b    0x8000b368       0xa0 c:/program files (x86)/atmel/studio/7.0/toolchain/avr32/avr32-gnu-toolchain/bin/../lib/gcc/avr32/4.4.7/../../../../avr32/lib/ucr3\libc.a(lib_a-mprec.o)
                                 0xb4 (size before relaxing)
                0x8000b368                __d2b
 .text.__mdiff  0x8000b408       0xd0 c:/program files (x86)/atmel/studio/7.0/toolchain/avr32/avr32-gnu-toolchain/bin/../lib/gcc/avr32/4.4.7/../../../../avr32/lib/ucr3\libc.a(lib_a-mprec.o)
                                 0xd8 (size before relaxing)
                0x8000b408                __mdiff
 .text.__lshift
                0x8000b4d8       0x88 c:/program files (x86)/atmel/studio/7.0/toolchain/avr32/avr32-gnu-toolchain/bin/../lib/gcc/avr32/4.4.7/../../../../avr32/lib/ucr3\libc.a(lib_a-mprec.o)
                                 0x94 (size before relaxing)
                0x8000b4d8                __lshift
 .text.__multiply
                0x8000b560      0x100 c:/program files (x86)/atmel/studio/7.0/toolchain/avr32/avr32-gnu-toolchain/bin/../lib/gcc/avr32/4.4.7/../../../../avr32/lib/ucr3\libc.a(lib_a-mprec.o)
                                0x108 (size before relaxing)
                0x8000b560                __multiply
 .text.__i2b    0x8000b660       0x10 c:/program files (x86)/atmel/studio/7.0/toolchain/avr32/avr32-gnu-toolchain/bin/../lib/gcc/avr32/4.4.7/../../../../avr32/lib/ucr3\libc.a(lib_a-mprec.o)
                                 0x18 (size before relaxing)
                0x8000b660                __i2b
 .text.__multadd
                0x8000b670       0x7c c:/program files (x86)/atmel/studio/7.0/toolchain/avr32/avr32-gnu-toolchain/bin/../lib/gcc/avr32/4.4.7/../../../../avr32/lib/ucr3\libc.a(lib_a-mprec.o)
                                 0x88 (size before relaxing)
                0x8000b670                __multadd
 .text.__pow5mult
                0x8000b6ec       0x8c c:/program files (x86)/atmel/studio/7.0/toolchain/avr32/avr32-gnu-toolchain/bin/../lib/gcc/avr32/4.4.7/../../../../avr32/lib/ucr3\libc.a(lib_a-mprec.o)
                                 0xac (size before relaxing)
                0x8000b6ec                __pow5mult
 .text._realloc_r
                0x8000b778      0x2c0 c:/program files (x86)/atmel/studio/7.0/toolchain/avr32/avr32-gnu-toolchain/bin/../lib/gcc/avr32/4.4.7/../../../../avr32/lib/ucr3\libc.a(lib_a-reallocr.o)
                                0x2e0 (size before relaxing)
                0x8000b778                _realloc_r
 .text.__isinfd
                0x8000ba38       0x2a c:/program files (x86)/atmel/studio/7.0/toolchain/avr32/avr32-gnu-toolchain/bin/../lib/gcc/avr32/4.4.7/../../../../avr32/lib/ucr3\libc.a(lib_a-s_isinfd.o)
                0x8000ba38                __isinfd
 .text.__isnand
                0x8000ba62       0x1c c:/program files (x86)/atmel/studio/7.0/toolchain/avr32/avr32-gnu-toolchain/bin/../lib/gcc/avr32/4.4.7/../../../../avr32/lib/ucr3\libc.a(lib_a-s_isnand.o)
                0x8000ba62                __isnand
 *fill*         0x8000ba7e        0x2 d703d703
 .text._sbrk_r  0x8000ba80       0x20 c:/program files (x86)/atmel/studio/7.0/toolchain/avr32/avr32-gnu-toolchain/bin/../lib/gcc/avr32/4.4.7/../../../../avr32/lib/ucr3\libc.a(lib_a-sbrkr.o)
                                 0x28 (size before relaxing)
                0x8000ba80                _sbrk_r
 .text.__sclose
                0x8000baa0        0x8 c:/program files (x86)/atmel/studio/7.0/toolchain/avr32/avr32-gnu-toolchain/bin/../lib/gcc/avr32/4.4.7/../../../../avr32/lib/ucr3\libc.a(lib_a-stdio.o)
                                 0x10 (size before relaxing)
                0x8000baa0                __sclose
 .text.__sseek  0x8000baa8       0x20 c:/program files (x86)/atmel/studio/7.0/toolchain/avr32/avr32-gnu-toolchain/bin/../lib/gcc/avr32/4.4.7/../../../../avr32/lib/ucr3\libc.a(lib_a-stdio.o)
                                 0x28 (size before relaxing)
                0x8000baa8                __sseek
 .text.__swrite
                0x8000bac8       0x2c c:/program files (x86)/atmel/studio/7.0/toolchain/avr32/avr32-gnu-toolchain/bin/../lib/gcc/avr32/4.4.7/../../../../avr32/lib/ucr3\libc.a(lib_a-stdio.o)
                                 0x38 (size before relaxing)
                0x8000bac8                __swrite
 .text.__sread  0x8000baf4       0x1c c:/program files (x86)/atmel/studio/7.0/toolchain/avr32/avr32-gnu-toolchain/bin/../lib/gcc/avr32/4.4.7/../../../../avr32/lib/ucr3\libc.a(lib_a-stdio.o)
                                 0x24 (size before relaxing)
                0x8000baf4                __sread
 .text.strlen   0x8000bb10       0x16 c:/program files (x86)/atmel/studio/7.0/toolchain/avr32/avr32-gnu-toolchain/bin/../lib/gcc/avr32/4.4.7/../../../../avr32/lib/ucr3\libc.a(lib_a-strlen.o)
                0x8000bb10                strlen
 *fill*         0x8000bb26        0x2 d703d703
 .text._close   0x8000bb28       0x14 c:/program files (x86)/atmel/studio/7.0/toolchain/avr32/avr32-gnu-toolchain/bin/../lib/gcc/avr32/4.4.7/../../../../avr32/lib/ucr3\libc.a(lib_a-syscalls.o)
                                 0x18 (size before relaxing)
                0x8000bb28                _close
 .text._lseek   0x8000bb3c       0x14 c:/program files (x86)/atmel/studio/7.0/toolchain/avr32/avr32-gnu-toolchain/bin/../lib/gcc/avr32/4.4.7/../../../../avr32/lib/ucr3\libc.a(lib_a-syscalls.o)
                                 0x18 (size before relaxing)
                0x8000bb3c                _lseek
 .text._read    0x8000bb50       0x14 c:/program files (x86)/atmel/studio/7.0/toolchain/avr32/avr32-gnu-toolchain/bin/../lib/gcc/avr32/4.4.7/../../../../avr32/lib/ucr3\libc.a(lib_a-syscalls.o)
                                 0x18 (size before relaxing)
                0x8000bb50                _read
 .text._write   0x8000bb64       0x14 c:/program files (x86)/atmel/studio/7.0/toolchain/avr32/avr32-gnu-toolchain/bin/../lib/gcc/avr32/4.4.7/../../../../avr32/lib/ucr3\libc.a(lib_a-syscalls.o)
                                 0x18 (size before relaxing)
                0x8000bb64                _write
 .text.isatty   0x8000bb78       0x14 c:/program files (x86)/atmel/studio/7.0/toolchain/avr32/avr32-gnu-toolchain/bin/../lib/gcc/avr32/4.4.7/../../../../avr32/lib/ucr3\libc.a(lib_a-syscalls.o)
                                 0x18 (size before relaxing)
                0x8000bb78                isatty
 .text._fstat_host
                0x8000bb8c       0x14 c:/program files (x86)/atmel/studio/7.0/toolchain/avr32/avr32-gnu-toolchain/bin/../lib/gcc/avr32/4.4.7/../../../../avr32/lib/ucr3\libc.a(lib_a-syscalls.o)
                                 0x18 (size before relaxing)
                0x8000bb8c                _fstat_host
 .text._fstat   0x8000bba0       0x4c c:/program files (x86)/atmel/studio/7.0/toolchain/avr32/avr32-gnu-toolchain/bin/../lib/gcc/avr32/4.4.7/../../../../avr32/lib/ucr3\libc.a(lib_a-syscalls.o)
                                 0x50 (size before relaxing)
                0x8000bba0                _fstat
 .text._sbrk    0x8000bbec       0x38 c:/program files (x86)/atmel/studio/7.0/toolchain/avr32/avr32-gnu-toolchain/bin/../lib/gcc/avr32/4.4.7/../../../../avr32/lib/ucr3\libc.a(lib_a-syscalls.o)
                                 0x40 (size before relaxing)
                0x8000bbec                _sbrk
 .text._write_r
                0x8000bc24       0x24 c:/program files (x86)/atmel/studio/7.0/toolchain/avr32/avr32-gnu-toolchain/bin/../lib/gcc/avr32/4.4.7/../../../../avr32/lib/ucr3\libc.a(lib_a-writer.o)
                                 0x2c (size before relaxing)
                0x8000bc24                _write_r
 .text._calloc_r
                0x8000bc48       0x58 c:/program files (x86)/atmel/studio/7.0/toolchain/avr32/avr32-gnu-toolchain/bin/../lib/gcc/avr32/4.4.7/../../../../avr32/lib/ucr3\libc.a(lib_a-callocr.o)
                                 0x60 (size before relaxing)
                0x8000bc48                _calloc_r
 .text._close_r
                0x8000bca0       0x20 c:/program files (x86)/atmel/studio/7.0/toolchain/avr32/avr32-gnu-toolchain/bin/../lib/gcc/avr32/4.4.7/../../../../avr32/lib/ucr3\libc.a(lib_a-closer.o)
                                 0x28 (size before relaxing)
                0x8000bca0                _close_r
 .text.__errno  0x8000bcc0        0xc c:/program files (x86)/atmel/studio/7.0/toolchain/avr32/avr32-gnu-toolchain/bin/../lib/gcc/avr32/4.4.7/../../../../avr32/lib/ucr3\libc.a(lib_a-errno.o)
                0x8000bcc0                __errno
 .text._fclose_r
                0x8000bccc       0xb8 c:/program files (x86)/atmel/studio/7.0/toolchain/avr32/avr32-gnu-toolchain/bin/../lib/gcc/avr32/4.4.7/../../../../avr32/lib/ucr3\libc.a(lib_a-fclose.o)
                                 0xd0 (size before relaxing)
                0x8000bccc                _fclose_r
 .text.fclose   0x8000bd84       0x10 c:/program files (x86)/atmel/studio/7.0/toolchain/avr32/avr32-gnu-toolchain/bin/../lib/gcc/avr32/4.4.7/../../../../avr32/lib/ucr3\libc.a(lib_a-fclose.o)
                                 0x18 (size before relaxing)
                0x8000bd84                fclose
 .text._fstat_r
                0x8000bd94       0x24 c:/program files (x86)/atmel/studio/7.0/toolchain/avr32/avr32-gnu-toolchain/bin/../lib/gcc/avr32/4.4.7/../../../../avr32/lib/ucr3\libc.a(lib_a-fstatr.o)
                                 0x2c (size before relaxing)
                0x8000bd94                _fstat_r
 .text._lseek_r
                0x8000bdb8       0x24 c:/program files (x86)/atmel/studio/7.0/toolchain/avr32/avr32-gnu-toolchain/bin/../lib/gcc/avr32/4.4.7/../../../../avr32/lib/ucr3\libc.a(lib_a-lseekr.o)
                                 0x2c (size before relaxing)
                0x8000bdb8                _lseek_r
 .text._read_r  0x8000bddc       0x24 c:/program files (x86)/atmel/studio/7.0/toolchain/avr32/avr32-gnu-toolchain/bin/../lib/gcc/avr32/4.4.7/../../../../avr32/lib/ucr3\libc.a(lib_a-readr.o)
                                 0x2c (size before relaxing)
                0x8000bddc                _read_r
 .text          0x8000be00      0x1d4 c:/program files (x86)/atmel/studio/7.0/toolchain/avr32/avr32-gnu-toolchain/bin/../lib/gcc/avr32/4.4.7/ucr3\libgcc.a(_avr32_f64_mul.o)
                0x8000be00                __avr32_f64_mul
 .text          0x8000bfd4      0x2b0 c:/program files (x86)/atmel/studio/7.0/toolchain/avr32/avr32-gnu-toolchain/bin/../lib/gcc/avr32/4.4.7/ucr3\libgcc.a(_avr32_f64_addsub.o)
                0x8000bfd8                __avr32_f64_sub
                0x8000c174                __avr32_f64_add
 .text          0x8000c284       0x2a c:/program files (x86)/atmel/studio/7.0/toolchain/avr32/avr32-gnu-toolchain/bin/../lib/gcc/avr32/4.4.7/ucr3\libgcc.a(_avr32_f64_to_s32.o)
                0x8000c284                __avr32_f64_to_u32
                0x8000c288                __avr32_f64_to_s32
 .text          0x8000c2ae       0xe8 c:/program files (x86)/atmel/studio/7.0/toolchain/avr32/avr32-gnu-toolchain/bin/../lib/gcc/avr32/4.4.7/ucr3\libgcc.a(_avr32_s32_to_f64.o)
                0x8000c2ae                __avr32_u32_to_f64
                0x8000c2b6                __avr32_s32_to_f64
 .text          0x8000c396       0x26 c:/program files (x86)/atmel/studio/7.0/toolchain/avr32/avr32-gnu-toolchain/bin/../lib/gcc/avr32/4.4.7/ucr3\libgcc.a(_avr32_f64_cmp_eq.o)
                0x8000c396                __avr32_f64_cmp_eq
 .text          0x8000c3bc       0x68 c:/program files (x86)/atmel/studio/7.0/toolchain/avr32/avr32-gnu-toolchain/bin/../lib/gcc/avr32/4.4.7/ucr3\libgcc.a(_avr32_f64_cmp_ge.o)
                0x8000c3bc                __avr32_f64_cmp_ge
 .text          0x8000c424       0x68 c:/program files (x86)/atmel/studio/7.0/toolchain/avr32/avr32-gnu-toolchain/bin/../lib/gcc/avr32/4.4.7/ucr3\libgcc.a(_avr32_f64_cmp_lt.o)
                0x8000c424                __avr32_f64_cmp_lt
 .text          0x8000c48c      0x318 c:/program files (x86)/atmel/studio/7.0/toolchain/avr32/avr32-gnu-toolchain/bin/../lib/gcc/avr32/4.4.7/ucr3\libgcc.a(_avr32_f64_div.o)
                0x8000c48c                __avr32_f64_div
 .text          0x8000c7a4      0x20c c:/program files (x86)/atmel/studio/7.0/toolchain/avr32/avr32-gnu-toolchain/bin/../lib/gcc/avr32/4.4.7/ucr3\libgcc.a(_umoddi3.o)
                0x8000c7a4                __avr32_umod64
                0x8000c7a4                __umoddi3
 *(.text.*personality*)
 *(.gnu.warning)

.exception      0x8000ca00      0x200
 .exception     0x8000ca00      0x200 src/ASF/avr32/drivers/intc/exception.o
                0x8000ca00                _evba
                0x8000cb04                _int0
                0x8000cb12                _int1
                0x8000cb20                _int2
                0x8000cb2e                _int3

.fini
 *(.fini)
                0x8000cc00                PROVIDE (__etext, .)
                0x8000cc00                PROVIDE (_etext, .)
                0x8000cc00                PROVIDE (etext, .)

.rodata         0x8000cc00      0x6b0
 *(.rodata .rodata.* .gnu.linkonce.r.*)
 .rodata.gpio_enable_module_pin
                0x8000cc00       0x20 src/ASF/avr32/drivers/gpio/gpio.o
 .rodata.USART_GPIO_MAP.15046
                0x8000cc20       0x10 src/communcation.o
 .rodata.SPI_GPIO_MAP.15034
                0x8000cc30       0x18 src/communcation.o
 .rodata.TIMER_GPIO_MAP.14985
                0x8000cc48       0x20 src/motor_control.o
 .rodata.TWI_GPIO_MAP.14991
                0x8000cc68       0x10 src/sensor.o
 .rodata._int_handler_table
                0x8000cc78       0xb0 src/ASF/avr32/drivers/intc/intc.o
 .rodata.get_arg
                0x8000cd28       0x3c c:/program files (x86)/atmel/studio/7.0/toolchain/avr32/avr32-gnu-toolchain/bin/../lib/gcc/avr32/4.4.7/../../../../avr32/lib/ucr3\libc.a(lib_a-vfprintf.o)
 .rodata._vfprintf_r
                0x8000cd64      0x164 c:/program files (x86)/atmel/studio/7.0/toolchain/avr32/avr32-gnu-toolchain/bin/../lib/gcc/avr32/4.4.7/../../../../avr32/lib/ucr3\libc.a(lib_a-vfprintf.o)
 .rodata.state_table
                0x8000cec8       0x6c c:/program files (x86)/atmel/studio/7.0/toolchain/avr32/avr32-gnu-toolchain/bin/../lib/gcc/avr32/4.4.7/../../../../avr32/lib/ucr3\libc.a(lib_a-vfprintf.o)
 .rodata.action_table
                0x8000cf34       0x6c c:/program files (x86)/atmel/studio/7.0/toolchain/avr32/avr32-gnu-toolchain/bin/../lib/gcc/avr32/4.4.7/../../../../avr32/lib/ucr3\libc.a(lib_a-vfprintf.o)
 .rodata.str1.4
                0x8000cfa0       0x3a c:/program files (x86)/atmel/studio/7.0/toolchain/avr32/avr32-gnu-toolchain/bin/../lib/gcc/avr32/4.4.7/../../../../avr32/lib/ucr3\libc.a(lib_a-vfprintf.o)
                                 0x3c (size before relaxing)
 *fill*         0x8000cfda        0x2 
 .rodata.blanks.3430
                0x8000cfdc       0x10 c:/program files (x86)/atmel/studio/7.0/toolchain/avr32/avr32-gnu-toolchain/bin/../lib/gcc/avr32/4.4.7/../../../../avr32/lib/ucr3\libc.a(lib_a-vfprintf.o)
 .rodata.zeroes.3431
                0x8000cfec       0x10 c:/program files (x86)/atmel/studio/7.0/toolchain/avr32/avr32-gnu-toolchain/bin/../lib/gcc/avr32/4.4.7/../../../../avr32/lib/ucr3\libc.a(lib_a-vfprintf.o)
 .rodata.chclass
                0x8000cffc      0x100 c:/program files (x86)/atmel/studio/7.0/toolchain/avr32/avr32-gnu-toolchain/bin/../lib/gcc/avr32/4.4.7/../../../../avr32/lib/ucr3\libc.a(lib_a-vfprintf.o)
 .rodata.str1.4
                0x8000d0fc       0x10 c:/program files (x86)/atmel/studio/7.0/toolchain/avr32/avr32-gnu-toolchain/bin/../lib/gcc/avr32/4.4.7/../../../../avr32/lib/ucr3\libc.a(lib_a-dtoa.o)
                                 0x14 (size before relaxing)
 .rodata.__sf_fake_stdin
                0x8000d10c       0x20 c:/program files (x86)/atmel/studio/7.0/toolchain/avr32/avr32-gnu-toolchain/bin/../lib/gcc/avr32/4.4.7/../../../../avr32/lib/ucr3\libc.a(lib_a-findfp.o)
                0x8000d10c                __sf_fake_stdin
 .rodata.__sf_fake_stdout
                0x8000d12c       0x20 c:/program files (x86)/atmel/studio/7.0/toolchain/avr32/avr32-gnu-toolchain/bin/../lib/gcc/avr32/4.4.7/../../../../avr32/lib/ucr3\libc.a(lib_a-findfp.o)
                0x8000d12c                __sf_fake_stdout
 .rodata.__sf_fake_stderr
                0x8000d14c       0x20 c:/program files (x86)/atmel/studio/7.0/toolchain/avr32/avr32-gnu-toolchain/bin/../lib/gcc/avr32/4.4.7/../../../../avr32/lib/ucr3\libc.a(lib_a-findfp.o)
                0x8000d14c                __sf_fake_stderr
 .rodata.str1.4
                0x8000d16c        0x2 c:/program files (x86)/atmel/studio/7.0/toolchain/avr32/avr32-gnu-toolchain/bin/../lib/gcc/avr32/4.4.7/../../../../avr32/lib/ucr3\libc.a(lib_a-impure.o)
                                  0x4 (size before relaxing)
 *fill*         0x8000d16e        0x2 
 .rodata._global_impure_ptr
                0x8000d170        0x4 c:/program files (x86)/atmel/studio/7.0/toolchain/avr32/avr32-gnu-toolchain/bin/../lib/gcc/avr32/4.4.7/../../../../avr32/lib/ucr3\libc.a(lib_a-impure.o)
                0x8000d170                _global_impure_ptr
 .rodata.lconv  0x8000d174       0x30 c:/program files (x86)/atmel/studio/7.0/toolchain/avr32/avr32-gnu-toolchain/bin/../lib/gcc/avr32/4.4.7/../../../../avr32/lib/ucr3\libc.a(lib_a-locale.o)
 .rodata.str1.4
                0x8000d1a4       0x10 c:/program files (x86)/atmel/studio/7.0/toolchain/avr32/avr32-gnu-toolchain/bin/../lib/gcc/avr32/4.4.7/../../../../avr32/lib/ucr3\libc.a(lib_a-locale.o)
                                 0x18 (size before relaxing)
 .rodata.p05.2471
                0x8000d1b4        0xc c:/program files (x86)/atmel/studio/7.0/toolchain/avr32/avr32-gnu-toolchain/bin/../lib/gcc/avr32/4.4.7/../../../../avr32/lib/ucr3\libc.a(lib_a-mprec.o)
 .rodata.__mprec_tens
                0x8000d1c0       0xc8 c:/program files (x86)/atmel/studio/7.0/toolchain/avr32/avr32-gnu-toolchain/bin/../lib/gcc/avr32/4.4.7/../../../../avr32/lib/ucr3\libc.a(lib_a-mprec.o)
                0x8000d1c0                __mprec_tens
 .rodata.__mprec_bigtens
                0x8000d288       0x28 c:/program files (x86)/atmel/studio/7.0/toolchain/avr32/avr32-gnu-toolchain/bin/../lib/gcc/avr32/4.4.7/../../../../avr32/lib/ucr3\libc.a(lib_a-mprec.o)
                0x8000d288                __mprec_bigtens

.rodata1
 *(.rodata1)

.eh_frame_hdr
 *(.eh_frame_hdr)

.eh_frame
 *(.eh_frame)

.gcc_except_table
 *(.gcc_except_table)
 *(.gcc_except_table.*)

.dalign         0x8000d2b0        0x0
                0x8000d2b0                . = ALIGN (0x8)
                0x8000d2b0                PROVIDE (_data_lma, .)
                0x00000004                PROVIDE (_data, ORIGIN (CPUSRAM))
                0x00000004                . = ORIGIN (CPUSRAM)

.eh_frame
 *(.eh_frame)

.gcc_except_table
 *(.gcc_except_table)
 *(.gcc_except_table.*)

.tdata
 *(.tdata .tdata.* .gnu.linkonce.td.*)

.tbss
 *(.tbss .tbss.* .gnu.linkonce.tb.*)
 *(.tcommon)
                0x00000004                PROVIDE (__preinit_array_start, ALIGN (0x4))

.preinit_array
 *(.preinit_array)
                0x00000004                PROVIDE (__preinit_array_end, .)
                0x00000004                PROVIDE (__init_array_start, .)

.init_array
 *(.init_array)
                0x00000004                PROVIDE (__init_array_end, .)
                0x00000004                PROVIDE (__fini_array_start, .)

.fini_array
 *(.fini_array)
                0x00000004                PROVIDE (__fini_array_end, .)

.ctors
 *crtbegin*.o(.ctors)
 *(EXCLUDE_FILE(*crtend*.o) .ctors)
 *(SORT(.ctors.*))
 *(.ctors)

.dtors
 *crtbegin*.o(.dtors)
 *(EXCLUDE_FILE(*crtend*.o) .dtors)
 *(SORT(.dtors.*))
 *(.dtors)

.jcr
 *(.jcr)

.data.rel.ro
 *(.data.rel.ro.local)
 *(.data.rel.ro*)

.dynamic
 *(.dynamic)

.got
 *(.got.plt)
 *(.got)

.data           0x00000004      0x508 load address 0x8000d2b0
 *(.data .data.* .gnu.linkonce.d.*)
 .data.flashcdw_wait_until_ready
                0x00000004        0x4 src/ASF/avr32/drivers/flashcdw/flashcdw.o
                0x00000004                flashcdw_wait_until_ready
 .data.impure_data
                0x00000008       0xf0 c:/program files (x86)/atmel/studio/7.0/toolchain/avr32/avr32-gnu-toolchain/bin/../lib/gcc/avr32/4.4.7/../../../../avr32/lib/ucr3\libc.a(lib_a-impure.o)
 .data._impure_ptr
                0x000000f8        0x4 c:/program files (x86)/atmel/studio/7.0/toolchain/avr32/avr32-gnu-toolchain/bin/../lib/gcc/avr32/4.4.7/../../../../avr32/lib/ucr3\libc.a(lib_a-impure.o)
                0x000000f8                _impure_ptr
 .data.__malloc_av_
                0x000000fc      0x408 c:/program files (x86)/atmel/studio/7.0/toolchain/avr32/avr32-gnu-toolchain/bin/../lib/gcc/avr32/4.4.7/../../../../avr32/lib/ucr3\libc.a(lib_a-mallocr.o)
                0x000000fc                __malloc_av_
 .data.__malloc_trim_threshold
                0x00000504        0x4 c:/program files (x86)/atmel/studio/7.0/toolchain/avr32/avr32-gnu-toolchain/bin/../lib/gcc/avr32/4.4.7/../../../../avr32/lib/ucr3\libc.a(lib_a-mallocr.o)
                0x00000504                __malloc_trim_threshold
 .data.__malloc_sbrk_base
                0x00000508        0x4 c:/program files (x86)/atmel/studio/7.0/toolchain/avr32/avr32-gnu-toolchain/bin/../lib/gcc/avr32/4.4.7/../../../../avr32/lib/ucr3\libc.a(lib_a-mallocr.o)
                0x00000508                __malloc_sbrk_base
 *(.gnu.linkonce.d.*personality*)

.data1
 *(.data1)

.balign         0x0000050c        0x4 load address 0x8000d7b8
                0x00000510                . = ALIGN (0x8)
 *fill*         0x0000050c        0x4 
                0x00000510                _edata = .
                0x00000510                _edata = .
                0x00000510                PROVIDE (edata, .)
                0x00000510                __bss_start = .

.bss            0x00000510      0x268 load address 0x8000d7b8
 *(.dynbss)
 *(.bss .bss.* .gnu.linkonce.b.*)
 .bss.flashcdw_error_status
                0x00000510        0x4 src/ASF/avr32/drivers/flashcdw/flashcdw.o
 .bss.act_time  0x00000514        0x4 src/pid.o
                0x00000514                act_time
 .bss.p_tmp.15809
                0x00000518        0xc src/pid.o
 .bss.r_tmp.15811
                0x00000524        0xc src/pid.o
 .bss.h_tmp.15810
                0x00000530        0xc src/pid.o
 .bss.twim_inst
                0x0000053c        0x4 src/ASF/avr32/drivers/twim/twim.o
 .bss.twim_tx_data
                0x00000540        0x4 src/ASF/avr32/drivers/twim/twim.o
 .bss.twim_rx_data
                0x00000544        0x4 src/ASF/avr32/drivers/twim/twim.o
 .bss.transfer_status
                0x00000548        0x4 src/ASF/avr32/drivers/twim/twim.o
 .bss.twim_tx_nb_bytes
                0x0000054c        0x4 src/ASF/avr32/drivers/twim/twim.o
 .bss.twim_rx_nb_bytes
                0x00000550        0x4 src/ASF/avr32/drivers/twim/twim.o
 .bss.twim_it_mask
                0x00000554        0x4 src/ASF/avr32/drivers/twim/twim.o
 .bss.twim_package
                0x00000558        0x4 src/ASF/avr32/drivers/twim/twim.o
 .bss.twim_next
                0x0000055c        0x1 src/ASF/avr32/drivers/twim/twim.o
 *fill*         0x0000055d        0x3 
 .bss._int_line_handler_table_0
                0x00000560        0x4 src/ASF/avr32/drivers/intc/intc.o
 .bss._int_line_handler_table_1
                0x00000564       0x28 src/ASF/avr32/drivers/intc/intc.o
 .bss._int_line_handler_table_2
                0x0000058c       0x1c src/ASF/avr32/drivers/intc/intc.o
 .bss._int_line_handler_table_3
                0x000005a8       0x1c src/ASF/avr32/drivers/intc/intc.o
 .bss._int_line_handler_table_4
                0x000005c4        0x4 src/ASF/avr32/drivers/intc/intc.o
 .bss._int_line_handler_table_5
                0x000005c8        0x4 src/ASF/avr32/drivers/intc/intc.o
 .bss._int_line_handler_table_6
                0x000005cc        0x4 src/ASF/avr32/drivers/intc/intc.o
 .bss._int_line_handler_table_7
                0x000005d0        0x4 src/ASF/avr32/drivers/intc/intc.o
 .bss._int_line_handler_table_8
                0x000005d4        0x4 src/ASF/avr32/drivers/intc/intc.o
 .bss._int_line_handler_table_9
                0x000005d8        0x4 src/ASF/avr32/drivers/intc/intc.o
 .bss._int_line_handler_table_10
                0x000005dc        0x4 src/ASF/avr32/drivers/intc/intc.o
 .bss._int_line_handler_table_11
                0x000005e0        0x4 src/ASF/avr32/drivers/intc/intc.o
 .bss._int_line_handler_table_12
                0x000005e4        0x4 src/ASF/avr32/drivers/intc/intc.o
 .bss._int_line_handler_table_13
                0x000005e8        0x4 src/ASF/avr32/drivers/intc/intc.o
 .bss._int_line_handler_table_14
                0x000005ec        0xc src/ASF/avr32/drivers/intc/intc.o
 .bss._int_line_handler_table_15
                0x000005f8        0xc src/ASF/avr32/drivers/intc/intc.o
 .bss._int_line_handler_table_16
                0x00000604        0x4 src/ASF/avr32/drivers/intc/intc.o
 .bss._int_line_handler_table_17
                0x00000608        0x8 src/ASF/avr32/drivers/intc/intc.o
 .bss._int_line_handler_table_18
                0x00000610        0x4 src/ASF/avr32/drivers/intc/intc.o
 .bss._int_line_handler_table_19
                0x00000614       0x10 src/ASF/avr32/drivers/intc/intc.o
 .bss._int_line_handler_table_20
                0x00000624        0x4 src/ASF/avr32/drivers/intc/intc.o
 .bss._int_line_handler_table_21
                0x00000628        0x4 src/ASF/avr32/drivers/intc/intc.o
 .bss.__malloc_max_total_mem
                0x0000062c        0x4 c:/program files (x86)/atmel/studio/7.0/toolchain/avr32/avr32-gnu-toolchain/bin/../lib/gcc/avr32/4.4.7/../../../../avr32/lib/ucr3\libc.a(lib_a-mallocr.o)
                0x0000062c                __malloc_max_total_mem
 .bss.__malloc_max_sbrked_mem
                0x00000630        0x4 c:/program files (x86)/atmel/studio/7.0/toolchain/avr32/avr32-gnu-toolchain/bin/../lib/gcc/avr32/4.4.7/../../../../avr32/lib/ucr3\libc.a(lib_a-mallocr.o)
                0x00000630                __malloc_max_sbrked_mem
 .bss.__malloc_top_pad
                0x00000634        0x4 c:/program files (x86)/atmel/studio/7.0/toolchain/avr32/avr32-gnu-toolchain/bin/../lib/gcc/avr32/4.4.7/../../../../avr32/lib/ucr3\libc.a(lib_a-mallocr.o)
                0x00000634                __malloc_top_pad
 .bss.__malloc_current_mallinfo
                0x00000638       0x28 c:/program files (x86)/atmel/studio/7.0/toolchain/avr32/avr32-gnu-toolchain/bin/../lib/gcc/avr32/4.4.7/../../../../avr32/lib/ucr3\libc.a(lib_a-mallocr.o)
                0x00000638                __malloc_current_mallinfo
 .bss.cur_heap_pos.1869
                0x00000660        0x4 c:/program files (x86)/atmel/studio/7.0/toolchain/avr32/avr32-gnu-toolchain/bin/../lib/gcc/avr32/4.4.7/../../../../avr32/lib/ucr3\libc.a(lib_a-syscalls.o)
 *(COMMON)
 COMMON         0x00000664       0x2c src/ast_rtc.o
                0x00000664                throotle
                0x00000668                speed
                0x00000678                esc_timer_values
                0x00000688                esc_timer_compare_values
 COMMON         0x00000690       0x10 src/communcation.o
                0x00000690                speed_1
 COMMON         0x000006a0        0xc src/pid.o
                0x000006a0                app_euler
                0x000006a6                sensor_euler
 COMMON         0x000006ac       0x6f src/sensor.o
                0x000006ac                sensor_reg_page0
                0x00000704                sensor_reg_page1
 *fill*         0x0000071b        0x1 
 COMMON         0x0000071c       0x4c src/settings_t.o
                0x0000071c                set
 COMMON         0x00000768        0x7 src/ASF/common/services/sleepmgr/uc3/sleepmgr.o
                0x00000768                sleepmgr_locks
 *fill*         0x0000076f        0x1 
 COMMON         0x00000770        0x4 c:/program files (x86)/atmel/studio/7.0/toolchain/avr32/avr32-gnu-toolchain/bin/../lib/gcc/avr32/4.4.7/../../../../avr32/lib/ucr3\libc.a(lib_a-reent.o)
                0x00000770                errno
                0x00000778                . = ALIGN (0x8)
 *fill*         0x00000774        0x4 
                0x00000778                . = ALIGN (0x8)
                0x00000778                _end = .
                0x00000778                PROVIDE (end, .)
                0x00000778                __heap_start__ = ALIGN (0x8)
                0x00003000                . = ((ORIGIN (CPUSRAM) + 0x3ffc) - _stack_size)
                0x00003000                __heap_end__ = .

.stab
 *(.stab)

.stabstr
 *(.stabstr)

.stab.excl
 *(.stab.excl)

.stab.exclstr
 *(.stab.exclstr)

.stab.index
 *(.stab.index)

.stab.indexstr
 *(.stab.indexstr)

.comment        0x00000000       0x30
 *(.comment)
 .comment       0x00000000       0x30 src/ASF/avr32/drivers/ast/ast.o
                                 0x31 (size before relaxing)
 .comment       0x00000000       0x31 src/ast_rtc.o
 .comment       0x00000000       0x31 src/ASF/avr32/drivers/flashcdw/flashcdw.o
 .comment       0x00000000       0x31 src/ASF/avr32/drivers/gpio/gpio.o
 .comment       0x00000000       0x31 src/ASF/avr32/drivers/pdca/pdca.o
 .comment       0x00000000       0x31 src/communcation.o
 .comment       0x00000000       0x31 src/motor_control.o
 .comment       0x00000000       0x31 src/pid.o
 .comment       0x00000000       0x31 src/sensor.o
 .comment       0x00000000       0x31 src/settings_t.o
 .comment       0x00000000       0x31 src/ASF/avr32/drivers/tc/tc.o
 .comment       0x00000000       0x31 src/ASF/common/services/sleepmgr/uc3/sleepmgr.o
 .comment       0x00000000       0x31 src/ASF/common/services/clock/uc3d/osc.o
 .comment       0x00000000       0x31 src/ASF/common/services/clock/uc3d/sysclk.o
 .comment       0x00000000       0x31 src/ASF/avr32/drivers/spi/spi.o
 .comment       0x00000000       0x31 src/ASF/avr32/drivers/twim/twim.o
 .comment       0x00000000       0x31 src/ASF/avr32/drivers/usart/usart.o
 .comment       0x00000000       0x31 src/ASF/avr32/drivers/intc/intc.o
 .comment       0x00000000       0x31 src/ASF/common/boards/user_board/init.o
 .comment       0x00000000       0x31 src/main.o
 .comment       0x00000000       0x31 c:/program files (x86)/atmel/studio/7.0/toolchain/avr32/avr32-gnu-toolchain/bin/../lib/gcc/avr32/4.4.7/ucr3\libgcc.a(_udivdi3.o)
 .comment       0x00000000       0x31 c:/program files (x86)/atmel/studio/7.0/toolchain/avr32/avr32-gnu-toolchain/bin/../lib/gcc/avr32/4.4.7/../../../../avr32/lib/ucr3\libc.a(lib_a-sprintf.o)
 .comment       0x00000000       0x31 c:/program files (x86)/atmel/studio/7.0/toolchain/avr32/avr32-gnu-toolchain/bin/../lib/gcc/avr32/4.4.7/../../../../avr32/lib/ucr3\libc.a(lib_a-vfprintf.o)
 .comment       0x00000000       0x31 c:/program files (x86)/atmel/studio/7.0/toolchain/avr32/avr32-gnu-toolchain/bin/../lib/gcc/avr32/4.4.7/../../../../avr32/lib/ucr3\libc.a(lib_a-wsetup.o)
 .comment       0x00000000       0x31 c:/program files (x86)/atmel/studio/7.0/toolchain/avr32/avr32-gnu-toolchain/bin/../lib/gcc/avr32/4.4.7/../../../../avr32/lib/ucr3\libc.a(lib_a-dtoa.o)
 .comment       0x00000000       0x31 c:/program files (x86)/atmel/studio/7.0/toolchain/avr32/avr32-gnu-toolchain/bin/../lib/gcc/avr32/4.4.7/../../../../avr32/lib/ucr3\libc.a(lib_a-fflush.o)
 .comment       0x00000000       0x31 c:/program files (x86)/atmel/studio/7.0/toolchain/avr32/avr32-gnu-toolchain/bin/../lib/gcc/avr32/4.4.7/../../../../avr32/lib/ucr3\libc.a(lib_a-findfp.o)
 .comment       0x00000000       0x31 c:/program files (x86)/atmel/studio/7.0/toolchain/avr32/avr32-gnu-toolchain/bin/../lib/gcc/avr32/4.4.7/../../../../avr32/lib/ucr3\libc.a(lib_a-freer.o)
 .comment       0x00000000       0x31 c:/program files (x86)/atmel/studio/7.0/toolchain/avr32/avr32-gnu-toolchain/bin/../lib/gcc/avr32/4.4.7/../../../../avr32/lib/ucr3\libc.a(lib_a-fvwrite.o)
 .comment       0x00000000       0x31 c:/program files (x86)/atmel/studio/7.0/toolchain/avr32/avr32-gnu-toolchain/bin/../lib/gcc/avr32/4.4.7/../../../../avr32/lib/ucr3\libc.a(lib_a-fwalk.o)
 .comment       0x00000000       0x31 c:/program files (x86)/atmel/studio/7.0/toolchain/avr32/avr32-gnu-toolchain/bin/../lib/gcc/avr32/4.4.7/../../../../avr32/lib/ucr3\libc.a(lib_a-impure.o)
 .comment       0x00000000       0x31 c:/program files (x86)/atmel/studio/7.0/toolchain/avr32/avr32-gnu-toolchain/bin/../lib/gcc/avr32/4.4.7/../../../../avr32/lib/ucr3\libc.a(lib_a-locale.o)
 .comment       0x00000000       0x31 c:/program files (x86)/atmel/studio/7.0/toolchain/avr32/avr32-gnu-toolchain/bin/../lib/gcc/avr32/4.4.7/../../../../avr32/lib/ucr3\libc.a(lib_a-makebuf.o)
 .comment       0x00000000       0x31 c:/program files (x86)/atmel/studio/7.0/toolchain/avr32/avr32-gnu-toolchain/bin/../lib/gcc/avr32/4.4.7/../../../../avr32/lib/ucr3\libc.a(lib_a-malloc.o)
 .comment       0x00000000       0x31 c:/program files (x86)/atmel/studio/7.0/toolchain/avr32/avr32-gnu-toolchain/bin/../lib/gcc/avr32/4.4.7/../../../../avr32/lib/ucr3\libc.a(lib_a-mallocr.o)
 .comment       0x00000000       0x31 c:/program files (x86)/atmel/studio/7.0/toolchain/avr32/avr32-gnu-toolchain/bin/../lib/gcc/avr32/4.4.7/../../../../avr32/lib/ucr3\libc.a(lib_a-memchr.o)
 .comment       0x00000000       0x31 c:/program files (x86)/atmel/studio/7.0/toolchain/avr32/avr32-gnu-toolchain/bin/../lib/gcc/avr32/4.4.7/../../../../avr32/lib/ucr3\libc.a(lib_a-memmove.o)
 .comment       0x00000000       0x31 c:/program files (x86)/atmel/studio/7.0/toolchain/avr32/avr32-gnu-toolchain/bin/../lib/gcc/avr32/4.4.7/../../../../avr32/lib/ucr3\libc.a(lib_a-memset.o)
 .comment       0x00000000       0x31 c:/program files (x86)/atmel/studio/7.0/toolchain/avr32/avr32-gnu-toolchain/bin/../lib/gcc/avr32/4.4.7/../../../../avr32/lib/ucr3\libc.a(lib_a-mlock.o)
 .comment       0x00000000       0x31 c:/program files (x86)/atmel/studio/7.0/toolchain/avr32/avr32-gnu-toolchain/bin/../lib/gcc/avr32/4.4.7/../../../../avr32/lib/ucr3\libc.a(lib_a-mprec.o)
 .comment       0x00000000       0x31 c:/program files (x86)/atmel/studio/7.0/toolchain/avr32/avr32-gnu-toolchain/bin/../lib/gcc/avr32/4.4.7/../../../../avr32/lib/ucr3\libc.a(lib_a-reallocr.o)
 .comment       0x00000000       0x31 c:/program files (x86)/atmel/studio/7.0/toolchain/avr32/avr32-gnu-toolchain/bin/../lib/gcc/avr32/4.4.7/../../../../avr32/lib/ucr3\libc.a(lib_a-s_isinfd.o)
 .comment       0x00000000       0x31 c:/program files (x86)/atmel/studio/7.0/toolchain/avr32/avr32-gnu-toolchain/bin/../lib/gcc/avr32/4.4.7/../../../../avr32/lib/ucr3\libc.a(lib_a-s_isnand.o)
 .comment       0x00000000       0x31 c:/program files (x86)/atmel/studio/7.0/toolchain/avr32/avr32-gnu-toolchain/bin/../lib/gcc/avr32/4.4.7/../../../../avr32/lib/ucr3\libc.a(lib_a-sbrkr.o)
 .comment       0x00000000       0x31 c:/program files (x86)/atmel/studio/7.0/toolchain/avr32/avr32-gnu-toolchain/bin/../lib/gcc/avr32/4.4.7/../../../../avr32/lib/ucr3\libc.a(lib_a-stdio.o)
 .comment       0x00000000       0x31 c:/program files (x86)/atmel/studio/7.0/toolchain/avr32/avr32-gnu-toolchain/bin/../lib/gcc/avr32/4.4.7/../../../../avr32/lib/ucr3\libc.a(lib_a-strlen.o)
 .comment       0x00000000       0x31 c:/program files (x86)/atmel/studio/7.0/toolchain/avr32/avr32-gnu-toolchain/bin/../lib/gcc/avr32/4.4.7/../../../../avr32/lib/ucr3\libc.a(lib_a-syscalls.o)
 .comment       0x00000000       0x31 c:/program files (x86)/atmel/studio/7.0/toolchain/avr32/avr32-gnu-toolchain/bin/../lib/gcc/avr32/4.4.7/../../../../avr32/lib/ucr3\libc.a(lib_a-writer.o)
 .comment       0x00000000       0x31 c:/program files (x86)/atmel/studio/7.0/toolchain/avr32/avr32-gnu-toolchain/bin/../lib/gcc/avr32/4.4.7/../../../../avr32/lib/ucr3\libc.a(lib_a-callocr.o)
 .comment       0x00000000       0x31 c:/program files (x86)/atmel/studio/7.0/toolchain/avr32/avr32-gnu-toolchain/bin/../lib/gcc/avr32/4.4.7/../../../../avr32/lib/ucr3\libc.a(lib_a-closer.o)
 .comment       0x00000000       0x31 c:/program files (x86)/atmel/studio/7.0/toolchain/avr32/avr32-gnu-toolchain/bin/../lib/gcc/avr32/4.4.7/../../../../avr32/lib/ucr3\libc.a(lib_a-errno.o)
 .comment       0x00000000       0x31 c:/program files (x86)/atmel/studio/7.0/toolchain/avr32/avr32-gnu-toolchain/bin/../lib/gcc/avr32/4.4.7/../../../../avr32/lib/ucr3\libc.a(lib_a-fclose.o)
 .comment       0x00000000       0x31 c:/program files (x86)/atmel/studio/7.0/toolchain/avr32/avr32-gnu-toolchain/bin/../lib/gcc/avr32/4.4.7/../../../../avr32/lib/ucr3\libc.a(lib_a-fstatr.o)
 .comment       0x00000000       0x31 c:/program files (x86)/atmel/studio/7.0/toolchain/avr32/avr32-gnu-toolchain/bin/../lib/gcc/avr32/4.4.7/../../../../avr32/lib/ucr3\libc.a(lib_a-lseekr.o)
 .comment       0x00000000       0x31 c:/program files (x86)/atmel/studio/7.0/toolchain/avr32/avr32-gnu-toolchain/bin/../lib/gcc/avr32/4.4.7/../../../../avr32/lib/ucr3\libc.a(lib_a-readr.o)
 .comment       0x00000000       0x31 c:/program files (x86)/atmel/studio/7.0/toolchain/avr32/avr32-gnu-toolchain/bin/../lib/gcc/avr32/4.4.7/../../../../avr32/lib/ucr3\libc.a(lib_a-reent.o)
 .comment       0x00000000       0x31 c:/program files (x86)/atmel/studio/7.0/toolchain/avr32/avr32-gnu-toolchain/bin/../lib/gcc/avr32/4.4.7/ucr3\libgcc.a(_umoddi3.o)

.debug
 *(.debug)

.line
 *(.line)

.debug_srcinfo
 *(.debug_srcinfo)

.debug_sfnames
 *(.debug_sfnames)

.debug_aranges  0x00000000     0x1518
 *(.debug_aranges)
 .debug_aranges
                0x00000000      0x1d8 src/ASF/avr32/drivers/ast/ast.o
 .debug_aranges
                0x000001d8       0x88 src/ast_rtc.o
 .debug_aranges
                0x00000260      0x260 src/ASF/avr32/drivers/flashcdw/flashcdw.o
 .debug_aranges
                0x000004c0      0x128 src/ASF/avr32/drivers/gpio/gpio.o
 .debug_aranges
                0x000005e8       0xd0 src/ASF/avr32/drivers/pdca/pdca.o
 .debug_aranges
                0x000006b8       0xa0 src/communcation.o
 .debug_aranges
                0x00000758       0xb0 src/motor_control.o
 .debug_aranges
                0x00000808       0x40 src/pid.o
 .debug_aranges
                0x00000848       0xe0 src/sensor.o
 .debug_aranges
                0x00000928       0x50 src/settings_t.o
 .debug_aranges
                0x00000978       0xb0 src/ASF/avr32/drivers/tc/tc.o
 .debug_aranges
                0x00000a28       0x40 src/ASF/common/services/clock/uc3d/osc.o
 .debug_aranges
                0x00000a68       0x80 src/ASF/common/services/clock/uc3d/sysclk.o
 .debug_aranges
                0x00000ae8       0xa8 src/ASF/avr32/drivers/spi/spi.o
 .debug_aranges
                0x00000b90       0x88 src/ASF/avr32/drivers/twim/twim.o
 .debug_aranges
                0x00000c18      0x108 src/ASF/avr32/drivers/usart/usart.o
 .debug_aranges
                0x00000d20       0x20 src/ASF/avr32/drivers/intc/exception.o
 .debug_aranges
                0x00000d40       0x40 src/ASF/avr32/drivers/intc/intc.o
 .debug_aranges
                0x00000d80       0x28 src/ASF/avr32/utils/startup/startup_uc3.o
 .debug_aranges
                0x00000da8       0x20 src/ASF/avr32/utils/startup/trampoline_uc3.o
 .debug_aranges
                0x00000dc8       0x40 src/ASF/common/boards/user_board/init.o
 .debug_aranges
                0x00000e08       0x28 src/main.o
 .debug_aranges
                0x00000e30       0x20 c:/program files (x86)/atmel/studio/7.0/toolchain/avr32/avr32-gnu-toolchain/bin/../lib/gcc/avr32/4.4.7/ucr3\libgcc.a(_udivdi3.o)
 .debug_aranges
                0x00000e50       0x28 c:/program files (x86)/atmel/studio/7.0/toolchain/avr32/avr32-gnu-toolchain/bin/../lib/gcc/avr32/4.4.7/../../../../avr32/lib/ucr3\libc.a(lib_a-sprintf.o)
 .debug_aranges
                0x00000e78       0x38 c:/program files (x86)/atmel/studio/7.0/toolchain/avr32/avr32-gnu-toolchain/bin/../lib/gcc/avr32/4.4.7/../../../../avr32/lib/ucr3\libc.a(lib_a-vfprintf.o)
 .debug_aranges
                0x00000eb0       0x20 c:/program files (x86)/atmel/studio/7.0/toolchain/avr32/avr32-gnu-toolchain/bin/../lib/gcc/avr32/4.4.7/../../../../avr32/lib/ucr3\libc.a(lib_a-wsetup.o)
 .debug_aranges
                0x00000ed0       0x28 c:/program files (x86)/atmel/studio/7.0/toolchain/avr32/avr32-gnu-toolchain/bin/../lib/gcc/avr32/4.4.7/../../../../avr32/lib/ucr3\libc.a(lib_a-dtoa.o)
 .debug_aranges
                0x00000ef8       0x28 c:/program files (x86)/atmel/studio/7.0/toolchain/avr32/avr32-gnu-toolchain/bin/../lib/gcc/avr32/4.4.7/../../../../avr32/lib/ucr3\libc.a(lib_a-fflush.o)
 .debug_aranges
                0x00000f20       0x80 c:/program files (x86)/atmel/studio/7.0/toolchain/avr32/avr32-gnu-toolchain/bin/../lib/gcc/avr32/4.4.7/../../../../avr32/lib/ucr3\libc.a(lib_a-findfp.o)
 .debug_aranges
                0x00000fa0       0x28 c:/program files (x86)/atmel/studio/7.0/toolchain/avr32/avr32-gnu-toolchain/bin/../lib/gcc/avr32/4.4.7/../../../../avr32/lib/ucr3\libc.a(lib_a-freer.o)
 .debug_aranges
                0x00000fc8       0x20 c:/program files (x86)/atmel/studio/7.0/toolchain/avr32/avr32-gnu-toolchain/bin/../lib/gcc/avr32/4.4.7/../../../../avr32/lib/ucr3\libc.a(lib_a-fvwrite.o)
 .debug_aranges
                0x00000fe8       0x28 c:/program files (x86)/atmel/studio/7.0/toolchain/avr32/avr32-gnu-toolchain/bin/../lib/gcc/avr32/4.4.7/../../../../avr32/lib/ucr3\libc.a(lib_a-fwalk.o)
 .debug_aranges
                0x00001010       0x40 c:/program files (x86)/atmel/studio/7.0/toolchain/avr32/avr32-gnu-toolchain/bin/../lib/gcc/avr32/4.4.7/../../../../avr32/lib/ucr3\libc.a(lib_a-locale.o)
 .debug_aranges
                0x00001050       0x20 c:/program files (x86)/atmel/studio/7.0/toolchain/avr32/avr32-gnu-toolchain/bin/../lib/gcc/avr32/4.4.7/../../../../avr32/lib/ucr3\libc.a(lib_a-makebuf.o)
 .debug_aranges
                0x00001070       0x28 c:/program files (x86)/atmel/studio/7.0/toolchain/avr32/avr32-gnu-toolchain/bin/../lib/gcc/avr32/4.4.7/../../../../avr32/lib/ucr3\libc.a(lib_a-malloc.o)
 .debug_aranges
                0x00001098       0x20 c:/program files (x86)/atmel/studio/7.0/toolchain/avr32/avr32-gnu-toolchain/bin/../lib/gcc/avr32/4.4.7/../../../../avr32/lib/ucr3\libc.a(lib_a-mallocr.o)
 .debug_aranges
                0x000010b8       0x20 c:/program files (x86)/atmel/studio/7.0/toolchain/avr32/avr32-gnu-toolchain/bin/../lib/gcc/avr32/4.4.7/../../../../avr32/lib/ucr3\libc.a(lib_a-memchr.o)
 .debug_aranges
                0x000010d8       0x20 c:/program files (x86)/atmel/studio/7.0/toolchain/avr32/avr32-gnu-toolchain/bin/../lib/gcc/avr32/4.4.7/../../../../avr32/lib/ucr3\libc.a(lib_a-memmove.o)
 .debug_aranges
                0x000010f8       0x20 c:/program files (x86)/atmel/studio/7.0/toolchain/avr32/avr32-gnu-toolchain/bin/../lib/gcc/avr32/4.4.7/../../../../avr32/lib/ucr3\libc.a(lib_a-memset.o)
 .debug_aranges
                0x00001118       0x28 c:/program files (x86)/atmel/studio/7.0/toolchain/avr32/avr32-gnu-toolchain/bin/../lib/gcc/avr32/4.4.7/../../../../avr32/lib/ucr3\libc.a(lib_a-mlock.o)
 .debug_aranges
                0x00001140       0xb0 c:/program files (x86)/atmel/studio/7.0/toolchain/avr32/avr32-gnu-toolchain/bin/../lib/gcc/avr32/4.4.7/../../../../avr32/lib/ucr3\libc.a(lib_a-mprec.o)
 .debug_aranges
                0x000011f0       0x20 c:/program files (x86)/atmel/studio/7.0/toolchain/avr32/avr32-gnu-toolchain/bin/../lib/gcc/avr32/4.4.7/../../../../avr32/lib/ucr3\libc.a(lib_a-reallocr.o)
 .debug_aranges
                0x00001210       0x20 c:/program files (x86)/atmel/studio/7.0/toolchain/avr32/avr32-gnu-toolchain/bin/../lib/gcc/avr32/4.4.7/../../../../avr32/lib/ucr3\libc.a(lib_a-s_isinfd.o)
 .debug_aranges
                0x00001230       0x20 c:/program files (x86)/atmel/studio/7.0/toolchain/avr32/avr32-gnu-toolchain/bin/../lib/gcc/avr32/4.4.7/../../../../avr32/lib/ucr3\libc.a(lib_a-s_isnand.o)
 .debug_aranges
                0x00001250       0x20 c:/program files (x86)/atmel/studio/7.0/toolchain/avr32/avr32-gnu-toolchain/bin/../lib/gcc/avr32/4.4.7/../../../../avr32/lib/ucr3\libc.a(lib_a-sbrkr.o)
 .debug_aranges
                0x00001270       0x38 c:/program files (x86)/atmel/studio/7.0/toolchain/avr32/avr32-gnu-toolchain/bin/../lib/gcc/avr32/4.4.7/../../../../avr32/lib/ucr3\libc.a(lib_a-stdio.o)
 .debug_aranges
                0x000012a8       0x20 c:/program files (x86)/atmel/studio/7.0/toolchain/avr32/avr32-gnu-toolchain/bin/../lib/gcc/avr32/4.4.7/../../../../avr32/lib/ucr3\libc.a(lib_a-strlen.o)
 .debug_aranges
                0x000012c8       0xf8 c:/program files (x86)/atmel/studio/7.0/toolchain/avr32/avr32-gnu-toolchain/bin/../lib/gcc/avr32/4.4.7/../../../../avr32/lib/ucr3\libc.a(lib_a-syscalls.o)
 .debug_aranges
                0x000013c0       0x20 c:/program files (x86)/atmel/studio/7.0/toolchain/avr32/avr32-gnu-toolchain/bin/../lib/gcc/avr32/4.4.7/../../../../avr32/lib/ucr3\libc.a(lib_a-writer.o)
 .debug_aranges
                0x000013e0       0x20 c:/program files (x86)/atmel/studio/7.0/toolchain/avr32/avr32-gnu-toolchain/bin/../lib/gcc/avr32/4.4.7/../../../../avr32/lib/ucr3\libc.a(lib_a-callocr.o)
 .debug_aranges
                0x00001400       0x20 c:/program files (x86)/atmel/studio/7.0/toolchain/avr32/avr32-gnu-toolchain/bin/../lib/gcc/avr32/4.4.7/../../../../avr32/lib/ucr3\libc.a(lib_a-closer.o)
 .debug_aranges
                0x00001420       0x20 c:/program files (x86)/atmel/studio/7.0/toolchain/avr32/avr32-gnu-toolchain/bin/../lib/gcc/avr32/4.4.7/../../../../avr32/lib/ucr3\libc.a(lib_a-errno.o)
 .debug_aranges
                0x00001440       0x28 c:/program files (x86)/atmel/studio/7.0/toolchain/avr32/avr32-gnu-toolchain/bin/../lib/gcc/avr32/4.4.7/../../../../avr32/lib/ucr3\libc.a(lib_a-fclose.o)
 .debug_aranges
                0x00001468       0x20 c:/program files (x86)/atmel/studio/7.0/toolchain/avr32/avr32-gnu-toolchain/bin/../lib/gcc/avr32/4.4.7/../../../../avr32/lib/ucr3\libc.a(lib_a-fstatr.o)
 .debug_aranges
                0x00001488       0x20 c:/program files (x86)/atmel/studio/7.0/toolchain/avr32/avr32-gnu-toolchain/bin/../lib/gcc/avr32/4.4.7/../../../../avr32/lib/ucr3\libc.a(lib_a-lseekr.o)
 .debug_aranges
                0x000014a8       0x20 c:/program files (x86)/atmel/studio/7.0/toolchain/avr32/avr32-gnu-toolchain/bin/../lib/gcc/avr32/4.4.7/../../../../avr32/lib/ucr3\libc.a(lib_a-readr.o)
 .debug_aranges
                0x000014c8       0x30 c:/program files (x86)/atmel/studio/7.0/toolchain/avr32/avr32-gnu-toolchain/bin/../lib/gcc/avr32/4.4.7/../../../../avr32/lib/ucr3\libc.a(lib_a-reent.o)
 .debug_aranges
                0x000014f8       0x20 c:/program files (x86)/atmel/studio/7.0/toolchain/avr32/avr32-gnu-toolchain/bin/../lib/gcc/avr32/4.4.7/ucr3\libgcc.a(_umoddi3.o)

.debug_pubnames
                0x00000000     0x2c6d
 *(.debug_pubnames)
 .debug_pubnames
                0x00000000      0x617 src/ASF/avr32/drivers/ast/ast.o
 .debug_pubnames
                0x00000617       0x9f src/ast_rtc.o
 .debug_pubnames
                0x000006b6      0x950 src/ASF/avr32/drivers/flashcdw/flashcdw.o
 .debug_pubnames
                0x00001006      0x3aa src/ASF/avr32/drivers/gpio/gpio.o
 .debug_pubnames
                0x000013b0      0x275 src/ASF/avr32/drivers/pdca/pdca.o
 .debug_pubnames
                0x00001625       0x87 src/communcation.o
 .debug_pubnames
                0x000016ac       0xd9 src/motor_control.o
 .debug_pubnames
                0x00001785       0xc5 src/pid.o
 .debug_pubnames
                0x0000184a      0x196 src/sensor.o
 .debug_pubnames
                0x000019e0       0x64 src/settings_t.o
 .debug_pubnames
                0x00001a44      0x164 src/ASF/avr32/drivers/tc/tc.o
 .debug_pubnames
                0x00001ba8       0x25 src/ASF/common/services/sleepmgr/uc3/sleepmgr.o
 .debug_pubnames
                0x00001bcd       0x49 src/ASF/common/services/clock/uc3d/osc.o
 .debug_pubnames
                0x00001c16       0x8f src/ASF/common/services/clock/uc3d/sysclk.o
 .debug_pubnames
                0x00001ca5      0x178 src/ASF/avr32/drivers/spi/spi.o
 .debug_pubnames
                0x00001e1d       0xd6 src/ASF/avr32/drivers/twim/twim.o
 .debug_pubnames
                0x00001ef3      0x227 src/ASF/avr32/drivers/usart/usart.o
 .debug_pubnames
                0x0000211a       0x62 src/ASF/avr32/drivers/intc/intc.o
 .debug_pubnames
                0x0000217c       0x6a src/ASF/common/boards/user_board/init.o
 .debug_pubnames
                0x000021e6       0x64 src/main.o
 .debug_pubnames
                0x0000224a       0x20 c:/program files (x86)/atmel/studio/7.0/toolchain/avr32/avr32-gnu-toolchain/bin/../lib/gcc/avr32/4.4.7/ucr3\libgcc.a(_udivdi3.o)
 .debug_pubnames
                0x0000226a       0x2d c:/program files (x86)/atmel/studio/7.0/toolchain/avr32/avr32-gnu-toolchain/bin/../lib/gcc/avr32/4.4.7/../../../../avr32/lib/ucr3\libc.a(lib_a-sprintf.o)
 .debug_pubnames
                0x00002297       0x2f c:/program files (x86)/atmel/studio/7.0/toolchain/avr32/avr32-gnu-toolchain/bin/../lib/gcc/avr32/4.4.7/../../../../avr32/lib/ucr3\libc.a(lib_a-vfprintf.o)
 .debug_pubnames
                0x000022c6       0x22 c:/program files (x86)/atmel/studio/7.0/toolchain/avr32/avr32-gnu-toolchain/bin/../lib/gcc/avr32/4.4.7/../../../../avr32/lib/ucr3\libc.a(lib_a-wsetup.o)
 .debug_pubnames
                0x000022e8       0x1e c:/program files (x86)/atmel/studio/7.0/toolchain/avr32/avr32-gnu-toolchain/bin/../lib/gcc/avr32/4.4.7/../../../../avr32/lib/ucr3\libc.a(lib_a-dtoa.o)
 .debug_pubnames
                0x00002306       0x2b c:/program files (x86)/atmel/studio/7.0/toolchain/avr32/avr32-gnu-toolchain/bin/../lib/gcc/avr32/4.4.7/../../../../avr32/lib/ucr3\libc.a(lib_a-fflush.o)
 .debug_pubnames
                0x00002331      0x119 c:/program files (x86)/atmel/studio/7.0/toolchain/avr32/avr32-gnu-toolchain/bin/../lib/gcc/avr32/4.4.7/../../../../avr32/lib/ucr3\libc.a(lib_a-findfp.o)
 .debug_pubnames
                0x0000244a       0x31 c:/program files (x86)/atmel/studio/7.0/toolchain/avr32/avr32-gnu-toolchain/bin/../lib/gcc/avr32/4.4.7/../../../../avr32/lib/ucr3\libc.a(lib_a-freer.o)
 .debug_pubnames
                0x0000247b       0x23 c:/program files (x86)/atmel/studio/7.0/toolchain/avr32/avr32-gnu-toolchain/bin/../lib/gcc/avr32/4.4.7/../../../../avr32/lib/ucr3\libc.a(lib_a-fvwrite.o)
 .debug_pubnames
                0x0000249e       0x2e c:/program files (x86)/atmel/studio/7.0/toolchain/avr32/avr32-gnu-toolchain/bin/../lib/gcc/avr32/4.4.7/../../../../avr32/lib/ucr3\libc.a(lib_a-fwalk.o)
 .debug_pubnames
                0x000024cc       0x39 c:/program files (x86)/atmel/studio/7.0/toolchain/avr32/avr32-gnu-toolchain/bin/../lib/gcc/avr32/4.4.7/../../../../avr32/lib/ucr3\libc.a(lib_a-impure.o)
 .debug_pubnames
                0x00002505       0xc3 c:/program files (x86)/atmel/studio/7.0/toolchain/avr32/avr32-gnu-toolchain/bin/../lib/gcc/avr32/4.4.7/../../../../avr32/lib/ucr3\libc.a(lib_a-locale.o)
 .debug_pubnames
                0x000025c8       0x23 c:/program files (x86)/atmel/studio/7.0/toolchain/avr32/avr32-gnu-toolchain/bin/../lib/gcc/avr32/4.4.7/../../../../avr32/lib/ucr3\libc.a(lib_a-makebuf.o)
 .debug_pubnames
                0x000025eb       0x26 c:/program files (x86)/atmel/studio/7.0/toolchain/avr32/avr32-gnu-toolchain/bin/../lib/gcc/avr32/4.4.7/../../../../avr32/lib/ucr3\libc.a(lib_a-malloc.o)
 .debug_pubnames
                0x00002611       0xce c:/program files (x86)/atmel/studio/7.0/toolchain/avr32/avr32-gnu-toolchain/bin/../lib/gcc/avr32/4.4.7/../../../../avr32/lib/ucr3\libc.a(lib_a-mallocr.o)
 .debug_pubnames
                0x000026df       0x1d c:/program files (x86)/atmel/studio/7.0/toolchain/avr32/avr32-gnu-toolchain/bin/../lib/gcc/avr32/4.4.7/../../../../avr32/lib/ucr3\libc.a(lib_a-memchr.o)
 .debug_pubnames
                0x000026fc       0x1e c:/program files (x86)/atmel/studio/7.0/toolchain/avr32/avr32-gnu-toolchain/bin/../lib/gcc/avr32/4.4.7/../../../../avr32/lib/ucr3\libc.a(lib_a-memmove.o)
 .debug_pubnames
                0x0000271a       0x1d c:/program files (x86)/atmel/studio/7.0/toolchain/avr32/avr32-gnu-toolchain/bin/../lib/gcc/avr32/4.4.7/../../../../avr32/lib/ucr3\libc.a(lib_a-memset.o)
 .debug_pubnames
                0x00002737       0x38 c:/program files (x86)/atmel/studio/7.0/toolchain/avr32/avr32-gnu-toolchain/bin/../lib/gcc/avr32/4.4.7/../../../../avr32/lib/ucr3\libc.a(lib_a-mlock.o)
 .debug_pubnames
                0x0000276f      0x13a c:/program files (x86)/atmel/studio/7.0/toolchain/avr32/avr32-gnu-toolchain/bin/../lib/gcc/avr32/4.4.7/../../../../avr32/lib/ucr3\libc.a(lib_a-mprec.o)
 .debug_pubnames
                0x000028a9       0x21 c:/program files (x86)/atmel/studio/7.0/toolchain/avr32/avr32-gnu-toolchain/bin/../lib/gcc/avr32/4.4.7/../../../../avr32/lib/ucr3\libc.a(lib_a-reallocr.o)
 .debug_pubnames
                0x000028ca       0x1f c:/program files (x86)/atmel/studio/7.0/toolchain/avr32/avr32-gnu-toolchain/bin/../lib/gcc/avr32/4.4.7/../../../../avr32/lib/ucr3\libc.a(lib_a-s_isinfd.o)
 .debug_pubnames
                0x000028e9       0x1f c:/program files (x86)/atmel/studio/7.0/toolchain/avr32/avr32-gnu-toolchain/bin/../lib/gcc/avr32/4.4.7/../../../../avr32/lib/ucr3\libc.a(lib_a-s_isnand.o)
 .debug_pubnames
                0x00002908       0x1e c:/program files (x86)/atmel/studio/7.0/toolchain/avr32/avr32-gnu-toolchain/bin/../lib/gcc/avr32/4.4.7/../../../../avr32/lib/ucr3\libc.a(lib_a-sbrkr.o)
 .debug_pubnames
                0x00002926       0x44 c:/program files (x86)/atmel/studio/7.0/toolchain/avr32/avr32-gnu-toolchain/bin/../lib/gcc/avr32/4.4.7/../../../../avr32/lib/ucr3\libc.a(lib_a-stdio.o)
 .debug_pubnames
                0x0000296a       0x1d c:/program files (x86)/atmel/studio/7.0/toolchain/avr32/avr32-gnu-toolchain/bin/../lib/gcc/avr32/4.4.7/../../../../avr32/lib/ucr3\libc.a(lib_a-strlen.o)
 .debug_pubnames
                0x00002987      0x171 c:/program files (x86)/atmel/studio/7.0/toolchain/avr32/avr32-gnu-toolchain/bin/../lib/gcc/avr32/4.4.7/../../../../avr32/lib/ucr3\libc.a(lib_a-syscalls.o)
 .debug_pubnames
                0x00002af8       0x1f c:/program files (x86)/atmel/studio/7.0/toolchain/avr32/avr32-gnu-toolchain/bin/../lib/gcc/avr32/4.4.7/../../../../avr32/lib/ucr3\libc.a(lib_a-writer.o)
 .debug_pubnames
                0x00002b17       0x20 c:/program files (x86)/atmel/studio/7.0/toolchain/avr32/avr32-gnu-toolchain/bin/../lib/gcc/avr32/4.4.7/../../../../avr32/lib/ucr3\libc.a(lib_a-callocr.o)
 .debug_pubnames
                0x00002b37       0x1f c:/program files (x86)/atmel/studio/7.0/toolchain/avr32/avr32-gnu-toolchain/bin/../lib/gcc/avr32/4.4.7/../../../../avr32/lib/ucr3\libc.a(lib_a-closer.o)
 .debug_pubnames
                0x00002b56       0x1e c:/program files (x86)/atmel/studio/7.0/toolchain/avr32/avr32-gnu-toolchain/bin/../lib/gcc/avr32/4.4.7/../../../../avr32/lib/ucr3\libc.a(lib_a-errno.o)
 .debug_pubnames
                0x00002b74       0x2b c:/program files (x86)/atmel/studio/7.0/toolchain/avr32/avr32-gnu-toolchain/bin/../lib/gcc/avr32/4.4.7/../../../../avr32/lib/ucr3\libc.a(lib_a-fclose.o)
 .debug_pubnames
                0x00002b9f       0x1f c:/program files (x86)/atmel/studio/7.0/toolchain/avr32/avr32-gnu-toolchain/bin/../lib/gcc/avr32/4.4.7/../../../../avr32/lib/ucr3\libc.a(lib_a-fstatr.o)
 .debug_pubnames
                0x00002bbe       0x1f c:/program files (x86)/atmel/studio/7.0/toolchain/avr32/avr32-gnu-toolchain/bin/../lib/gcc/avr32/4.4.7/../../../../avr32/lib/ucr3\libc.a(lib_a-lseekr.o)
 .debug_pubnames
                0x00002bdd       0x1e c:/program files (x86)/atmel/studio/7.0/toolchain/avr32/avr32-gnu-toolchain/bin/../lib/gcc/avr32/4.4.7/../../../../avr32/lib/ucr3\libc.a(lib_a-readr.o)
 .debug_pubnames
                0x00002bfb       0x52 c:/program files (x86)/atmel/studio/7.0/toolchain/avr32/avr32-gnu-toolchain/bin/../lib/gcc/avr32/4.4.7/../../../../avr32/lib/ucr3\libc.a(lib_a-reent.o)
 .debug_pubnames
                0x00002c4d       0x20 c:/program files (x86)/atmel/studio/7.0/toolchain/avr32/avr32-gnu-toolchain/bin/../lib/gcc/avr32/4.4.7/ucr3\libgcc.a(_umoddi3.o)

.debug_info     0x00000000    0x35c61
 *(.debug_info .gnu.linkonce.wi.*)
 .debug_info    0x00000000     0x17e3 src/ASF/avr32/drivers/ast/ast.o
 .debug_info    0x000017e3     0x16f2 src/ast_rtc.o
 .debug_info    0x00002ed5     0x1df4 src/ASF/avr32/drivers/flashcdw/flashcdw.o
 .debug_info    0x00004cc9      0xf72 src/ASF/avr32/drivers/gpio/gpio.o
 .debug_info    0x00005c3b      0xe75 src/ASF/avr32/drivers/pdca/pdca.o
 .debug_info    0x00006ab0     0x4460 src/communcation.o
 .debug_info    0x0000af10     0x1924 src/motor_control.o
 .debug_info    0x0000c834     0x39e1 src/pid.o
 .debug_info    0x00010215     0x2c10 src/sensor.o
 .debug_info    0x00012e25      0xd34 src/settings_t.o
 .debug_info    0x00013b59     0x117d src/ASF/avr32/drivers/tc/tc.o
 .debug_info    0x00014cd6       0xf9 src/ASF/common/services/sleepmgr/uc3/sleepmgr.o
 .debug_info    0x00014dcf     0x14ad src/ASF/common/services/clock/uc3d/osc.o
 .debug_info    0x0001627c     0x227d src/ASF/common/services/clock/uc3d/sysclk.o
 .debug_info    0x000184f9     0x1314 src/ASF/avr32/drivers/spi/spi.o
 .debug_info    0x0001980d     0x120b src/ASF/avr32/drivers/twim/twim.o
 .debug_info    0x0001aa18     0x2c09 src/ASF/avr32/drivers/usart/usart.o
 .debug_info    0x0001d621       0x89 src/ASF/avr32/drivers/intc/exception.o
 .debug_info    0x0001d6aa      0x5ee src/ASF/avr32/drivers/intc/intc.o
 .debug_info    0x0001dc98       0x88 src/ASF/avr32/utils/startup/startup_uc3.o
 .debug_info    0x0001dd20       0x8f src/ASF/avr32/utils/startup/trampoline_uc3.o
 .debug_info    0x0001ddaf      0xaa9 src/ASF/common/boards/user_board/init.o
 .debug_info    0x0001e858     0x2ab2 src/main.o
 .debug_info    0x0002130a      0x57b c:/program files (x86)/atmel/studio/7.0/toolchain/avr32/avr32-gnu-toolchain/bin/../lib/gcc/avr32/4.4.7/ucr3\libgcc.a(_udivdi3.o)
 .debug_info    0x00021885      0x989 c:/program files (x86)/atmel/studio/7.0/toolchain/avr32/avr32-gnu-toolchain/bin/../lib/gcc/avr32/4.4.7/../../../../avr32/lib/ucr3\libc.a(lib_a-sprintf.o)
 .debug_info    0x0002220e     0x15e8 c:/program files (x86)/atmel/studio/7.0/toolchain/avr32/avr32-gnu-toolchain/bin/../lib/gcc/avr32/4.4.7/../../../../avr32/lib/ucr3\libc.a(lib_a-vfprintf.o)
 .debug_info    0x000237f6      0x982 c:/program files (x86)/atmel/studio/7.0/toolchain/avr32/avr32-gnu-toolchain/bin/../lib/gcc/avr32/4.4.7/../../../../avr32/lib/ucr3\libc.a(lib_a-wsetup.o)
 .debug_info    0x00024178      0xcf7 c:/program files (x86)/atmel/studio/7.0/toolchain/avr32/avr32-gnu-toolchain/bin/../lib/gcc/avr32/4.4.7/../../../../avr32/lib/ucr3\libc.a(lib_a-dtoa.o)
 .debug_info    0x00024e6f      0xa22 c:/program files (x86)/atmel/studio/7.0/toolchain/avr32/avr32-gnu-toolchain/bin/../lib/gcc/avr32/4.4.7/../../../../avr32/lib/ucr3\libc.a(lib_a-fflush.o)
 .debug_info    0x00025891      0xc2a c:/program files (x86)/atmel/studio/7.0/toolchain/avr32/avr32-gnu-toolchain/bin/../lib/gcc/avr32/4.4.7/../../../../avr32/lib/ucr3\libc.a(lib_a-findfp.o)
 .debug_info    0x000264bb      0xb3d c:/program files (x86)/atmel/studio/7.0/toolchain/avr32/avr32-gnu-toolchain/bin/../lib/gcc/avr32/4.4.7/../../../../avr32/lib/ucr3\libc.a(lib_a-freer.o)