Archive member included because of file (symbol)

c:/program files (x86)/atmel/studio/7.0/toolchain/avr32/avr32-gnu-toolchain/bin/../lib/gcc/avr32/4.4.7/ucr3\libgcc.a(_udivdi3.o)
                              src/ASF/avr32/drivers/wdt/wdt4.o (__avr32_udiv64)
c:/program files (x86)/atmel/studio/7.0/toolchain/avr32/avr32-gnu-toolchain/bin/../lib/gcc/avr32/4.4.7/../../../../avr32/lib/ucr3\libc.a(lib_a-memcpy.o)
                              src/pid.o (memcpy)

Allocating common symbols
Common symbol       size              file

app_euler           0x6               src/com_spi.o
speed_1             0x10              src/com_spi.o
sensor_euler        0x6               src/com_spi.o
sleepmgr_locks      0x7               src/ASF/common/services/sleepmgr/uc3/sleepmgr.o
throotle            0x4               src/com_spi.o
speed               0x10              src/com_spi.o
set                 0x4c              src/settings_t.o
esc_timer_values    0x10              src/com_spi.o
esc_timer_compare_values
                    0x8               src/com_spi.o

Discarded input sections

 .text          0x00000000        0x0 src/rtc.o
 .data          0x00000000        0x0 src/rtc.o
 .bss           0x00000000        0x0 src/rtc.o
 .text.sysclk_get_main_hz
                0x00000000       0x14 src/rtc.o
 .text.sysclk_get_pbb_hz
                0x00000000       0x18 src/rtc.o
 .text.rtc_get_hz
                0x00000000       0x24 src/rtc.o
 .text          0x00000000        0x0 src/ASF/avr32/drivers/flashcdw/flashcdw.o
 .data          0x00000000        0x0 src/ASF/avr32/drivers/flashcdw/flashcdw.o
 .bss           0x00000000        0x0 src/ASF/avr32/drivers/flashcdw/flashcdw.o
 .text.flashcdw_get_flash_size
                0x00000000       0xbe src/ASF/avr32/drivers/flashcdw/flashcdw.o
 .text.flashcdw_get_page_count
                0x00000000       0x18 src/ASF/avr32/drivers/flashcdw/flashcdw.o
 .text.flashcdw_get_page_count_per_region
                0x00000000       0x18 src/ASF/avr32/drivers/flashcdw/flashcdw.o
 .text.flashcdw_get_page_region
                0x00000000       0x3c src/ASF/avr32/drivers/flashcdw/flashcdw.o
 .text.flashcdw_get_region_first_page_number
                0x00000000       0x28 src/ASF/avr32/drivers/flashcdw/flashcdw.o
 .text.flashcdw_get_wait_state
                0x00000000       0x18 src/ASF/avr32/drivers/flashcdw/flashcdw.o
 .text.flashcdw_is_ready_int_enabled
                0x00000000       0x18 src/ASF/avr32/drivers/flashcdw/flashcdw.o
 .text.flashcdw_enable_ready_int
                0x00000000       0x3e src/ASF/avr32/drivers/flashcdw/flashcdw.o
 .text.flashcdw_is_lock_error_int_enabled
                0x00000000       0x1a src/ASF/avr32/drivers/flashcdw/flashcdw.o
 .text.flashcdw_enable_lock_error_int
                0x00000000       0x3e src/ASF/avr32/drivers/flashcdw/flashcdw.o
 .text.flashcdw_is_prog_error_int_enabled
                0x00000000       0x1a src/ASF/avr32/drivers/flashcdw/flashcdw.o
 .text.flashcdw_enable_prog_error_int
                0x00000000       0x3e src/ASF/avr32/drivers/flashcdw/flashcdw.o
 .text.flashcdw_is_lock_error
                0x00000000       0x1c src/ASF/avr32/drivers/flashcdw/flashcdw.o
 .text.flashcdw_is_programming_error
                0x00000000       0x1c src/ASF/avr32/drivers/flashcdw/flashcdw.o
 .text.flashcdw_is_high_speed_enabled
                0x00000000       0x1a src/ASF/avr32/drivers/flashcdw/flashcdw.o
 .text.flashcdw_get_command
                0x00000000       0x16 src/ASF/avr32/drivers/flashcdw/flashcdw.o
 .text.flashcdw_get_page_number
                0x00000000       0x1c src/ASF/avr32/drivers/flashcdw/flashcdw.o
 .text.flashcdw_no_operation
                0x00000000       0x18 src/ASF/avr32/drivers/flashcdw/flashcdw.o
 .text.flashcdw_erase_all
                0x00000000       0x18 src/ASF/avr32/drivers/flashcdw/flashcdw.o
 .text.flashcdw_is_security_bit_active
                0x00000000       0x1a src/ASF/avr32/drivers/flashcdw/flashcdw.o
 .text.flashcdw_activate_security_bit
                0x00000000       0x18 src/ASF/avr32/drivers/flashcdw/flashcdw.o
 .text.flashcdw_get_bootloader_protected_size
                0x00000000       0x40 src/ASF/avr32/drivers/flashcdw/flashcdw.o
 .text.flashcdw_set_bootloader_protected_size
                0x00000000       0x9c src/ASF/avr32/drivers/flashcdw/flashcdw.o
 .text.flashcdw_is_external_privileged_fetch_locked
                0x00000000       0x20 src/ASF/avr32/drivers/flashcdw/flashcdw.o
 .text.flashcdw_lock_external_privileged_fetch
                0x00000000       0x2c src/ASF/avr32/drivers/flashcdw/flashcdw.o
 .text.flashcdw_is_jtag_user_protection_enabled
                0x00000000       0x20 src/ASF/avr32/drivers/flashcdw/flashcdw.o
 .text.flashcdw_enable_jtag_user_protection
                0x00000000       0x18 src/ASF/avr32/drivers/flashcdw/flashcdw.o
 .text.flashcdw_disable_jtag_user_protection
                0x00000000       0x18 src/ASF/avr32/drivers/flashcdw/flashcdw.o
 .text.flashcdw_is_secure_state_enabled
                0x00000000       0x40 src/ASF/avr32/drivers/flashcdw/flashcdw.o
 .text.flashcdw_is_secure_state_debug_enabled
                0x00000000       0x24 src/ASF/avr32/drivers/flashcdw/flashcdw.o
 .text.flashcdw_enable_secure_state_no_debug
                0x00000000       0x1c src/ASF/avr32/drivers/flashcdw/flashcdw.o
 .text.flashcdw_enable_secure_state_with_debug
                0x00000000       0x1c src/ASF/avr32/drivers/flashcdw/flashcdw.o
 .text.flashcdw_is_page_region_locked
                0x00000000       0x30 src/ASF/avr32/drivers/flashcdw/flashcdw.o
 .text.flashcdw_is_region_locked
                0x00000000       0x32 src/ASF/avr32/drivers/flashcdw/flashcdw.o
 .text.flashcdw_lock_page_region
                0x00000000       0x38 src/ASF/avr32/drivers/flashcdw/flashcdw.o
 .text.flashcdw_lock_region
                0x00000000       0x38 src/ASF/avr32/drivers/flashcdw/flashcdw.o
 .text.flashcdw_lock_all_regions
                0x00000000       0x64 src/ASF/avr32/drivers/flashcdw/flashcdw.o
 .text.flashcdw_read_gp_fuse_bit
                0x00000000       0x60 src/ASF/avr32/drivers/flashcdw/flashcdw.o
 .text.flashcdw_read_gp_fuse_bitfield
                0x00000000       0xcc src/ASF/avr32/drivers/flashcdw/flashcdw.o
 .text.flashcdw_read_gp_fuse_byte
                0x00000000       0x60 src/ASF/avr32/drivers/flashcdw/flashcdw.o
 .text.flashcdw_read_all_gp_fuses
                0x00000000       0x34 src/ASF/avr32/drivers/flashcdw/flashcdw.o
 .text.flashcdw_erase_gp_fuse_bit
                0x00000000       0x4c src/ASF/avr32/drivers/flashcdw/flashcdw.o
 .text.flashcdw_erase_gp_fuse_bitfield
                0x00000000      0x118 src/ASF/avr32/drivers/flashcdw/flashcdw.o
 .text.flashcdw_erase_gp_fuse_byte
                0x00000000       0xdc src/ASF/avr32/drivers/flashcdw/flashcdw.o
 .text.flashcdw_erase_all_gp_fuses
                0x00000000       0x48 src/ASF/avr32/drivers/flashcdw/flashcdw.o
 .text.flashcdw_write_gp_fuse_bit
                0x00000000       0x38 src/ASF/avr32/drivers/flashcdw/flashcdw.o
 .text.flashcdw_write_gp_fuse_bitfield
                0x00000000       0xcc src/ASF/avr32/drivers/flashcdw/flashcdw.o
 .text.flashcdw_write_gp_fuse_byte
                0x00000000       0x38 src/ASF/avr32/drivers/flashcdw/flashcdw.o
 .text.flashcdw_write_all_gp_fuses
                0x00000000       0x80 src/ASF/avr32/drivers/flashcdw/flashcdw.o
 .text.flashcdw_set_gp_fuse_bit
                0x00000000       0x44 src/ASF/avr32/drivers/flashcdw/flashcdw.o
 .text.flashcdw_set_gp_fuse_bitfield
                0x00000000       0xcc src/ASF/avr32/drivers/flashcdw/flashcdw.o
 .text.flashcdw_set_gp_fuse_byte
                0x00000000       0x78 src/ASF/avr32/drivers/flashcdw/flashcdw.o
 .text.flashcdw_set_all_gp_fuses
                0x00000000       0x6c src/ASF/avr32/drivers/flashcdw/flashcdw.o
 .text.flashcdw_erase_all_pages
                0x00000000       0x88 src/ASF/avr32/drivers/flashcdw/flashcdw.o
 .text.flashcdw_memset8
                0x00000000       0x50 src/ASF/avr32/drivers/flashcdw/flashcdw.o
 .text.flashcdw_memset16
                0x00000000       0x4c src/ASF/avr32/drivers/flashcdw/flashcdw.o
 .text.flashcdw_memset32
                0x00000000       0x5c src/ASF/avr32/drivers/flashcdw/flashcdw.o
 .text.flashcdw_memset64
                0x00000000      0x460 src/ASF/avr32/drivers/flashcdw/flashcdw.o
 .text          0x00000000        0x0 src/ASF/avr32/drivers/gpio/gpio.o
 .data          0x00000000        0x0 src/ASF/avr32/drivers/gpio/gpio.o
 .bss           0x00000000        0x0 src/ASF/avr32/drivers/gpio/gpio.o
 .text.gpio_enable_gpio
                0x00000000       0x50 src/ASF/avr32/drivers/gpio/gpio.o
 .text.gpio_enable_gpio_pin
                0x00000000       0x50 src/ASF/avr32/drivers/gpio/gpio.o
 .text.gpio_enable_pin_pull_up
                0x00000000       0x52 src/ASF/avr32/drivers/gpio/gpio.o
 .text.gpio_disable_pin_pull_up
                0x00000000       0x3a src/ASF/avr32/drivers/gpio/gpio.o
 .text.gpio_enable_pin_pull_down
                0x00000000       0x52 src/ASF/avr32/drivers/gpio/gpio.o
 .text.gpio_disable_pin_pull_down
                0x00000000       0x3a src/ASF/avr32/drivers/gpio/gpio.o
 .text.gpio_enable_pin_buskeeper
                0x00000000       0x52 src/ASF/avr32/drivers/gpio/gpio.o
 .text.gpio_disable_pin_buskeeper
                0x00000000       0x52 src/ASF/avr32/drivers/gpio/gpio.o
 .text.gpio_configure_pin
                0x00000000      0x29e src/ASF/avr32/drivers/gpio/gpio.o
 .text.gpio_configure_group
                0x00000000      0x1c8 src/ASF/avr32/drivers/gpio/gpio.o
 .text.gpio_get_pin_value
                0x00000000       0x3c src/ASF/avr32/drivers/gpio/gpio.o
 .text.gpio_get_gpio_pin_output_value
                0x00000000       0x3c src/ASF/avr32/drivers/gpio/gpio.o
 .text.gpio_get_gpio_open_drain_pin_output_value
                0x00000000       0x3e src/ASF/avr32/drivers/gpio/gpio.o
 .text.gpio_set_gpio_pin
                0x00000000       0x68 src/ASF/avr32/drivers/gpio/gpio.o
 .text.gpio_set_pin_high
                0x00000000       0x3a src/ASF/avr32/drivers/gpio/gpio.o
 .text.gpio_set_group_high
                0x00000000       0x30 src/ASF/avr32/drivers/gpio/gpio.o
 .text.gpio_set_pin_low
                0x00000000       0x3a src/ASF/avr32/drivers/gpio/gpio.o
 .text.gpio_clr_gpio_pin
                0x00000000       0x68 src/ASF/avr32/drivers/gpio/gpio.o
 .text.gpio_set_group_low
                0x00000000       0x30 src/ASF/avr32/drivers/gpio/gpio.o
 .text.gpio_tgl_gpio_pin
                0x00000000       0x68 src/ASF/avr32/drivers/gpio/gpio.o
 .text.gpio_toggle_pin
                0x00000000       0x3a src/ASF/avr32/drivers/gpio/gpio.o
 .text.gpio_toggle_group
                0x00000000       0x30 src/ASF/avr32/drivers/gpio/gpio.o
 .text.gpio_set_gpio_open_drain_pin
                0x00000000       0x50 src/ASF/avr32/drivers/gpio/gpio.o
 .text.gpio_clr_gpio_open_drain_pin
                0x00000000       0x68 src/ASF/avr32/drivers/gpio/gpio.o
 .text.gpio_tgl_gpio_open_drain_pin
                0x00000000       0x68 src/ASF/avr32/drivers/gpio/gpio.o
 .text.gpio_enable_pin_glitch_filter
                0x00000000       0x3a src/ASF/avr32/drivers/gpio/gpio.o
 .text.gpio_disable_pin_glitch_filter
                0x00000000       0x3a src/ASF/avr32/drivers/gpio/gpio.o
 .text.gpio_configure_edge_detector
                0x00000000       0xd4 src/ASF/avr32/drivers/gpio/gpio.o
 .text.gpio_enable_pin_interrupt
                0x00000000       0x74 src/ASF/avr32/drivers/gpio/gpio.o
 .text.gpio_disable_pin_interrupt
                0x00000000       0x3a src/ASF/avr32/drivers/gpio/gpio.o
 .text.gpio_get_pin_interrupt_flag
                0x00000000       0x3e src/ASF/avr32/drivers/gpio/gpio.o
 .text.gpio_clear_pin_interrupt_flag
                0x00000000       0x3a src/ASF/avr32/drivers/gpio/gpio.o
 .text          0x00000000        0x0 src/ASF/avr32/drivers/pdca/pdca.o
 .data          0x00000000        0x0 src/ASF/avr32/drivers/pdca/pdca.o
 .bss           0x00000000        0x0 src/ASF/avr32/drivers/pdca/pdca.o
 .text.pdca_get_channel_status
                0x00000000       0x38 src/ASF/avr32/drivers/pdca/pdca.o
 .text.pdca_get_load_size
                0x00000000       0x30 src/ASF/avr32/drivers/pdca/pdca.o
 .text.pdca_load_channel
                0x00000000       0x70 src/ASF/avr32/drivers/pdca/pdca.o
 .text.pdca_get_reload_size
                0x00000000       0x30 src/ASF/avr32/drivers/pdca/pdca.o
 .text.pdca_reload_channel
                0x00000000       0x70 src/ASF/avr32/drivers/pdca/pdca.o
 .text.pdca_set_peripheral_select
                0x00000000       0x38 src/ASF/avr32/drivers/pdca/pdca.o
 .text.pdca_set_transfer_size
                0x00000000       0x44 src/ASF/avr32/drivers/pdca/pdca.o
 .text.pdca_disable_event_trigger
                0x00000000       0x38 src/ASF/avr32/drivers/pdca/pdca.o
 .text.pdca_enable_event_trigger
                0x00000000       0x38 src/ASF/avr32/drivers/pdca/pdca.o
 .text.pdca_disable_interrupt_transfer_error
                0x00000000       0x50 src/ASF/avr32/drivers/pdca/pdca.o
 .text.pdca_enable_interrupt_transfer_error
                0x00000000       0x30 src/ASF/avr32/drivers/pdca/pdca.o
 .text.pdca_enable_interrupt_reload_counter_zero
                0x00000000       0x30 src/ASF/avr32/drivers/pdca/pdca.o
 .text.pdca_get_transfer_status
                0x00000000       0x30 src/ASF/avr32/drivers/pdca/pdca.o
 .text          0x00000000        0x0 src/ASF/avr32/drivers/pm/pm_uc3d.o
 .data          0x00000000        0x0 src/ASF/avr32/drivers/pm/pm_uc3d.o
 .bss           0x00000000        0x0 src/ASF/avr32/drivers/pm/pm_uc3d.o
 .debug_abbrev  0x00000000      0x1d3 src/ASF/avr32/drivers/pm/pm_uc3d.o
 .debug_info    0x00000000     0x1105 src/ASF/avr32/drivers/pm/pm_uc3d.o
 .debug_line    0x00000000      0x77c src/ASF/avr32/drivers/pm/pm_uc3d.o
 .debug_macinfo
                0x00000000    0xfdb9f src/ASF/avr32/drivers/pm/pm_uc3d.o
 .text.cpu_irq_is_enabled_flags
                0x00000000       0x20 src/ASF/avr32/drivers/pm/pm_uc3d.o
 .text.pm_set_mclk_source
                0x00000000       0x50 src/ASF/avr32/drivers/pm/pm_uc3d.o
 .text.pm_config_mainclk_safety
                0x00000000       0xb0 src/ASF/avr32/drivers/pm/pm_uc3d.o
 .text.pm_set_clk_domain_div
                0x00000000       0xa8 src/ASF/avr32/drivers/pm/pm_uc3d.o
 .text.pm_disable_clk_domain_div
                0x00000000       0x8c src/ASF/avr32/drivers/pm/pm_uc3d.o
 .text.pm_set_all_cksel
                0x00000000       0xb0 src/ASF/avr32/drivers/pm/pm_uc3d.o
 .text.pm_wait_for_clk_ready
                0x00000000       0x40 src/ASF/avr32/drivers/pm/pm_uc3d.o
 .text.pm_find_divratio
                0x00000000       0x40 src/ASF/avr32/drivers/pm/pm_uc3d.o
 .text.pm_enable_module
                0x00000000       0x94 src/ASF/avr32/drivers/pm/pm_uc3d.o
 .text.pm_disable_module
                0x00000000       0x98 src/ASF/avr32/drivers/pm/pm_uc3d.o
 .debug_frame   0x00000000      0x128 src/ASF/avr32/drivers/pm/pm_uc3d.o
 .debug_loc     0x00000000      0x1ae src/ASF/avr32/drivers/pm/pm_uc3d.o
 .debug_pubnames
                0x00000000       0xd8 src/ASF/avr32/drivers/pm/pm_uc3d.o
 .debug_aranges
                0x00000000       0x68 src/ASF/avr32/drivers/pm/pm_uc3d.o
 .debug_ranges  0x00000000       0x60 src/ASF/avr32/drivers/pm/pm_uc3d.o
 .debug_str     0x00000000      0x7eb src/ASF/avr32/drivers/pm/pm_uc3d.o
 .comment       0x00000000       0x31 src/ASF/avr32/drivers/pm/pm_uc3d.o
 .text          0x00000000        0x0 src/ASF/avr32/drivers/scif/scif_uc3d.o
 .data          0x00000000        0x0 src/ASF/avr32/drivers/scif/scif_uc3d.o
 .bss           0x00000000        0x0 src/ASF/avr32/drivers/scif/scif_uc3d.o
 .debug_abbrev  0x00000000      0x27f src/ASF/avr32/drivers/scif/scif_uc3d.o
 .debug_info    0x00000000     0x1dd1 src/ASF/avr32/drivers/scif/scif_uc3d.o
 .debug_line    0x00000000      0x969 src/ASF/avr32/drivers/scif/scif_uc3d.o
 .debug_macinfo
                0x00000000    0xfdc59 src/ASF/avr32/drivers/scif/scif_uc3d.o
 .text.cpu_irq_is_enabled_flags
                0x00000000       0x20 src/ASF/avr32/drivers/scif/scif_uc3d.o
 .text.scif_pclksr_statushigh_wait
                0x00000000       0x46 src/ASF/avr32/drivers/scif/scif_uc3d.o
 .text.scif_read_gplp
                0x00000000       0x22 src/ASF/avr32/drivers/scif/scif_uc3d.o
 .text.scif_write_gplp
                0x00000000       0x3a src/ASF/avr32/drivers/scif/scif_uc3d.o
 .text.scif_start_osc
                0x00000000      0x140 src/ASF/avr32/drivers/scif/scif_uc3d.o
 .text.scif_is_osc_ready
                0x00000000       0x2c src/ASF/avr32/drivers/scif/scif_uc3d.o
 .text.scif_stop_osc
                0x00000000       0x7c src/ASF/avr32/drivers/scif/scif_uc3d.o
 .text.scif_configure_osc_crystalmode
                0x00000000       0xb8 src/ASF/avr32/drivers/scif/scif_uc3d.o
 .text.scif_configure_osc_extmode
                0x00000000       0x9c src/ASF/avr32/drivers/scif/scif_uc3d.o
 .text.scif_enable_osc
                0x00000000       0xec src/ASF/avr32/drivers/scif/scif_uc3d.o
 .text.scif_enable_extosc
                0x00000000       0x9c src/ASF/avr32/drivers/scif/scif_uc3d.o
 .text.scif_pll_setup
                0x00000000      0x174 src/ASF/avr32/drivers/scif/scif_uc3d.o
 .text.scif_pll_enable
                0x00000000       0x9c src/ASF/avr32/drivers/scif/scif_uc3d.o
 .text.scif_pll_disable
                0x00000000       0x9c src/ASF/avr32/drivers/scif/scif_uc3d.o
 .text.scif_wait_for_pll_locked
                0x00000000       0x38 src/ASF/avr32/drivers/scif/scif_uc3d.o
 .text.scif_start_osc32
                0x00000000       0xc8 src/ASF/avr32/drivers/scif/scif_uc3d.o
 .text.scif_stop_osc32
                0x00000000       0x60 src/ASF/avr32/drivers/scif/scif_uc3d.o
 .text.scif_start_rc120M
                0x00000000       0x48 src/ASF/avr32/drivers/scif/scif_uc3d.o
 .text.scif_stop_rc120M
                0x00000000       0x60 src/ASF/avr32/drivers/scif/scif_uc3d.o
 .text.scif_start_gclk
                0x00000000       0x70 src/ASF/avr32/drivers/scif/scif_uc3d.o
 .text.scif_stop_gclk
                0x00000000       0x6a src/ASF/avr32/drivers/scif/scif_uc3d.o
 .text.scif_gc_setup
                0x00000000       0xc4 src/ASF/avr32/drivers/scif/scif_uc3d.o
 .text.scif_gc_enable
                0x00000000       0x48 src/ASF/avr32/drivers/scif/scif_uc3d.o
 .text.scif_bod18_enable_irq
                0x00000000       0x12 src/ASF/avr32/drivers/scif/scif_uc3d.o
 .text.scif_bod18_disable_irq
                0x00000000       0x4c src/ASF/avr32/drivers/scif/scif_uc3d.o
 .text.scif_bod18_clear_irq
                0x00000000       0x12 src/ASF/avr32/drivers/scif/scif_uc3d.o
 .text.scif_bod18_get_irq_status
                0x00000000       0x18 src/ASF/avr32/drivers/scif/scif_uc3d.o
 .text.scif_bod18_get_irq_enable_bit
                0x00000000       0x18 src/ASF/avr32/drivers/scif/scif_uc3d.o
 .text.scif_bod18_get_level
                0x00000000       0x16 src/ASF/avr32/drivers/scif/scif_uc3d.o
 .debug_frame   0x00000000      0x33c src/ASF/avr32/drivers/scif/scif_uc3d.o
 .debug_loc     0x00000000      0x4df src/ASF/avr32/drivers/scif/scif_uc3d.o
 .debug_pubnames
                0x00000000      0x281 src/ASF/avr32/drivers/scif/scif_uc3d.o
 .debug_aranges
                0x00000000      0x100 src/ASF/avr32/drivers/scif/scif_uc3d.o
 .debug_ranges  0x00000000       0xf8 src/ASF/avr32/drivers/scif/scif_uc3d.o
 .debug_str     0x00000000      0xc7b src/ASF/avr32/drivers/scif/scif_uc3d.o
 .comment       0x00000000       0x31 src/ASF/avr32/drivers/scif/scif_uc3d.o
 .text          0x00000000        0x0 src/ASF/avr32/drivers/wdt/wdt4.o
 .data          0x00000000        0x0 src/ASF/avr32/drivers/wdt/wdt4.o
 .bss           0x00000000        0x0 src/ASF/avr32/drivers/wdt/wdt4.o
 .debug_abbrev  0x00000000      0x18b src/ASF/avr32/drivers/wdt/wdt4.o
 .debug_info    0x00000000      0x419 src/ASF/avr32/drivers/wdt/wdt4.o
 .debug_line    0x00000000      0x7c0 src/ASF/avr32/drivers/wdt/wdt4.o
 .debug_macinfo
                0x00000000    0xff097 src/ASF/avr32/drivers/wdt/wdt4.o
 .text.wdt_set_ctrl
                0x00000000       0x2e src/ASF/avr32/drivers/wdt/wdt4.o
 .text.wdt_get_us_timeout_period
                0x00000000      0x11c src/ASF/avr32/drivers/wdt/wdt4.o
 .text.wdt_get_us_timeban_period
                0x00000000      0x11c src/ASF/avr32/drivers/wdt/wdt4.o
 .text.wdt_disable
                0x00000000       0x1c src/ASF/avr32/drivers/wdt/wdt4.o
 .text.wdt_enable
                0x00000000      0x36c src/ASF/avr32/drivers/wdt/wdt4.o
 .text.wdt_reenable
                0x00000000       0x24 src/ASF/avr32/drivers/wdt/wdt4.o
 .text.wdt_clear
                0x00000000       0x2e src/ASF/avr32/drivers/wdt/wdt4.o
 .text.wdt_reset_mcu
                0x00000000       0x3c src/ASF/avr32/drivers/wdt/wdt4.o
 .debug_frame   0x00000000      0x120 src/ASF/avr32/drivers/wdt/wdt4.o
 .debug_loc     0x00000000      0x158 src/ASF/avr32/drivers/wdt/wdt4.o
 .debug_pubnames
                0x00000000       0x9e src/ASF/avr32/drivers/wdt/wdt4.o
 .debug_aranges
                0x00000000       0x58 src/ASF/avr32/drivers/wdt/wdt4.o
 .debug_ranges  0x00000000       0x50 src/ASF/avr32/drivers/wdt/wdt4.o
 .debug_str     0x00000000      0x249 src/ASF/avr32/drivers/wdt/wdt4.o
 .comment       0x00000000       0x31 src/ASF/avr32/drivers/wdt/wdt4.o
 .text          0x00000000        0x0 src/com_spi.o
 .data          0x00000000        0x0 src/com_spi.o
 .bss           0x00000000        0x0 src/com_spi.o
 .text          0x00000000        0x0 src/motor_control.o
 .data          0x00000000        0x0 src/motor_control.o
 .bss           0x00000000        0x0 src/motor_control.o
 .text.motor_values_pref
                0x00000000       0x5e src/motor_control.o
 .text.alter_motor_speeds
                0x00000000       0xc0 src/motor_control.o
 .text.get_motor_speeds
                0x00000000       0x78 src/motor_control.o
 .text.motor_stop
                0x00000000       0x60 src/motor_control.o
 .text          0x00000000        0x0 src/pid.o
 .data          0x00000000        0x0 src/pid.o
 .bss           0x00000000        0x0 src/pid.o
 .text.sysclk_get_main_hz
                0x00000000       0x14 src/pid.o
 .text.sysclk_get_cpu_hz
                0x00000000       0x18 src/pid.o
 .bss.last_cycle_count
                0x00000000        0x4 src/pid.o
 .text.get_time_since_last_pid
                0x00000000      0x150 src/pid.o
 .text.control  0x00000000      0x220 src/pid.o
 .bss.p_tmp.14771
                0x00000000        0x8 src/pid.o
 .bss.r_tmp.14773
                0x00000000        0x8 src/pid.o
 .bss.h_tmp.14772
                0x00000000        0x8 src/pid.o
 .text          0x00000000        0x0 src/sensor.o
 .data          0x00000000        0x0 src/sensor.o
 .bss           0x00000000        0x0 src/sensor.o
 .text.read_sensor_accel
                0x00000000       0x94 src/sensor.o
 .text.read_sensor_gyro
                0x00000000       0x94 src/sensor.o
 .text.read_sensor_mag
                0x00000000       0x94 src/sensor.o
 .text          0x00000000        0x0 src/settings_t.o
 .data          0x00000000        0x0 src/settings_t.o
 .bss           0x00000000        0x0 src/settings_t.o
 .text          0x00000000        0x0 src/ASF/avr32/drivers/tc/tc.o
 .data          0x00000000        0x0 src/ASF/avr32/drivers/tc/tc.o
 .bss           0x00000000        0x0 src/ASF/avr32/drivers/tc/tc.o
 .text.tc_get_interrupt_settings
                0x00000000       0x38 src/ASF/avr32/drivers/tc/tc.o
 .text.tc_select_external_clock
                0x00000000       0x66 src/ASF/avr32/drivers/tc/tc.o
 .text.tc_init_capture
                0x00000000       0xde src/ASF/avr32/drivers/tc/tc.o
 .text.tc_stop  0x00000000       0x3a src/ASF/avr32/drivers/tc/tc.o
 .text.tc_software_trigger
                0x00000000       0x3a src/ASF/avr32/drivers/tc/tc.o
 .text.tc_sync_trigger
                0x00000000       0x1c src/ASF/avr32/drivers/tc/tc.o
 .text.tc_sync_start
                0x00000000       0x4a src/ASF/avr32/drivers/tc/tc.o
 .text.tc_read_tc
                0x00000000       0x3e src/ASF/avr32/drivers/tc/tc.o
 .text.tc_read_ra
                0x00000000       0x3c src/ASF/avr32/drivers/tc/tc.o
 .text.tc_read_rb
                0x00000000       0x3c src/ASF/avr32/drivers/tc/tc.o
 .text.tc_read_rc
                0x00000000       0x3c src/ASF/avr32/drivers/tc/tc.o
 .text          0x00000000        0x0 src/ASF/common/services/spi/uc3_spi/spi_master.o
 .data          0x00000000        0x0 src/ASF/common/services/spi/uc3_spi/spi_master.o
 .bss           0x00000000        0x0 src/ASF/common/services/spi/uc3_spi/spi_master.o
 .debug_abbrev  0x00000000      0x1fb src/ASF/common/services/spi/uc3_spi/spi_master.o
 .debug_info    0x00000000     0x128f src/ASF/common/services/spi/uc3_spi/spi_master.o
 .debug_line    0x00000000      0x9f7 src/ASF/common/services/spi/uc3_spi/spi_master.o
 .debug_macinfo
                0x00000000   0x10010f src/ASF/common/services/spi/uc3_spi/spi_master.o
 .text.sysclk_get_main_hz
                0x00000000       0x14 src/ASF/common/services/spi/uc3_spi/spi_master.o
 .text.sysclk_get_pba_hz
                0x00000000       0x18 src/ASF/common/services/spi/uc3_spi/spi_master.o
 .text.sysclk_get_pbb_hz
                0x00000000       0x18 src/ASF/common/services/spi/uc3_spi/spi_master.o
 .text.sysclk_get_peripheral_bus_hz
                0x00000000       0xf4 src/ASF/common/services/spi/uc3_spi/spi_master.o
 .text.spi_set_chipselect_delay_bct
                0x00000000       0x80 src/ASF/common/services/spi/uc3_spi/spi_master.o
 .text.spi_set_chipselect_delay_bs
                0x00000000       0x80 src/ASF/common/services/spi/uc3_spi/spi_master.o
 .text.spi_set_bits_per_transfer
                0x00000000       0xb0 src/ASF/common/services/spi/uc3_spi/spi_master.o
 .text.spi_set_baudrate_register
                0x00000000       0x80 src/ASF/common/services/spi/uc3_spi/spi_master.o
 .text.spi_enable_active_mode
                0x00000000       0x72 src/ASF/common/services/spi/uc3_spi/spi_master.o
 .text.spi_set_mode
                0x00000000      0x118 src/ASF/common/services/spi/uc3_spi/spi_master.o
 .text.spi_put  0x00000000       0x22 src/ASF/common/services/spi/uc3_spi/spi_master.o
 .text.spi_get  0x00000000       0x1c src/ASF/common/services/spi/uc3_spi/spi_master.o
 .text.spi_is_tx_ready
                0x00000000       0x22 src/ASF/common/services/spi/uc3_spi/spi_master.o
 .text.spi_is_rx_ready
                0x00000000       0x26 src/ASF/common/services/spi/uc3_spi/spi_master.o
 .text.spi_write_single
                0x00000000       0x2c src/ASF/common/services/spi/uc3_spi/spi_master.o
 .text.spi_read_single
                0x00000000       0x30 src/ASF/common/services/spi/uc3_spi/spi_master.o
 .text.spi_master_setup_device
                0x00000000       0xcc src/ASF/common/services/spi/uc3_spi/spi_master.o
 .text.spi_read_packet
                0x00000000       0xf4 src/ASF/common/services/spi/uc3_spi/spi_master.o
 .text.spi_write_packet
                0x00000000       0xac src/ASF/common/services/spi/uc3_spi/spi_master.o
 .debug_frame   0x00000000      0x224 src/ASF/common/services/spi/uc3_spi/spi_master.o
 .debug_loc     0x00000000      0x331 src/ASF/common/services/spi/uc3_spi/spi_master.o
 .debug_pubnames
                0x00000000       0x57 src/ASF/common/services/spi/uc3_spi/spi_master.o
 .debug_aranges
                0x00000000       0xb0 src/ASF/common/services/spi/uc3_spi/spi_master.o
 .debug_ranges  0x00000000       0xa8 src/ASF/common/services/spi/uc3_spi/spi_master.o
 .debug_str     0x00000000      0x6e0 src/ASF/common/services/spi/uc3_spi/spi_master.o
 .comment       0x00000000       0x31 src/ASF/common/services/spi/uc3_spi/spi_master.o
 .text          0x00000000        0x0 src/ASF/common/services/sleepmgr/uc3/sleepmgr.o
 .data          0x00000000        0x0 src/ASF/common/services/sleepmgr/uc3/sleepmgr.o
 .bss           0x00000000        0x0 src/ASF/common/services/sleepmgr/uc3/sleepmgr.o
 .debug_abbrev  0x00000000       0x7d src/ASF/common/services/sleepmgr/uc3/sleepmgr.o
 .debug_info    0x00000000       0xf9 src/ASF/common/services/sleepmgr/uc3/sleepmgr.o
 .debug_line    0x00000000      0x704 src/ASF/common/services/sleepmgr/uc3/sleepmgr.o
 .debug_macinfo
                0x00000000    0xfdc2a src/ASF/common/services/sleepmgr/uc3/sleepmgr.o
 .debug_pubnames
                0x00000000       0x25 src/ASF/common/services/sleepmgr/uc3/sleepmgr.o
 .debug_str     0x00000000      0x1b9 src/ASF/common/services/sleepmgr/uc3/sleepmgr.o
 .comment       0x00000000       0x31 src/ASF/common/services/sleepmgr/uc3/sleepmgr.o
 COMMON         0x00000000        0x7 src/ASF/common/services/sleepmgr/uc3/sleepmgr.o
 .text          0x00000000        0x0 src/ASF/common/services/serial/usart_serial.o
 .data          0x00000000        0x0 src/ASF/common/services/serial/usart_serial.o
 .bss           0x00000000        0x0 src/ASF/common/services/serial/usart_serial.o
 .debug_abbrev  0x00000000      0x18e src/ASF/common/services/serial/usart_serial.o
 .debug_info    0x00000000     0x228e src/ASF/common/services/serial/usart_serial.o
 .debug_line    0x00000000      0x886 src/ASF/common/services/serial/usart_serial.o
 .debug_macinfo
                0x00000000   0x10047a src/ASF/common/services/serial/usart_serial.o
 .text.usart_serial_putchar
                0x00000000       0x34 src/ASF/common/services/serial/usart_serial.o
 .text.usart_serial_getchar
                0x00000000       0x2c src/ASF/common/services/serial/usart_serial.o
 .text.usart_serial_write_packet
                0x00000000       0x50 src/ASF/common/services/serial/usart_serial.o
 .text.usart_serial_read_packet
                0x00000000       0x4c src/ASF/common/services/serial/usart_serial.o
 .debug_frame   0x00000000       0x80 src/ASF/common/services/serial/usart_serial.o
 .debug_loc     0x00000000       0xac src/ASF/common/services/serial/usart_serial.o
 .debug_pubnames
                0x00000000       0x4d src/ASF/common/services/serial/usart_serial.o
 .debug_aranges
                0x00000000       0x38 src/ASF/common/services/serial/usart_serial.o
 .debug_ranges  0x00000000       0x30 src/ASF/common/services/serial/usart_serial.o
 .debug_str     0x00000000      0x7f1 src/ASF/common/services/serial/usart_serial.o
 .comment       0x00000000       0x31 src/ASF/common/services/serial/usart_serial.o
 .text          0x00000000        0x0 src/ASF/common/services/clock/uc3d/osc.o
 .data          0x00000000        0x0 src/ASF/common/services/clock/uc3d/osc.o
 .bss           0x00000000        0x0 src/ASF/common/services/clock/uc3d/osc.o
 .text.osc_priv_disable_rc120m
                0x00000000       0x40 src/ASF/common/services/clock/uc3d/osc.o
 .text          0x00000000        0x0 src/ASF/common/services/clock/uc3d/pll.o
 .data          0x00000000        0x0 src/ASF/common/services/clock/uc3d/pll.o
 .bss           0x00000000        0x0 src/ASF/common/services/clock/uc3d/pll.o
 .debug_abbrev  0x00000000      0x1ad src/ASF/common/services/clock/uc3d/pll.o
 .debug_info    0x00000000     0x1545 src/ASF/common/services/clock/uc3d/pll.o
 .debug_line    0x00000000      0x7b7 src/ASF/common/services/clock/uc3d/pll.o
 .debug_macinfo
                0x00000000    0xff898 src/ASF/common/services/clock/uc3d/pll.o
 .text.cpu_irq_save
                0x00000000       0x1e src/ASF/common/services/clock/uc3d/pll.o
 .text.cpu_irq_is_enabled_flags
                0x00000000       0x20 src/ASF/common/services/clock/uc3d/pll.o
 .text.cpu_irq_restore
                0x00000000       0x28 src/ASF/common/services/clock/uc3d/pll.o
 .text.pll_config_write
                0x00000000       0x58 src/ASF/common/services/clock/uc3d/pll.o
 .text.pll_enable
                0x00000000       0x58 src/ASF/common/services/clock/uc3d/pll.o
 .text.pll_disable
                0x00000000       0x50 src/ASF/common/services/clock/uc3d/pll.o
 .debug_frame   0x00000000       0xb8 src/ASF/common/services/clock/uc3d/pll.o
 .debug_loc     0x00000000      0x102 src/ASF/common/services/clock/uc3d/pll.o
 .debug_pubnames
                0x00000000       0x46 src/ASF/common/services/clock/uc3d/pll.o
 .debug_aranges
                0x00000000       0x48 src/ASF/common/services/clock/uc3d/pll.o
 .debug_ranges  0x00000000       0x40 src/ASF/common/services/clock/uc3d/pll.o
 .debug_str     0x00000000      0x7af src/ASF/common/services/clock/uc3d/pll.o
 .comment       0x00000000       0x31 src/ASF/common/services/clock/uc3d/pll.o
 .text          0x00000000        0x0 src/ASF/common/services/clock/uc3d/sysclk.o
 .data          0x00000000        0x0 src/ASF/common/services/clock/uc3d/sysclk.o
 .bss           0x00000000        0x0 src/ASF/common/services/clock/uc3d/sysclk.o
 .text.sysclk_priv_disable_module
                0x00000000       0x84 src/ASF/common/services/clock/uc3d/sysclk.o
 .text          0x00000000        0x0 src/ASF/avr32/drivers/pm/power_clocks_lib.o
 .data          0x00000000        0x0 src/ASF/avr32/drivers/pm/power_clocks_lib.o
 .bss           0x00000000        0x0 src/ASF/avr32/drivers/pm/power_clocks_lib.o
 .debug_abbrev  0x00000000      0x16e src/ASF/avr32/drivers/pm/power_clocks_lib.o
 .debug_info    0x00000000      0x4bd src/ASF/avr32/drivers/pm/power_clocks_lib.o
 .debug_line    0x00000000      0x7bb src/ASF/avr32/drivers/pm/power_clocks_lib.o
 .debug_macinfo
                0x00000000    0xfdf59 src/ASF/avr32/drivers/pm/power_clocks_lib.o
 .text.pcl_configure_clocks
                0x00000000       0x24 src/ASF/avr32/drivers/pm/power_clocks_lib.o
 .text.pcl_configure_clocks_uc3d
                0x00000000      0x334 src/ASF/avr32/drivers/pm/power_clocks_lib.o
 .text.pcl_switch_to_osc
                0x00000000       0x60 src/ASF/avr32/drivers/pm/power_clocks_lib.o
 .text.pcl_configure_usb_clock
                0x00000000       0x10 src/ASF/avr32/drivers/pm/power_clocks_lib.o
 .text.pcl_write_gplp
                0x00000000       0x28 src/ASF/avr32/drivers/pm/power_clocks_lib.o
 .text.pcl_read_gplp
                0x00000000       0x24 src/ASF/avr32/drivers/pm/power_clocks_lib.o
 .debug_frame   0x00000000       0xb8 src/ASF/avr32/drivers/pm/power_clocks_lib.o
 .debug_loc     0x00000000      0x102 src/ASF/avr32/drivers/pm/power_clocks_lib.o
 .debug_pubnames
                0x00000000       0x82 src/ASF/avr32/drivers/pm/power_clocks_lib.o
 .debug_aranges
                0x00000000       0x48 src/ASF/avr32/drivers/pm/power_clocks_lib.o
 .debug_ranges  0x00000000       0x40 src/ASF/avr32/drivers/pm/power_clocks_lib.o
 .debug_str     0x00000000      0x50e src/ASF/avr32/drivers/pm/power_clocks_lib.o
 .comment       0x00000000       0x31 src/ASF/avr32/drivers/pm/power_clocks_lib.o
 .text          0x00000000        0x0 src/ASF/avr32/drivers/pwma/pwma.o
 .data          0x00000000        0x0 src/ASF/avr32/drivers/pwma/pwma.o
 .bss           0x00000000        0x0 src/ASF/avr32/drivers/pwma/pwma.o
 .debug_abbrev  0x00000000      0x179 src/ASF/avr32/drivers/pwma/pwma.o
 .debug_info    0x00000000      0xa50 src/ASF/avr32/drivers/pwma/pwma.o
 .debug_line    0x00000000      0x72e src/ASF/avr32/drivers/pwma/pwma.o
 .debug_macinfo
                0x00000000    0xfdaf4 src/ASF/avr32/drivers/pwma/pwma.o
 .text.pwma_wait_for_ready
                0x00000000       0x1e src/ASF/avr32/drivers/pwma/pwma.o
 .text.pwma_config_and_enable
                0x00000000       0x4c src/ASF/avr32/drivers/pwma/pwma.o
 .text.pwma_config_enable
                0x00000000       0xac src/ASF/avr32/drivers/pwma/pwma.o
 .text.pwma_set_channels_value
                0x00000000       0xb4 src/ASF/avr32/drivers/pwma/pwma.o
 .text.pwma_set_multiple_values
                0x00000000      0x148 src/ASF/avr32/drivers/pwma/pwma.o
 .text.pwma_write_top_value
                0x00000000       0x4c src/ASF/avr32/drivers/pwma/pwma.o
 .text.pwma_enable_cwg_mode
                0x00000000       0x20 src/ASF/avr32/drivers/pwma/pwma.o
 .debug_frame   0x00000000       0xdc src/ASF/avr32/drivers/pwma/pwma.o
 .debug_loc     0x00000000      0x12d src/ASF/avr32/drivers/pwma/pwma.o
 .debug_pubnames
                0x00000000       0xaf src/ASF/avr32/drivers/pwma/pwma.o
 .debug_aranges
                0x00000000       0x50 src/ASF/avr32/drivers/pwma/pwma.o
 .debug_ranges  0x00000000       0x48 src/ASF/avr32/drivers/pwma/pwma.o
 .debug_str     0x00000000      0x49b src/ASF/avr32/drivers/pwma/pwma.o
 .comment       0x00000000       0x31 src/ASF/avr32/drivers/pwma/pwma.o
 .text          0x00000000        0x0 src/ASF/avr32/drivers/spi/spi.o
 .data          0x00000000        0x0 src/ASF/avr32/drivers/spi/spi.o
 .bss           0x00000000        0x0 src/ASF/avr32/drivers/spi/spi.o
 .text.getBaudDiv
                0x00000000       0x50 src/ASF/avr32/drivers/spi/spi.o
 .text.spi_initTest
                0x00000000       0x32 src/ASF/avr32/drivers/spi/spi.o
 .text.spi_initMaster
                0x00000000       0x94 src/ASF/avr32/drivers/spi/spi.o
 .text.spi_selectionMode
                0x00000000       0x94 src/ASF/avr32/drivers/spi/spi.o
 .text.spi_selectChip
                0x00000000       0x98 src/ASF/avr32/drivers/spi/spi.o
 .text.spi_unselectChip
                0x00000000       0x6a src/ASF/avr32/drivers/spi/spi.o
 .text.spi_setupChipReg
                0x00000000      0x184 src/ASF/avr32/drivers/spi/spi.o
 .text.spi_disable
                0x00000000       0x1a src/ASF/avr32/drivers/spi/spi.o
 .text.spi_is_enabled
                0x00000000       0x22 src/ASF/avr32/drivers/spi/spi.o
 .text.spi_writeRegisterEmptyCheck
                0x00000000       0x20 src/ASF/avr32/drivers/spi/spi.o
 .text.spi_write
                0x00000000       0x58 src/ASF/avr32/drivers/spi/spi.o
 .text.spi_variableSlaveWrite
                0x00000000       0x98 src/ASF/avr32/drivers/spi/spi.o
 .text.spi_writeEndCheck
                0x00000000       0x20 src/ASF/avr32/drivers/spi/spi.o
 .text.spi_readRegisterFullCheck
                0x00000000       0x20 src/ASF/avr32/drivers/spi/spi.o
 .text.spi_read
                0x00000000       0x5e src/ASF/avr32/drivers/spi/spi.o
 .text.spi_getStatus
                0x00000000       0x68 src/ASF/avr32/drivers/spi/spi.o
 .text          0x00000000        0x0 src/ASF/avr32/drivers/twim/twim.o
 .data          0x00000000        0x0 src/ASF/avr32/drivers/twim/twim.o
 .bss           0x00000000        0x0 src/ASF/avr32/drivers/twim/twim.o
 .text.twim_read
                0x00000000      0x134 src/ASF/avr32/drivers/twim/twim.o
 .text.twim_write_packet
                0x00000000      0x13c src/ASF/avr32/drivers/twim/twim.o
 .text.twim_chained_transfer
                0x00000000      0x340 src/ASF/avr32/drivers/twim/twim.o
 .text          0x00000000        0x0 src/ASF/avr32/drivers/twis/twis.o
 .data          0x00000000        0x0 src/ASF/avr32/drivers/twis/twis.o
 .bss           0x00000000        0x0 src/ASF/avr32/drivers/twis/twis.o
 .debug_abbrev  0x00000000      0x1f2 src/ASF/avr32/drivers/twis/twis.o
 .debug_info    0x00000000      0xeed src/ASF/avr32/drivers/twis/twis.o
 .debug_line    0x00000000      0x7d2 src/ASF/avr32/drivers/twis/twis.o
 .debug_macinfo
                0x00000000    0xfedc3 src/ASF/avr32/drivers/twis/twis.o
 .text.cpu_irq_save
                0x00000000       0x1e src/ASF/avr32/drivers/twis/twis.o
 .text.cpu_irq_is_enabled_flags
                0x00000000       0x20 src/ASF/avr32/drivers/twis/twis.o
 .text.cpu_irq_restore
                0x00000000       0x28 src/ASF/avr32/drivers/twis/twis.o
 .bss.twis_inst_slave
                0x00000000        0x4 src/ASF/avr32/drivers/twis/twis.o
 .bss.twis_slave_fct
                0x00000000        0xc src/ASF/avr32/drivers/twis/twis.o
 .text.twis_slave_interrupt_handler
                0x00000000      0x19c src/ASF/avr32/drivers/twis/twis.o
 .text.twis_slave_init
                0x00000000      0x144 src/ASF/avr32/drivers/twis/twis.o
 .text.twis_send_data_nack
                0x00000000       0x58 src/ASF/avr32/drivers/twis/twis.o
 .text.twis_send_data_ack
                0x00000000       0x22 src/ASF/avr32/drivers/twis/twis.o
 .debug_frame   0x00000000       0xd8 src/ASF/avr32/drivers/twis/twis.o
 .debug_loc     0x00000000      0x12d src/ASF/avr32/drivers/twis/twis.o
 .debug_pubnames
                0x00000000       0x55 src/ASF/avr32/drivers/twis/twis.o
 .debug_aranges
                0x00000000       0x50 src/ASF/avr32/drivers/twis/twis.o
 .debug_ranges  0x00000000       0x48 src/ASF/avr32/drivers/twis/twis.o
 .debug_str     0x00000000      0x514 src/ASF/avr32/drivers/twis/twis.o
 .comment       0x00000000       0x31 src/ASF/avr32/drivers/twis/twis.o
 .text          0x00000000        0xc src/ASF/avr32/drivers/usart/usart.o
 .data          0x00000000        0x0 src/ASF/avr32/drivers/usart/usart.o
 .bss           0x00000000        0x0 src/ASF/avr32/drivers/usart/usart.o
 .debug_abbrev  0x00000000      0x266 src/ASF/avr32/drivers/usart/usart.o
 .debug_info    0x00000000     0x2c09 src/ASF/avr32/drivers/usart/usart.o
 .debug_line    0x00000000      0xa3c src/ASF/avr32/drivers/usart/usart.o
 .debug_macinfo
                0x00000000    0xfdec0 src/ASF/avr32/drivers/usart/usart.o
 .text.cpu_irq_is_enabled_flags
                0x00000000       0x20 src/ASF/avr32/drivers/usart/usart.o
 .text.usart_set_async_baudrate
                0x00000000       0xd2 src/ASF/avr32/drivers/usart/usart.o
 .text.usart_set_sync_master_baudrate
                0x00000000       0x70 src/ASF/avr32/drivers/usart/usart.o
 .text.usart_set_sync_slave_baudrate
                0x00000000       0x28 src/ASF/avr32/drivers/usart/usart.o
 .text.usart_set_iso7816_clock
                0x00000000       0x72 src/ASF/avr32/drivers/usart/usart.o
 .text.usart_set_spi_master_baudrate
                0x00000000       0x70 src/ASF/avr32/drivers/usart/usart.o
 .text.usart_set_spi_slave_baudrate
                0x00000000       0x28 src/ASF/avr32/drivers/usart/usart.o
 .text.usart_reset
                0x00000000       0x74 src/ASF/avr32/drivers/usart/usart.o
 .text.usart_init_rs232
                0x00000000      0x170 src/ASF/avr32/drivers/usart/usart.o
 .text.usart_init_rs232_tx_only
                0x00000000      0x17c src/ASF/avr32/drivers/usart/usart.o
 .text.usart_init_hw_handshaking
                0x00000000       0x50 src/ASF/avr32/drivers/usart/usart.o
 .text.usart_init_modem
                0x00000000       0x54 src/ASF/avr32/drivers/usart/usart.o
 .text.usart_init_sync_master
                0x00000000      0x184 src/ASF/avr32/drivers/usart/usart.o
 .text.usart_init_sync_slave
                0x00000000      0x170 src/ASF/avr32/drivers/usart/usart.o
 .text.usart_init_rs485
                0x00000000       0x50 src/ASF/avr32/drivers/usart/usart.o
 .text.usart_init_IrDA
                0x00000000       0x6c src/ASF/avr32/drivers/usart/usart.o
 .text.usart_init_iso7816
                0x00000000      0x11c src/ASF/avr32/drivers/usart/usart.o
 .text.usart_init_lin_master
                0x00000000       0x64 src/ASF/avr32/drivers/usart/usart.o
 .text.usart_init_lin_slave
                0x00000000       0x64 src/ASF/avr32/drivers/usart/usart.o
 .text.usart_init_spi_master
                0x00000000      0x11c src/ASF/avr32/drivers/usart/usart.o
 .text.usart_init_spi_slave
                0x00000000      0x108 src/ASF/avr32/drivers/usart/usart.o
 .text.usart_spi_selectChip
                0x00000000       0x20 src/ASF/avr32/drivers/usart/usart.o
 .text.usart_spi_unselectChip
                0x00000000       0x5c src/ASF/avr32/drivers/usart/usart.o
 .text.usart_send_address
                0x00000000       0x6c src/ASF/avr32/drivers/usart/usart.o
 .text.usart_write_char
                0x00000000       0x44 src/ASF/avr32/drivers/usart/usart.o
 .text.usart_putchar
                0x00000000       0x54 src/ASF/avr32/drivers/usart/usart.o
 .text.usart_read_char
                0x00000000       0x52 src/ASF/avr32/drivers/usart/usart.o
 .text.usart_getchar
                0x00000000       0x44 src/ASF/avr32/drivers/usart/usart.o
 .text.usart_write_line
                0x00000000       0x40 src/ASF/avr32/drivers/usart/usart.o
 .text.usart_get_echo_line
                0x00000000       0x8c src/ASF/avr32/drivers/usart/usart.o
 .debug_frame   0x00000000      0x358 src/ASF/avr32/drivers/usart/usart.o
 .debug_loc     0x00000000      0x50a src/ASF/avr32/drivers/usart/usart.o
 .debug_pubnames
                0x00000000      0x227 src/ASF/avr32/drivers/usart/usart.o
 .debug_aranges
                0x00000000      0x108 src/ASF/avr32/drivers/usart/usart.o
 .debug_ranges  0x00000000      0x100 src/ASF/avr32/drivers/usart/usart.o
 .debug_str     0x00000000      0xa74 src/ASF/avr32/drivers/usart/usart.o
 .comment       0x00000000       0x31 src/ASF/avr32/drivers/usart/usart.o
 .text          0x00000000        0x0 src/ASF/avr32/drivers/intc/exception.o
 .data          0x00000000        0x0 src/ASF/avr32/drivers/intc/exception.o
 .bss           0x00000000        0x0 src/ASF/avr32/drivers/intc/exception.o
 .text          0x00000000        0x0 src/ASF/avr32/drivers/intc/intc.o
 .data          0x00000000        0x0 src/ASF/avr32/drivers/intc/intc.o
 .bss           0x00000000        0x0 src/ASF/avr32/drivers/intc/intc.o
 .text          0x00000000        0x0 src/ASF/avr32/utils/startup/startup_uc3.o
 .data          0x00000000        0x0 src/ASF/avr32/utils/startup/startup_uc3.o
 .bss           0x00000000        0x0 src/ASF/avr32/utils/startup/startup_uc3.o
 .reset         0x00000000        0x8 src/ASF/avr32/utils/startup/startup_uc3.o
 .text          0x00000000        0x0 src/ASF/avr32/utils/startup/trampoline_uc3.o
 .data          0x00000000        0x0 src/ASF/avr32/utils/startup/trampoline_uc3.o
 .bss           0x00000000        0x0 src/ASF/avr32/utils/startup/trampoline_uc3.o
 .text          0x00000000        0x0 src/ASF/common/boards/user_board/init.o
 .data          0x00000000        0x0 src/ASF/common/boards/user_board/init.o
 .bss           0x00000000        0x0 src/ASF/common/boards/user_board/init.o
 .text          0x00000000        0x0 src/main.o
 .data          0x00000000        0x0 src/main.o
 .bss           0x00000000        0x0 src/main.o
 .data          0x00000000        0x0 c:/program files (x86)/atmel/studio/7.0/toolchain/avr32/avr32-gnu-toolchain/bin/../lib/gcc/avr32/4.4.7/ucr3\libgcc.a(_udivdi3.o)
 .bss           0x00000000        0x0 c:/program files (x86)/atmel/studio/7.0/toolchain/avr32/avr32-gnu-toolchain/bin/../lib/gcc/avr32/4.4.7/ucr3\libgcc.a(_udivdi3.o)
 .data          0x00000000        0x0 c:/program files (x86)/atmel/studio/7.0/toolchain/avr32/avr32-gnu-toolchain/bin/../lib/gcc/avr32/4.4.7/../../../../avr32/lib/ucr3\libc.a(lib_a-memcpy.o)
 .bss           0x00000000        0x0 c:/program files (x86)/atmel/studio/7.0/toolchain/avr32/avr32-gnu-toolchain/bin/../lib/gcc/avr32/4.4.7/../../../../avr32/lib/ucr3\libc.a(lib_a-memcpy.o)

Memory Configuration

Name             Origin             Length             Attributes
FLASH            0x80000000         0x00010000         axrl !w
CPUSRAM          0x00000004         0x00003ffc         axw !rl
USERPAGE         0x80800000         0x00000100
FACTORYPAGE      0x80800100         0x00000100
*default*        0x00000000         0xffffffff

Linker script and memory map

                0x00001000                _stack_size = 0x1000
LOAD src/rtc.o
LOAD src/ASF/avr32/drivers/flashcdw/flashcdw.o
LOAD src/ASF/avr32/drivers/gpio/gpio.o
LOAD src/ASF/avr32/drivers/pdca/pdca.o
LOAD src/ASF/avr32/drivers/pm/pm_uc3d.o
LOAD src/ASF/avr32/drivers/scif/scif_uc3d.o
LOAD src/ASF/avr32/drivers/wdt/wdt4.o
LOAD src/com_spi.o
LOAD src/motor_control.o
LOAD src/pid.o
LOAD src/sensor.o
LOAD src/settings_t.o
LOAD src/ASF/avr32/drivers/tc/tc.o
LOAD src/ASF/common/services/spi/uc3_spi/spi_master.o
LOAD src/ASF/common/services/sleepmgr/uc3/sleepmgr.o
LOAD src/ASF/common/services/serial/usart_serial.o
LOAD src/ASF/common/services/clock/uc3d/osc.o
LOAD src/ASF/common/services/clock/uc3d/pll.o
LOAD src/ASF/common/services/clock/uc3d/sysclk.o
LOAD src/ASF/avr32/drivers/pm/power_clocks_lib.o
LOAD src/ASF/avr32/drivers/pwma/pwma.o
LOAD src/ASF/avr32/drivers/spi/spi.o
LOAD src/ASF/avr32/drivers/twim/twim.o
LOAD src/ASF/avr32/drivers/twis/twis.o
LOAD src/ASF/avr32/drivers/usart/usart.o
LOAD src/ASF/avr32/drivers/intc/exception.o
LOAD src/ASF/avr32/drivers/intc/intc.o
LOAD src/ASF/avr32/utils/startup/startup_uc3.o
LOAD src/ASF/avr32/utils/startup/trampoline_uc3.o
LOAD src/ASF/common/boards/user_board/init.o
LOAD src/main.o
START GROUP
LOAD c:/program files (x86)/atmel/studio/7.0/toolchain/avr32/avr32-gnu-toolchain/bin/../lib/gcc/avr32/4.4.7/../../../../avr32/lib/ucr3\libm.a
END GROUP
LOAD c:/program files (x86)/atmel/studio/7.0/toolchain/avr32/avr32-gnu-toolchain/bin/../lib/gcc/avr32/4.4.7/ucr3\libgcc.a
LOAD c:/program files (x86)/atmel/studio/7.0/toolchain/avr32/avr32-gnu-toolchain/bin/../lib/gcc/avr32/4.4.7/../../../../avr32/lib/ucr3\libc.a
LOAD c:/program files (x86)/atmel/studio/7.0/toolchain/avr32/avr32-gnu-toolchain/bin/../lib/gcc/avr32/4.4.7/ucr3\libgcc.a
                0x80000000                PROVIDE (__executable_start, 0x80000000)
                0x80000000                . = 0x80000000

.interp
 *(.interp)

.reset          0x80000000     0x2004
 *(.reset)
 .reset         0x80000000     0x2004 src/ASF/avr32/utils/startup/trampoline_uc3.o
                               0x2008 (size before relaxing)
                0x80000000                _trampoline

.hash
 *(.hash)

.dynsym
 *(.dynsym)

.dynstr
 *(.dynstr)

.gnu.version
 *(.gnu.version)

.gnu.version_d
 *(.gnu.version_d)

.gnu.version_r
 *(.gnu.version_r)

.rel.init
 *(.rel.init)

.rela.init
 *(.rela.init)

.rel.text
 *(.rel.text .rel.text.* .rel.gnu.linkonce.t.*)

.rela.text
 *(.rela.text .rela.text.* .rela.gnu.linkonce.t.*)

.rel.fini
 *(.rel.fini)

.rela.fini
 *(.rela.fini)

.rel.rodata
 *(.rel.rodata .rel.rodata.* .rel.gnu.linkonce.r.*)

.rela.rodata
 *(.rela.rodata .rela.rodata.* .rela.gnu.linkonce.r.*)

.rel.data.rel.ro
 *(.rel.data.rel.ro*)

.rela.data.rel.ro
 *(.rel.data.rel.ro*)

.rel.data
 *(.rel.data .rel.data.* .rel.gnu.linkonce.d.*)

.rela.data
 *(.rela.data .rela.data.* .rela.gnu.linkonce.d.*)

.rel.tdata
 *(.rel.tdata .rel.tdata.* .rel.gnu.linkonce.td.*)

.rela.tdata
 *(.rela.tdata .rela.tdata.* .rela.gnu.linkonce.td.*)

.rel.tbss
 *(.rel.tbss .rel.tbss.* .rel.gnu.linkonce.tb.*)

.rela.tbss
 *(.rela.tbss .rela.tbss.* .rela.gnu.linkonce.tb.*)

.rel.ctors
 *(.rel.ctors)

.rela.ctors
 *(.rela.ctors)

.rel.dtors
 *(.rel.dtors)

.rela.dtors
 *(.rela.dtors)

.rel.got
 *(.rel.got)

.rela.got       0x80002004        0x0
 *(.rela.got)
 .rela.got      0x80002004        0x0 src/ASF/avr32/drivers/flashcdw/flashcdw.o

.rel.bss
 *(.rel.bss .rel.bss.* .rel.gnu.linkonce.b.*)

.rela.bss
 *(.rela.bss .rela.bss.* .rela.gnu.linkonce.b.*)

.rel.plt
 *(.rel.plt)

.rela.plt
 *(.rela.plt)

.init
 *(.init)

.plt
 *(.plt)

.text           0x80002004     0x4760
 *(.text .stub .text.* .gnu.linkonce.t.*)
 .text.sysclk_enable_hsb_module
                0x80002004       0x20 src/rtc.o
 .text.sysclk_enable_pba_module
                0x80002024       0x20 src/rtc.o
 .text.sysclk_enable_pbb_module
                0x80002044       0x20 src/rtc.o
 .text.sysclk_enable_peripheral_clock
                0x80002064      0x1c8 src/rtc.o
 .text.ioport_toggle_pin_level
                0x8000222c       0x58 src/rtc.o
 .text.rtc_init
                0x80002284       0x84 src/rtc.o
                0x80002284                rtc_init
 .text.is_rtc_busy
                0x80002308       0x20 src/rtc.o
                0x80002308                is_rtc_busy
 .text.ast_per0_interrupt_handler
                0x80002328       0x40 src/rtc.o
 .text.rtc_set_periodic_interrupt0
                0x80002368       0x38 src/rtc.o
                0x80002368                rtc_set_periodic_interrupt0
 .text.flashcdw_set_wait_state
                0x800023a0       0x46 src/ASF/avr32/drivers/flashcdw/flashcdw.o
                0x800023a0                flashcdw_set_wait_state
 *fill*         0x800023e6        0x2 d703d703
 .text.flashcdw_set_flash_waitstate_and_readmode
                0x800023e8       0x6c src/ASF/avr32/drivers/flashcdw/flashcdw.o
                0x800023e8                flashcdw_set_flash_waitstate_and_readmode
 .text.flashcdw_is_ready
                0x80002454       0x18 src/ASF/avr32/drivers/flashcdw/flashcdw.o
                0x80002454                flashcdw_is_ready
 .text.flashcdw_default_wait_until_ready
                0x8000246c       0x1c src/ASF/avr32/drivers/flashcdw/flashcdw.o
                0x8000246c                flashcdw_default_wait_until_ready
 .text.flashcdw_get_error_status
                0x80002488       0x16 src/ASF/avr32/drivers/flashcdw/flashcdw.o
 *fill*         0x8000249e        0x2 d703d703
 .text.flashcdw_issue_command
                0x800024a0       0x88 src/ASF/avr32/drivers/flashcdw/flashcdw.o
                0x800024a0                flashcdw_issue_command
 .text.flashcdw_clear_page_buffer
                0x80002528       0x18 src/ASF/avr32/drivers/flashcdw/flashcdw.o
                0x80002528                flashcdw_clear_page_buffer
 .text.flashcdw_is_page_erased
                0x80002540       0x1a src/ASF/avr32/drivers/flashcdw/flashcdw.o
                0x80002540                flashcdw_is_page_erased
 *fill*         0x8000255a        0x2 d703d703
 .text.flashcdw_quick_page_read
                0x8000255c       0x2c src/ASF/avr32/drivers/flashcdw/flashcdw.o
                0x8000255c                flashcdw_quick_page_read
 .text.flashcdw_erase_page
                0x80002588       0x68 src/ASF/avr32/drivers/flashcdw/flashcdw.o
                0x80002588                flashcdw_erase_page
 .text.flashcdw_write_page
                0x800025f0       0x20 src/ASF/avr32/drivers/flashcdw/flashcdw.o
                0x800025f0                flashcdw_write_page
 .text.flashcdw_quick_user_page_read
                0x80002610       0x24 src/ASF/avr32/drivers/flashcdw/flashcdw.o
                0x80002610                flashcdw_quick_user_page_read
 .text.flashcdw_erase_user_page
                0x80002634       0x3c src/ASF/avr32/drivers/flashcdw/flashcdw.o
                0x80002634                flashcdw_erase_user_page
 .text.flashcdw_write_user_page
                0x80002670       0x18 src/ASF/avr32/drivers/flashcdw/flashcdw.o
                0x80002670                flashcdw_write_user_page
 .text.flashcdw_memcpy
                0x80002688      0x1b0 src/ASF/avr32/drivers/flashcdw/flashcdw.o
                0x80002688                flashcdw_memcpy
 .text.gpio_enable_module
                0x80002838       0x70 src/ASF/avr32/drivers/gpio/gpio.o
                0x80002838                gpio_enable_module
 .text.gpio_enable_module_pin
                0x800028a8      0x27c src/ASF/avr32/drivers/gpio/gpio.o
                0x800028a8                gpio_enable_module_pin
 .text.cpu_irq_save
                0x80002b24       0x1e src/ASF/avr32/drivers/pdca/pdca.o
 .text.cpu_irq_is_enabled_flags
                0x80002b42       0x20 src/ASF/avr32/drivers/pdca/pdca.o
 *fill*         0x80002b62        0x2 d703d703
 .text.cpu_irq_restore
                0x80002b64       0x28 src/ASF/avr32/drivers/pdca/pdca.o
 .text.pdca_get_handler
                0x80002b8c       0x3a src/ASF/avr32/drivers/pdca/pdca.o
                0x80002b8c                pdca_get_handler
 *fill*         0x80002bc6        0x2 d703d703
 .text.pdca_init_channel
                0x80002bc8       0xd0 src/ASF/avr32/drivers/pdca/pdca.o
                0x80002bc8                pdca_init_channel
 .text.pdca_disable
                0x80002c98       0x30 src/ASF/avr32/drivers/pdca/pdca.o
                0x80002c98                pdca_disable
 .text.pdca_enable
                0x80002cc8       0x30 src/ASF/avr32/drivers/pdca/pdca.o
                0x80002cc8                pdca_enable
 .text.pdca_disable_interrupt_transfer_complete
                0x80002cf8       0x50 src/ASF/avr32/drivers/pdca/pdca.o
                0x80002cf8                pdca_disable_interrupt_transfer_complete
 .text.pdca_enable_interrupt_transfer_complete
                0x80002d48       0x30 src/ASF/avr32/drivers/pdca/pdca.o
                0x80002d48                pdca_enable_interrupt_transfer_complete
 .text.pdca_disable_interrupt_reload_counter_zero
                0x80002d78       0x50 src/ASF/avr32/drivers/pdca/pdca.o
                0x80002d78                pdca_disable_interrupt_reload_counter_zero
 .text.cpu_irq_is_enabled_flags
                0x80002dc8       0x20 src/com_spi.o
 .text.sysclk_enable_hsb_module
                0x80002de8       0x20 src/com_spi.o
 .text.sysclk_enable_pba_module
                0x80002e08       0x20 src/com_spi.o
 .text.sysclk_enable_pbb_module
                0x80002e28       0x20 src/com_spi.o
 .text.sysclk_enable_peripheral_clock
                0x80002e48      0x1c8 src/com_spi.o
 .text.ioport_set_pin_dir
                0x80003010       0xb4 src/com_spi.o
 .text.ioport_set_pin_level
                0x800030c4       0xb2 src/com_spi.o
 .text.spi_get  0x80003176       0x1c src/com_spi.o
 *fill*         0x80003192        0x2 d703d703
 .text.com_spi_interrupt_handler
                0x80003194      0x128 src/com_spi.o
 .text.com_pdca_interrupt_handler
                0x800032bc       0x30 src/com_spi.o
 .text.com_spi_init
                0x800032ec       0xc8 src/com_spi.o
                0x800032ec                com_spi_init
 .text.sysclk_get_main_hz
                0x800033b4       0x14 src/motor_control.o
 .text.sysclk_get_pba_hz
                0x800033c8       0x18 src/motor_control.o
 .text.sysclk_enable_hsb_module
                0x800033e0       0x20 src/motor_control.o
 .text.sysclk_enable_pba_module
                0x80003400       0x20 src/motor_control.o
 .text.sysclk_enable_pbb_module
                0x80003420       0x20 src/motor_control.o
 .text.sysclk_enable_peripheral_clock
                0x80003440      0x1c8 src/motor_control.o
 .text.ioport_set_pin_dir
                0x80003608       0xb4 src/motor_control.o
 .text.motor_init
                0x800036bc      0x34c src/motor_control.o
                0x800036bc                motor_init
 .text.t_c1_rc_isr
                0x80003a08       0x50 src/motor_control.o
                0x80003a08                t_c1_rc_isr
 .text.t_c2_rc_isr
                0x80003a58       0x50 src/motor_control.o
                0x80003a58                t_c2_rc_isr
 .text.set_motor_speeds
                0x80003aa8       0xa8 src/motor_control.o
                0x80003aa8                set_motor_speeds
 .text.calculate_actuating_variable
                0x80003b50      0x118 src/pid.o
                0x80003b50                calculate_actuating_variable
 .text.sysclk_get_main_hz
                0x80003c68       0x14 src/sensor.o
 .text.sysclk_get_cpu_hz
                0x80003c7c       0x18 src/sensor.o
 .text.sysclk_get_pba_hz
                0x80003c94       0x18 src/sensor.o
 .text.sysclk_enable_hsb_module
                0x80003cac       0x20 src/sensor.o
 .text.sysclk_enable_pba_module
                0x80003ccc       0x20 src/sensor.o
 .text.sysclk_enable_pbb_module
                0x80003cec       0x20 src/sensor.o
 .text.sysclk_enable_peripheral_clock
                0x80003d0c      0x1c8 src/sensor.o
 .text.ioport_set_pin_dir
                0x80003ed4       0xb4 src/sensor.o
 .text.ioport_set_pin_level
                0x80003f88       0xb2 src/sensor.o
 *fill*         0x8000403a        0x2 d703d703
 .text.sensor_init
                0x8000403c      0x4f8 src/sensor.o
                0x8000403c                sensor_init
 .text.sensor_led_init
                0x80004534       0x44 src/sensor.o
                0x80004534                sensor_led_init
 .text.read_sensor_data
                0x80004578       0x5c src/sensor.o
                0x80004578                read_sensor_data
 .text.write_sensor_data
                0x800045d4      0x118 src/sensor.o
                0x800045d4                write_sensor_data
 .text.read_sensor_euler
                0x800046ec       0x88 src/sensor.o
                0x800046ec                read_sensor_euler
 .text.ioport_set_pin_mode
                0x80004774      0x11a src/settings_t.o
 .text.ioport_set_pin_dir
                0x8000488e       0xb4 src/settings_t.o
 .text.ioport_get_pin_level
                0x80004942       0x60 src/settings_t.o
 *fill*         0x800049a2        0x2 d703d703
 .text.settings_init
                0x800049a4       0x88 src/settings_t.o
                0x800049a4                settings_init
 .text.settings_save
                0x80004a2c       0x24 src/settings_t.o
                0x80004a2c                settings_save
 .text.check_save
                0x80004a50       0x48 src/settings_t.o
                0x80004a50                check_save
 .text.set_default_values
                0x80004a98       0xac src/settings_t.o
                0x80004a98                set_default_values
 .text.cpu_irq_is_enabled_flags
                0x80004b44       0x20 src/ASF/avr32/drivers/tc/tc.o
 .text.tc_configure_interrupts
                0x80004b64      0x1e8 src/ASF/avr32/drivers/tc/tc.o
                0x80004b64                tc_configure_interrupts
 .text.tc_init_waveform
                0x80004d4c      0x154 src/ASF/avr32/drivers/tc/tc.o
                0x80004d4c                tc_init_waveform
 .text.tc_start
                0x80004ea0       0x3a src/ASF/avr32/drivers/tc/tc.o
                0x80004ea0                tc_start
 .text.tc_read_sr
                0x80004eda       0x3a src/ASF/avr32/drivers/tc/tc.o
                0x80004eda                tc_read_sr
 .text.tc_write_ra
                0x80004f14       0x78 src/ASF/avr32/drivers/tc/tc.o
                0x80004f14                tc_write_ra
 .text.tc_write_rb
                0x80004f8c       0x78 src/ASF/avr32/drivers/tc/tc.o
                0x80004f8c                tc_write_rb
 .text.tc_write_rc
                0x80005004       0x78 src/ASF/avr32/drivers/tc/tc.o
                0x80005004                tc_write_rc
 .text.cpu_irq_save
                0x8000507c       0x1e src/ASF/common/services/clock/uc3d/osc.o
 .text.cpu_irq_is_enabled_flags
                0x8000509a       0x20 src/ASF/common/services/clock/uc3d/osc.o
 *fill*         0x800050ba        0x2 d703d703
 .text.cpu_irq_restore
                0x800050bc       0x28 src/ASF/common/services/clock/uc3d/osc.o
 .text.osc_priv_enable_rc120m
                0x800050e4       0x40 src/ASF/common/services/clock/uc3d/osc.o
                0x800050e4                osc_priv_enable_rc120m
 .text.cpu_irq_save
                0x80005124       0x1e src/ASF/common/services/clock/uc3d/sysclk.o
 .text.cpu_irq_is_enabled_flags
                0x80005142       0x20 src/ASF/common/services/clock/uc3d/sysclk.o
 *fill*         0x80005162        0x2 d703d703
 .text.cpu_irq_restore
                0x80005164       0x28 src/ASF/common/services/clock/uc3d/sysclk.o
 .text.osc_enable
                0x8000518c       0x24 src/ASF/common/services/clock/uc3d/sysclk.o
 .text.osc_is_ready
                0x800051b0       0x3a src/ASF/common/services/clock/uc3d/sysclk.o
 *fill*         0x800051ea        0x2 d703d703
 .text.osc_wait_ready
                0x800051ec       0x2c src/ASF/common/services/clock/uc3d/sysclk.o
 .text.sysclk_get_main_hz
                0x80005218       0x14 src/ASF/common/services/clock/uc3d/sysclk.o
 .text.sysclk_get_cpu_hz
                0x8000522c       0x18 src/ASF/common/services/clock/uc3d/sysclk.o
 .text.sysclk_priv_enable_module
                0x80005244       0x80 src/ASF/common/services/clock/uc3d/sysclk.o
                0x80005244                sysclk_priv_enable_module
 .text.sysclk_set_prescalers
                0x800052c4       0xcc src/ASF/common/services/clock/uc3d/sysclk.o
                0x800052c4                sysclk_set_prescalers
 .text.sysclk_set_source
                0x80005390       0x44 src/ASF/common/services/clock/uc3d/sysclk.o
                0x80005390                sysclk_set_source
 .text.sysclk_init
                0x800053d4       0x4c src/ASF/common/services/clock/uc3d/sysclk.o
                0x800053d4                sysclk_init
 .text.spi_initSlave
                0x80005420       0x8a src/ASF/avr32/drivers/spi/spi.o
                0x80005420                spi_initSlave
 .text.spi_enable
                0x800054aa       0x1a src/ASF/avr32/drivers/spi/spi.o
                0x800054aa                spi_enable
 .text.cpu_irq_save
                0x800054c4       0x1e src/ASF/avr32/drivers/twim/twim.o
 .text.cpu_irq_is_enabled_flags
                0x800054e2       0x20 src/ASF/avr32/drivers/twim/twim.o
 *fill*         0x80005502        0x2 d703d703
 .text.cpu_irq_restore
                0x80005504       0x28 src/ASF/avr32/drivers/twim/twim.o
 .text.twim_master_interrupt_handler
                0x8000552c      0x144 src/ASF/avr32/drivers/twim/twim.o
 .text.twim_set_speed
                0x80005670       0xa8 src/ASF/avr32/drivers/twim/twim.o
                0x80005670                twim_set_speed
 .text.twim_master_init
                0x80005718      0x110 src/ASF/avr32/drivers/twim/twim.o
                0x80005718                twim_master_init
 .text.twim_disable_interrupt
                0x80005828       0x44 src/ASF/avr32/drivers/twim/twim.o
                0x80005828                twim_disable_interrupt
 .text.twim_probe
                0x8000586c       0x38 src/ASF/avr32/drivers/twim/twim.o
                0x8000586c                twim_probe
 .text.twim_read_packet
                0x800058a4      0x17c src/ASF/avr32/drivers/twim/twim.o
                0x800058a4                twim_read_packet
 .text.twim_write
                0x80005a20      0x104 src/ASF/avr32/drivers/twim/twim.o
                0x80005a20                twim_write
 .text.twim_status
                0x80005b24       0x30 src/ASF/avr32/drivers/twim/twim.o
                0x80005b24                twim_status
 .text._unhandled_interrupt
                0x80005b54        0x8 src/ASF/avr32/drivers/intc/intc.o
 .text._get_interrupt_handler
                0x80005b5c       0x70 src/ASF/avr32/drivers/intc/intc.o
                0x80005b5c                _get_interrupt_handler
 .text.INTC_init_evba
                0x80005bcc       0x14 src/ASF/avr32/drivers/intc/intc.o
 .text.INTC_init_interrupts
                0x80005be0       0x98 src/ASF/avr32/drivers/intc/intc.o
                0x80005be0                INTC_init_interrupts
 .text.INTC_register_interrupt
                0x80005c78       0xd4 src/ASF/avr32/drivers/intc/intc.o
                0x80005c78                INTC_register_interrupt
 .text._stext   0x80005d4c       0x3c src/ASF/avr32/utils/startup/startup_uc3.o
                                 0x50 (size before relaxing)
                0x80005d4c                _stext
 .text.sysclk_enable_pba_module
                0x80005d88       0x20 src/ASF/common/boards/user_board/init.o
 .text.ioport_init
                0x80005da8       0x14 src/ASF/common/boards/user_board/init.o
 .text.ioport_set_pin_dir
                0x80005dbc       0xb4 src/ASF/common/boards/user_board/init.o
 .text.board_init
                0x80005e70       0x64 src/ASF/common/boards/user_board/init.o
                0x80005e70                board_init
 .text.sysclk_get_main_hz
                0x80005ed4       0x14 src/main.o
 .text.sysclk_get_cpu_hz
                0x80005ee8       0x18 src/main.o
 .text.ioport_set_pin_mode
                0x80005f00      0x11a src/main.o
 .text.ioport_get_pin_level
                0x8000601a       0x60 src/main.o
 .text.ioport_toggle_pin_level
                0x8000607a       0x58 src/main.o
 *fill*         0x800060d2        0x2 d703d703
 .text.main     0x800060d4      0x2e4 src/main.o
                0x800060d4                main
 .text          0x800063b8      0x264 c:/program files (x86)/atmel/studio/7.0/toolchain/avr32/avr32-gnu-toolchain/bin/../lib/gcc/avr32/4.4.7/ucr3\libgcc.a(_udivdi3.o)
                0x800063b8                __avr32_udiv64
                0x800063b8                __udivdi3
 .text          0x8000661c      0x148 c:/program files (x86)/atmel/studio/7.0/toolchain/avr32/avr32-gnu-toolchain/bin/../lib/gcc/avr32/4.4.7/../../../../avr32/lib/ucr3\libc.a(lib_a-memcpy.o)
                0x8000661c                memcpy
 *(.text.*personality*)
 *(.gnu.warning)

.exception      0x80006800      0x200
 .exception     0x80006800      0x200 src/ASF/avr32/drivers/intc/exception.o
                0x80006800                _evba
                0x80006904                _int0
                0x80006912                _int1
                0x80006920                _int2
                0x8000692e                _int3

.fini
 *(.fini)
                0x80006a00                PROVIDE (__etext, .)
                0x80006a00                PROVIDE (_etext, .)
                0x80006a00                PROVIDE (etext, .)

.rodata         0x80006a00      0x118
 *(.rodata .rodata.* .gnu.linkonce.r.*)
 .rodata.gpio_enable_module_pin
                0x80006a00       0x20 src/ASF/avr32/drivers/gpio/gpio.o
 .rodata.SPI_GPIO_MAP.14709
                0x80006a20       0x18 src/com_spi.o
 .rodata.TIMER_GPIO_MAP.14671
                0x80006a38       0x20 src/motor_control.o
 .rodata.TWI_GPIO_MAP.14632
                0x80006a58       0x10 src/sensor.o
 .rodata._int_handler_table
                0x80006a68       0xb0 src/ASF/avr32/drivers/intc/intc.o

.rodata1
 *(.rodata1)

.eh_frame_hdr
 *(.eh_frame_hdr)

.eh_frame
 *(.eh_frame)

.gcc_except_table
 *(.gcc_except_table)
 *(.gcc_except_table.*)

.dalign         0x80006b18        0x0
                0x80006b18                . = ALIGN (0x8)
                0x80006b18                PROVIDE (_data_lma, .)
                0x00000004                PROVIDE (_data, ORIGIN (CPUSRAM))
                0x00000004                . = ORIGIN (CPUSRAM)

.eh_frame
 *(.eh_frame)

.gcc_except_table
 *(.gcc_except_table)
 *(.gcc_except_table.*)

.tdata
 *(.tdata .tdata.* .gnu.linkonce.td.*)

.tbss
 *(.tbss .tbss.* .gnu.linkonce.tb.*)
 *(.tcommon)
                0x00000004                PROVIDE (__preinit_array_start, ALIGN (0x4))

.preinit_array
 *(.preinit_array)
                0x00000004                PROVIDE (__preinit_array_end, .)
                0x00000004                PROVIDE (__init_array_start, .)

.init_array
 *(.init_array)
                0x00000004                PROVIDE (__init_array_end, .)
                0x00000004                PROVIDE (__fini_array_start, .)

.fini_array
 *(.fini_array)
                0x00000004                PROVIDE (__fini_array_end, .)

.ctors
 *crtbegin*.o(.ctors)
 *(EXCLUDE_FILE(*crtend*.o) .ctors)
 *(SORT(.ctors.*))
 *(.ctors)

.dtors
 *crtbegin*.o(.dtors)
 *(EXCLUDE_FILE(*crtend*.o) .dtors)
 *(SORT(.dtors.*))
 *(.dtors)

.jcr
 *(.jcr)

.data.rel.ro
 *(.data.rel.ro.local)
 *(.data.rel.ro*)

.dynamic
 *(.dynamic)

.got
 *(.got.plt)
 *(.got)

.data           0x00000004        0x4 load address 0x80006b18
 *(.data .data.* .gnu.linkonce.d.*)
 .data.flashcdw_wait_until_ready
                0x00000004        0x4 src/ASF/avr32/drivers/flashcdw/flashcdw.o
                0x00000004                flashcdw_wait_until_ready
 *(.gnu.linkonce.d.*personality*)

.data1
 *(.data1)

.balign         0x00000008        0x0 load address 0x80006b1c
                0x00000008                . = ALIGN (0x8)
                0x00000008                _edata = .
                0x00000008                _edata = .
                0x00000008                PROVIDE (edata, .)
                0x00000008                __bss_start = .

.bss            0x00000008      0x198 load address 0x80006b1c
 *(.dynbss)
 *(.bss .bss.* .gnu.linkonce.b.*)
 .bss.flashcdw_error_status
                0x00000008        0x4 src/ASF/avr32/drivers/flashcdw/flashcdw.o
 .bss.time_since_start
                0x0000000c        0x4 src/pid.o
                0x0000000c                time_since_start
 .bss.old_time  0x00000010        0x4 src/pid.o
                0x00000010                old_time
 .bss.pin_old.14653
                0x00000014        0x1 src/settings_t.o
 *fill*         0x00000015        0x3 
 .bss.twim_inst
                0x00000018        0x4 src/ASF/avr32/drivers/twim/twim.o
 .bss.twim_tx_data
                0x0000001c        0x4 src/ASF/avr32/drivers/twim/twim.o
 .bss.twim_rx_data
                0x00000020        0x4 src/ASF/avr32/drivers/twim/twim.o
 .bss.transfer_status
                0x00000024        0x4 src/ASF/avr32/drivers/twim/twim.o
 .bss.twim_tx_nb_bytes
                0x00000028        0x4 src/ASF/avr32/drivers/twim/twim.o
 .bss.twim_rx_nb_bytes
                0x0000002c        0x4 src/ASF/avr32/drivers/twim/twim.o
 .bss.twim_it_mask
                0x00000030        0x4 src/ASF/avr32/drivers/twim/twim.o
 .bss.twim_package
                0x00000034        0x4 src/ASF/avr32/drivers/twim/twim.o
 .bss.twim_next
                0x00000038        0x1 src/ASF/avr32/drivers/twim/twim.o
 *fill*         0x00000039        0x3 
 .bss._int_line_handler_table_0
                0x0000003c        0x4 src/ASF/avr32/drivers/intc/intc.o
 .bss._int_line_handler_table_1
                0x00000040       0x28 src/ASF/avr32/drivers/intc/intc.o
 .bss._int_line_handler_table_2
                0x00000068       0x1c src/ASF/avr32/drivers/intc/intc.o
 .bss._int_line_handler_table_3
                0x00000084       0x1c src/ASF/avr32/drivers/intc/intc.o
 .bss._int_line_handler_table_4
                0x000000a0        0x4 src/ASF/avr32/drivers/intc/intc.o
 .bss._int_line_handler_table_5
                0x000000a4        0x4 src/ASF/avr32/drivers/intc/intc.o
 .bss._int_line_handler_table_6
                0x000000a8        0x4 src/ASF/avr32/drivers/intc/intc.o
 .bss._int_line_handler_table_7
                0x000000ac        0x4 src/ASF/avr32/drivers/intc/intc.o
 .bss._int_line_handler_table_8
                0x000000b0        0x4 src/ASF/avr32/drivers/intc/intc.o
 .bss._int_line_handler_table_9
                0x000000b4        0x4 src/ASF/avr32/drivers/intc/intc.o
 .bss._int_line_handler_table_10
                0x000000b8        0x4 src/ASF/avr32/drivers/intc/intc.o
 .bss._int_line_handler_table_11
                0x000000bc        0x4 src/ASF/avr32/drivers/intc/intc.o
 .bss._int_line_handler_table_12
                0x000000c0        0x4 src/ASF/avr32/drivers/intc/intc.o
 .bss._int_line_handler_table_13
                0x000000c4        0x4 src/ASF/avr32/drivers/intc/intc.o
 .bss._int_line_handler_table_14
                0x000000c8        0xc src/ASF/avr32/drivers/intc/intc.o
 .bss._int_line_handler_table_15
                0x000000d4        0xc src/ASF/avr32/drivers/intc/intc.o
 .bss._int_line_handler_table_16
                0x000000e0        0x4 src/ASF/avr32/drivers/intc/intc.o
 .bss._int_line_handler_table_17
                0x000000e4        0x8 src/ASF/avr32/drivers/intc/intc.o
 .bss._int_line_handler_table_18
                0x000000ec        0x4 src/ASF/avr32/drivers/intc/intc.o
 .bss._int_line_handler_table_19
                0x000000f0       0x10 src/ASF/avr32/drivers/intc/intc.o
 .bss._int_line_handler_table_20
                0x00000100        0x4 src/ASF/avr32/drivers/intc/intc.o
 .bss._int_line_handler_table_21
                0x00000104        0x4 src/ASF/avr32/drivers/intc/intc.o
 *(COMMON)
 COMMON         0x00000108       0x4c src/com_spi.o
                0x00000108                app_euler
                0x00000110                speed_1
                0x00000120                sensor_euler
                0x00000128                throotle
                0x0000012c                speed
                0x0000013c                esc_timer_values
                0x0000014c                esc_timer_compare_values
 COMMON         0x00000154       0x4c src/settings_t.o
                0x00000154                set
                0x000001a0                . = ALIGN (0x8)
                0x000001a0                . = ALIGN (0x8)
                0x000001a0                _end = .
                0x000001a0                PROVIDE (end, .)
                0x000001a0                __heap_start__ = ALIGN (0x8)
                0x00003000                . = ((ORIGIN (CPUSRAM) + 0x3ffc) - _stack_size)
                0x00003000                __heap_end__ = .

.stab
 *(.stab)

.stabstr
 *(.stabstr)

.stab.excl
 *(.stab.excl)

.stab.exclstr
 *(.stab.exclstr)

.stab.index
 *(.stab.index)

.stab.indexstr
 *(.stab.indexstr)

.comment        0x00000000       0x30
 *(.comment)
 .comment       0x00000000       0x30 src/rtc.o
                                 0x31 (size before relaxing)
 .comment       0x00000000       0x31 src/ASF/avr32/drivers/flashcdw/flashcdw.o
 .comment       0x00000000       0x31 src/ASF/avr32/drivers/gpio/gpio.o
 .comment       0x00000000       0x31 src/ASF/avr32/drivers/pdca/pdca.o
 .comment       0x00000000       0x31 src/com_spi.o
 .comment       0x00000000       0x31 src/motor_control.o
 .comment       0x00000000       0x31 src/pid.o
 .comment       0x00000000       0x31 src/sensor.o
 .comment       0x00000000       0x31 src/settings_t.o
 .comment       0x00000000       0x31 src/ASF/avr32/drivers/tc/tc.o
 .comment       0x00000000       0x31 src/ASF/common/services/clock/uc3d/osc.o
 .comment       0x00000000       0x31 src/ASF/common/services/clock/uc3d/sysclk.o
 .comment       0x00000000       0x31 src/ASF/avr32/drivers/spi/spi.o
 .comment       0x00000000       0x31 src/ASF/avr32/drivers/twim/twim.o
 .comment       0x00000000       0x31 src/ASF/avr32/drivers/intc/intc.o
 .comment       0x00000000       0x31 src/ASF/common/boards/user_board/init.o
 .comment       0x00000000       0x31 src/main.o
 .comment       0x00000000       0x31 c:/program files (x86)/atmel/studio/7.0/toolchain/avr32/avr32-gnu-toolchain/bin/../lib/gcc/avr32/4.4.7/ucr3\libgcc.a(_udivdi3.o)

.debug
 *(.debug)

.line
 *(.line)

.debug_srcinfo
 *(.debug_srcinfo)

.debug_sfnames
 *(.debug_sfnames)

.debug_aranges  0x00000000      0xae8
 *(.debug_aranges)
 .debug_aranges
                0x00000000       0x78 src/rtc.o
 .debug_aranges
                0x00000078      0x260 src/ASF/avr32/drivers/flashcdw/flashcdw.o
 .debug_aranges
                0x000002d8      0x128 src/ASF/avr32/drivers/gpio/gpio.o
 .debug_aranges
                0x00000400       0xd0 src/ASF/avr32/drivers/pdca/pdca.o
 .debug_aranges
                0x000004d0       0x70 src/com_spi.o
 .debug_aranges
                0x00000540       0x90 src/motor_control.o
 .debug_aranges
                0x000005d0       0x40 src/pid.o
 .debug_aranges
                0x00000610       0xa0 src/sensor.o
 .debug_aranges
                0x000006b0       0x50 src/settings_t.o
 .debug_aranges
                0x00000700       0xb0 src/ASF/avr32/drivers/tc/tc.o
 .debug_aranges
                0x000007b0       0x40 src/ASF/common/services/clock/uc3d/osc.o
 .debug_aranges
                0x000007f0       0x80 src/ASF/common/services/clock/uc3d/sysclk.o
 .debug_aranges
                0x00000870       0xa8 src/ASF/avr32/drivers/spi/spi.o
 .debug_aranges
                0x00000918       0x88 src/ASF/avr32/drivers/twim/twim.o
 .debug_aranges
                0x000009a0       0x20 src/ASF/avr32/drivers/intc/exception.o
 .debug_aranges
                0x000009c0       0x40 src/ASF/avr32/drivers/intc/intc.o
 .debug_aranges
                0x00000a00       0x28 src/ASF/avr32/utils/startup/startup_uc3.o
 .debug_aranges
                0x00000a28       0x20 src/ASF/avr32/utils/startup/trampoline_uc3.o
 .debug_aranges
                0x00000a48       0x38 src/ASF/common/boards/user_board/init.o
 .debug_aranges
                0x00000a80       0x48 src/main.o
 .debug_aranges
                0x00000ac8       0x20 c:/program files (x86)/atmel/studio/7.0/toolchain/avr32/avr32-gnu-toolchain/bin/../lib/gcc/avr32/4.4.7/ucr3\libgcc.a(_udivdi3.o)

.debug_pubnames
                0x00000000     0x1933
 *(.debug_pubnames)
 .debug_pubnames
                0x00000000       0x5e src/rtc.o
 .debug_pubnames
                0x0000005e      0x950 src/ASF/avr32/drivers/flashcdw/flashcdw.o
 .debug_pubnames
                0x000009ae      0x3aa src/ASF/avr32/drivers/gpio/gpio.o
 .debug_pubnames
                0x00000d58      0x275 src/ASF/avr32/drivers/pdca/pdca.o
 .debug_pubnames
                0x00000fcd       0x97 src/com_spi.o
 .debug_pubnames
                0x00001064       0xd9 src/motor_control.o
 .debug_pubnames
                0x0000113d       0xfa src/pid.o
 .debug_pubnames
                0x00001237       0xb6 src/sensor.o
 .debug_pubnames
                0x000012ed       0x64 src/settings_t.o
 .debug_pubnames
                0x00001351      0x164 src/ASF/avr32/drivers/tc/tc.o
 .debug_pubnames
                0x000014b5       0x49 src/ASF/common/services/clock/uc3d/osc.o
 .debug_pubnames
                0x000014fe       0x8f src/ASF/common/services/clock/uc3d/sysclk.o
 .debug_pubnames
                0x0000158d      0x178 src/ASF/avr32/drivers/spi/spi.o
 .debug_pubnames
                0x00001705       0xd6 src/ASF/avr32/drivers/twim/twim.o
 .debug_pubnames
                0x000017db       0x62 src/ASF/avr32/drivers/intc/intc.o
 .debug_pubnames
                0x0000183d       0x53 src/ASF/common/boards/user_board/init.o
 .debug_pubnames
                0x00001890       0x83 src/main.o
 .debug_pubnames
                0x00001913       0x20 c:/program files (x86)/atmel/studio/7.0/toolchain/avr32/avr32-gnu-toolchain/bin/../lib/gcc/avr32/4.4.7/ucr3\libgcc.a(_udivdi3.o)

.debug_info     0x00000000    0x16c77
 *(.debug_info .gnu.linkonce.wi.*)
 .debug_info    0x00000000     0x14da src/rtc.o
 .debug_info    0x000014da     0x1df4 src/ASF/avr32/drivers/flashcdw/flashcdw.o
 .debug_info    0x000032ce      0xf72 src/ASF/avr32/drivers/gpio/gpio.o
 .debug_info    0x00004240      0xe75 src/ASF/avr32/drivers/pdca/pdca.o
 .debug_info    0x000050b5     0x2273 src/com_spi.o
 .debug_info    0x00007328     0x1825 src/motor_control.o
 .debug_info    0x00008b4d      0x695 src/pid.o
 .debug_info    0x000091e2     0x20d2 src/sensor.o
 .debug_info    0x0000b2b4      0xd34 src/settings_t.o
 .debug_info    0x0000bfe8     0x117d src/ASF/avr32/drivers/tc/tc.o
 .debug_info    0x0000d165     0x14ad src/ASF/common/services/clock/uc3d/osc.o
 .debug_info    0x0000e612     0x227d src/ASF/common/services/clock/uc3d/sysclk.o
 .debug_info    0x0001088f     0x1314 src/ASF/avr32/drivers/spi/spi.o
 .debug_info    0x00011ba3     0x120b src/ASF/avr32/drivers/twim/twim.o
 .debug_info    0x00012dae       0x89 src/ASF/avr32/drivers/intc/exception.o
 .debug_info    0x00012e37      0x5ee src/ASF/avr32/drivers/intc/intc.o
 .debug_info    0x00013425       0x88 src/ASF/avr32/utils/startup/startup_uc3.o
 .debug_info    0x000134ad       0x8f src/ASF/avr32/utils/startup/trampoline_uc3.o
 .debug_info    0x0001353c     0x14d3 src/ASF/common/boards/user_board/init.o
 .debug_info    0x00014a0f     0x1ced src/main.o
 .debug_info    0x000166fc      0x57b c:/program files (x86)/atmel/studio/7.0/toolchain/avr32/avr32-gnu-toolchain/bin/../lib/gcc/avr32/4.4.7/ucr3\libgcc.a(_udivdi3.o)

.debug_abbrev   0x00000000     0x2b13
 *(.debug_abbrev)
 .debug_abbrev  0x00000000      0x2dc src/rtc.o
 .debug_abbrev  0x000002dc      0x285 src/ASF/avr32/drivers/flashcdw/flashcdw.o
 .debug_abbrev  0x00000561      0x23f src/ASF/avr32/drivers/gpio/gpio.o
 .debug_abbrev  0x000007a0      0x215 src/ASF/avr32/drivers/pdca/pdca.o
 .debug_abbrev  0x000009b5      0x340 src/com_spi.o
 .debug_abbrev  0x00000cf5      0x342 src/motor_control.o
 .debug_abbrev  0x00001037      0x1fc src/pid.o
 .debug_abbrev  0x00001233      0x324 src/sensor.o
 .debug_abbrev  0x00001557      0x30b src/settings_t.o
 .debug_abbrev  0x00001862      0x21f src/ASF/avr32/drivers/tc/tc.o
 .debug_abbrev  0x00001a81      0x16e src/ASF/common/services/clock/uc3d/osc.o
 .debug_abbrev  0x00001bef      0x1cd src/ASF/common/services/clock/uc3d/sysclk.o
 .debug_abbrev  0x00001dbc      0x204 src/ASF/avr32/drivers/spi/spi.o
 .debug_abbrev  0x00001fc0      0x1ed src/ASF/avr32/drivers/twim/twim.o
 .debug_abbrev  0x000021ad       0x14 src/ASF/avr32/drivers/intc/exception.o
 .debug_abbrev  0x000021c1      0x1b6 src/ASF/avr32/drivers/intc/intc.o
 .debug_abbrev  0x00002377       0x12 src/ASF/avr32/utils/startup/startup_uc3.o
 .debug_abbrev  0x00002389       0x14 src/ASF/avr32/utils/startup/trampoline_uc3.o
 .debug_abbrev  0x0000239d      0x2b3 src/ASF/common/boards/user_board/init.o
 .debug_abbrev  0x00002650      0x369 src/main.o
 .debug_abbrev  0x000029b9      0x15a c:/program files (x86)/atmel/studio/7.0/toolchain/avr32/avr32-gnu-toolchain/bin/../lib/gcc/avr32/4.4.7/ucr3\libgcc.a(_udivdi3.o)

.debug_line     0x00000000     0xc242
 *(.debug_line)
 .debug_line    0x00000000      0xd80 src/rtc.o
 .debug_line    0x00000d80      0xcf4 src/ASF/avr32/drivers/flashcdw/flashcdw.o
 .debug_line    0x00001a74      0x9e0 src/ASF/avr32/drivers/gpio/gpio.o
 .debug_line    0x00002454      0x863 src/ASF/avr32/drivers/pdca/pdca.o
 .debug_line    0x00002cb7      0xe3e src/com_spi.o
 .debug_line    0x00003af5      0xe77 src/motor_control.o
 .debug_line    0x0000496c      0xceb src/pid.o
 .debug_line    0x00005657      0xf17 src/sensor.o
 .debug_line    0x0000656e      0xd3c src/settings_t.o
 .debug_line    0x000072aa      0x85a src/ASF/avr32/drivers/tc/tc.o
 .debug_line    0x00007b04      0x78c src/ASF/common/services/clock/uc3d/osc.o
 .debug_line    0x00008290      0x8cc src/ASF/common/services/clock/uc3d/sysclk.o
 .debug_line    0x00008b5c      0x83a src/ASF/avr32/drivers/spi/spi.o
 .debug_line    0x00009396      0x958 src/ASF/avr32/drivers/twim/twim.o
 .debug_line    0x00009cee      0x109 src/ASF/avr32/drivers/intc/exception.o
 .debug_line    0x00009df7      0x6ca src/ASF/avr32/drivers/intc/intc.o
 .debug_line    0x0000a4c1       0xf2 src/ASF/avr32/utils/startup/startup_uc3.o
 .debug_line    0x0000a5b3       0x67 src/ASF/avr32/utils/startup/trampoline_uc3.o
 .debug_line    0x0000a61a      0xcd7 src/ASF/common/boards/user_board/init.o
 .debug_line    0x0000b2f1      0xd7c src/main.o
 .debug_line    0x0000c06d      0x1d5 c:/program files (x86)/atmel/studio/7.0/toolchain/avr32/avr32-gnu-toolchain/bin/../lib/gcc/avr32/4.4.7/ucr3\libgcc.a(_udivdi3.o)

.debug_frame    0x00000000     0x20d0
 *(.debug_frame)
 .debug_frame   0x00000000      0x160 src/rtc.o
 .debug_frame   0x00000160      0x860 src/ASF/avr32/drivers/flashcdw/flashcdw.o
 .debug_frame   0x000009c0      0x3c8 src/ASF/avr32/drivers/gpio/gpio.o
 .debug_frame   0x00000d88      0x294 src/ASF/avr32/drivers/pdca/pdca.o
 .debug_frame   0x0000101c      0x144 src/com_spi.o
 .debug_frame   0x00001160      0x1b4 src/motor_control.o
 .debug_frame   0x00001314       0xbc src/pid.o
 .debug_frame   0x000013d0      0x21c src/sensor.o
 .debug_frame   0x000015ec       0xd4 src/settings_t.o
 .debug_frame   0x000016c0      0x224 src/ASF/avr32/drivers/tc/tc.o
 .debug_frame   0x000018e4       0x9c src/ASF/common/services/clock/uc3d/osc.o
 .debug_frame   0x00001980      0x17c src/ASF/common/services/clock/uc3d/sysclk.o
 .debug_frame   0x00001afc      0x208 src/ASF/avr32/drivers/spi/spi.o
 .debug_frame   0x00001d04      0x198 src/ASF/avr32/drivers/twim/twim.o
 .debug_frame   0x00001e9c       0x9c src/ASF/avr32/drivers/intc/intc.o
 .debug_frame   0x00001f38       0x80 src/ASF/common/boards/user_board/init.o
 .debug_frame   0x00001fb8       0xd4 src/main.o
 .debug_frame   0x0000208c       0x44 c:/program files (x86)/atmel/studio/7.0/toolchain/avr32/avr32-gnu-toolchain/bin/../lib/gcc/avr32/4.4.7/ucr3\libgcc.a(_udivdi3.o)

.debug_str      0x00000000     0x4e54
 *(.debug_str)
 .debug_str     0x00000000      0x652 src/rtc.o
                                0x705 (size before relaxing)
 .debug_str     0x00000652      0xca6 src/ASF/avr32/drivers/flashcdw/flashcdw.o
                                0xe5e (size before relaxing)
 .debug_str     0x000012f8      0x38c src/ASF/avr32/drivers/gpio/gpio.o
                                0x6d2 (size before relaxing)
 .debug_str     0x00001684      0x4e4 src/ASF/avr32/drivers/pdca/pdca.o
                                0x609 (size before relaxing)
 .debug_str     0x00001b68      0x500 src/com_spi.o
                                0xc54 (size before relaxing)
 .debug_str     0x00002068      0x357 src/motor_control.o
                                0x8d3 (size before relaxing)
 .debug_str     0x000023bf      0x18c src/pid.o
                                0x3f8 (size before relaxing)
 .debug_str     0x0000254b     0x12f0 src/sensor.o
                               0x1903 (size before relaxing)
 .debug_str     0x0000383b       0xbc src/settings_t.o
                                0x5ef (size before relaxing)
 .debug_str     0x000038f7      0x14c src/ASF/avr32/drivers/tc/tc.o
                                0x4c6 (size before relaxing)
 .debug_str     0x00003a43      0x629 src/ASF/common/services/clock/uc3d/osc.o
                                0x7a4 (size before relaxing)
 .debug_str     0x0000406c      0x42e src/ASF/common/services/clock/uc3d/sysclk.o
                                0xbb6 (size before relaxing)
 .debug_str     0x0000449a      0x1f0 src/ASF/avr32/drivers/spi/spi.o
                                0x650 (size before relaxing)
 .debug_str     0x0000468a      0x239 src/ASF/avr32/drivers/twim/twim.o
                                0x713 (size before relaxing)
 .debug_str     0x000048c3      0x3b3 src/ASF/avr32/drivers/intc/intc.o
                                0x4af (size before relaxing)
 .debug_str     0x00004c76       0x47 src/ASF/common/boards/user_board/init.o
                                0x70a (size before relaxing)
 .debug_str     0x00004cbd       0x45 src/main.o
                               0x1771 (size before relaxing)
 .debug_str     0x00004d02      0x152 c:/program files (x86)/atmel/studio/7.0/toolchain/avr32/avr32-gnu-toolchain/bin/../lib/gcc/avr32/4.4.7/ucr3\libgcc.a(_udivdi3.o)
                                0x207 (size before relaxing)

.debug_loc      0x00000000     0x3690
 *(.debug_loc)
 .debug_loc     0x00000000      0x204 src/rtc.o
 .debug_loc     0x00000204      0xc43 src/ASF/avr32/drivers/flashcdw/flashcdw.o
 .debug_loc     0x00000e47      0x5b6 src/ASF/avr32/drivers/gpio/gpio.o
 .debug_loc     0x000013fd      0x3dd src/ASF/avr32/drivers/pdca/pdca.o
 .debug_loc     0x000017da      0x1d9 src/com_spi.o
 .debug_loc     0x000019b3      0x285 src/motor_control.o
 .debug_loc     0x00001c38       0xd7 src/pid.o
 .debug_loc     0x00001d0f      0x2db src/sensor.o
 .debug_loc     0x00001fea      0x12d src/settings_t.o
 .debug_loc     0x00002117      0x331 src/ASF/avr32/drivers/tc/tc.o
 .debug_loc     0x00002448       0xd7 src/ASF/common/services/clock/uc3d/osc.o
 .debug_loc     0x0000251f      0x22f src/ASF/common/services/clock/uc3d/sysclk.o
 .debug_loc     0x0000274e      0x306 src/ASF/avr32/drivers/spi/spi.o
 .debug_loc     0x00002a54      0x25a src/ASF/avr32/drivers/twim/twim.o
 .debug_loc     0x00002cae       0xd7 src/ASF/avr32/drivers/intc/intc.o
 .debug_loc     0x00002d85       0xac src/ASF/common/boards/user_board/init.o
 .debug_loc     0x00002e31      0x102 src/main.o
 .debug_loc     0x00002f33      0x75d c:/program files (x86)/atmel/studio/7.0/toolchain/avr32/avr32-gnu-toolchain/bin/../lib/gcc/avr32/4.4.7/ucr3\libgcc.a(_udivdi3.o)

.debug_macinfo  0x00000000  0x11488b6
 *(.debug_macinfo)
 .debug_macinfo
                0x00000000   0x10225e src/rtc.o
 .debug_macinfo
                0x0010225e    0xfdbf3 src/ASF/avr32/drivers/flashcdw/flashcdw.o
 .debug_macinfo
                0x001ffe51    0xfdcad src/ASF/avr32/drivers/gpio/gpio.o
 .debug_macinfo
                0x002fdafe    0xfdbef src/ASF/avr32/drivers/pdca/pdca.o
 .debug_macinfo
                0x003fb6ed   0x10c383 src/com_spi.o
 .debug_macinfo
                0x00507a70   0x10c214 src/motor_control.o
 .debug_macinfo
                0x00613c84   0x10c237 src/pid.o
 .debug_macinfo
                0x0071febb   0x10c1c6 src/sensor.o
 .debug_macinfo
                0x0082c081   0x10c1fc src/settings_t.o
 .debug_macinfo
                0x0093827d    0xfe392 src/ASF/avr32/drivers/tc/tc.o
 .debug_macinfo
                0x00a3660f    0xff418 src/ASF/common/services/clock/uc3d/osc.o
 .debug_macinfo
                0x00b35a27   0x1002ad src/ASF/common/services/clock/uc3d/sysclk.o
 .debug_macinfo
                0x00c35cd4    0xfdafb src/ASF/avr32/drivers/spi/spi.o
 .debug_macinfo
                0x00d337cf    0xfeedd src/ASF/avr32/drivers/twim/twim.o
 .debug_macinfo
                0x00e326ac    0xfdd5a src/ASF/avr32/drivers/intc/intc.o
 .debug_macinfo
                0x00f30406   0x10c249 src/ASF/common/boards/user_board/init.o
 .debug_macinfo
                0x0103c64f   0x10c267 src/main.o

.debug_weaknames
 *(.debug_weaknames)

.debug_funcnames
 *(.debug_funcnames)

.debug_typenames
 *(.debug_typenames)

.debug_varnames
 *(.debug_varnames)

.stack          0x00003000     0x1000
                0x00003000                _stack = .
 *(.stack)
                0x00001000                . = _stack_size
 *fill*         0x00003000     0x1000 
                0x00004000                _estack = .

.userpage
 *(.userpage .userpage.*)

.factorypage
 *(.factorypage .factorypage.*)

/DISCARD/
 *(.note.GNU-stack)
OUTPUT(Regler 2.elf elf32-avr32)

.debug_ranges   0x00000000      0xa70
 .debug_ranges  0x00000000       0x70 src/rtc.o
 .debug_ranges  0x00000070      0x258 src/ASF/avr32/drivers/flashcdw/flashcdw.o
 .debug_ranges  0x000002c8      0x120 src/ASF/avr32/drivers/gpio/gpio.o
 .debug_ranges  0x000003e8       0xc8 src/ASF/avr32/drivers/pdca/pdca.o
 .debug_ranges  0x000004b0       0x68 src/com_spi.o
 .debug_ranges  0x00000518       0x88 src/motor_control.o
 .debug_ranges  0x000005a0       0x38 src/pid.o
 .debug_ranges  0x000005d8       0x98 src/sensor.o
 .debug_ranges  0x00000670       0x48 src/settings_t.o
 .debug_ranges  0x000006b8       0xa8 src/ASF/avr32/drivers/tc/tc.o
 .debug_ranges  0x00000760       0x38 src/ASF/common/services/clock/uc3d/osc.o
 .debug_ranges  0x00000798       0x78 src/ASF/common/services/clock/uc3d/sysclk.o
 .debug_ranges  0x00000810       0xa0 src/ASF/avr32/drivers/spi/spi.o
 .debug_ranges  0x000008b0       0x80 src/ASF/avr32/drivers/twim/twim.o
 .debug_ranges  0x00000930       0x38 src/ASF/avr32/drivers/intc/intc.o
 .debug_ranges  0x00000968       0x20 src/ASF/avr32/utils/startup/startup_uc3.o
 .debug_ranges  0x00000988       0x30 src/ASF/common/boards/user_board/init.o
 .debug_ranges  0x000009b8       0x40 src/main.o
 .debug_ranges  0x000009f8       0x78 c:/program files (x86)/atmel/studio/7.0/toolchain/avr32/avr32-gnu-toolchain/bin/../lib/gcc/avr32/4.4.7/ucr3\libgcc.a(_udivdi3.o)
