Archive member included because of file (symbol)

c:/program files (x86)/atmel/studio/7.0/toolchain/avr32/avr32-gnu-toolchain/bin/../lib/gcc/avr32/4.4.7/ucr3\libgcc.a(_udivdi3.o)
                              src/ast_rtc.o (__avr32_udiv64)
c:/program files (x86)/atmel/studio/7.0/toolchain/avr32/avr32-gnu-toolchain/bin/../lib/gcc/avr32/4.4.7/../../../../avr32/lib/ucr3\libc.a(lib_a-memcpy.o)
                              src/motor_control.o (memcpy)
c:/program files (x86)/atmel/studio/7.0/toolchain/avr32/avr32-gnu-toolchain/bin/../lib/gcc/avr32/4.4.7/../../../../avr32/lib/ucr3\libc.a(lib_a-sprintf.o)
                              src/pid.o (sprintf)
c:/program files (x86)/atmel/studio/7.0/toolchain/avr32/avr32-gnu-toolchain/bin/../lib/gcc/avr32/4.4.7/../../../../avr32/lib/ucr3\libc.a(lib_a-vfprintf.o)
                              c:/program files (x86)/atmel/studio/7.0/toolchain/avr32/avr32-gnu-toolchain/bin/../lib/gcc/avr32/4.4.7/../../../../avr32/lib/ucr3\libc.a(lib_a-sprintf.o) (_vfprintf_r)
c:/program files (x86)/atmel/studio/7.0/toolchain/avr32/avr32-gnu-toolchain/bin/../lib/gcc/avr32/4.4.7/../../../../avr32/lib/ucr3\libc.a(lib_a-wsetup.o)
                              c:/program files (x86)/atmel/studio/7.0/toolchain/avr32/avr32-gnu-toolchain/bin/../lib/gcc/avr32/4.4.7/../../../../avr32/lib/ucr3\libc.a(lib_a-vfprintf.o) (__swsetup_r)
c:/program files (x86)/atmel/studio/7.0/toolchain/avr32/avr32-gnu-toolchain/bin/../lib/gcc/avr32/4.4.7/../../../../avr32/lib/ucr3\libc.a(lib_a-dtoa.o)
                              c:/program files (x86)/atmel/studio/7.0/toolchain/avr32/avr32-gnu-toolchain/bin/../lib/gcc/avr32/4.4.7/../../../../avr32/lib/ucr3\libc.a(lib_a-vfprintf.o) (_dtoa_r)
c:/program files (x86)/atmel/studio/7.0/toolchain/avr32/avr32-gnu-toolchain/bin/../lib/gcc/avr32/4.4.7/../../../../avr32/lib/ucr3\libc.a(lib_a-fflush.o)
                              c:/program files (x86)/atmel/studio/7.0/toolchain/avr32/avr32-gnu-toolchain/bin/../lib/gcc/avr32/4.4.7/../../../../avr32/lib/ucr3\libc.a(lib_a-vfprintf.o) (_fflush_r)
c:/program files (x86)/atmel/studio/7.0/toolchain/avr32/avr32-gnu-toolchain/bin/../lib/gcc/avr32/4.4.7/../../../../avr32/lib/ucr3\libc.a(lib_a-findfp.o)
                              c:/program files (x86)/atmel/studio/7.0/toolchain/avr32/avr32-gnu-toolchain/bin/../lib/gcc/avr32/4.4.7/../../../../avr32/lib/ucr3\libc.a(lib_a-vfprintf.o) (__sinit)
c:/program files (x86)/atmel/studio/7.0/toolchain/avr32/avr32-gnu-toolchain/bin/../lib/gcc/avr32/4.4.7/../../../../avr32/lib/ucr3\libc.a(lib_a-freer.o)
                              c:/program files (x86)/atmel/studio/7.0/toolchain/avr32/avr32-gnu-toolchain/bin/../lib/gcc/avr32/4.4.7/../../../../avr32/lib/ucr3\libc.a(lib_a-wsetup.o) (_free_r)
c:/program files (x86)/atmel/studio/7.0/toolchain/avr32/avr32-gnu-toolchain/bin/../lib/gcc/avr32/4.4.7/../../../../avr32/lib/ucr3\libc.a(lib_a-fvwrite.o)
                              c:/program files (x86)/atmel/studio/7.0/toolchain/avr32/avr32-gnu-toolchain/bin/../lib/gcc/avr32/4.4.7/../../../../avr32/lib/ucr3\libc.a(lib_a-vfprintf.o) (__sfvwrite_r)
c:/program files (x86)/atmel/studio/7.0/toolchain/avr32/avr32-gnu-toolchain/bin/../lib/gcc/avr32/4.4.7/../../../../avr32/lib/ucr3\libc.a(lib_a-fwalk.o)
                              c:/program files (x86)/atmel/studio/7.0/toolchain/avr32/avr32-gnu-toolchain/bin/../lib/gcc/avr32/4.4.7/../../../../avr32/lib/ucr3\libc.a(lib_a-fflush.o) (_fwalk_reent)
c:/program files (x86)/atmel/studio/7.0/toolchain/avr32/avr32-gnu-toolchain/bin/../lib/gcc/avr32/4.4.7/../../../../avr32/lib/ucr3\libc.a(lib_a-impure.o)
                              c:/program files (x86)/atmel/studio/7.0/toolchain/avr32/avr32-gnu-toolchain/bin/../lib/gcc/avr32/4.4.7/../../../../avr32/lib/ucr3\libc.a(lib_a-sprintf.o) (_impure_ptr)
c:/program files (x86)/atmel/studio/7.0/toolchain/avr32/avr32-gnu-toolchain/bin/../lib/gcc/avr32/4.4.7/../../../../avr32/lib/ucr3\libc.a(lib_a-locale.o)
                              c:/program files (x86)/atmel/studio/7.0/toolchain/avr32/avr32-gnu-toolchain/bin/../lib/gcc/avr32/4.4.7/../../../../avr32/lib/ucr3\libc.a(lib_a-vfprintf.o) (_localeconv_r)
c:/program files (x86)/atmel/studio/7.0/toolchain/avr32/avr32-gnu-toolchain/bin/../lib/gcc/avr32/4.4.7/../../../../avr32/lib/ucr3\libc.a(lib_a-makebuf.o)
                              c:/program files (x86)/atmel/studio/7.0/toolchain/avr32/avr32-gnu-toolchain/bin/../lib/gcc/avr32/4.4.7/../../../../avr32/lib/ucr3\libc.a(lib_a-wsetup.o) (__smakebuf_r)
c:/program files (x86)/atmel/studio/7.0/toolchain/avr32/avr32-gnu-toolchain/bin/../lib/gcc/avr32/4.4.7/../../../../avr32/lib/ucr3\libc.a(lib_a-malloc.o)
                              c:/program files (x86)/atmel/studio/7.0/toolchain/avr32/avr32-gnu-toolchain/bin/../lib/gcc/avr32/4.4.7/../../../../avr32/lib/ucr3\libc.a(lib_a-dtoa.o) (malloc)
[...]
Memory Configuration

Name             Origin             Length             Attributes
FLASH            0x80000000         0x00010000         axrl !w
CPUSRAM          0x00000004         0x00003ffc         axw !rl
USERPAGE         0x80800000         0x00000100
FACTORYPAGE      0x80800100         0x00000100
*default*        0x00000000         0xffffffff

Linker script and memory map

                0x00001000                _stack_size = 0x1000
LOAD src/ASF/avr32/drivers/ast/ast.o
LOAD src/ast_rtc.o
LOAD src/ASF/avr32/drivers/flashcdw/flashcdw.o
LOAD src/ASF/avr32/drivers/gpio/gpio.o
LOAD src/ASF/avr32/drivers/pdca/pdca.o
LOAD src/ASF/avr32/drivers/pm/pm_uc3d.o
LOAD src/ASF/avr32/drivers/scif/scif_uc3d.o
LOAD src/ASF/avr32/drivers/wdt/wdt4.o
LOAD src/communcation.o
LOAD src/motor_control.o
LOAD src/pid.o
LOAD src/sensor.o
LOAD src/settings_t.o
LOAD src/ASF/avr32/drivers/tc/tc.o
LOAD src/ASF/common/services/spi/uc3_spi/spi_master.o
LOAD src/ASF/common/services/sleepmgr/uc3/sleepmgr.o
LOAD src/ASF/common/services/serial/usart_serial.o
LOAD src/ASF/common/services/clock/uc3d/osc.o
LOAD src/ASF/common/services/clock/uc3d/pll.o
LOAD src/ASF/common/services/clock/uc3d/sysclk.o
LOAD src/ASF/avr32/drivers/pm/power_clocks_lib.o
LOAD src/ASF/avr32/drivers/pwma/pwma.o
LOAD src/ASF/avr32/drivers/spi/spi.o
LOAD src/ASF/avr32/drivers/twim/twim.o
LOAD src/ASF/avr32/drivers/twis/twis.o
LOAD src/ASF/avr32/drivers/usart/usart.o
LOAD src/ASF/avr32/drivers/intc/exception.o
LOAD src/ASF/avr32/drivers/intc/intc.o
LOAD src/ASF/avr32/utils/startup/startup_uc3.o
LOAD src/ASF/avr32/utils/startup/trampoline_uc3.o
LOAD src/ASF/common/boards/user_board/init.o
LOAD src/main.o
START GROUP
LOAD c:/program files (x86)/atmel/studio/7.0/toolchain/avr32/avr32-gnu-toolchain/bin/../lib/gcc/avr32/4.4.7/../../../../avr32/lib/ucr3\libm.a
END GROUP
LOAD c:/program files (x86)/atmel/studio/7.0/toolchain/avr32/avr32-gnu-toolchain/bin/../lib/gcc/avr32/4.4.7/ucr3\libgcc.a
LOAD c:/program files (x86)/atmel/studio/7.0/toolchain/avr32/avr32-gnu-toolchain/bin/../lib/gcc/avr32/4.4.7/../../../../avr32/lib/ucr3\libc.a
LOAD c:/program files (x86)/atmel/studio/7.0/toolchain/avr32/avr32-gnu-toolchain/bin/../lib/gcc/avr32/4.4.7/ucr3\libgcc.a
                0x80000000                PROVIDE (__executable_start, 0x80000000)
                0x80000000                . = 0x80000000

.interp
 *(.interp)

.reset          0x80000000     0x2004
 *(.reset)
 .reset         0x80000000     0x2004 src/ASF/avr32/utils/startup/trampoline_uc3.o
                               0x2008 (size before relaxing)
                0x80000000                _trampoline

.hash
 *(.hash)

.dynsym
 *(.dynsym)

.dynstr
 *(.dynstr)

.gnu.version
 *(.gnu.version)

.gnu.version_d
 *(.gnu.version_d)

.gnu.version_r
 *(.gnu.version_r)

.rel.init
 *(.rel.init)

.rela.init
 *(.rela.init)

.rel.text
 *(.rel.text .rel.text.* .rel.gnu.linkonce.t.*)

.rela.text
 *(.rela.text .rela.text.* .rela.gnu.linkonce.t.*)

.rel.fini
 *(.rel.fini)

.rela.fini
 *(.rela.fini)

.rel.rodata
 *(.rel.rodata .rel.rodata.* .rel.gnu.linkonce.r.*)

.rela.rodata
 *(.rela.rodata .rela.rodata.* .rela.gnu.linkonce.r.*)

.rel.data.rel.ro
 *(.rel.data.rel.ro*)

.rela.data.rel.ro
 *(.rel.data.rel.ro*)

.rel.data
 *(.rel.data .rel.data.* .rel.gnu.linkonce.d.*)

.rela.data
 *(.rela.data .rela.data.* .rela.gnu.linkonce.d.*)

.rel.tdata
 *(.rel.tdata .rel.tdata.* .rel.gnu.linkonce.td.*)

.rela.tdata
 *(.rela.tdata .rela.tdata.* .rela.gnu.linkonce.td.*)

.rel.tbss
 *(.rel.tbss .rel.tbss.* .rel.gnu.linkonce.tb.*)

.rela.tbss
 *(.rela.tbss .rela.tbss.* .rela.gnu.linkonce.tb.*)

.rel.ctors
 *(.rel.ctors)

.rela.ctors
 *(.rela.ctors)

.rel.dtors
 *(.rel.dtors)

.rela.dtors
 *(.rela.dtors)

.rel.got
 *(.rel.got)

.rela.got       0x80002004        0x0
 *(.rela.got)
 .rela.got      0x80002004        0x0 src/ASF/avr32/drivers/flashcdw/flashcdw.o

.rel.bss
 *(.rel.bss .rel.bss.* .rel.gnu.linkonce.b.*)

.rela.bss
 *(.rela.bss .rela.bss.* .rela.gnu.linkonce.b.*)

.rel.plt
 *(.rel.plt)

.rela.plt
 *(.rela.plt)

.init
 *(.init)

.plt
 *(.plt)

.text           0x80002004     0xad80
 *(.text .stub .text.* .gnu.linkonce.t.*)
 .text.ast_is_busy
                0x80002004       0x22 src/ASF/avr32/drivers/ast/ast.o
 .text.ast_is_clkbusy
                0x80002026       0x22 src/ASF/avr32/drivers/ast/ast.o
 .text.ast_enable
                0x80002048       0x44 src/ASF/avr32/drivers/ast/ast.o
                0x80002048                ast_enable
 .text.ast_init_counter
                0x8000208c      0x108 src/ASF/avr32/drivers/ast/ast.o
                0x8000208c                ast_init_counter
 .text.ast_set_counter_value
                0x80002194       0x40 src/ASF/avr32/drivers/ast/ast.o
                0x80002194                ast_set_counter_value
 .text.ast_set_periodic0_value
                0x800021d4       0x40 src/ASF/avr32/drivers/ast/ast.o
                0x800021d4                ast_set_periodic0_value
 .text.ast_set_periodic1_value
                0x80002214       0x40 src/ASF/avr32/drivers/ast/ast.o
                0x80002214                ast_set_periodic1_value
 .text.ast_clear_status_flag
                0x80002254       0x40 src/ASF/avr32/drivers/ast/ast.o
                0x80002254                ast_clear_status_flag
 .text.ast_enable_interrupt
                0x80002294       0x48 src/ASF/avr32/drivers/ast/ast.o
                0x80002294                ast_enable_interrupt
 .text.ast_enable_periodic_interrupt
                0x800022dc       0x44 src/ASF/avr32/drivers/ast/ast.o
                0x800022dc                ast_enable_periodic_interrupt
 .text.cpu_irq_save
                0x80002320       0x1e src/ast_rtc.o
 .text.cpu_irq_is_enabled_flags
                0x8000233e       0x20 src/ast_rtc.o
 *fill*         0x8000235e        0x2 d703d703
 .text.cpu_irq_restore
                0x80002360       0x28 src/ast_rtc.o
 .text.sysclk_enable_hsb_module
                0x80002388       0x20 src/ast_rtc.o
 .text.sysclk_enable_pba_module
                0x800023a8       0x20 src/ast_rtc.o
 .text.sysclk_enable_pbb_module
                0x800023c8       0x20 src/ast_rtc.o
 .text.sysclk_enable_peripheral_clock
                0x800023e8      0x1c8 src/ast_rtc.o
 .text.sleepmgr_lock_mode
                0x800025b0       0x58 src/ast_rtc.o
 .text.ast_init
                0x80002608       0x50 src/ast_rtc.o
                0x80002608                ast_init
 .text.ast_get_per_time_ms
                0x80002658       0x60 src/ast_rtc.o
                0x80002658                ast_get_per_time_ms
 .text.ast_per0_interrupt_handler
                0x800026b8       0x24 src/ast_rtc.o
 .text.ast_per1_interrupt_handler
                0x800026dc       0x1c src/ast_rtc.o
 .text.ast_set_periodic_interrupt
                0x800026f8       0xb4 src/ast_rtc.o
                0x800026f8                ast_set_periodic_interrupt
 .text.flashcdw_set_wait_state
                0x800027ac       0x46 src/ASF/avr32/drivers/flashcdw/flashcdw.o
                0x800027ac                flashcdw_set_wait_state
 *fill*         0x800027f2        0x2 d703d703
 .text.flashcdw_set_flash_waitstate_and_readmode
                0x800027f4       0x6c src/ASF/avr32/drivers/flashcdw/flashcdw.o
                0x800027f4                flashcdw_set_flash_waitstate_and_readmode
 .text.flashcdw_is_ready
                0x80002860       0x18 src/ASF/avr32/drivers/flashcdw/flashcdw.o
                0x80002860                flashcdw_is_ready
 .text.flashcdw_default_wait_until_ready
                0x80002878       0x1c src/ASF/avr32/drivers/flashcdw/flashcdw.o
                0x80002878                flashcdw_default_wait_until_ready
 .text.flashcdw_get_error_status
                0x80002894       0x16 src/ASF/avr32/drivers/flashcdw/flashcdw.o
 *fill*         0x800028aa        0x2 d703d703
 .text.flashcdw_issue_command
                0x800028ac       0x88 src/ASF/avr32/drivers/flashcdw/flashcdw.o
                0x800028ac                flashcdw_issue_command
 .text.flashcdw_clear_page_buffer
                0x80002934       0x18 src/ASF/avr32/drivers/flashcdw/flashcdw.o
                0x80002934                flashcdw_clear_page_buffer
 .text.flashcdw_is_page_erased
                0x8000294c       0x1a src/ASF/avr32/drivers/flashcdw/flashcdw.o
                0x8000294c                flashcdw_is_page_erased
 *fill*         0x80002966        0x2 d703d703
 .text.flashcdw_quick_page_read
                0x80002968       0x2c src/ASF/avr32/drivers/flashcdw/flashcdw.o
                0x80002968                flashcdw_quick_page_read
 .text.flashcdw_erase_page
                0x80002994       0x68 src/ASF/avr32/drivers/flashcdw/flashcdw.o
                0x80002994                flashcdw_erase_page
 .text.flashcdw_write_page
                0x800029fc       0x20 src/ASF/avr32/drivers/flashcdw/flashcdw.o
                0x800029fc                flashcdw_write_page
 .text.flashcdw_quick_user_page_read
                0x80002a1c       0x24 src/ASF/avr32/drivers/flashcdw/flashcdw.o
                0x80002a1c                flashcdw_quick_user_page_read
 .text.flashcdw_erase_user_page
                0x80002a40       0x3c src/ASF/avr32/drivers/flashcdw/flashcdw.o
                0x80002a40                flashcdw_erase_user_page
 .text.flashcdw_write_user_page
                0x80002a7c       0x18 src/ASF/avr32/drivers/flashcdw/flashcdw.o
                0x80002a7c                flashcdw_write_user_page
 .text.flashcdw_memcpy
                0x80002a94      0x1b0 src/ASF/avr32/drivers/flashcdw/flashcdw.o
                0x80002a94                flashcdw_memcpy
 .text.gpio_enable_module
                0x80002c44       0x70 src/ASF/avr32/drivers/gpio/gpio.o
                0x80002c44                gpio_enable_module
 .text.gpio_enable_module_pin
                0x80002cb4      0x27c src/ASF/avr32/drivers/gpio/gpio.o
                0x80002cb4                gpio_enable_module_pin
 .text.cpu_irq_save
                0x80002f30       0x1e src/ASF/avr32/drivers/pdca/pdca.o
 .text.cpu_irq_is_enabled_flags
                0x80002f4e       0x20 src/ASF/avr32/drivers/pdca/pdca.o
 *fill*         0x80002f6e        0x2 d703d703
 .text.cpu_irq_restore
                0x80002f70       0x28 src/ASF/avr32/drivers/pdca/pdca.o
 .text.pdca_get_handler
                0x80002f98       0x3a src/ASF/avr32/drivers/pdca/pdca.o
                0x80002f98                pdca_get_handler
 *fill*         0x80002fd2        0x2 d703d703
 .text.pdca_init_channel
                0x80002fd4       0xd0 src/ASF/avr32/drivers/pdca/pdca.o
                0x80002fd4                pdca_init_channel
 .text.pdca_disable
                0x800030a4       0x30 src/ASF/avr32/drivers/pdca/pdca.o
                0x800030a4                pdca_disable
 .text.pdca_enable
                0x800030d4       0x30 src/ASF/avr32/drivers/pdca/pdca.o
                0x800030d4                pdca_enable
 .text.pdca_disable_interrupt_transfer_complete
                0x80003104       0x50 src/ASF/avr32/drivers/pdca/pdca.o
                0x80003104                pdca_disable_interrupt_transfer_complete
 .text.pdca_enable_interrupt_transfer_complete
                0x80003154       0x30 src/ASF/avr32/drivers/pdca/pdca.o
                0x80003154                pdca_enable_interrupt_transfer_complete
 .text.pdca_disable_interrupt_reload_counter_zero
                0x80003184       0x50 src/ASF/avr32/drivers/pdca/pdca.o
                0x80003184                pdca_disable_interrupt_reload_counter_zero
 .text.scif_start_gclk
                0x800031d4       0x70 src/ASF/avr32/drivers/scif/scif_uc3d.o
                0x800031d4                scif_start_gclk
 .text.cpu_irq_save
                0x80003244       0x1e src/communcation.o
 .text.cpu_irq_is_enabled_flags
                0x80003262       0x20 src/communcation.o
 *fill*         0x80003282        0x2 d703d703
 .text.cpu_irq_restore
                0x80003284       0x28 src/communcation.o
 .text.sysclk_get_main_hz
                0x800032ac       0x14 src/communcation.o
 .text.sysclk_get_pba_hz
                0x800032c0       0x18 src/communcation.o
 .text.sysclk_enable_hsb_module
                0x800032d8       0x20 src/communcation.o
 .text.sysclk_enable_pba_module
                0x800032f8       0x20 src/communcation.o
 .text.sysclk_enable_pbb_module
                0x80003318       0x20 src/communcation.o
 .text.sysclk_enable_peripheral_clock
                0x80003338      0x1c8 src/communcation.o
 .text.ioport_set_pin_dir
                0x80003500       0xb4 src/communcation.o
 .text.ioport_set_pin_level
                0x800035b4       0xb2 src/communcation.o
 .text.spi_put  0x80003666       0x22 src/communcation.o
 .text.spi_get  0x80003688       0x1c src/communcation.o
 .text.sleepmgr_lock_mode
                0x800036a4       0x58 src/communcation.o
 .text.com_spi_interrupt_handler
                0x800036fc      0x1c0 src/communcation.o
 .text.com_pdca_interrupt_handler
                0x800038bc       0x30 src/communcation.o
 .text.com_spi_init
                0x800038ec       0xd4 src/communcation.o
                0x800038ec                com_spi_init
 .text.usart_init
                0x800039c0       0x80 src/communcation.o
                0x800039c0                usart_init
 .text.cpu_irq_save
                0x80003a40       0x1e src/motor_control.o
 .text.cpu_irq_is_enabled_flags
                0x80003a5e       0x20 src/motor_control.o
 *fill*         0x80003a7e        0x2 d703d703
 .text.cpu_irq_restore
                0x80003a80       0x28 src/motor_control.o
 .text.sysclk_get_main_hz
                0x80003aa8       0x14 src/motor_control.o
 .text.sysclk_get_pba_hz
                0x80003abc       0x18 src/motor_control.o
 .text.sysclk_enable_hsb_module
                0x80003ad4       0x20 src/motor_control.o
 .text.sysclk_enable_pba_module
                0x80003af4       0x20 src/motor_control.o
 .text.sysclk_enable_pbb_module
                0x80003b14       0x20 src/motor_control.o
 .text.sysclk_enable_peripheral_clock
                0x80003b34      0x1c8 src/motor_control.o
 .text.ioport_set_pin_dir
                0x80003cfc       0xb4 src/motor_control.o
 .text.sleepmgr_lock_mode
                0x80003db0       0x58 src/motor_control.o
 .text.motor_init
                0x80003e08      0x384 src/motor_control.o
                0x80003e08                motor_init
 .text.t_c1_rc_isr
                0x8000418c       0x50 src/motor_control.o
                0x8000418c                t_c1_rc_isr
 .text.t_c2_rc_isr
                0x800041dc       0x50 src/motor_control.o
                0x800041dc                t_c2_rc_isr
 .text.set_motor_speeds
                0x8000422c       0xb0 src/motor_control.o
                0x8000422c                set_motor_speeds
 .text          0x800042dc       0x1c src/pid.o
 .text.ioport_set_pin_level
                0x800042f8       0xb2 src/pid.o
 .text.ioport_toggle_pin_level
                0x800043aa       0x58 src/pid.o
 *fill*         0x80004402        0x2 d703d703
 .text.pid_init
                0x80004404       0x30 src/pid.o
                0x80004404                pid_init
 .text.calculate_actuating_variable
                0x80004434      0x17c src/pid.o
                0x80004434                calculate_actuating_variable
 .text.pid_control
                0x800045b0      0x388 src/pid.o
                0x800045b0                pid_control
 .text.cpu_irq_save
                0x80004938       0x1e src/sensor.o
 .text.cpu_irq_is_enabled_flags
                0x80004956       0x20 src/sensor.o
 *fill*         0x80004976        0x2 d703d703
 .text.cpu_irq_restore
                0x80004978       0x28 src/sensor.o
 .text.sysclk_get_main_hz
                0x800049a0       0x14 src/sensor.o
 .text.sysclk_get_cpu_hz
                0x800049b4       0x18 src/sensor.o
 .text.sysclk_get_pba_hz
                0x800049cc       0x18 src/sensor.o
 .text.sysclk_enable_hsb_module
                0x800049e4       0x20 src/sensor.o
 .text.sysclk_enable_pba_module
                0x80004a04       0x20 src/sensor.o
 .text.sysclk_enable_pbb_module
                0x80004a24       0x20 src/sensor.o
 .text.sysclk_enable_peripheral_clock
                0x80004a44      0x1c8 src/sensor.o
 .text.ioport_set_pin_dir
                0x80004c0c       0xb4 src/sensor.o
 .text.ioport_set_pin_level
                0x80004cc0       0xb2 src/sensor.o
 *fill*         0x80004d72        0x2 d703d703
 .text.sleepmgr_lock_mode
                0x80004d74       0x58 src/sensor.o
 .text.sensor_init
                0x80004dcc      0x554 src/sensor.o
                0x80004dcc                sensor_init
 .text.sensor_switch_mode
                0x80005320      0x180 src/sensor.o
                0x80005320                sensor_switch_mode
 .text.sensor_led_init
                0x800054a0       0x70 src/sensor.o
                0x800054a0                sensor_led_init
 .text.sensor_read_data
                0x80005510       0x78 src/sensor.o
                0x80005510                sensor_read_data
 .text.sensor_write_data
                0x80005588      0x13c src/sensor.o
                0x80005588                sensor_write_data
 .text.sensor_read_euler
                0x800056c4       0xac src/sensor.o
                0x800056c4                sensor_read_euler
 .text.sensor_read_page0
                0x80005770       0x44 src/sensor.o
                0x80005770                sensor_read_page0
 .text.sensor_read_status
                0x800057b4       0x2c src/sensor.o
                0x800057b4                sensor_read_status
 .text.sensor_switch_page
                0x800057e0       0x50 src/sensor.o
                0x800057e0                sensor_switch_page
 .text.ioport_set_pin_mode
                0x80005830      0x11a src/settings_t.o
 .text.ioport_set_pin_dir
                0x8000594a       0xb4 src/settings_t.o
 *fill*         0x800059fe        0x2 d703d703
 .text.settings_init
                0x80005a00       0x88 src/settings_t.o
                0x80005a00                settings_init
 .text.settings_save
                0x80005a88       0x24 src/settings_t.o
                0x80005a88                settings_save
 .text.set_default_values
                0x80005aac       0xac src/settings_t.o
                0x80005aac                set_default_values
 .text.cpu_irq_is_enabled_flags
                0x80005b58       0x20 src/ASF/avr32/drivers/tc/tc.o
 .text.tc_configure_interrupts
                0x80005b78      0x1e8 src/ASF/avr32/drivers/tc/tc.o
                0x80005b78                tc_configure_interrupts
 .text.tc_init_waveform
                0x80005d60      0x154 src/ASF/avr32/drivers/tc/tc.o
                0x80005d60                tc_init_waveform
 .text.tc_start
                0x80005eb4       0x3a src/ASF/avr32/drivers/tc/tc.o
                0x80005eb4                tc_start
 .text.tc_read_sr
                0x80005eee       0x3a src/ASF/avr32/drivers/tc/tc.o
                0x80005eee                tc_read_sr
 .text.tc_write_ra
                0x80005f28       0x78 src/ASF/avr32/drivers/tc/tc.o
                0x80005f28                tc_write_ra
 .text.tc_write_rb
                0x80005fa0       0x78 src/ASF/avr32/drivers/tc/tc.o
                0x80005fa0                tc_write_rb
 .text.tc_write_rc
                0x80006018       0x78 src/ASF/avr32/drivers/tc/tc.o
                0x80006018                tc_write_rc
 .text.cpu_irq_save
                0x80006090       0x1e src/ASF/common/services/clock/uc3d/osc.o
 .text.cpu_irq_is_enabled_flags
                0x800060ae       0x20 src/ASF/common/services/clock/uc3d/osc.o
 *fill*         0x800060ce        0x2 d703d703
 .text.cpu_irq_restore
                0x800060d0       0x28 src/ASF/common/services/clock/uc3d/osc.o
 .text.osc_priv_enable_rc120m
                0x800060f8       0x40 src/ASF/common/services/clock/uc3d/osc.o
                0x800060f8                osc_priv_enable_rc120m
 .text.cpu_irq_save
                0x80006138       0x1e src/ASF/common/services/clock/uc3d/sysclk.o
 .text.cpu_irq_is_enabled_flags
                0x80006156       0x20 src/ASF/common/services/clock/uc3d/sysclk.o
 *fill*         0x80006176        0x2 d703d703
 .text.cpu_irq_restore
                0x80006178       0x28 src/ASF/common/services/clock/uc3d/sysclk.o
 .text.osc_enable
                0x800061a0       0x24 src/ASF/common/services/clock/uc3d/sysclk.o
 .text.osc_is_ready
                0x800061c4       0x3a src/ASF/common/services/clock/uc3d/sysclk.o
 *fill*         0x800061fe        0x2 d703d703
 .text.osc_wait_ready
                0x80006200       0x2c src/ASF/common/services/clock/uc3d/sysclk.o
 .text.sysclk_get_main_hz
                0x8000622c       0x14 src/ASF/common/services/clock/uc3d/sysclk.o
 .text.sysclk_get_cpu_hz
                0x80006240       0x18 src/ASF/common/services/clock/uc3d/sysclk.o
 .text.sysclk_priv_enable_module
                0x80006258       0x80 src/ASF/common/services/clock/uc3d/sysclk.o
                0x80006258                sysclk_priv_enable_module
 .text.sysclk_set_prescalers
                0x800062d8       0xcc src/ASF/common/services/clock/uc3d/sysclk.o
                0x800062d8                sysclk_set_prescalers
 .text.sysclk_set_source
                0x800063a4       0x44 src/ASF/common/services/clock/uc3d/sysclk.o
                0x800063a4                sysclk_set_source
 .text.sysclk_init
                0x800063e8       0x4c src/ASF/common/services/clock/uc3d/sysclk.o
                0x800063e8                sysclk_init
 .text.spi_initSlave
                0x80006434       0x8a src/ASF/avr32/drivers/spi/spi.o
                0x80006434                spi_initSlave
 .text.spi_enable
                0x800064be       0x1a src/ASF/avr32/drivers/spi/spi.o
                0x800064be                spi_enable
 .text.cpu_irq_save
                0x800064d8       0x1e src/ASF/avr32/drivers/twim/twim.o
 .text.cpu_irq_is_enabled_flags
                0x800064f6       0x20 src/ASF/avr32/drivers/twim/twim.o
 *fill*         0x80006516        0x2 d703d703
 .text.cpu_irq_restore
                0x80006518       0x28 src/ASF/avr32/drivers/twim/twim.o
 .text.twim_master_interrupt_handler
                0x80006540      0x144 src/ASF/avr32/drivers/twim/twim.o
 .text.twim_set_speed
                0x80006684       0xa8 src/ASF/avr32/drivers/twim/twim.o
                0x80006684                twim_set_speed
 .text.twim_master_init
                0x8000672c      0x110 src/ASF/avr32/drivers/twim/twim.o
                0x8000672c                twim_master_init
 .text.twim_disable_interrupt
                0x8000683c       0x44 src/ASF/avr32/drivers/twim/twim.o
                0x8000683c                twim_disable_interrupt
 .text.twim_probe
                0x80006880       0x38 src/ASF/avr32/drivers/twim/twim.o
                0x80006880                twim_probe
 .text.twim_read_packet
                0x800068b8      0x17c src/ASF/avr32/drivers/twim/twim.o
                0x800068b8                twim_read_packet
 .text.twim_write
                0x80006a34      0x104 src/ASF/avr32/drivers/twim/twim.o
                0x80006a34                twim_write
 .text.twim_status
                0x80006b38       0x30 src/ASF/avr32/drivers/twim/twim.o
                0x80006b38                twim_status
 .text.cpu_irq_is_enabled_flags
                0x80006b68       0x20 src/ASF/avr32/drivers/usart/usart.o
 .text.usart_set_async_baudrate
                0x80006b88       0xd2 src/ASF/avr32/drivers/usart/usart.o
 *fill*         0x80006c5a        0x2 d703d703
 .text.usart_reset
                0x80006c5c       0x74 src/ASF/avr32/drivers/usart/usart.o
                0x80006c5c                usart_reset
 .text.usart_init_rs232
                0x80006cd0      0x170 src/ASF/avr32/drivers/usart/usart.o
                0x80006cd0                usart_init_rs232
 .text.usart_write_char
                0x80006e40       0x44 src/ASF/avr32/drivers/usart/usart.o
                0x80006e40                usart_write_char
 .text.usart_putchar
                0x80006e84       0x54 src/ASF/avr32/drivers/usart/usart.o
                0x80006e84                usart_putchar
 .text.usart_write_line
                0x80006ed8       0x40 src/ASF/avr32/drivers/usart/usart.o
                0x80006ed8                usart_write_line
 .text._unhandled_interrupt
                0x80006f18        0x8 src/ASF/avr32/drivers/intc/intc.o
 .text._get_interrupt_handler
                0x80006f20       0x70 src/ASF/avr32/drivers/intc/intc.o
                0x80006f20                _get_interrupt_handler
 .text.INTC_init_evba
                0x80006f90       0x14 src/ASF/avr32/drivers/intc/intc.o
 .text.INTC_init_interrupts
                0x80006fa4       0x98 src/ASF/avr32/drivers/intc/intc.o
                0x80006fa4                INTC_init_interrupts
 .text.INTC_register_interrupt
                0x8000703c       0xd4 src/ASF/avr32/drivers/intc/intc.o
                0x8000703c                INTC_register_interrupt
 .text._stext   0x80007110       0x40 src/ASF/avr32/utils/startup/startup_uc3.o
                                 0x50 (size before relaxing)
                0x80007110                _stext
 .text.sysclk_enable_pba_module
                0x80007150       0x20 src/ASF/common/boards/user_board/init.o
 .text.ioport_init
                0x80007170       0x14 src/ASF/common/boards/user_board/init.o
 .text.ioport_set_pin_dir
                0x80007184       0xb4 src/ASF/common/boards/user_board/init.o
 .text.sleepmgr_init
                0x80007238       0x44 src/ASF/common/boards/user_board/init.o
 .text.board_init
                0x8000727c       0x70 src/ASF/common/boards/user_board/init.o
                0x8000727c                board_init
 .text          0x800072ec       0x10 src/main.o
 .text.ioport_set_pin_level
                0x800072fc       0xb2 src/main.o
 *fill*         0x800073ae        0x2 d703d703
 .text.main     0x800073b0      0x100 src/main.o
                0x800073b0                main
 .text          0x800074b0      0x264 c:/program files (x86)/atmel/studio/7.0/toolchain/avr32/avr32-gnu-toolchain/bin/../lib/gcc/avr32/4.4.7/ucr3\libgcc.a(_udivdi3.o)
                0x800074b0                __avr32_udiv64
                0x800074b0                __udivdi3
 .text          0x80007714      0x148 c:/program files (x86)/atmel/studio/7.0/toolchain/avr32/avr32-gnu-toolchain/bin/../lib/gcc/avr32/4.4.7/../../../../avr32/lib/ucr3\libc.a(lib_a-memcpy.o)
                0x80007714                memcpy
 .text.sprintf  0x8000785c       0x38 c:/program files (x86)/atmel/studio/7.0/toolchain/avr32/avr32-gnu-toolchain/bin/../lib/gcc/avr32/4.4.7/../../../../avr32/lib/ucr3\libc.a(lib_a-sprintf.o)
                                 0x40 (size before relaxing)
                0x8000785c                sprintf
 .text.get_arg  0x80007894      0x314 c:/program files (x86)/atmel/studio/7.0/toolchain/avr32/avr32-gnu-toolchain/bin/../lib/gcc/avr32/4.4.7/../../../../avr32/lib/ucr3\libc.a(lib_a-vfprintf.o)
                                0x324 (size before relaxing)
 .text.__sprint_r
                0x80007ba8       0x1c c:/program files (x86)/atmel/studio/7.0/toolchain/avr32/avr32-gnu-toolchain/bin/../lib/gcc/avr32/4.4.7/../../../../avr32/lib/ucr3\libc.a(lib_a-vfprintf.o)
                                 0x20 (size before relaxing)
 .text._vfprintf_r
                0x80007bc4     0x1f14 c:/program files (x86)/atmel/studio/7.0/toolchain/avr32/avr32-gnu-toolchain/bin/../lib/gcc/avr32/4.4.7/../../../../avr32/lib/ucr3\libc.a(lib_a-vfprintf.o)
                               0x1f9c (size before relaxing)
                0x80007bc4                _vfprintf_r
 .text.__swsetup_r
                0x80009ad8       0xdc c:/program files (x86)/atmel/studio/7.0/toolchain/avr32/avr32-gnu-toolchain/bin/../lib/gcc/avr32/4.4.7/../../../../avr32/lib/ucr3\libc.a(lib_a-wsetup.o)
                                 0xe8 (size before relaxing)
                0x80009ad8                __swsetup_r
 .text.quorem   0x80009bb4      0x120 c:/program files (x86)/atmel/studio/7.0/toolchain/avr32/avr32-gnu-toolchain/bin/../lib/gcc/avr32/4.4.7/../../../../avr32/lib/ucr3\libc.a(lib_a-dtoa.o)
                                0x124 (size before relaxing)
 .text._dtoa_r  0x80009cd4      0xbdc c:/program files (x86)/atmel/studio/7.0/toolchain/avr32/avr32-gnu-toolchain/bin/../lib/gcc/avr32/4.4.7/../../../../avr32/lib/ucr3\libc.a(lib_a-dtoa.o)
                                0xc90 (size before relaxing)
                0x80009cd4                _dtoa_r
 .text._fflush_r
                0x8000a8b0      0x10c c:/program files (x86)/atmel/studio/7.0/toolchain/avr32/avr32-gnu-toolchain/bin/../lib/gcc/avr32/4.4.7/../../../../avr32/lib/ucr3\libc.a(lib_a-fflush.o)
                                0x118 (size before relaxing)
                0x8000a8b0                _fflush_r
 .text.__sfp_lock_acquire
                0x8000a9bc        0x2 c:/program files (x86)/atmel/studio/7.0/toolchain/avr32/avr32-gnu-toolchain/bin/../lib/gcc/avr32/4.4.7/../../../../avr32/lib/ucr3\libc.a(lib_a-findfp.o)
                0x8000a9bc                __sfp_lock_acquire
 .text.__sfp_lock_release
                0x8000a9be        0x2 c:/program files (x86)/atmel/studio/7.0/toolchain/avr32/avr32-gnu-toolchain/bin/../lib/gcc/avr32/4.4.7/../../../../avr32/lib/ucr3\libc.a(lib_a-findfp.o)
                0x8000a9be                __sfp_lock_release
 .text._cleanup_r
                0x8000a9c0        0xc c:/program files (x86)/atmel/studio/7.0/toolchain/avr32/avr32-gnu-toolchain/bin/../lib/gcc/avr32/4.4.7/../../../../avr32/lib/ucr3\libc.a(lib_a-findfp.o)
                                 0x14 (size before relaxing)
                0x8000a9c0                _cleanup_r
 .text.__sfmoreglue
                0x8000a9cc       0x28 c:/program files (x86)/atmel/studio/7.0/toolchain/avr32/avr32-gnu-toolchain/bin/../lib/gcc/avr32/4.4.7/../../../../avr32/lib/ucr3\libc.a(lib_a-findfp.o)
                                 0x30 (size before relaxing)
                0x8000a9cc                __sfmoreglue
 .text.__sfp    0x8000a9f4       0x6c c:/program files (x86)/atmel/studio/7.0/toolchain/avr32/avr32-gnu-toolchain/bin/../lib/gcc/avr32/4.4.7/../../../../avr32/lib/ucr3\libc.a(lib_a-findfp.o)
                                 0x7c (size before relaxing)
                0x8000a9f4                __sfp
 .text.__sinit  0x8000aa60       0x9c c:/program files (x86)/atmel/studio/7.0/toolchain/avr32/avr32-gnu-toolchain/bin/../lib/gcc/avr32/4.4.7/../../../../avr32/lib/ucr3\libc.a(lib_a-findfp.o)
                                 0xb0 (size before relaxing)
                0x8000aa60                __sinit
 .text._malloc_trim_r
                0x8000aafc       0x98 c:/program files (x86)/atmel/studio/7.0/toolchain/avr32/avr32-gnu-toolchain/bin/../lib/gcc/avr32/4.4.7/../../../../avr32/lib/ucr3\libc.a(lib_a-freer.o)
                                 0xa8 (size before relaxing)
                0x8000aafc                _malloc_trim_r
 .text._free_r  0x8000ab94      0x18c c:/program files (x86)/atmel/studio/7.0/toolchain/avr32/avr32-gnu-toolchain/bin/../lib/gcc/avr32/4.4.7/../../../../avr32/lib/ucr3\libc.a(lib_a-freer.o)
                                0x1a0 (size before relaxing)
                0x8000ab94                _free_r
 .text.__sfvwrite_r
                0x8000ad20      0x2a0 c:/program files (x86)/atmel/studio/7.0/toolchain/avr32/avr32-gnu-toolchain/bin/../lib/gcc/avr32/4.4.7/../../../../avr32/lib/ucr3\libc.a(lib_a-fvwrite.o)
                                0x2c4 (size before relaxing)
                0x8000ad20                __sfvwrite_r
 .text._fwalk   0x8000afc0       0x4c c:/program files (x86)/atmel/studio/7.0/toolchain/avr32/avr32-gnu-toolchain/bin/../lib/gcc/avr32/4.4.7/../../../../avr32/lib/ucr3\libc.a(lib_a-fwalk.o)
                                 0x54 (size before relaxing)
                0x8000afc0                _fwalk
 .text._localeconv_r
                0x8000b00c        0x8 c:/program files (x86)/atmel/studio/7.0/toolchain/avr32/avr32-gnu-toolchain/bin/../lib/gcc/avr32/4.4.7/../../../../avr32/lib/ucr3\libc.a(lib_a-locale.o)
                0x8000b00c                _localeconv_r
 .text.__smakebuf_r
                0x8000b014       0xbc c:/program files (x86)/atmel/studio/7.0/toolchain/avr32/avr32-gnu-toolchain/bin/../lib/gcc/avr32/4.4.7/../../../../avr32/lib/ucr3\libc.a(lib_a-makebuf.o)
                                 0xcc (size before relaxing)
                0x8000b014                __smakebuf_r
 .text.malloc   0x8000b0d0       0x10 c:/program files (x86)/atmel/studio/7.0/toolchain/avr32/avr32-gnu-toolchain/bin/../lib/gcc/avr32/4.4.7/../../../../avr32/lib/ucr3\libc.a(lib_a-malloc.o)
                                 0x18 (size before relaxing)
                0x8000b0d0                malloc
 .text._malloc_r
                0x8000b0e0      0x430 c:/program files (x86)/atmel/studio/7.0/toolchain/avr32/avr32-gnu-toolchain/bin/../lib/gcc/avr32/4.4.7/../../../../avr32/lib/ucr3\libc.a(lib_a-mallocr.o)
                                0x450 (size before relaxing)
                0x8000b0e0                _malloc_r
 .text.memchr   0x8000b510       0x16 c:/program files (x86)/atmel/studio/7.0/toolchain/avr32/avr32-gnu-toolchain/bin/../lib/gcc/avr32/4.4.7/../../../../avr32/lib/ucr3\libc.a(lib_a-memchr.o)
                0x8000b510                memchr
 .text.memmove  0x8000b526       0x3e c:/program files (x86)/atmel/studio/7.0/toolchain/avr32/avr32-gnu-toolchain/bin/../lib/gcc/avr32/4.4.7/../../../../avr32/lib/ucr3\libc.a(lib_a-memmove.o)
                0x8000b526                memmove
 .text.memset   0x8000b564        0xe c:/program files (x86)/atmel/studio/7.0/toolchain/avr32/avr32-gnu-toolchain/bin/../lib/gcc/avr32/4.4.7/../../../../avr32/lib/ucr3\libc.a(lib_a-memset.o)
                0x8000b564                memset
 .text.__malloc_lock
                0x8000b572        0x2 c:/program files (x86)/atmel/studio/7.0/toolchain/avr32/avr32-gnu-toolchain/bin/../lib/gcc/avr32/4.4.7/../../../../avr32/lib/ucr3\libc.a(lib_a-mlock.o)
                0x8000b572                __malloc_lock
 .text.__malloc_unlock
                0x8000b574        0x2 c:/program files (x86)/atmel/studio/7.0/toolchain/avr32/avr32-gnu-toolchain/bin/../lib/gcc/avr32/4.4.7/../../../../avr32/lib/ucr3\libc.a(lib_a-mlock.o)
                0x8000b574                __malloc_unlock
 .text.__hi0bits
                0x8000b576       0x60 c:/program files (x86)/atmel/studio/7.0/toolchain/avr32/avr32-gnu-toolchain/bin/../lib/gcc/avr32/4.4.7/../../../../avr32/lib/ucr3\libc.a(lib_a-mprec.o)
                0x8000b576                __hi0bits
 .text.__lo0bits
                0x8000b5d6       0x8e c:/program files (x86)/atmel/studio/7.0/toolchain/avr32/avr32-gnu-toolchain/bin/../lib/gcc/avr32/4.4.7/../../../../avr32/lib/ucr3\libc.a(lib_a-mprec.o)
                0x8000b5d6                __lo0bits
 .text.__mcmp   0x8000b664       0x32 c:/program files (x86)/atmel/studio/7.0/toolchain/avr32/avr32-gnu-toolchain/bin/../lib/gcc/avr32/4.4.7/../../../../avr32/lib/ucr3\libc.a(lib_a-mprec.o)
                0x8000b664                __mcmp
 *fill*         0x8000b696        0x2 d703d703
 .text._Bfree   0x8000b698       0x34 c:/program files (x86)/atmel/studio/7.0/toolchain/avr32/avr32-gnu-toolchain/bin/../lib/gcc/avr32/4.4.7/../../../../avr32/lib/ucr3\libc.a(lib_a-mprec.o)
                                 0x38 (size before relaxing)
                0x8000b698                _Bfree
 .text._Balloc  0x8000b6cc       0x70 c:/program files (x86)/atmel/studio/7.0/toolchain/avr32/avr32-gnu-toolchain/bin/../lib/gcc/avr32/4.4.7/../../../../avr32/lib/ucr3\libc.a(lib_a-mprec.o)
                                 0x78 (size before relaxing)
                0x8000b6cc                _Balloc
 .text.__d2b    0x8000b73c       0xa0 c:/program files (x86)/atmel/studio/7.0/toolchain/avr32/avr32-gnu-toolchain/bin/../lib/gcc/avr32/4.4.7/../../../../avr32/lib/ucr3\libc.a(lib_a-mprec.o)
                                 0xb4 (size before relaxing)
                0x8000b73c                __d2b
 .text.__mdiff  0x8000b7dc       0xd0 c:/program files (x86)/atmel/studio/7.0/toolchain/avr32/avr32-gnu-toolchain/bin/../lib/gcc/avr32/4.4.7/../../../../avr32/lib/ucr3\libc.a(lib_a-mprec.o)
                                 0xd8 (size before relaxing)
                0x8000b7dc                __mdiff
 .text.__lshift
                0x8000b8ac       0x88 c:/program files (x86)/atmel/studio/7.0/toolchain/avr32/avr32-gnu-toolchain/bin/../lib/gcc/avr32/4.4.7/../../../../avr32/lib/ucr3\libc.a(lib_a-mprec.o)
                                 0x94 (size before relaxing)
                0x8000b8ac                __lshift
 .text.__multiply
                0x8000b934      0x100 c:/program files (x86)/atmel/studio/7.0/toolchain/avr32/avr32-gnu-toolchain/bin/../lib/gcc/avr32/4.4.7/../../../../avr32/lib/ucr3\libc.a(lib_a-mprec.o)
                                0x108 (size before relaxing)
                0x8000b934                __multiply
 .text.__i2b    0x8000ba34       0x10 c:/program files (x86)/atmel/studio/7.0/toolchain/avr32/avr32-gnu-toolchain/bin/../lib/gcc/avr32/4.4.7/../../../../avr32/lib/ucr3\libc.a(lib_a-mprec.o)
                                 0x18 (size before relaxing)
                0x8000ba34                __i2b
 .text.__multadd
                0x8000ba44       0x7c c:/program files (x86)/atmel/studio/7.0/toolchain/avr32/avr32-gnu-toolchain/bin/../lib/gcc/avr32/4.4.7/../../../../avr32/lib/ucr3\libc.a(lib_a-mprec.o)
                                 0x88 (size before relaxing)
                0x8000ba44                __multadd
 .text.__pow5mult
                0x8000bac0       0x8c c:/program files (x86)/atmel/studio/7.0/toolchain/avr32/avr32-gnu-toolchain/bin/../lib/gcc/avr32/4.4.7/../../../../avr32/lib/ucr3\libc.a(lib_a-mprec.o)
                                 0xac (size before relaxing)
                0x8000bac0                __pow5mult
 .text._realloc_r
                0x8000bb4c      0x2c0 c:/program files (x86)/atmel/studio/7.0/toolchain/avr32/avr32-gnu-toolchain/bin/../lib/gcc/avr32/4.4.7/../../../../avr32/lib/ucr3\libc.a(lib_a-reallocr.o)
                                0x2e0 (size before relaxing)
                0x8000bb4c                _realloc_r
 .text.__isinfd
                0x8000be0c       0x2a c:/program files (x86)/atmel/studio/7.0/toolchain/avr32/avr32-gnu-toolchain/bin/../lib/gcc/avr32/4.4.7/../../../../avr32/lib/ucr3\libc.a(lib_a-s_isinfd.o)
                0x8000be0c                __isinfd
 .text.__isnand
                0x8000be36       0x1c c:/program files (x86)/atmel/studio/7.0/toolchain/avr32/avr32-gnu-toolchain/bin/../lib/gcc/avr32/4.4.7/../../../../avr32/lib/ucr3\libc.a(lib_a-s_isnand.o)
                0x8000be36                __isnand
 *fill*         0x8000be52        0x2 d703d703
 .text._sbrk_r  0x8000be54       0x20 c:/program files (x86)/atmel/studio/7.0/toolchain/avr32/avr32-gnu-toolchain/bin/../lib/gcc/avr32/4.4.7/../../../../avr32/lib/ucr3\libc.a(lib_a-sbrkr.o)
                                 0x28 (size before relaxing)
                0x8000be54                _sbrk_r
 .text.__sclose
                0x8000be74        0x8 c:/program files (x86)/atmel/studio/7.0/toolchain/avr32/avr32-gnu-toolchain/bin/../lib/gcc/avr32/4.4.7/../../../../avr32/lib/ucr3\libc.a(lib_a-stdio.o)
                                 0x10 (size before relaxing)
                0x8000be74                __sclose
 .text.__sseek  0x8000be7c       0x20 c:/program files (x86)/atmel/studio/7.0/toolchain/avr32/avr32-gnu-toolchain/bin/../lib/gcc/avr32/4.4.7/../../../../avr32/lib/ucr3\libc.a(lib_a-stdio.o)
                                 0x28 (size before relaxing)
                0x8000be7c                __sseek
 .text.__swrite
                0x8000be9c       0x2c c:/program files (x86)/atmel/studio/7.0/toolchain/avr32/avr32-gnu-toolchain/bin/../lib/gcc/avr32/4.4.7/../../../../avr32/lib/ucr3\libc.a(lib_a-stdio.o)
                                 0x38 (size before relaxing)
                0x8000be9c                __swrite
 .text.__sread  0x8000bec8       0x1c c:/program files (x86)/atmel/studio/7.0/toolchain/avr32/avr32-gnu-toolchain/bin/../lib/gcc/avr32/4.4.7/../../../../avr32/lib/ucr3\libc.a(lib_a-stdio.o)
                                 0x24 (size before relaxing)
                0x8000bec8                __sread
 .text.strlen   0x8000bee4       0x16 c:/program files (x86)/atmel/studio/7.0/toolchain/avr32/avr32-gnu-toolchain/bin/../lib/gcc/avr32/4.4.7/../../../../avr32/lib/ucr3\libc.a(lib_a-strlen.o)
                0x8000bee4                strlen
 *fill*         0x8000befa        0x2 d703d703
 .text._close   0x8000befc       0x14 c:/program files (x86)/atmel/studio/7.0/toolchain/avr32/avr32-gnu-toolchain/bin/../lib/gcc/avr32/4.4.7/../../../../avr32/lib/ucr3\libc.a(lib_a-syscalls.o)
                                 0x18 (size before relaxing)
                0x8000befc                _close
 .text._lseek   0x8000bf10       0x14 c:/program files (x86)/atmel/studio/7.0/toolchain/avr32/avr32-gnu-toolchain/bin/../lib/gcc/avr32/4.4.7/../../../../avr32/lib/ucr3\libc.a(lib_a-syscalls.o)
                                 0x18 (size before relaxing)
                0x8000bf10                _lseek
 .text._read    0x8000bf24       0x14 c:/program files (x86)/atmel/studio/7.0/toolchain/avr32/avr32-gnu-toolchain/bin/../lib/gcc/avr32/4.4.7/../../../../avr32/lib/ucr3\libc.a(lib_a-syscalls.o)
                                 0x18 (size before relaxing)
                0x8000bf24                _read
 .text._write   0x8000bf38       0x14 c:/program files (x86)/atmel/studio/7.0/toolchain/avr32/avr32-gnu-toolchain/bin/../lib/gcc/avr32/4.4.7/../../../../avr32/lib/ucr3\libc.a(lib_a-syscalls.o)
                                 0x18 (size before relaxing)
                0x8000bf38                _write
 .text.isatty   0x8000bf4c       0x14 c:/program files (x86)/atmel/studio/7.0/toolchain/avr32/avr32-gnu-toolchain/bin/../lib/gcc/avr32/4.4.7/../../../../avr32/lib/ucr3\libc.a(lib_a-syscalls.o)
                                 0x18 (size before relaxing)
                0x8000bf4c                isatty
 .text._fstat_host
                0x8000bf60       0x14 c:/program files (x86)/atmel/studio/7.0/toolchain/avr32/avr32-gnu-toolchain/bin/../lib/gcc/avr32/4.4.7/../../../../avr32/lib/ucr3\libc.a(lib_a-syscalls.o)
                                 0x18 (size before relaxing)
                0x8000bf60                _fstat_host
 .text._fstat   0x8000bf74       0x4c c:/program files (x86)/atmel/studio/7.0/toolchain/avr32/avr32-gnu-toolchain/bin/../lib/gcc/avr32/4.4.7/../../../../avr32/lib/ucr3\libc.a(lib_a-syscalls.o)
                                 0x50 (size before relaxing)
                0x8000bf74                _fstat
 .text._sbrk    0x8000bfc0       0x38 c:/program files (x86)/atmel/studio/7.0/toolchain/avr32/avr32-gnu-toolchain/bin/../lib/gcc/avr32/4.4.7/../../../../avr32/lib/ucr3\libc.a(lib_a-syscalls.o)
                                 0x40 (size before relaxing)
                0x8000bfc0                _sbrk
 .text._write_r
                0x8000bff8       0x24 c:/program files (x86)/atmel/studio/7.0/toolchain/avr32/avr32-gnu-toolchain/bin/../lib/gcc/avr32/4.4.7/../../../../avr32/lib/ucr3\libc.a(lib_a-writer.o)
                                 0x2c (size before relaxing)
                0x8000bff8                _write_r
 .text._calloc_r
                0x8000c01c       0x58 c:/program files (x86)/atmel/studio/7.0/toolchain/avr32/avr32-gnu-toolchain/bin/../lib/gcc/avr32/4.4.7/../../../../avr32/lib/ucr3\libc.a(lib_a-callocr.o)
                                 0x60 (size before relaxing)
                0x8000c01c                _calloc_r
 .text._close_r
                0x8000c074       0x20 c:/program files (x86)/atmel/studio/7.0/toolchain/avr32/avr32-gnu-toolchain/bin/../lib/gcc/avr32/4.4.7/../../../../avr32/lib/ucr3\libc.a(lib_a-closer.o)
                                 0x28 (size before relaxing)
                0x8000c074                _close_r
 .text.__errno  0x8000c094        0xc c:/program files (x86)/atmel/studio/7.0/toolchain/avr32/avr32-gnu-toolchain/bin/../lib/gcc/avr32/4.4.7/../../../../avr32/lib/ucr3\libc.a(lib_a-errno.o)
                0x8000c094                __errno
 .text._fclose_r
                0x8000c0a0       0xb8 c:/program files (x86)/atmel/studio/7.0/toolchain/avr32/avr32-gnu-toolchain/bin/../lib/gcc/avr32/4.4.7/../../../../avr32/lib/ucr3\libc.a(lib_a-fclose.o)
                                 0xd0 (size before relaxing)
                0x8000c0a0                _fclose_r
 .text.fclose   0x8000c158       0x10 c:/program files (x86)/atmel/studio/7.0/toolchain/avr32/avr32-gnu-toolchain/bin/../lib/gcc/avr32/4.4.7/../../../../avr32/lib/ucr3\libc.a(lib_a-fclose.o)
                                 0x18 (size before relaxing)
                0x8000c158                fclose
 .text._fstat_r
                0x8000c168       0x24 c:/program files (x86)/atmel/studio/7.0/toolchain/avr32/avr32-gnu-toolchain/bin/../lib/gcc/avr32/4.4.7/../../../../avr32/lib/ucr3\libc.a(lib_a-fstatr.o)
                                 0x2c (size before relaxing)
                0x8000c168                _fstat_r
 .text._lseek_r
                0x8000c18c       0x24 c:/program files (x86)/atmel/studio/7.0/toolchain/avr32/avr32-gnu-toolchain/bin/../lib/gcc/avr32/4.4.7/../../../../avr32/lib/ucr3\libc.a(lib_a-lseekr.o)
                                 0x2c (size before relaxing)
                0x8000c18c                _lseek_r
 .text._read_r  0x8000c1b0       0x24 c:/program files (x86)/atmel/studio/7.0/toolchain/avr32/avr32-gnu-toolchain/bin/../lib/gcc/avr32/4.4.7/../../../../avr32/lib/ucr3\libc.a(lib_a-readr.o)
                                 0x2c (size before relaxing)
                0x8000c1b0                _read_r
 .text          0x8000c1d4      0x1d4 c:/program files (x86)/atmel/studio/7.0/toolchain/avr32/avr32-gnu-toolchain/bin/../lib/gcc/avr32/4.4.7/ucr3\libgcc.a(_avr32_f64_mul.o)
                0x8000c1d4                __avr32_f64_mul
 .text          0x8000c3a8      0x2b0 c:/program files (x86)/atmel/studio/7.0/toolchain/avr32/avr32-gnu-toolchain/bin/../lib/gcc/avr32/4.4.7/ucr3\libgcc.a(_avr32_f64_addsub.o)
                0x8000c3ac                __avr32_f64_sub
                0x8000c548                __avr32_f64_add
 .text          0x8000c658       0x2a c:/program files (x86)/atmel/studio/7.0/toolchain/avr32/avr32-gnu-toolchain/bin/../lib/gcc/avr32/4.4.7/ucr3\libgcc.a(_avr32_f64_to_s32.o)
                0x8000c658                __avr32_f64_to_u32
                0x8000c65c                __avr32_f64_to_s32
 .text          0x8000c682       0xe8 c:/program files (x86)/atmel/studio/7.0/toolchain/avr32/avr32-gnu-toolchain/bin/../lib/gcc/avr32/4.4.7/ucr3\libgcc.a(_avr32_s32_to_f64.o)
                0x8000c682                __avr32_u32_to_f64
                0x8000c68a                __avr32_s32_to_f64
 .text          0x8000c76a       0x26 c:/program files (x86)/atmel/studio/7.0/toolchain/avr32/avr32-gnu-toolchain/bin/../lib/gcc/avr32/4.4.7/ucr3\libgcc.a(_avr32_f64_cmp_eq.o)
                0x8000c76a                __avr32_f64_cmp_eq
 .text          0x8000c790       0x68 c:/program files (x86)/atmel/studio/7.0/toolchain/avr32/avr32-gnu-toolchain/bin/../lib/gcc/avr32/4.4.7/ucr3\libgcc.a(_avr32_f64_cmp_ge.o)
                0x8000c790                __avr32_f64_cmp_ge
 .text          0x8000c7f8       0x68 c:/program files (x86)/atmel/studio/7.0/toolchain/avr32/avr32-gnu-toolchain/bin/../lib/gcc/avr32/4.4.7/ucr3\libgcc.a(_avr32_f64_cmp_lt.o)
                0x8000c7f8                __avr32_f64_cmp_lt
 .text          0x8000c860      0x318 c:/program files (x86)/atmel/studio/7.0/toolchain/avr32/avr32-gnu-toolchain/bin/../lib/gcc/avr32/4.4.7/ucr3\libgcc.a(_avr32_f64_div.o)
                0x8000c860                __avr32_f64_div
 .text          0x8000cb78      0x20c c:/program files (x86)/atmel/studio/7.0/toolchain/avr32/avr32-gnu-toolchain/bin/../lib/gcc/avr32/4.4.7/ucr3\libgcc.a(_umoddi3.o)
                0x8000cb78                __avr32_umod64
                0x8000cb78                __umoddi3
 *(.text.*personality*)
 *(.gnu.warning)

.exception      0x8000ce00      0x200
 .exception     0x8000ce00      0x200 src/ASF/avr32/drivers/intc/exception.o
                0x8000ce00                _evba
                0x8000cf04                _int0
                0x8000cf12                _int1
                0x8000cf20                _int2
                0x8000cf2e                _int3

.fini
 *(.fini)
                0x8000d000                PROVIDE (__etext, .)
                0x8000d000                PROVIDE (_etext, .)
                0x8000d000                PROVIDE (etext, .)

.rodata         0x8000d000      0x6bc
 *(.rodata .rodata.* .gnu.linkonce.r.*)
 .rodata.gpio_enable_module_pin
                0x8000d000       0x20 src/ASF/avr32/drivers/gpio/gpio.o
 .rodata.USART_GPIO_MAP.15065
                0x8000d020       0x10 src/communcation.o
 .rodata.SPI_GPIO_MAP.15053
                0x8000d030       0x18 src/communcation.o
 .rodata.TIMER_GPIO_MAP.15003
                0x8000d048       0x20 src/motor_control.o
 .rodata.C.73.15154
                0x8000d068        0xc src/sensor.o
 .rodata.TWI_GPIO_MAP.15043
                0x8000d074       0x10 src/sensor.o
 .rodata._int_handler_table
                0x8000d084       0xb0 src/ASF/avr32/drivers/intc/intc.o
 .rodata.get_arg
                0x8000d134       0x3c c:/program files (x86)/atmel/studio/7.0/toolchain/avr32/avr32-gnu-toolchain/bin/../lib/gcc/avr32/4.4.7/../../../../avr32/lib/ucr3\libc.a(lib_a-vfprintf.o)
 .rodata._vfprintf_r
                0x8000d170      0x164 c:/program files (x86)/atmel/studio/7.0/toolchain/avr32/avr32-gnu-toolchain/bin/../lib/gcc/avr32/4.4.7/../../../../avr32/lib/ucr3\libc.a(lib_a-vfprintf.o)
 .rodata.state_table
                0x8000d2d4       0x6c c:/program files (x86)/atmel/studio/7.0/toolchain/avr32/avr32-gnu-toolchain/bin/../lib/gcc/avr32/4.4.7/../../../../avr32/lib/ucr3\libc.a(lib_a-vfprintf.o)
 .rodata.action_table
                0x8000d340       0x6c c:/program files (x86)/atmel/studio/7.0/toolchain/avr32/avr32-gnu-toolchain/bin/../lib/gcc/avr32/4.4.7/../../../../avr32/lib/ucr3\libc.a(lib_a-vfprintf.o)
 .rodata.str1.4
                0x8000d3ac       0x3a c:/program files (x86)/atmel/studio/7.0/toolchain/avr32/avr32-gnu-toolchain/bin/../lib/gcc/avr32/4.4.7/../../../../avr32/lib/ucr3\libc.a(lib_a-vfprintf.o)
                                 0x3c (size before relaxing)
 *fill*         0x8000d3e6        0x2 
 .rodata.blanks.3430
                0x8000d3e8       0x10 c:/program files (x86)/atmel/studio/7.0/toolchain/avr32/avr32-gnu-toolchain/bin/../lib/gcc/avr32/4.4.7/../../../../avr32/lib/ucr3\libc.a(lib_a-vfprintf.o)
 .rodata.zeroes.3431
                0x8000d3f8       0x10 c:/program files (x86)/atmel/studio/7.0/toolchain/avr32/avr32-gnu-toolchain/bin/../lib/gcc/avr32/4.4.7/../../../../avr32/lib/ucr3\libc.a(lib_a-vfprintf.o)
 .rodata.chclass
                0x8000d408      0x100 c:/program files (x86)/atmel/studio/7.0/toolchain/avr32/avr32-gnu-toolchain/bin/../lib/gcc/avr32/4.4.7/../../../../avr32/lib/ucr3\libc.a(lib_a-vfprintf.o)
 .rodata.str1.4
                0x8000d508       0x10 c:/program files (x86)/atmel/studio/7.0/toolchain/avr32/avr32-gnu-toolchain/bin/../lib/gcc/avr32/4.4.7/../../../../avr32/lib/ucr3\libc.a(lib_a-dtoa.o)
                                 0x14 (size before relaxing)
 .rodata.__sf_fake_stdin
                0x8000d518       0x20 c:/program files (x86)/atmel/studio/7.0/toolchain/avr32/avr32-gnu-toolchain/bin/../lib/gcc/avr32/4.4.7/../../../../avr32/lib/ucr3\libc.a(lib_a-findfp.o)
                0x8000d518                __sf_fake_stdin
 .rodata.__sf_fake_stdout
                0x8000d538       0x20 c:/program files (x86)/atmel/studio/7.0/toolchain/avr32/avr32-gnu-toolchain/bin/../lib/gcc/avr32/4.4.7/../../../../avr32/lib/ucr3\libc.a(lib_a-findfp.o)
                0x8000d538                __sf_fake_stdout
 .rodata.__sf_fake_stderr
                0x8000d558       0x20 c:/program files (x86)/atmel/studio/7.0/toolchain/avr32/avr32-gnu-toolchain/bin/../lib/gcc/avr32/4.4.7/../../../../avr32/lib/ucr3\libc.a(lib_a-findfp.o)
                0x8000d558                __sf_fake_stderr
 .rodata.str1.4
                0x8000d578        0x2 c:/program files (x86)/atmel/studio/7.0/toolchain/avr32/avr32-gnu-toolchain/bin/../lib/gcc/avr32/4.4.7/../../../../avr32/lib/ucr3\libc.a(lib_a-impure.o)
                                  0x4 (size before relaxing)
 *fill*         0x8000d57a        0x2 
 .rodata._global_impure_ptr
                0x8000d57c        0x4 c:/program files (x86)/atmel/studio/7.0/toolchain/avr32/avr32-gnu-toolchain/bin/../lib/gcc/avr32/4.4.7/../../../../avr32/lib/ucr3\libc.a(lib_a-impure.o)
                0x8000d57c                _global_impure_ptr
 .rodata.lconv  0x8000d580       0x30 c:/program files (x86)/atmel/studio/7.0/toolchain/avr32/avr32-gnu-toolchain/bin/../lib/gcc/avr32/4.4.7/../../../../avr32/lib/ucr3\libc.a(lib_a-locale.o)
 .rodata.str1.4
                0x8000d5b0       0x10 c:/program files (x86)/atmel/studio/7.0/toolchain/avr32/avr32-gnu-toolchain/bin/../lib/gcc/avr32/4.4.7/../../../../avr32/lib/ucr3\libc.a(lib_a-locale.o)
                                 0x18 (size before relaxing)
 .rodata.p05.2471
                0x8000d5c0        0xc c:/program files (x86)/atmel/studio/7.0/toolchain/avr32/avr32-gnu-toolchain/bin/../lib/gcc/avr32/4.4.7/../../../../avr32/lib/ucr3\libc.a(lib_a-mprec.o)
 .rodata.__mprec_tens
                0x8000d5cc       0xc8 c:/program files (x86)/atmel/studio/7.0/toolchain/avr32/avr32-gnu-toolchain/bin/../lib/gcc/avr32/4.4.7/../../../../avr32/lib/ucr3\libc.a(lib_a-mprec.o)
                0x8000d5cc                __mprec_tens
 .rodata.__mprec_bigtens
                0x8000d694       0x28 c:/program files (x86)/atmel/studio/7.0/toolchain/avr32/avr32-gnu-toolchain/bin/../lib/gcc/avr32/4.4.7/../../../../avr32/lib/ucr3\libc.a(lib_a-mprec.o)
                0x8000d694                __mprec_bigtens

.rodata1
 *(.rodata1)

.eh_frame_hdr
 *(.eh_frame_hdr)

.eh_frame
 *(.eh_frame)

.gcc_except_table
 *(.gcc_except_table)
 *(.gcc_except_table.*)

.dalign         0x8000d6bc        0x4
                0x8000d6c0                . = ALIGN (0x8)
 *fill*         0x8000d6bc        0x4 
                0x8000d6c0                PROVIDE (_data_lma, .)
                0x00000004                PROVIDE (_data, ORIGIN (CPUSRAM))
                0x00000004                . = ORIGIN (CPUSRAM)

.eh_frame
 *(.eh_frame)

.gcc_except_table
 *(.gcc_except_table)
 *(.gcc_except_table.*)

.tdata
 *(.tdata .tdata.* .gnu.linkonce.td.*)

.tbss
 *(.tbss .tbss.* .gnu.linkonce.tb.*)
 *(.tcommon)
                0x00000004                PROVIDE (__preinit_array_start, ALIGN (0x4))

.preinit_array
 *(.preinit_array)
                0x00000004                PROVIDE (__preinit_array_end, .)
                0x00000004                PROVIDE (__init_array_start, .)

.init_array
 *(.init_array)
                0x00000004                PROVIDE (__init_array_end, .)
                0x00000004                PROVIDE (__fini_array_start, .)

.fini_array
 *(.fini_array)
                0x00000004                PROVIDE (__fini_array_end, .)

.ctors
 *crtbegin*.o(.ctors)
 *(EXCLUDE_FILE(*crtend*.o) .ctors)
 *(SORT(.ctors.*))
 *(.ctors)

.dtors
 *crtbegin*.o(.dtors)
 *(EXCLUDE_FILE(*crtend*.o) .dtors)
 *(SORT(.dtors.*))
 *(.dtors)

.jcr
 *(.jcr)

.data.rel.ro
 *(.data.rel.ro.local)
 *(.data.rel.ro*)

.dynamic
 *(.dynamic)

.got
 *(.got.plt)
 *(.got)

.data           0x00000004      0x508 load address 0x8000d6c0
 *(.data .data.* .gnu.linkonce.d.*)
 .data.flashcdw_wait_until_ready
                0x00000004        0x4 src/ASF/avr32/drivers/flashcdw/flashcdw.o
                0x00000004                flashcdw_wait_until_ready
 .data.impure_data
                0x00000008       0xf0 c:/program files (x86)/atmel/studio/7.0/toolchain/avr32/avr32-gnu-toolchain/bin/../lib/gcc/avr32/4.4.7/../../../../avr32/lib/ucr3\libc.a(lib_a-impure.o)
 .data._impure_ptr
                0x000000f8        0x4 c:/program files (x86)/atmel/studio/7.0/toolchain/avr32/avr32-gnu-toolchain/bin/../lib/gcc/avr32/4.4.7/../../../../avr32/lib/ucr3\libc.a(lib_a-impure.o)
                0x000000f8                _impure_ptr
 .data.__malloc_av_
                0x000000fc      0x408 c:/program files (x86)/atmel/studio/7.0/toolchain/avr32/avr32-gnu-toolchain/bin/../lib/gcc/avr32/4.4.7/../../../../avr32/lib/ucr3\libc.a(lib_a-mallocr.o)
                0x000000fc                __malloc_av_
 .data.__malloc_trim_threshold
                0x00000504        0x4 c:/program files (x86)/atmel/studio/7.0/toolchain/avr32/avr32-gnu-toolchain/bin/../lib/gcc/avr32/4.4.7/../../../../avr32/lib/ucr3\libc.a(lib_a-mallocr.o)
                0x00000504                __malloc_trim_threshold
 .data.__malloc_sbrk_base
                0x00000508        0x4 c:/program files (x86)/atmel/studio/7.0/toolchain/avr32/avr32-gnu-toolchain/bin/../lib/gcc/avr32/4.4.7/../../../../avr32/lib/ucr3\libc.a(lib_a-mallocr.o)
                0x00000508                __malloc_sbrk_base
 *(.gnu.linkonce.d.*personality*)

.data1
 *(.data1)

.balign         0x0000050c        0x4 load address 0x8000dbc8
                0x00000510                . = ALIGN (0x8)
 *fill*         0x0000050c        0x4 
                0x00000510                _edata = .
                0x00000510                _edata = .
                0x00000510                PROVIDE (edata, .)
                0x00000510                __bss_start = .

.bss            0x00000510      0x278 load address 0x8000dbc8
 *(.dynbss)
 *(.bss .bss.* .gnu.linkonce.b.*)
 .bss.flashcdw_error_status
                0x00000510        0x4 src/ASF/avr32/drivers/flashcdw/flashcdw.o
 .bss.act_time  0x00000514        0x4 src/pid.o
                0x00000514                act_time
 .bss.p_tmp.15823
                0x00000518        0xc src/pid.o
 .bss.r_tmp.15825
                0x00000524        0xc src/pid.o
 .bss.h_tmp.15824
                0x00000530        0xc src/pid.o
 .bss.twim_inst
                0x0000053c        0x4 src/ASF/avr32/drivers/twim/twim.o
 .bss.twim_tx_data
                0x00000540        0x4 src/ASF/avr32/drivers/twim/twim.o
 .bss.twim_rx_data
                0x00000544        0x4 src/ASF/avr32/drivers/twim/twim.o
 .bss.transfer_status
                0x00000548        0x4 src/ASF/avr32/drivers/twim/twim.o
 .bss.twim_tx_nb_bytes
                0x0000054c        0x4 src/ASF/avr32/drivers/twim/twim.o
 .bss.twim_rx_nb_bytes
                0x00000550        0x4 src/ASF/avr32/drivers/twim/twim.o
 .bss.twim_it_mask
                0x00000554        0x4 src/ASF/avr32/drivers/twim/twim.o
 .bss.twim_package
                0x00000558        0x4 src/ASF/avr32/drivers/twim/twim.o
 .bss.twim_next
                0x0000055c        0x1 src/ASF/avr32/drivers/twim/twim.o
 *fill*         0x0000055d        0x3 
 .bss._int_line_handler_table_0
                0x00000560        0x4 src/ASF/avr32/drivers/intc/intc.o
 .bss._int_line_handler_table_1
                0x00000564       0x28 src/ASF/avr32/drivers/intc/intc.o
 .bss._int_line_handler_table_2
                0x0000058c       0x1c src/ASF/avr32/drivers/intc/intc.o
 .bss._int_line_handler_table_3
                0x000005a8       0x1c src/ASF/avr32/drivers/intc/intc.o
 .bss._int_line_handler_table_4
                0x000005c4        0x4 src/ASF/avr32/drivers/intc/intc.o
 .bss._int_line_handler_table_5
                0x000005c8        0x4 src/ASF/avr32/drivers/intc/intc.o
 .bss._int_line_handler_table_6
                0x000005cc        0x4 src/ASF/avr32/drivers/intc/intc.o
 .bss._int_line_handler_table_7
                0x000005d0        0x4 src/ASF/avr32/drivers/intc/intc.o
 .bss._int_line_handler_table_8
                0x000005d4        0x4 src/ASF/avr32/drivers/intc/intc.o
 .bss._int_line_handler_table_9
                0x000005d8        0x4 src/ASF/avr32/drivers/intc/intc.o
 .bss._int_line_handler_table_10
                0x000005dc        0x4 src/ASF/avr32/drivers/intc/intc.o
 .bss._int_line_handler_table_11
                0x000005e0        0x4 src/ASF/avr32/drivers/intc/intc.o
 .bss._int_line_handler_table_12
                0x000005e4        0x4 src/ASF/avr32/drivers/intc/intc.o
 .bss._int_line_handler_table_13
                0x000005e8        0x4 src/ASF/avr32/drivers/intc/intc.o
 .bss._int_line_handler_table_14
                0x000005ec        0xc src/ASF/avr32/drivers/intc/intc.o
 .bss._int_line_handler_table_15
                0x000005f8        0xc src/ASF/avr32/drivers/intc/intc.o
 .bss._int_line_handler_table_16
                0x00000604        0x4 src/ASF/avr32/drivers/intc/intc.o
 .bss._int_line_handler_table_17
                0x00000608        0x8 src/ASF/avr32/drivers/intc/intc.o
 .bss._int_line_handler_table_18
                0x00000610        0x4 src/ASF/avr32/drivers/intc/intc.o
 .bss._int_line_handler_table_19
                0x00000614       0x10 src/ASF/avr32/drivers/intc/intc.o
 .bss._int_line_handler_table_20
                0x00000624        0x4 src/ASF/avr32/drivers/intc/intc.o
 .bss._int_line_handler_table_21
                0x00000628        0x4 src/ASF/avr32/drivers/intc/intc.o
 .bss.__malloc_max_total_mem
                0x0000062c        0x4 c:/program files (x86)/atmel/studio/7.0/toolchain/avr32/avr32-gnu-toolchain/bin/../lib/gcc/avr32/4.4.7/../../../../avr32/lib/ucr3\libc.a(lib_a-mallocr.o)
                0x0000062c                __malloc_max_total_mem
 .bss.__malloc_max_sbrked_mem
                0x00000630        0x4 c:/program files (x86)/atmel/studio/7.0/toolchain/avr32/avr32-gnu-toolchain/bin/../lib/gcc/avr32/4.4.7/../../../../avr32/lib/ucr3\libc.a(lib_a-mallocr.o)
                0x00000630                __malloc_max_sbrked_mem
 .bss.__malloc_top_pad
                0x00000634        0x4 c:/program files (x86)/atmel/studio/7.0/toolchain/avr32/avr32-gnu-toolchain/bin/../lib/gcc/avr32/4.4.7/../../../../avr32/lib/ucr3\libc.a(lib_a-mallocr.o)
                0x00000634                __malloc_top_pad
 .bss.__malloc_current_mallinfo
                0x00000638       0x28 c:/program files (x86)/atmel/studio/7.0/toolchain/avr32/avr32-gnu-toolchain/bin/../lib/gcc/avr32/4.4.7/../../../../avr32/lib/ucr3\libc.a(lib_a-mallocr.o)
                0x00000638                __malloc_current_mallinfo
 .bss.cur_heap_pos.1869
                0x00000660        0x4 c:/program files (x86)/atmel/studio/7.0/toolchain/avr32/avr32-gnu-toolchain/bin/../lib/gcc/avr32/4.4.7/../../../../avr32/lib/ucr3\libc.a(lib_a-syscalls.o)
 *(COMMON)
 COMMON         0x00000664       0x24 src/ast_rtc.o
                0x00000664                throotle
                0x00000668                speed
                0x00000670                esc_timer_values
                0x00000680                esc_timer_compare_values
 COMMON         0x00000688        0x8 src/communcation.o
                0x00000688                speed_1
 COMMON         0x00000690       0x6f src/sensor.o
                0x00000690                sensor_reg_page0
                0x000006e8                sensor_reg_page1
 *fill*         0x000006ff        0x1 
 COMMON         0x00000700       0x78 src/settings_t.o
                0x00000700                communication_frame_in
                0x00000718                communication_frame_out
                0x0000072c                set
 COMMON         0x00000778        0x7 src/ASF/common/services/sleepmgr/uc3/sleepmgr.o
                0x00000778                sleepmgr_locks
 *fill*         0x0000077f        0x1 
 COMMON         0x00000780        0x4 c:/program files (x86)/atmel/studio/7.0/toolchain/avr32/avr32-gnu-toolchain/bin/../lib/gcc/avr32/4.4.7/../../../../avr32/lib/ucr3\libc.a(lib_a-reent.o)
                0x00000780                errno
                0x00000788                . = ALIGN (0x8)
 *fill*         0x00000784        0x4 
                0x00000788                . = ALIGN (0x8)
                0x00000788                _end = .
                0x00000788                PROVIDE (end, .)
                0x00000788                __heap_start__ = ALIGN (0x8)
                0x00003000                . = ((ORIGIN (CPUSRAM) + 0x3ffc) - _stack_size)
                0x00003000                __heap_end__ = .

.stab
 *(.stab)

.stabstr
 *(.stabstr)

.stab.excl
 *(.stab.excl)

.stab.exclstr
 *(.stab.exclstr)

.stab.index
 *(.stab.index)

.stab.indexstr
 *(.stab.indexstr)

.comment        0x00000000       0x30
 *(.comment)
 .comment       0x00000000       0x30 src/ASF/avr32/drivers/ast/ast.o
                                 0x31 (size before relaxing)
 .comment       0x00000000       0x31 src/ast_rtc.o
 .comment       0x00000000       0x31 src/ASF/avr32/drivers/flashcdw/flashcdw.o
 .comment       0x00000000       0x31 src/ASF/avr32/drivers/gpio/gpio.o
 .comment       0x00000000       0x31 src/ASF/avr32/drivers/pdca/pdca.o
 .comment       0x00000000       0x31 src/ASF/avr32/drivers/scif/scif_uc3d.o
 .comment       0x00000000       0x31 src/communcation.o
 .comment       0x00000000       0x31 src/motor_control.o
 .comment       0x00000000       0x31 src/pid.o
 .comment       0x00000000       0x31 src/sensor.o
 .comment       0x00000000       0x31 src/settings_t.o
 .comment       0x00000000       0x31 src/ASF/avr32/drivers/tc/tc.o
 .comment       0x00000000       0x31 src/ASF/common/services/sleepmgr/uc3/sleepmgr.o
 .comment       0x00000000       0x31 src/ASF/common/services/clock/uc3d/osc.o
 .comment       0x00000000       0x31 src/ASF/common/services/clock/uc3d/sysclk.o
 .comment       0x00000000       0x31 src/ASF/avr32/drivers/spi/spi.o
 .comment       0x00000000       0x31 src/ASF/avr32/drivers/twim/twim.o
 .comment       0x00000000       0x31 src/ASF/avr32/drivers/usart/usart.o
 .comment       0x00000000       0x31 src/ASF/avr32/drivers/intc/intc.o
 .comment       0x00000000       0x31 src/ASF/common/boards/user_board/init.o
 .comment       0x00000000       0x31 src/main.o
 .comment       0x00000000       0x31 c:/program files (x86)/atmel/studio/7.0/toolchain/avr32/avr32-gnu-toolchain/bin/../lib/gcc/avr32/4.4.7/ucr3\libgcc.a(_udivdi3.o)
 .comment       0x00000000       0x31 c:/program files (x86)/atmel/studio/7.0/toolchain/avr32/avr32-gnu-toolchain/bin/../lib/gcc/avr32/4.4.7/../../../../avr32/lib/ucr3\libc.a(lib_a-sprintf.o)
 .comment       0x00000000       0x31 c:/program files (x86)/atmel/studio/7.0/toolchain/avr32/avr32-gnu-toolchain/bin/../lib/gcc/avr32/4.4.7/../../../../avr32/lib/ucr3\libc.a(lib_a-vfprintf.o)
 .comment       0x00000000       0x31 c:/program files (x86)/atmel/studio/7.0/toolchain/avr32/avr32-gnu-toolchain/bin/../lib/gcc/avr32/4.4.7/../../../../avr32/lib/ucr3\libc.a(lib_a-wsetup.o)
 .comment       0x00000000       0x31 c:/program files (x86)/atmel/studio/7.0/toolchain/avr32/avr32-gnu-toolchain/bin/../lib/gcc/avr32/4.4.7/../../../../avr32/lib/ucr3\libc.a(lib_a-dtoa.o)
 .comment       0x00000000       0x31 c:/program files (x86)/atmel/studio/7.0/toolchain/avr32/avr32-gnu-toolchain/bin/../lib/gcc/avr32/4.4.7/../../../../avr32/lib/ucr3\libc.a(lib_a-fflush.o)
 .comment       0x00000000       0x31 c:/program files (x86)/atmel/studio/7.0/toolchain/avr32/avr32-gnu-toolchain/bin/../lib/gcc/avr32/4.4.7/../../../../avr32/lib/ucr3\libc.a(lib_a-findfp.o)
 .comment       0x00000000       0x31 c:/program files (x86)/atmel/studio/7.0/toolchain/avr32/avr32-gnu-toolchain/bin/../lib/gcc/avr32/4.4.7/../../../../avr32/lib/ucr3\libc.a(lib_a-freer.o)
 .comment       0x00000000       0x31 c:/program files (x86)/atmel/studio/7.0/toolchain/avr32/avr32-gnu-toolchain/bin/../lib/gcc/avr32/4.4.7/../../../../avr32/lib/ucr3\libc.a(lib_a-fvwrite.o)
 .comment       0x00000000       0x31 c:/program files (x86)/atmel/studio/7.0/toolchain/avr32/avr32-gnu-toolchain/bin/../lib/gcc/avr32/4.4.7/../../../../avr32/lib/ucr3\libc.a(lib_a-fwalk.o)
 .comment       0x00000000       0x31 c:/program files (x86)/atmel/studio/7.0/toolchain/avr32/avr32-gnu-toolchain/bin/../lib/gcc/avr32/4.4.7/../../../../avr32/lib/ucr3\libc.a(lib_a-impure.o)
 .comment       0x00000000       0x31 c:/program files (x86)/atmel/studio/7.0/toolchain/avr32/avr32-gnu-toolchain/bin/../lib/gcc/avr32/4.4.7/../../../../avr32/lib/ucr3\libc.a(lib_a-locale.o)
 .comment       0x00000000       0x31 c:/program files (x86)/atmel/studio/7.0/toolchain/avr32/avr32-gnu-toolchain/bin/../lib/gcc/avr32/4.4.7/../../../../avr32/lib/ucr3\libc.a(lib_a-makebuf.o)
 .comment       0x00000000       0x31 c:/program files (x86)/atmel/studio/7.0/toolchain/avr32/avr32-gnu-toolchain/bin/../lib/gcc/avr32/4.4.7/../../../../avr32/lib/ucr3\libc.a(lib_a-malloc.o)
 .comment       0x00000000       0x31 c:/program files (x86)/atmel/studio/7.0/toolchain/avr32/avr32-gnu-toolchain/bin/../lib/gcc/avr32/4.4.7/../../../../avr32/lib/ucr3\libc.a(lib_a-mallocr.o)
 .comment       0x00000000       0x31 c:/program files (x86)/atmel/studio/7.0/toolchain/avr32/avr32-gnu-toolchain/bin/../lib/gcc/avr32/4.4.7/../../../../avr32/lib/ucr3\libc.a(lib_a-memchr.o)
 .comment       0x00000000       0x31 c:/program files (x86)/atmel/studio/7.0/toolchain/avr32/avr32-gnu-toolchain/bin/../lib/gcc/avr32/4.4.7/../../../../avr32/lib/ucr3\libc.a(lib_a-memmove.o)
 .comment       0x00000000       0x31 c:/program files (x86)/atmel/studio/7.0/toolchain/avr32/avr32-gnu-toolchain/bin/../lib/gcc/avr32/4.4.7/../../../../avr32/lib/ucr3\libc.a(lib_a-memset.o)
 .comment       0x00000000       0x31 c:/program files (x86)/atmel/studio/7.0/toolchain/avr32/avr32-gnu-toolchain/bin/../lib/gcc/avr32/4.4.7/../../../../avr32/lib/ucr3\libc.a(lib_a-mlock.o)
 .comment       0x00000000       0x31 c:/program files (x86)/atmel/studio/7.0/toolchain/avr32/avr32-gnu-toolchain/bin/../lib/gcc/avr32/4.4.7/../../../../avr32/lib/ucr3\libc.a(lib_a-mprec.o)
 .comment       0x00000000       0x31 c:/program files (x86)/atmel/studio/7.0/toolchain/avr32/avr32-gnu-toolchain/bin/../lib/gcc/avr32/4.4.7/../../../../avr32/lib/ucr3\libc.a(lib_a-reallocr.o)
 .comment       0x00000000       0x31 c:/program files (x86)/atmel/studio/7.0/toolchain/avr32/avr32-gnu-toolchain/bin/../lib/gcc/avr32/4.4.7/../../../../avr32/lib/ucr3\libc.a(lib_a-s_isinfd.o)
 .comment       0x00000000       0x31 c:/program files (x86)/atmel/studio/7.0/toolchain/avr32/avr32-gnu-toolchain/bin/../lib/gcc/avr32/4.4.7/../../../../avr32/lib/ucr3\libc.a(lib_a-s_isnand.o)
 .comment       0x00000000       0x31 c:/program files (x86)/atmel/studio/7.0/toolchain/avr32/avr32-gnu-toolchain/bin/../lib/gcc/avr32/4.4.7/../../../../avr32/lib/ucr3\libc.a(lib_a-sbrkr.o)
 .comment       0x00000000       0x31 c:/program files (x86)/atmel/studio/7.0/toolchain/avr32/avr32-gnu-toolchain/bin/../lib/gcc/avr32/4.4.7/../../../../avr32/lib/ucr3\libc.a(lib_a-stdio.o)
 .comment       0x00000000       0x31 c:/program files (x86)/atmel/studio/7.0/toolchain/avr32/avr32-gnu-toolchain/bin/../lib/gcc/avr32/4.4.7/../../../../avr32/lib/ucr3\libc.a(lib_a-strlen.o)
 .comment       0x00000000       0x31 c:/program files (x86)/atmel/studio/7.0/toolchain/avr32/avr32-gnu-toolchain/bin/../lib/gcc/avr32/4.4.7/../../../../avr32/lib/ucr3\libc.a(lib_a-syscalls.o)
 .comment       0x00000000       0x31 c:/program files (x86)/atmel/studio/7.0/toolchain/avr32/avr32-gnu-toolchain/bin/../lib/gcc/avr32/4.4.7/../../../../avr32/lib/ucr3\libc.a(lib_a-writer.o)
 .comment       0x00000000       0x31 c:/program files (x86)/atmel/studio/7.0/toolchain/avr32/avr32-gnu-toolchain/bin/../lib/gcc/avr32/4.4.7/../../../../avr32/lib/ucr3\libc.a(lib_a-callocr.o)
 .comment       0x00000000       0x31 c:/program files (x86)/atmel/studio/7.0/toolchain/avr32/avr32-gnu-toolchain/bin/../lib/gcc/avr32/4.4.7/../../../../avr32/lib/ucr3\libc.a(lib_a-closer.o)
 .comment       0x00000000       0x31 c:/program files (x86)/atmel/studio/7.0/toolchain/avr32/avr32-gnu-toolchain/bin/../lib/gcc/avr32/4.4.7/../../../../avr32/lib/ucr3\libc.a(lib_a-errno.o)
 .comment       0x00000000       0x31 c:/program files (x86)/atmel/studio/7.0/toolchain/avr32/avr32-gnu-toolchain/bin/../lib/gcc/avr32/4.4.7/../../../../avr32/lib/ucr3\libc.a(lib_a-fclose.o)
 .comment       0x00000000       0x31 c:/program files (x86)/atmel/studio/7.0/toolchain/avr32/avr32-gnu-toolchain/bin/../lib/gcc/avr32/4.4.7/../../../../avr32/lib/ucr3\libc.a(lib_a-fstatr.o)
 .comment       0x00000000       0x31 c:/program files (x86)/atmel/studio/7.0/toolchain/avr32/avr32-gnu-toolchain/bin/../lib/gcc/avr32/4.4.7/../../../../avr32/lib/ucr3\libc.a(lib_a-lseekr.o)
 .comment       0x00000000       0x31 c:/program files (x86)/atmel/studio/7.0/toolchain/avr32/avr32-gnu-toolchain/bin/../lib/gcc/avr32/4.4.7/../../../../avr32/lib/ucr3\libc.a(lib_a-readr.o)
 .comment       0x00000000       0x31 c:/program files (x86)/atmel/studio/7.0/toolchain/avr32/avr32-gnu-toolchain/bin/../lib/gcc/avr32/4.4.7/../../../../avr32/lib/ucr3\libc.a(lib_a-reent.o)
 .comment       0x00000000       0x31 c:/program files (x86)/atmel/studio/7.0/toolchain/avr32/avr32-gnu-toolchain/bin/../lib/gcc/avr32/4.4.7/ucr3\libgcc.a(_umoddi3.o)

.debug
 *(.debug)

.line
 *(.line)

.debug_srcinfo
 *(.debug_srcinfo)

.debug_sfnames
 *(.debug_sfnames)

.debug_aranges  0x00000000     0x1638
 *(.debug_aranges)
 .debug_aranges
                0x00000000      0x1d8 src/ASF/avr32/drivers/ast/ast.o
 .debug_aranges
                0x000001d8       0x80 src/ast_rtc.o
 .debug_aranges
                0x00000258      0x260 src/ASF/avr32/drivers/flashcdw/flashcdw.o
 .debug_aranges
                0x000004b8      0x128 src/ASF/avr32/drivers/gpio/gpio.o
 .debug_aranges
                0x000005e0       0xd0 src/ASF/avr32/drivers/pdca/pdca.o
 .debug_aranges
                0x000006b0      0x100 src/ASF/avr32/drivers/scif/scif_uc3d.o
 .debug_aranges
                0x000007b0       0xa8 src/communcation.o
 .debug_aranges
                0x00000858       0xb0 src/motor_control.o
 .debug_aranges
                0x00000908       0x40 src/pid.o
 .debug_aranges
                0x00000948      0x100 src/sensor.o
 .debug_aranges
                0x00000a48       0x50 src/settings_t.o
 .debug_aranges
                0x00000a98       0xb0 src/ASF/avr32/drivers/tc/tc.o
 .debug_aranges
                0x00000b48       0x40 src/ASF/common/services/clock/uc3d/osc.o
 .debug_aranges
                0x00000b88       0x80 src/ASF/common/services/clock/uc3d/sysclk.o
 .debug_aranges
                0x00000c08       0xa8 src/ASF/avr32/drivers/spi/spi.o
 .debug_aranges
                0x00000cb0       0x88 src/ASF/avr32/drivers/twim/twim.o
 .debug_aranges
                0x00000d38      0x108 src/ASF/avr32/drivers/usart/usart.o
 .debug_aranges
                0x00000e40       0x20 src/ASF/avr32/drivers/intc/exception.o
 .debug_aranges
                0x00000e60       0x40 src/ASF/avr32/drivers/intc/intc.o
 .debug_aranges
                0x00000ea0       0x28 src/ASF/avr32/utils/startup/startup_uc3.o
 .debug_aranges
                0x00000ec8       0x20 src/ASF/avr32/utils/startup/trampoline_uc3.o
 .debug_aranges
                0x00000ee8       0x40 src/ASF/common/boards/user_board/init.o
 .debug_aranges
                0x00000f28       0x28 src/main.o
 .debug_aranges
                0x00000f50       0x20 c:/program files (x86)/atmel/studio/7.0/toolchain/avr32/avr32-gnu-toolchain/bin/../lib/gcc/avr32/4.4.7/ucr3\libgcc.a(_udivdi3.o)
 .debug_aranges
                0x00000f70       0x28 c:/program files (x86)/atmel/studio/7.0/toolchain/avr32/avr32-gnu-toolchain/bin/../lib/gcc/avr32/4.4.7/../../../../avr32/lib/ucr3\libc.a(lib_a-sprintf.o)
 .debug_aranges
                0x00000f98       0x38 c:/program files (x86)/atmel/studio/7.0/toolchain/avr32/avr32-gnu-toolchain/bin/../lib/gcc/avr32/4.4.7/../../../../avr32/lib/ucr3\libc.a(lib_a-vfprintf.o)
 .debug_aranges
                0x00000fd0       0x20 c:/program files (x86)/atmel/studio/7.0/toolchain/avr32/avr32-gnu-toolchain/bin/../lib/gcc/avr32/4.4.7/../../../../avr32/lib/ucr3\libc.a(lib_a-wsetup.o)
 .debug_aranges
                0x00000ff0       0x28 c:/program files (x86)/atmel/studio/7.0/toolchain/avr32/avr32-gnu-toolchain/bin/../lib/gcc/avr32/4.4.7/../../../../avr32/lib/ucr3\libc.a(lib_a-dtoa.o)
 .debug_aranges
                0x00001018       0x28 c:/program files (x86)/atmel/studio/7.0/toolchain/avr32/avr32-gnu-toolchain/bin/../lib/gcc/avr32/4.4.7/../../../../avr32/lib/ucr3\libc.a(lib_a-fflush.o)
 .debug_aranges
                0x00001040       0x80 c:/program files (x86)/atmel/studio/7.0/toolchain/avr32/avr32-gnu-toolchain/bin/../lib/gcc/avr32/4.4.7/../../../../avr32/lib/ucr3\libc.a(lib_a-findfp.o)
 .debug_aranges
                0x000010c0       0x28 c:/program files (x86)/atmel/studio/7.0/toolchain/avr32/avr32-gnu-toolchain/bin/../lib/gcc/avr32/4.4.7/../../../../avr32/lib/ucr3\libc.a(lib_a-freer.o)
 .debug_aranges
                0x000010e8       0x20 c:/program files (x86)/atmel/studio/7.0/toolchain/avr32/avr32-gnu-toolchain/bin/../lib/gcc/avr32/4.4.7/../../../../avr32/lib/ucr3\libc.a(lib_a-fvwrite.o)
 .debug_aranges
                0x00001108       0x28 c:/program files (x86)/atmel/studio/7.0/toolchain/avr32/avr32-gnu-toolchain/bin/../lib/gcc/avr32/4.4.7/../../../../avr32/lib/ucr3\libc.a(lib_a-fwalk.o)
 .debug_aranges
                0x00001130       0x40 c:/program files (x86)/atmel/studio/7.0/toolchain/avr32/avr32-gnu-toolchain/bin/../lib/gcc/avr32/4.4.7/../../../../avr32/lib/ucr3\libc.a(lib_a-locale.o)
 .debug_aranges
                0x00001170       0x20 c:/program files (x86)/atmel/studio/7.0/toolchain/avr32/avr32-gnu-toolchain/bin/../lib/gcc/avr32/4.4.7/../../../../avr32/lib/ucr3\libc.a(lib_a-makebuf.o)
 .debug_aranges
                0x00001190       0x28 c:/program files (x86)/atmel/studio/7.0/toolchain/avr32/avr32-gnu-toolchain/bin/../lib/gcc/avr32/4.4.7/../../../../avr32/lib/ucr3\libc.a(lib_a-malloc.o)
 .debug_aranges
                0x000011b8       0x20 c:/program files (x86)/atmel/studio/7.0/toolchain/avr32/avr32-gnu-toolchain/bin/../lib/gcc/avr32/4.4.7/../../../../avr32/lib/ucr3\libc.a(lib_a-mallocr.o)
 .debug_aranges
                0x000011d8       0x20 c:/program files (x86)/atmel/studio/7.0/toolchain/avr32/avr32-gnu-toolchain/bin/../lib/gcc/avr32/4.4.7/../../../../avr32/lib/ucr3\libc.a(lib_a-memchr.o)
 .debug_aranges
                0x000011f8       0x20 c:/program files (x86)/atmel/studio/7.0/toolchain/avr32/avr32-gnu-toolchain/bin/../lib/gcc/avr32/4.4.7/../../../../avr32/lib/ucr3\libc.a(lib_a-memmove.o)
 .debug_aranges
                0x00001218       0x20 c:/program files (x86)/atmel/studio/7.0/toolchain/avr32/avr32-gnu-toolchain/bin/../lib/gcc/avr32/4.4.7/../../../../avr32/lib/ucr3\libc.a(lib_a-memset.o)
 .debug_aranges
                0x00001238       0x28 c:/program files (x86)/atmel/studio/7.0/toolchain/avr32/avr32-gnu-toolchain/bin/../lib/gcc/avr32/4.4.7/../../../../avr32/lib/ucr3\libc.a(lib_a-mlock.o)
 .debug_aranges
                0x00001260       0xb0 c:/program files (x86)/atmel/studio/7.0/toolchain/avr32/avr32-gnu-toolchain/bin/../lib/gcc/avr32/4.4.7/../../../../avr32/lib/ucr3\libc.a(lib_a-mprec.o)
 .debug_aranges
                0x00001310       0x20 c:/program files (x86)/atmel/studio/7.0/toolchain/avr32/avr32-gnu-toolchain/bin/../lib/gcc/avr32/4.4.7/../../../../avr32/lib/ucr3\libc.a(lib_a-reallocr.o)
 .debug_aranges
                0x00001330       0x20 c:/program files (x86)/atmel/studio/7.0/toolchain/avr32/avr32-gnu-toolchain/bin/../lib/gcc/avr32/4.4.7/../../../../avr32/lib/ucr3\libc.a(lib_a-s_isinfd.o)
 .debug_aranges
                0x00001350       0x20 c:/program files (x86)/atmel/studio/7.0/toolchain/avr32/avr32-gnu-toolchain/bin/../lib/gcc/avr32/4.4.7/../../../../avr32/lib/ucr3\libc.a(lib_a-s_isnand.o)
 .debug_aranges
                0x00001370       0x20 c:/program files (x86)/atmel/studio/7.0/toolchain/avr32/avr32-gnu-toolchain/bin/../lib/gcc/avr32/4.4.7/../../../../avr32/lib/ucr3\libc.a(lib_a-sbrkr.o)
 .debug_aranges
                0x00001390       0x38 c:/program files (x86)/atmel/studio/7.0/toolchain/avr32/avr32-gnu-toolchain/bin/../lib/gcc/avr32/4.4.7/../../../../avr32/lib/ucr3\libc.a(lib_a-stdio.o)
 .debug_aranges
                0x000013c8       0x20 c:/program files (x86)/atmel/studio/7.0/toolchain/avr32/avr32-gnu-toolchain/bin/../lib/gcc/avr32/4.4.7/../../../../avr32/lib/ucr3\libc.a(lib_a-strlen.o)
 .debug_aranges
                0x000013e8       0xf8 c:/program files (x86)/atmel/studio/7.0/toolchain/avr32/avr32-gnu-toolchain/bin/../lib/gcc/avr32/4.4.7/../../../../avr32/lib/ucr3\libc.a(lib_a-syscalls.o)
 .debug_aranges
                0x000014e0       0x20 c:/program files (x86)/atmel/studio/7.0/toolchain/avr32/avr32-gnu-toolchain/bin/../lib/gcc/avr32/4.4.7/../../../../avr32/lib/ucr3\libc.a(lib_a-writer.o)
 .debug_aranges
                0x00001500       0x20 c:/program files (x86)/atmel/studio/7.0/toolchain/avr32/avr32-gnu-toolchain/bin/../lib/gcc/avr32/4.4.7/../../../../avr32/lib/ucr3\libc.a(lib_a-callocr.o)
 .debug_aranges
                0x00001520       0x20 c:/program files (x86)/atmel/studio/7.0/toolchain/avr32/avr32-gnu-toolchain/bin/../lib/gcc/avr32/4.4.7/../../../../avr32/lib/ucr3\libc.a(lib_a-closer.o)
 .debug_aranges
                0x00001540       0x20 c:/program files (x86)/atmel/studio/7.0/toolchain/avr32/avr32-gnu-toolchain/bin/../lib/gcc/avr32/4.4.7/../../../../avr32/lib/ucr3\libc.a(lib_a-errno.o)
 .debug_aranges
                0x00001560       0x28 c:/program files (x86)/atmel/studio/7.0/toolchain/avr32/avr32-gnu-toolchain/bin/../lib/gcc/avr32/4.4.7/../../../../avr32/lib/ucr3\libc.a(lib_a-fclose.o)
 .debug_aranges
                0x00001588       0x20 c:/program files (x86)/atmel/studio/7.0/toolchain/avr32/avr32-gnu-toolchain/bin/../lib/gcc/avr32/4.4.7/../../../../avr32/lib/ucr3\libc.a(lib_a-fstatr.o)
 .debug_aranges
                0x000015a8       0x20 c:/program files (x86)/atmel/studio/7.0/toolchain/avr32/avr32-gnu-toolchain/bin/../lib/gcc/avr32/4.4.7/../../../../avr32/lib/ucr3\libc.a(lib_a-lseekr.o)
 .debug_aranges
                0x000015c8       0x20 c:/program files (x86)/atmel/studio/7.0/toolchain/avr32/avr32-gnu-toolchain/bin/../lib/gcc/avr32/4.4.7/../../../../avr32/lib/ucr3\libc.a(lib_a-readr.o)
 .debug_aranges
                0x000015e8       0x30 c:/program files (x86)/atmel/studio/7.0/toolchain/avr32/avr32-gnu-toolchain/bin/../lib/gcc/avr32/4.4.7/../../../../avr32/lib/ucr3\libc.a(lib_a-reent.o)
 .debug_aranges
                0x00001618       0x20 c:/program files (x86)/atmel/studio/7.0/toolchain/avr32/avr32-gnu-toolchain/bin/../lib/gcc/avr32/4.4.7/ucr3\libgcc.a(_umoddi3.o)

.debug_pubnames
                0x00000000     0x2f6a
 *(.debug_pubnames)
 .debug_pubnames
                0x00000000      0x617 src/ASF/avr32/drivers/ast/ast.o
 .debug_pubnames
                0x00000617       0x9f src/ast_rtc.o
 .debug_pubnames
                0x000006b6      0x950 src/ASF/avr32/drivers/flashcdw/flashcdw.o
 .debug_pubnames
                0x00001006      0x3aa src/ASF/avr32/drivers/gpio/gpio.o
 .debug_pubnames
                0x000013b0      0x275 src/ASF/avr32/drivers/pdca/pdca.o
 .debug_pubnames
                0x00001625      0x281 src/ASF/avr32/drivers/scif/scif_uc3d.o
 .debug_pubnames
                0x000018a6       0x87 src/communcation.o
 .debug_pubnames
                0x0000192d       0xd9 src/motor_control.o
 .debug_pubnames
                0x00001a06       0xa6 src/pid.o
 .debug_pubnames
                0x00001aac      0x1c8 src/sensor.o
 .debug_pubnames
                0x00001c74       0xcd src/settings_t.o
 .debug_pubnames
                0x00001d41      0x164 src/ASF/avr32/drivers/tc/tc.o
 .debug_pubnames
                0x00001ea5       0x25 src/ASF/common/services/sleepmgr/uc3/sleepmgr.o
 .debug_pubnames
                0x00001eca       0x49 src/ASF/common/services/clock/uc3d/osc.o
 .debug_pubnames
                0x00001f13       0x8f src/ASF/common/services/clock/uc3d/sysclk.o
 .debug_pubnames
                0x00001fa2      0x178 src/ASF/avr32/drivers/spi/spi.o
 .debug_pubnames
                0x0000211a       0xd6 src/ASF/avr32/drivers/twim/twim.o
 .debug_pubnames
                0x000021f0      0x227 src/ASF/avr32/drivers/usart/usart.o
 .debug_pubnames
                0x00002417       0x62 src/ASF/avr32/drivers/intc/intc.o
 .debug_pubnames
                0x00002479       0x6a src/ASF/common/boards/user_board/init.o
 .debug_pubnames
                0x000024e3       0x64 src/main.o
 .debug_pubnames
                0x00002547       0x20 c:/program files (x86)/atmel/studio/7.0/toolchain/avr32/avr32-gnu-toolchain/bin/../lib/gcc/avr32/4.4.7/ucr3\libgcc.a(_udivdi3.o)
 .debug_pubnames
                0x00002567       0x2d c:/program files (x86)/atmel/studio/7.0/toolchain/avr32/avr32-gnu-toolchain/bin/../lib/gcc/avr32/4.4.7/../../../../avr32/lib/ucr3\libc.a(lib_a-sprintf.o)
 .debug_pubnames
                0x00002594       0x2f c:/program files (x86)/atmel/studio/7.0/toolchain/avr32/avr32-gnu-toolchain/bin/../lib/gcc/avr32/4.4.7/../../../../avr32/lib/ucr3\libc.a(lib_a-vfprintf.o)
 .debug_pubnames
                0x000025c3       0x22 c:/program files (x86)/atmel/studio/7.0/toolchain/avr32/avr32-gnu-toolchain/bin/../lib/gcc/avr32/4.4.7/../../../../avr32/lib/ucr3\libc.a(lib_a-wsetup.o)
 .debug_pubnames
                0x000025e5       0x1e c:/program files (x86)/atmel/studio/7.0/toolchain/avr32/avr32-gnu-toolchain/bin/../lib/gcc/avr32/4.4.7/../../../../avr32/lib/ucr3\libc.a(lib_a-dtoa.o)
 .debug_pubnames
                0x00002603       0x2b c:/program files (x86)/atmel/studio/7.0/toolchain/avr32/avr32-gnu-toolchain/bin/../lib/gcc/avr32/4.4.7/../../../../avr32/lib/ucr3\libc.a(lib_a-fflush.o)
 .debug_pubnames
                0x0000262e      0x119 c:/program files (x86)/atmel/studio/7.0/toolchain/avr32/avr32-gnu-toolchain/bin/../lib/gcc/avr32/4.4.7/../../../../avr32/lib/ucr3\libc.a(lib_a-findfp.o)
 .debug_pubnames
                0x00002747       0x31 c:/program files (x86)/atmel/studio/7.0/toolchain/avr32/avr32-gnu-toolchain/bin/../lib/gcc/avr32/4.4.7/../../../../avr32/lib/ucr3\libc.a(lib_a-freer.o)
 .debug_pubnames
                0x00002778       0x23 c:/program files (x86)/atmel/studio/7.0/toolchain/avr32/avr32-gnu-toolchain/bin/../lib/gcc/avr32/4.4.7/../../../../avr32/lib/ucr3\libc.a(lib_a-fvwrite.o)
 .debug_pubnames
                0x0000279b       0x2e c:/program files (x86)/atmel/studio/7.0/toolchain/avr32/avr32-gnu-toolchain/bin/../lib/gcc/avr32/4.4.7/../../../../avr32/lib/ucr3\libc.a(lib_a-fwalk.o)
 .debug_pubnames
                0x000027c9       0x39 c:/program files (x86)/atmel/studio/7.0/toolchain/avr32/avr32-gnu-toolchain/bin/../lib/gcc/avr32/4.4.7/../../../../avr32/lib/ucr3\libc.a(lib_a-impure.o)
 .debug_pubnames
                0x00002802       0xc3 c:/program files (x86)/atmel/studio/7.0/toolchain/avr32/avr32-gnu-toolchain/bin/../lib/gcc/avr32/4.4.7/../../../../avr32/lib/ucr3\libc.a(lib_a-locale.o)
 .debug_pubnames
                0x000028c5       0x23 c:/program files (x86)/atmel/studio/7.0/toolchain/avr32/avr32-gnu-toolchain/bin/../lib/gcc/avr32/4.4.7/../../../../avr32/lib/ucr3\libc.a(lib_a-makebuf.o)
 .debug_pubnames
                0x000028e8       0x26 c:/program files (x86)/atmel/studio/7.0/toolchain/avr32/avr32-gnu-toolchain/bin/../lib/gcc/avr32/4.4.7/../../../../avr32/lib/ucr3\libc.a(lib_a-malloc.o)
 .debug_pubnames
                0x0000290e       0xce c:/program files (x86)/atmel/studio/7.0/toolchain/avr32/avr32-gnu-toolchain/bin/../lib/gcc/avr32/4.4.7/../../../../avr32/lib/ucr3\libc.a(lib_a-mallocr.o)
 .debug_pubnames
                0x000029dc       0x1d c:/program files (x86)/atmel/studio/7.0/toolchain/avr32/avr32-gnu-toolchain/bin/../lib/gcc/avr32/4.4.7/../../../../avr32/lib/ucr3\libc.a(lib_a-memchr.o)
 .debug_pubnames
                0x000029f9       0x1e c:/program files (x86)/atmel/studio/7.0/toolchain/avr32/avr32-gnu-toolchain/bin/../lib/gcc/avr32/4.4.7/../../../../avr32/lib/ucr3\libc.a(lib_a-memmove.o)
 .debug_pubnames
                0x00002a17       0x1d c:/program files (x86)/atmel/studio/7.0/toolchain/avr32/avr32-gnu-toolchain/bin/../lib/gcc/avr32/4.4.7/../../../../avr32/lib/ucr3\libc.a(lib_a-memset.o)
 .debug_pubnames
                0x00002a34       0x38 c:/program files (x86)/atmel/studio/7.0/toolchain/avr32/avr32-gnu-toolchain/bin/../lib/gcc/avr32/4.4.7/../../../../avr32/lib/ucr3\libc.a(lib_a-mlock.o)
 .debug_pubnames
                0x00002a6c      0x13a c:/program files (x86)/atmel/studio/7.0/toolchain/avr32/avr32-gnu-toolchain/bin/../lib/gcc/avr32/4.4.7/../../../../avr32/lib/ucr3\libc.a(lib_a-mprec.o)
 .debug_pubnames
                0x00002ba6       0x21 c:/program files (x86)/atmel/studio/7.0/toolchain/avr32/avr32-gnu-toolchain/bin/../lib/gcc/avr32/4.4.7/../../../../avr32/lib/ucr3\libc.a(lib_a-reallocr.o)
 .debug_pubnames
                0x00002bc7       0x1f c:/program files (x86)/atmel/studio/7.0/toolchain/avr32/avr32-gnu-toolchain/bin/../lib/gcc/avr32/4.4.7/../../../../avr32/lib/ucr3\libc.a(lib_a-s_isinfd.o)
 .debug_pubnames
                0x00002be6       0x1f c:/program files (x86)/atmel/studio/7.0/toolchain/avr32/avr32-gnu-toolchain/bin/../lib/gcc/avr32/4.4.7/../../../../avr32/lib/ucr3\libc.a(lib_a-s_isnand.o)
 .debug_pubnames
                0x00002c05       0x1e c:/program files (x86)/atmel/studio/7.0/toolchain/avr32/avr32-gnu-toolchain/bin/../lib/gcc/avr32/4.4.7/../../../../avr32/lib/ucr3\libc.a(lib_a-sbrkr.o)
 .debug_pubnames
                0x00002c23       0x44 c:/program files (x86)/atmel/studio/7.0/toolchain/avr32/avr32-gnu-toolchain/bin/../lib/gcc/avr32/4.4.7/../../../../avr32/lib/ucr3\libc.a(lib_a-stdio.o)
 .debug_pubnames
                0x00002c67       0x1d c:/program files (x86)/atmel/studio/7.0/toolchain/avr32/avr32-gnu-toolchain/bin/../lib/gcc/avr32/4.4.7/../../../../avr32/lib/ucr3\libc.a(lib_a-strlen.o)
 .debug_pubnames
                0x00002c84      0x171 c:/program files (x86)/atmel/studio/7.0/toolchain/avr32/avr32-gnu-toolchain/bin/../lib/gcc/avr32/4.4.7/../../../../avr32/lib/ucr3\libc.a(lib_a-syscalls.o)
 .debug_pubnames
                0x00002df5       0x1f c:/program files (x86)/atmel/studio/7.0/toolchain/avr32/avr32-gnu-toolchain/bin/../lib/gcc/avr32/4.4.7/../../../../avr32/lib/ucr3\libc.a(lib_a-writer.o)
 .debug_pubnames
                0x00002e14       0x20 c:/program files (x86)/atmel/studio/7.0/toolchain/avr32/avr32-gnu-toolchain/bin/../lib/gcc/avr32/4.4.7/../../../../avr32/lib/ucr3\libc.a(lib_a-callocr.o)
 .debug_pubnames
                0x00002e34       0x1f c:/program files (x86)/atmel/studio/7.0/toolchain/avr32/avr32-gnu-toolchain/bin/../lib/gcc/avr32/4.4.7/../../../../avr32/lib/ucr3\libc.a(lib_a-closer.o)
 .debug_pubnames
                0x00002e53       0x1e c:/program files (x86)/atmel/studio/7.0/toolchain/avr32/avr32-gnu-toolchain/bin/../lib/gcc/avr32/4.4.7/../../../../avr32/lib/ucr3\libc.a(lib_a-errno.o)
 .debug_pubnames
                0x00002e71       0x2b c:/program files (x86)/atmel/studio/7.0/toolchain/avr32/avr32-gnu-toolchain/bin/../lib/gcc/avr32/4.4.7/../../../../avr32/lib/ucr3\libc.a(lib_a-fclose.o)
 .debug_pubnames
                0x00002e9c       0x1f c:/program files (x86)/atmel/studio/7.0/toolchain/avr32/avr32-gnu-toolchain/bin/../lib/gcc/avr32/4.4.7/../../../../avr32/lib/ucr3\libc.a(lib_a-fstatr.o)
 .debug_pubnames
                0x00002ebb       0x1f c:/program files (x86)/atmel/studio/7.0/toolchain/avr32/avr32-gnu-toolchain/bin/../lib/gcc/avr32/4.4.7/../../../../avr32/lib/ucr3\libc.a(lib_a-lseekr.o)
 .debug_pubnames
                0x00002eda       0x1e c:/program files (x86)/atmel/studio/7.0/toolchain/avr32/avr32-gnu-toolchain/bin/../lib/gcc/avr32/4.4.7/../../../../avr32/lib/ucr3\libc.a(lib_a-readr.o)
 .debug_pubnames
                0x00002ef8       0x52 c:/program files (x86)/atmel/studio/7.0/toolchain/avr32/avr32-gnu-toolchain/bin/../lib/gcc/avr32/4.4.7/../../../../avr32/lib/ucr3\libc.a(lib_a-reent.o)
 .debug_pubnames
                0x00002f4a       0x20 c:/program files (x86)/atmel/studio/7.0/toolchain/avr32/avr32-gnu-toolchain/bin/../lib/gcc/avr32/4.4.7/ucr3\libgcc.a(_umoddi3.o)

.debug_info     0x00000000    0x37a05
 *(.debug_info .gnu.linkonce.wi.*)
 .debug_info    0x00000000     0x17e3 src/ASF/avr32/drivers/ast/ast.o
 .debug_info    0x000017e3      0xf8f src/ast_rtc.o
 .debug_info    0x00002772     0x1df4 src/ASF/avr32/drivers/flashcdw/flashcdw.o
 .debug_info    0x00004566      0xf72 src/ASF/avr32/drivers/gpio/gpio.o
 .debug_info    0x000054d8      0xe75 src/ASF/avr32/drivers/pdca/pdca.o
 .debug_info    0x0000634d     0x1dd1 src/ASF/avr32/drivers/scif/scif_uc3d.o
 .debug_info    0x0000811e     0x4579 src/communcation.o
 .debug_info    0x0000c697     0x1932 src/motor_control.o
 .debug_info    0x0000dfc9     0x3ac2 src/pid.o
 .debug_info    0x00011a8b     0x2e4d src/sensor.o
 .debug_info    0x000148d8      0xf39 src/settings_t.o
 .debug_info    0x00015811     0x117d src/ASF/avr32/drivers/tc/tc.o
 .debug_info    0x0001698e       0xf9 src/ASF/common/services/sleepmgr/uc3/sleepmgr.o
 .debug_info    0x00016a87     0x14ad src/ASF/common/services/clock/uc3d/osc.o
 .debug_info    0x00017f34     0x227d src/ASF/common/services/clock/uc3d/sysclk.o
 .debug_info    0x0001a1b1     0x1314 src/ASF/avr32/drivers/spi/spi.o
 .debug_info    0x0001b4c5     0x120b src/ASF/avr32/drivers/twim/twim.o
 .debug_info    0x0001c6d0     0x2c09 src/ASF/avr32/drivers/usart/usart.o
 .debug_info    0x0001f2d9       0x89 src/ASF/avr32/drivers/intc/exception.o
 .debug_info    0x0001f362      0x5ee src/ASF/avr32/drivers/intc/intc.o
 .debug_info    0x0001f950       0x88 src/ASF/avr32/utils/startup/startup_uc3.o
 .debug_info    0x0001f9d8       0x8f src/ASF/avr32/utils/startup/trampoline_uc3.o
 .debug_info    0x0001fa67      0xab4 src/ASF/common/boards/user_board/init.o
 .debug_info    0x0002051b     0x2b93 src/main.o
 .debug_info    0x000230ae      0x57b c:/program files (x86)/atmel/studio/7.0/toolchain/avr32/avr32-gnu-toolchain/bin/../lib/gcc/avr32/4.4.7/ucr3\libgcc.a(_udivdi3.o)
 .debug_info    0x00023629      0x989 c:/program files (x86)/atmel/studio/7.0/toolchain/avr32/avr32-gnu-toolchain/bin/../lib/gcc/avr32/4.4.7/../../../../avr32/lib/ucr3\libc.a(lib_a-sprintf.o)
 .debug_info    0x00023fb2     0x15e8 c:/program files (x86)/atmel/studio/7.0/toolchain/avr32/avr32-gnu-toolchain/bin/../lib/gcc/avr32/4.4.7/../../../../avr32/lib/ucr3\libc.a(lib_a-vfprintf.o)