
Allocating common symbols
Common symbol       size              file

sleepmgr_locks      0x7               src/ASF/common/services/sleepmgr/uc3/sleepmgr.o
set                 0x44              src/settings_t.o

Discarded input sections

 .text          0x00000000        0x0 src/ASF/avr32/drivers/gpio/gpio.o
 .data          0x00000000        0x0 src/ASF/avr32/drivers/gpio/gpio.o
 .bss           0x00000000        0x0 src/ASF/avr32/drivers/gpio/gpio.o
 .text.gpio_enable_gpio_pin
                0x00000000       0x18 src/ASF/avr32/drivers/gpio/gpio.o
 .text.gpio_enable_gpio
                0x00000000       0x28 src/ASF/avr32/drivers/gpio/gpio.o
 .text.gpio_enable_pin_pull_up
                0x00000000       0x16 src/ASF/avr32/drivers/gpio/gpio.o
 .text.gpio_disable_pin_pull_up
                0x00000000       0x16 src/ASF/avr32/drivers/gpio/gpio.o
 .text.gpio_configure_pin
                0x00000000       0xb8 src/ASF/avr32/drivers/gpio/gpio.o
 .text.gpio_configure_group
                0x00000000       0x6e src/ASF/avr32/drivers/gpio/gpio.o
 .text.gpio_get_pin_value
                0x00000000       0x16 src/ASF/avr32/drivers/gpio/gpio.o
 .text.gpio_get_gpio_pin_output_value
                0x00000000       0x16 src/ASF/avr32/drivers/gpio/gpio.o
 .text.gpio_get_gpio_open_drain_pin_output_value
                0x00000000       0x1a src/ASF/avr32/drivers/gpio/gpio.o
 .text.gpio_set_gpio_pin
                0x00000000       0x1c src/ASF/avr32/drivers/gpio/gpio.o
 .text.gpio_set_pin_high
                0x00000000       0x16 src/ASF/avr32/drivers/gpio/gpio.o
 .text.gpio_set_group_high
                0x00000000        0xc src/ASF/avr32/drivers/gpio/gpio.o
 .text.gpio_set_pin_low
                0x00000000       0x16 src/ASF/avr32/drivers/gpio/gpio.o
 .text.gpio_clr_gpio_pin
                0x00000000       0x1c src/ASF/avr32/drivers/gpio/gpio.o
 .text.gpio_set_group_low
                0x00000000        0xc src/ASF/avr32/drivers/gpio/gpio.o
 .text.gpio_tgl_gpio_pin
                0x00000000       0x1c src/ASF/avr32/drivers/gpio/gpio.o
 .text.gpio_toggle_pin
                0x00000000       0x16 src/ASF/avr32/drivers/gpio/gpio.o
 .text.gpio_toggle_group
                0x00000000        0xc src/ASF/avr32/drivers/gpio/gpio.o
 .text.gpio_set_gpio_open_drain_pin
                0x00000000       0x18 src/ASF/avr32/drivers/gpio/gpio.o
 .text.gpio_clr_gpio_open_drain_pin
                0x00000000       0x1c src/ASF/avr32/drivers/gpio/gpio.o
 .text.gpio_tgl_gpio_open_drain_pin
                0x00000000       0x1c src/ASF/avr32/drivers/gpio/gpio.o
 .text.gpio_enable_pin_glitch_filter
                0x00000000       0x16 src/ASF/avr32/drivers/gpio/gpio.o
 .text.gpio_disable_pin_glitch_filter
                0x00000000       0x16 src/ASF/avr32/drivers/gpio/gpio.o
 .text.gpio_enable_pin_interrupt
                0x00000000       0x46 src/ASF/avr32/drivers/gpio/gpio.o
 .text.gpio_disable_pin_interrupt
                0x00000000       0x16 src/ASF/avr32/drivers/gpio/gpio.o
 .text.gpio_get_pin_interrupt_flag
                0x00000000       0x18 src/ASF/avr32/drivers/gpio/gpio.o
 .text.gpio_clear_pin_interrupt_flag
                0x00000000       0x16 src/ASF/avr32/drivers/gpio/gpio.o
 .text          0x00000000        0x0 src/sensor.o
 .data          0x00000000        0x0 src/sensor.o
 .bss           0x00000000        0x0 src/sensor.o
 .text          0x00000000        0x0 src/settings_t.o
 .data          0x00000000        0x0 src/settings_t.o
 .bss           0x00000000        0x0 src/settings_t.o
 .debug_abbrev  0x00000000       0x9d src/settings_t.o
 .debug_info    0x00000000      0x1c6 src/settings_t.o
 .debug_line    0x00000000      0xa7d src/settings_t.o
 .debug_macinfo
                0x00000000    0xca900 src/settings_t.o
 .debug_pubnames
                0x00000000       0x1a src/settings_t.o
 .debug_str     0x00000000      0x1b8 src/settings_t.o
 .comment       0x00000000       0x31 src/settings_t.o
 COMMON         0x00000000       0x44 src/settings_t.o
 .text          0x00000000        0x0 src/motor_control.o
 .data          0x00000000        0x0 src/motor_control.o
 .bss           0x00000000        0x0 src/motor_control.o
 .debug_abbrev  0x00000000       0xe7 src/motor_control.o
 .debug_info    0x00000000      0x18a src/motor_control.o
 .debug_line    0x00000000      0xac3 src/motor_control.o
 .debug_macinfo
                0x00000000    0xca905 src/motor_control.o
 .text.motor_init
                0x00000000        0x2 src/motor_control.o
 .text.motor_start
                0x00000000        0x2 src/motor_control.o
 .text.get_motor_speed
                0x00000000        0x2 src/motor_control.o
 .text.motor_stop
                0x00000000        0x2 src/motor_control.o
 .debug_frame   0x00000000       0x50 src/motor_control.o
 .debug_loc     0x00000000       0x26 src/motor_control.o
 .debug_pubnames
                0x00000000       0x54 src/motor_control.o
 .debug_aranges
                0x00000000       0x38 src/motor_control.o
 .debug_ranges  0x00000000       0x30 src/motor_control.o
 .debug_str     0x00000000      0x1aa src/motor_control.o
 .comment       0x00000000       0x31 src/motor_control.o
 .text          0x00000000        0x0 src/ASF/avr32/drivers/flashcdw/flashcdw.o
 .data          0x00000000        0x0 src/ASF/avr32/drivers/flashcdw/flashcdw.o
 .bss           0x00000000        0x0 src/ASF/avr32/drivers/flashcdw/flashcdw.o
 .text.flashcdw_get_flash_size
                0x00000000       0x80 src/ASF/avr32/drivers/flashcdw/flashcdw.o
 .text.flashcdw_get_page_count
                0x00000000       0x10 src/ASF/avr32/drivers/flashcdw/flashcdw.o
 .text.flashcdw_get_page_count_per_region
                0x00000000       0x10 src/ASF/avr32/drivers/flashcdw/flashcdw.o
 .text.flashcdw_get_region_first_page_number
                0x00000000       0x14 src/ASF/avr32/drivers/flashcdw/flashcdw.o
 .text.flashcdw_get_wait_state
                0x00000000        0xc src/ASF/avr32/drivers/flashcdw/flashcdw.o
 .text.flashcdw_is_ready_int_enabled
                0x00000000        0xc src/ASF/avr32/drivers/flashcdw/flashcdw.o
 .text.flashcdw_enable_ready_int
                0x00000000        0xe src/ASF/avr32/drivers/flashcdw/flashcdw.o
 .text.flashcdw_is_lock_error_int_enabled
                0x00000000        0xc src/ASF/avr32/drivers/flashcdw/flashcdw.o
 .text.flashcdw_enable_lock_error_int
                0x00000000        0xe src/ASF/avr32/drivers/flashcdw/flashcdw.o
 .text.flashcdw_is_prog_error_int_enabled
                0x00000000        0xc src/ASF/avr32/drivers/flashcdw/flashcdw.o
 .text.flashcdw_enable_prog_error_int
                0x00000000        0xe src/ASF/avr32/drivers/flashcdw/flashcdw.o
 .text.flashcdw_is_lock_error
                0x00000000       0x10 src/ASF/avr32/drivers/flashcdw/flashcdw.o
 .text.flashcdw_is_programming_error
                0x00000000       0x10 src/ASF/avr32/drivers/flashcdw/flashcdw.o
 .text.flashcdw_is_high_speed_enabled
                0x00000000        0xc src/ASF/avr32/drivers/flashcdw/flashcdw.o
 .text.flashcdw_get_command
                0x00000000        0xc src/ASF/avr32/drivers/flashcdw/flashcdw.o
 .text.flashcdw_get_page_number
                0x00000000        0xc src/ASF/avr32/drivers/flashcdw/flashcdw.o
 .text.flashcdw_get_page_region
                0x00000000       0x28 src/ASF/avr32/drivers/flashcdw/flashcdw.o
 .text.flashcdw_no_operation
                0x00000000       0x10 src/ASF/avr32/drivers/flashcdw/flashcdw.o
 .text.flashcdw_erase_all
                0x00000000       0x10 src/ASF/avr32/drivers/flashcdw/flashcdw.o
 .text.flashcdw_is_security_bit_active
                0x00000000        0xc src/ASF/avr32/drivers/flashcdw/flashcdw.o
 .text.flashcdw_activate_security_bit
                0x00000000       0x10 src/ASF/avr32/drivers/flashcdw/flashcdw.o
 .text.flashcdw_is_region_locked
                0x00000000       0x1a src/ASF/avr32/drivers/flashcdw/flashcdw.o
 .text.flashcdw_is_page_region_locked
                0x00000000       0x14 src/ASF/avr32/drivers/flashcdw/flashcdw.o
 .text.flashcdw_lock_page_region
                0x00000000       0x1c src/ASF/avr32/drivers/flashcdw/flashcdw.o
 .text.flashcdw_lock_region
                0x00000000       0x1c src/ASF/avr32/drivers/flashcdw/flashcdw.o
 .text.flashcdw_lock_all_regions
                0x00000000       0x2c src/ASF/avr32/drivers/flashcdw/flashcdw.o
 .text.flashcdw_read_all_gp_fuses
                0x00000000       0x26 src/ASF/avr32/drivers/flashcdw/flashcdw.o
 .text.flashcdw_read_gp_fuse_byte
                0x00000000       0x44 src/ASF/avr32/drivers/flashcdw/flashcdw.o
 .text.flashcdw_read_gp_fuse_bitfield
                0x00000000       0x74 src/ASF/avr32/drivers/flashcdw/flashcdw.o
 .text.flashcdw_get_bootloader_protected_size
                0x00000000       0x20 src/ASF/avr32/drivers/flashcdw/flashcdw.o
 .text.flashcdw_read_gp_fuse_bit
                0x00000000       0x3c src/ASF/avr32/drivers/flashcdw/flashcdw.o
 .text.flashcdw_is_jtag_user_protection_enabled
                0x00000000       0x14 src/ASF/avr32/drivers/flashcdw/flashcdw.o
 .text.flashcdw_is_external_privileged_fetch_locked
                0x00000000       0x14 src/ASF/avr32/drivers/flashcdw/flashcdw.o
 .text.flashcdw_erase_gp_fuse_bit
                0x00000000       0x2c src/ASF/avr32/drivers/flashcdw/flashcdw.o
 .text.flashcdw_erase_gp_fuse_bitfield
                0x00000000       0x8c src/ASF/avr32/drivers/flashcdw/flashcdw.o
 .text.flashcdw_erase_all_gp_fuses
                0x00000000       0x30 src/ASF/avr32/drivers/flashcdw/flashcdw.o
 .text.flashcdw_write_gp_fuse_bit
                0x00000000       0x18 src/ASF/avr32/drivers/flashcdw/flashcdw.o
 .text.flashcdw_write_gp_fuse_bitfield
                0x00000000       0x4c src/ASF/avr32/drivers/flashcdw/flashcdw.o
 .text.flashcdw_write_gp_fuse_byte
                0x00000000       0x18 src/ASF/avr32/drivers/flashcdw/flashcdw.o
 .text.flashcdw_erase_gp_fuse_byte
                0x00000000       0x74 src/ASF/avr32/drivers/flashcdw/flashcdw.o
 .text.flashcdw_write_all_gp_fuses
                0x00000000       0x3c src/ASF/avr32/drivers/flashcdw/flashcdw.o
 .text.flashcdw_set_gp_fuse_bit
                0x00000000       0x20 src/ASF/avr32/drivers/flashcdw/flashcdw.o
 .text.flashcdw_disable_jtag_user_protection
                0x00000000       0x10 src/ASF/avr32/drivers/flashcdw/flashcdw.o
 .text.flashcdw_enable_jtag_user_protection
                0x00000000       0x10 src/ASF/avr32/drivers/flashcdw/flashcdw.o
 .text.flashcdw_lock_external_privileged_fetch
                0x00000000       0x18 src/ASF/avr32/drivers/flashcdw/flashcdw.o
 .text.flashcdw_set_gp_fuse_bitfield
                0x00000000       0x4c src/ASF/avr32/drivers/flashcdw/flashcdw.o
 .text.flashcdw_set_gp_fuse_byte
                0x00000000       0x4c src/ASF/avr32/drivers/flashcdw/flashcdw.o
 .text.flashcdw_set_all_gp_fuses
                0x00000000       0x54 src/ASF/avr32/drivers/flashcdw/flashcdw.o
 .text.flashcdw_clear_page_buffer
                0x00000000       0x10 src/ASF/avr32/drivers/flashcdw/flashcdw.o
 .text.flashcdw_is_page_erased
                0x00000000        0xc src/ASF/avr32/drivers/flashcdw/flashcdw.o
 .text.flashcdw_quick_page_read
                0x00000000       0x18 src/ASF/avr32/drivers/flashcdw/flashcdw.o
 .text.flashcdw_erase_page
                0x00000000       0x38 src/ASF/avr32/drivers/flashcdw/flashcdw.o
 .text.flashcdw_erase_all_pages
                0x00000000       0x48 src/ASF/avr32/drivers/flashcdw/flashcdw.o
 .text.flashcdw_write_page
                0x00000000       0x10 src/ASF/avr32/drivers/flashcdw/flashcdw.o
 .text.flashcdw_quick_user_page_read
                0x00000000       0x18 src/ASF/avr32/drivers/flashcdw/flashcdw.o
 .text.flashcdw_erase_user_page
                0x00000000       0x28 src/ASF/avr32/drivers/flashcdw/flashcdw.o
 .text.flashcdw_write_user_page
                0x00000000       0x10 src/ASF/avr32/drivers/flashcdw/flashcdw.o
 .text.flashcdw_memset64
                0x00000000      0x260 src/ASF/avr32/drivers/flashcdw/flashcdw.o
 .text.flashcdw_memset32
                0x00000000       0x20 src/ASF/avr32/drivers/flashcdw/flashcdw.o
 .text.flashcdw_memset16
                0x00000000       0x10 src/ASF/avr32/drivers/flashcdw/flashcdw.o
 .text.flashcdw_memset8
                0x00000000       0x14 src/ASF/avr32/drivers/flashcdw/flashcdw.o
 .text.flashcdw_memcpy
                0x00000000       0xfc src/ASF/avr32/drivers/flashcdw/flashcdw.o
 .text.flashcdw_set_bootloader_protected_size
                0x00000000       0x54 src/ASF/avr32/drivers/flashcdw/flashcdw.o
 .text          0x00000000        0x0 src/ASF/avr32/drivers/pm/pm_uc3d.o
 .data          0x00000000        0x0 src/ASF/avr32/drivers/pm/pm_uc3d.o
 .bss           0x00000000        0x0 src/ASF/avr32/drivers/pm/pm_uc3d.o
 .debug_abbrev  0x00000000      0x25d src/ASF/avr32/drivers/pm/pm_uc3d.o
 .debug_info    0x00000000      0xed2 src/ASF/avr32/drivers/pm/pm_uc3d.o
 .debug_line    0x00000000      0x753 src/ASF/avr32/drivers/pm/pm_uc3d.o
 .debug_macinfo
                0x00000000    0xc7071 src/ASF/avr32/drivers/pm/pm_uc3d.o
 .text.pm_wait_for_clk_ready
                0x00000000       0x1c src/ASF/avr32/drivers/pm/pm_uc3d.o
 .text.pm_disable_module
                0x00000000       0x3c src/ASF/avr32/drivers/pm/pm_uc3d.o
 .text.pm_enable_module
                0x00000000       0x3c src/ASF/avr32/drivers/pm/pm_uc3d.o
 .text.pm_disable_clk_domain_div
                0x00000000       0x46 src/ASF/avr32/drivers/pm/pm_uc3d.o
 .text.pm_set_clk_domain_div
                0x00000000       0x4a src/ASF/avr32/drivers/pm/pm_uc3d.o
 .text.pm_config_mainclk_safety
                0x00000000       0x40 src/ASF/avr32/drivers/pm/pm_uc3d.o
 .text.pm_set_mclk_source
                0x00000000       0x20 src/ASF/avr32/drivers/pm/pm_uc3d.o
 .text.pm_find_divratio
                0x00000000       0x18 src/ASF/avr32/drivers/pm/pm_uc3d.o
 .text.pm_set_all_cksel
                0x00000000       0x6c src/ASF/avr32/drivers/pm/pm_uc3d.o
 .debug_frame   0x00000000       0xb8 src/ASF/avr32/drivers/pm/pm_uc3d.o
 .debug_loc     0x00000000      0x27f src/ASF/avr32/drivers/pm/pm_uc3d.o
 .debug_pubnames
                0x00000000       0xd8 src/ASF/avr32/drivers/pm/pm_uc3d.o
 .debug_aranges
                0x00000000       0x60 src/ASF/avr32/drivers/pm/pm_uc3d.o
 .debug_ranges  0x00000000       0x58 src/ASF/avr32/drivers/pm/pm_uc3d.o
 .debug_str     0x00000000      0x756 src/ASF/avr32/drivers/pm/pm_uc3d.o
 .comment       0x00000000       0x31 src/ASF/avr32/drivers/pm/pm_uc3d.o
 .text          0x00000000        0x0 src/ASF/avr32/drivers/pm/power_clocks_lib.o
 .data          0x00000000        0x0 src/ASF/avr32/drivers/pm/power_clocks_lib.o
 .bss           0x00000000        0x0 src/ASF/avr32/drivers/pm/power_clocks_lib.o
 .debug_abbrev  0x00000000      0x192 src/ASF/avr32/drivers/pm/power_clocks_lib.o
 .debug_info    0x00000000      0x510 src/ASF/avr32/drivers/pm/power_clocks_lib.o
 .debug_line    0x00000000      0x78e src/ASF/avr32/drivers/pm/power_clocks_lib.o
 .debug_macinfo
                0x00000000    0xc740a src/ASF/avr32/drivers/pm/power_clocks_lib.o
 .text.pcl_configure_usb_clock
                0x00000000        0x6 src/ASF/avr32/drivers/pm/power_clocks_lib.o
 .text.pcl_read_gplp
                0x00000000        0xc src/ASF/avr32/drivers/pm/power_clocks_lib.o
 .text.pcl_write_gplp
                0x00000000        0xc src/ASF/avr32/drivers/pm/power_clocks_lib.o
 .text.pcl_switch_to_osc
                0x00000000       0x44 src/ASF/avr32/drivers/pm/power_clocks_lib.o
 .text.pcl_configure_clocks
                0x00000000      0x1d4 src/ASF/avr32/drivers/pm/power_clocks_lib.o
 .debug_frame   0x00000000       0x98 src/ASF/avr32/drivers/pm/power_clocks_lib.o
 .debug_loc     0x00000000      0x2de src/ASF/avr32/drivers/pm/power_clocks_lib.o
 .debug_pubnames
                0x00000000       0x82 src/ASF/avr32/drivers/pm/power_clocks_lib.o
 .debug_aranges
                0x00000000       0x40 src/ASF/avr32/drivers/pm/power_clocks_lib.o
 .debug_ranges  0x00000000       0x38 src/ASF/avr32/drivers/pm/power_clocks_lib.o
 .debug_str     0x00000000      0x4fa src/ASF/avr32/drivers/pm/power_clocks_lib.o
 .comment       0x00000000       0x31 src/ASF/avr32/drivers/pm/power_clocks_lib.o
 .text          0x00000000        0x0 src/ASF/avr32/drivers/scif/scif_uc3d.o
 .data          0x00000000        0x0 src/ASF/avr32/drivers/scif/scif_uc3d.o
 .bss           0x00000000        0x0 src/ASF/avr32/drivers/scif/scif_uc3d.o
 .debug_abbrev  0x00000000      0x330 src/ASF/avr32/drivers/scif/scif_uc3d.o
 .debug_info    0x00000000     0x1da9 src/ASF/avr32/drivers/scif/scif_uc3d.o
 .debug_line    0x00000000      0x8e8 src/ASF/avr32/drivers/scif/scif_uc3d.o
 .debug_macinfo
                0x00000000    0xc71ae src/ASF/avr32/drivers/scif/scif_uc3d.o
 .text.scif_pclksr_statushigh_wait
                0x00000000       0x1a src/ASF/avr32/drivers/scif/scif_uc3d.o
 .text.scif_read_gplp
                0x00000000        0xc src/ASF/avr32/drivers/scif/scif_uc3d.o
 .text.scif_write_gplp
                0x00000000       0x16 src/ASF/avr32/drivers/scif/scif_uc3d.o
 .text.scif_is_osc_ready
                0x00000000       0x12 src/ASF/avr32/drivers/scif/scif_uc3d.o
 .text.scif_wait_for_pll_locked
                0x00000000       0x20 src/ASF/avr32/drivers/scif/scif_uc3d.o
 .text.scif_start_gclk
                0x00000000       0x3e src/ASF/avr32/drivers/scif/scif_uc3d.o
 .text.scif_stop_gclk
                0x00000000       0x30 src/ASF/avr32/drivers/scif/scif_uc3d.o
 .text.scif_gc_setup
                0x00000000       0x84 src/ASF/avr32/drivers/scif/scif_uc3d.o
 .text.scif_gc_enable
                0x00000000       0x24 src/ASF/avr32/drivers/scif/scif_uc3d.o
 .text.scif_bod18_enable_irq
                0x00000000        0xa src/ASF/avr32/drivers/scif/scif_uc3d.o
 .text.scif_bod18_clear_irq
                0x00000000        0xa src/ASF/avr32/drivers/scif/scif_uc3d.o
 .text.scif_bod18_get_irq_status
                0x00000000        0xc src/ASF/avr32/drivers/scif/scif_uc3d.o
 .text.scif_bod18_get_irq_enable_bit
                0x00000000        0xc src/ASF/avr32/drivers/scif/scif_uc3d.o
 .text.scif_bod18_get_level
                0x00000000        0xc src/ASF/avr32/drivers/scif/scif_uc3d.o
 .text.scif_bod18_disable_irq
                0x00000000       0x26 src/ASF/avr32/drivers/scif/scif_uc3d.o
 .text.scif_stop_rc120M
                0x00000000       0x26 src/ASF/avr32/drivers/scif/scif_uc3d.o
 .text.scif_start_rc120M
                0x00000000       0x24 src/ASF/avr32/drivers/scif/scif_uc3d.o
 .text.scif_stop_osc32
                0x00000000       0x24 src/ASF/avr32/drivers/scif/scif_uc3d.o
 .text.scif_start_osc32
                0x00000000       0x4c src/ASF/avr32/drivers/scif/scif_uc3d.o
 .text.scif_pll_disable
                0x00000000       0x44 src/ASF/avr32/drivers/scif/scif_uc3d.o
 .text.scif_pll_enable
                0x00000000       0x44 src/ASF/avr32/drivers/scif/scif_uc3d.o
 .text.scif_pll_setup
                0x00000000       0x86 src/ASF/avr32/drivers/scif/scif_uc3d.o
 .text.scif_enable_extosc
                0x00000000       0x44 src/ASF/avr32/drivers/scif/scif_uc3d.o
 .text.scif_enable_osc
                0x00000000       0x60 src/ASF/avr32/drivers/scif/scif_uc3d.o
 .text.scif_configure_osc_extmode
                0x00000000       0x44 src/ASF/avr32/drivers/scif/scif_uc3d.o
 .text.scif_configure_osc_crystalmode
                0x00000000       0x5c src/ASF/avr32/drivers/scif/scif_uc3d.o
 .text.scif_stop_osc
                0x00000000       0x2c src/ASF/avr32/drivers/scif/scif_uc3d.o
 .text.scif_start_osc
                0x00000000       0x84 src/ASF/avr32/drivers/scif/scif_uc3d.o
 .debug_frame   0x00000000      0x228 src/ASF/avr32/drivers/scif/scif_uc3d.o
 .debug_loc     0x00000000      0x46f src/ASF/avr32/drivers/scif/scif_uc3d.o
 .debug_pubnames
                0x00000000      0x281 src/ASF/avr32/drivers/scif/scif_uc3d.o
 .debug_aranges
                0x00000000       0xf8 src/ASF/avr32/drivers/scif/scif_uc3d.o
 .debug_ranges  0x00000000       0xf0 src/ASF/avr32/drivers/scif/scif_uc3d.o
 .debug_str     0x00000000      0xc85 src/ASF/avr32/drivers/scif/scif_uc3d.o
 .comment       0x00000000       0x31 src/ASF/avr32/drivers/scif/scif_uc3d.o
 .text          0x00000000        0x0 src/ASF/avr32/drivers/spi/spi.o
 .data          0x00000000        0x0 src/ASF/avr32/drivers/spi/spi.o
 .bss           0x00000000        0x0 src/ASF/avr32/drivers/spi/spi.o
 .debug_abbrev  0x00000000      0x2a2 src/ASF/avr32/drivers/spi/spi.o
 .debug_info    0x00000000     0x1365 src/ASF/avr32/drivers/spi/spi.o
 .debug_line    0x00000000      0x7f2 src/ASF/avr32/drivers/spi/spi.o
 .debug_macinfo
                0x00000000    0xc6fac src/ASF/avr32/drivers/spi/spi.o
 .text.getBaudDiv
                0x00000000       0x20 src/ASF/avr32/drivers/spi/spi.o
 .text.spi_initSlave
                0x00000000       0x46 src/ASF/avr32/drivers/spi/spi.o
 .text.spi_initTest
                0x00000000       0x10 src/ASF/avr32/drivers/spi/spi.o
 .text.spi_initMaster
                0x00000000       0x38 src/ASF/avr32/drivers/spi/spi.o
 .text.spi_selectionMode
                0x00000000       0x2c src/ASF/avr32/drivers/spi/spi.o
 .text.spi_selectChip
                0x00000000       0x4c src/ASF/avr32/drivers/spi/spi.o
 .text.spi_unselectChip
                0x00000000       0x26 src/ASF/avr32/drivers/spi/spi.o
 .text.spi_setupChipReg
                0x00000000       0xb8 src/ASF/avr32/drivers/spi/spi.o
 .text.spi_enable
                0x00000000        0x6 src/ASF/avr32/drivers/spi/spi.o
 .text.spi_disable
                0x00000000        0x6 src/ASF/avr32/drivers/spi/spi.o
 .text.spi_is_enabled
                0x00000000        0x8 src/ASF/avr32/drivers/spi/spi.o
 .text.spi_writeRegisterEmptyCheck
                0x00000000        0x8 src/ASF/avr32/drivers/spi/spi.o
 .text.spi_write
                0x00000000       0x1c src/ASF/avr32/drivers/spi/spi.o
 .text.spi_variableSlaveWrite
                0x00000000       0x40 src/ASF/avr32/drivers/spi/spi.o
 .text.spi_writeEndCheck
                0x00000000        0x8 src/ASF/avr32/drivers/spi/spi.o
 .text.spi_readRegisterFullCheck
                0x00000000        0x8 src/ASF/avr32/drivers/spi/spi.o
 .text.spi_read
                0x00000000       0x20 src/ASF/avr32/drivers/spi/spi.o
 .text.spi_getStatus
                0x00000000       0x2c src/ASF/avr32/drivers/spi/spi.o
 .debug_frame   0x00000000      0x158 src/ASF/avr32/drivers/spi/spi.o
 .debug_loc     0x00000000      0x3bd src/ASF/avr32/drivers/spi/spi.o
 .debug_pubnames
                0x00000000      0x178 src/ASF/avr32/drivers/spi/spi.o
 .debug_aranges
                0x00000000       0xa8 src/ASF/avr32/drivers/spi/spi.o
 .debug_ranges  0x00000000       0xa0 src/ASF/avr32/drivers/spi/spi.o
 .debug_str     0x00000000      0x66e src/ASF/avr32/drivers/spi/spi.o
 .comment       0x00000000       0x31 src/ASF/avr32/drivers/spi/spi.o
 .text          0x00000000        0x0 src/ASF/avr32/drivers/tc/tc.o
 .data          0x00000000        0x0 src/ASF/avr32/drivers/tc/tc.o
 .bss           0x00000000        0x0 src/ASF/avr32/drivers/tc/tc.o
 .debug_abbrev  0x00000000      0x25c src/ASF/avr32/drivers/tc/tc.o
 .debug_info    0x00000000     0x1242 src/ASF/avr32/drivers/tc/tc.o
 .debug_line    0x00000000      0x7db src/ASF/avr32/drivers/tc/tc.o
 .debug_macinfo
                0x00000000    0xc7843 src/ASF/avr32/drivers/tc/tc.o
 .text.tc_get_interrupt_settings
                0x00000000       0x12 src/ASF/avr32/drivers/tc/tc.o
 .text.tc_select_external_clock
                0x00000000       0x2e src/ASF/avr32/drivers/tc/tc.o
 .text.tc_init_capture
                0x00000000       0x58 src/ASF/avr32/drivers/tc/tc.o
 .text.tc_init_waveform
                0x00000000       0x9c src/ASF/avr32/drivers/tc/tc.o
 .text.tc_start
                0x00000000       0x12 src/ASF/avr32/drivers/tc/tc.o
 .text.tc_stop  0x00000000       0x12 src/ASF/avr32/drivers/tc/tc.o
 .text.tc_software_trigger
                0x00000000       0x12 src/ASF/avr32/drivers/tc/tc.o
 .text.tc_sync_trigger
                0x00000000        0x8 src/ASF/avr32/drivers/tc/tc.o
 .text.tc_sync_start
                0x00000000       0x12 src/ASF/avr32/drivers/tc/tc.o
 .text.tc_read_sr
                0x00000000       0x12 src/ASF/avr32/drivers/tc/tc.o
 .text.tc_read_tc
                0x00000000       0x16 src/ASF/avr32/drivers/tc/tc.o
 .text.tc_read_ra
                0x00000000       0x16 src/ASF/avr32/drivers/tc/tc.o
 .text.tc_read_rb
                0x00000000       0x16 src/ASF/avr32/drivers/tc/tc.o
 .text.tc_read_rc
                0x00000000       0x16 src/ASF/avr32/drivers/tc/tc.o
 .text.tc_write_ra
                0x00000000       0x34 src/ASF/avr32/drivers/tc/tc.o
 .text.tc_write_rb
                0x00000000       0x34 src/ASF/avr32/drivers/tc/tc.o
 .text.tc_write_rc
                0x00000000       0x34 src/ASF/avr32/drivers/tc/tc.o
 .text.tc_configure_interrupts
                0x00000000      0x108 src/ASF/avr32/drivers/tc/tc.o
 .debug_frame   0x00000000      0x148 src/ASF/avr32/drivers/tc/tc.o
 .debug_loc     0x00000000      0x3ff src/ASF/avr32/drivers/tc/tc.o
 .debug_pubnames
                0x00000000      0x164 src/ASF/avr32/drivers/tc/tc.o
 .debug_aranges
                0x00000000       0xa8 src/ASF/avr32/drivers/tc/tc.o
 .debug_ranges  0x00000000       0xa0 src/ASF/avr32/drivers/tc/tc.o
 .debug_str     0x00000000      0x50f src/ASF/avr32/drivers/tc/tc.o
 .comment       0x00000000       0x31 src/ASF/avr32/drivers/tc/tc.o
 .text          0x00000000        0x0 src/ASF/avr32/drivers/twim/twim.o
 .data          0x00000000        0x0 src/ASF/avr32/drivers/twim/twim.o
 .bss           0x00000000        0x0 src/ASF/avr32/drivers/twim/twim.o
 .text.twim_chained_transfer
                0x00000000      0x1dc src/ASF/avr32/drivers/twim/twim.o
 .text.twim_write_packet
                0x00000000       0xdc src/ASF/avr32/drivers/twim/twim.o
 .text.twim_read_packet
                0x00000000      0x110 src/ASF/avr32/drivers/twim/twim.o
 .text          0x00000000        0x0 src/ASF/common/services/sleepmgr/uc3/sleepmgr.o
 .data          0x00000000        0x0 src/ASF/common/services/sleepmgr/uc3/sleepmgr.o
 .bss           0x00000000        0x0 src/ASF/common/services/sleepmgr/uc3/sleepmgr.o
 .debug_abbrev  0x00000000       0x7d src/ASF/common/services/sleepmgr/uc3/sleepmgr.o
 .debug_info    0x00000000       0xf9 src/ASF/common/services/sleepmgr/uc3/sleepmgr.o
 .debug_line    0x00000000      0x704 src/ASF/common/services/sleepmgr/uc3/sleepmgr.o
 .debug_macinfo
                0x00000000    0xc7176 src/ASF/common/services/sleepmgr/uc3/sleepmgr.o
 .debug_pubnames
                0x00000000       0x25 src/ASF/common/services/sleepmgr/uc3/sleepmgr.o
 .debug_str     0x00000000      0x1b9 src/ASF/common/services/sleepmgr/uc3/sleepmgr.o
 .comment       0x00000000       0x31 src/ASF/common/services/sleepmgr/uc3/sleepmgr.o
 COMMON         0x00000000        0x7 src/ASF/common/services/sleepmgr/uc3/sleepmgr.o
 .text          0x00000000        0x0 src/ASF/common/services/spi/uc3_spi/spi_master.o
 .data          0x00000000        0x0 src/ASF/common/services/spi/uc3_spi/spi_master.o
 .bss           0x00000000        0x0 src/ASF/common/services/spi/uc3_spi/spi_master.o
 .debug_abbrev  0x00000000      0x276 src/ASF/common/services/spi/uc3_spi/spi_master.o
 .debug_info    0x00000000     0x13b1 src/ASF/common/services/spi/uc3_spi/spi_master.o
 .debug_line    0x00000000      0x8d1 src/ASF/common/services/spi/uc3_spi/spi_master.o
 .debug_macinfo
                0x00000000    0xc9165 src/ASF/common/services/spi/uc3_spi/spi_master.o
 .text.spi_read_packet
                0x00000000       0x50 src/ASF/common/services/spi/uc3_spi/spi_master.o
 .text.spi_write_packet
                0x00000000       0x2c src/ASF/common/services/spi/uc3_spi/spi_master.o
 .text.spi_master_setup_device
                0x00000000      0x2e8 src/ASF/common/services/spi/uc3_spi/spi_master.o
 .debug_frame   0x00000000       0x64 src/ASF/common/services/spi/uc3_spi/spi_master.o
 .debug_loc     0x00000000      0x215 src/ASF/common/services/spi/uc3_spi/spi_master.o
 .debug_pubnames
                0x00000000       0x57 src/ASF/common/services/spi/uc3_spi/spi_master.o
 .debug_aranges
                0x00000000       0x30 src/ASF/common/services/spi/uc3_spi/spi_master.o
 .debug_ranges  0x00000000       0x58 src/ASF/common/services/spi/uc3_spi/spi_master.o
 .debug_str     0x00000000      0x6fe src/ASF/common/services/spi/uc3_spi/spi_master.o
 .comment       0x00000000       0x31 src/ASF/common/services/spi/uc3_spi/spi_master.o
 .text          0x00000000        0x0 src/ASF/common/services/clock/uc3d/osc.o
 .data          0x00000000        0x0 src/ASF/common/services/clock/uc3d/osc.o
 .bss           0x00000000        0x0 src/ASF/common/services/clock/uc3d/osc.o
 .text.osc_priv_disable_rc120m
                0x00000000       0x24 src/ASF/common/services/clock/uc3d/osc.o
 .text          0x00000000        0x0 src/ASF/common/services/clock/uc3d/pll.o
 .data          0x00000000        0x0 src/ASF/common/services/clock/uc3d/pll.o
 .bss           0x00000000        0x0 src/ASF/common/services/clock/uc3d/pll.o
 .debug_abbrev  0x00000000      0x1e9 src/ASF/common/services/clock/uc3d/pll.o
 .debug_info    0x00000000     0x15d1 src/ASF/common/services/clock/uc3d/pll.o
 .debug_line    0x00000000      0x7b9 src/ASF/common/services/clock/uc3d/pll.o
 .debug_macinfo
                0x00000000    0xc88ee src/ASF/common/services/clock/uc3d/pll.o
 .text.pll_disable
                0x00000000       0x28 src/ASF/common/services/clock/uc3d/pll.o
 .text.pll_enable
                0x00000000       0x2a src/ASF/common/services/clock/uc3d/pll.o
 .text.pll_config_write
                0x00000000       0x28 src/ASF/common/services/clock/uc3d/pll.o
 .debug_frame   0x00000000       0x40 src/ASF/common/services/clock/uc3d/pll.o
 .debug_loc     0x00000000       0x39 src/ASF/common/services/clock/uc3d/pll.o
 .debug_pubnames
                0x00000000       0x46 src/ASF/common/services/clock/uc3d/pll.o
 .debug_aranges
                0x00000000       0x30 src/ASF/common/services/clock/uc3d/pll.o
 .debug_ranges  0x00000000       0x28 src/ASF/common/services/clock/uc3d/pll.o
 .debug_str     0x00000000      0x7b9 src/ASF/common/services/clock/uc3d/pll.o
 .comment       0x00000000       0x31 src/ASF/common/services/clock/uc3d/pll.o
 .text          0x00000000        0x0 src/ASF/common/services/clock/uc3d/sysclk.o
 .data          0x00000000        0x0 src/ASF/common/services/clock/uc3d/sysclk.o
 .bss           0x00000000        0x0 src/ASF/common/services/clock/uc3d/sysclk.o
 .text.sysclk_priv_disable_module
                0x00000000       0x3c src/ASF/common/services/clock/uc3d/sysclk.o
 .text          0x00000000        0x0 src/ASF/avr32/drivers/intc/exception.o
 .data          0x00000000        0x0 src/ASF/avr32/drivers/intc/exception.o
 .bss           0x00000000        0x0 src/ASF/avr32/drivers/intc/exception.o
 .text          0x00000000        0x0 src/ASF/avr32/drivers/intc/intc.o
 .data          0x00000000        0x0 src/ASF/avr32/drivers/intc/intc.o
 .bss           0x00000000        0x0 src/ASF/avr32/drivers/intc/intc.o
 .text._unhandled_interrupt
                0x00000000        0x2 src/ASF/avr32/drivers/intc/intc.o
 .text.INTC_init_interrupts
                0x00000000       0x54 src/ASF/avr32/drivers/intc/intc.o
 .text          0x00000000        0x0 src/ASF/avr32/utils/startup/startup_uc3.o
 .data          0x00000000        0x0 src/ASF/avr32/utils/startup/startup_uc3.o
 .bss           0x00000000        0x0 src/ASF/avr32/utils/startup/startup_uc3.o
 .reset         0x00000000        0x8 src/ASF/avr32/utils/startup/startup_uc3.o
 .text          0x00000000        0x0 src/ASF/avr32/utils/startup/trampoline_uc3.o
 .data          0x00000000        0x0 src/ASF/avr32/utils/startup/trampoline_uc3.o
 .bss           0x00000000        0x0 src/ASF/avr32/utils/startup/trampoline_uc3.o
 .text          0x00000000        0x0 src/ASF/common/boards/user_board/init.o
 .data          0x00000000        0x0 src/ASF/common/boards/user_board/init.o
 .bss           0x00000000        0x0 src/ASF/common/boards/user_board/init.o
 .text          0x00000000        0x0 src/main.o
 .data          0x00000000        0x0 src/main.o
 .bss           0x00000000        0x0 src/main.o

Memory Configuration

Name             Origin             Length             Attributes
FLASH            0x80000000         0x00010000         axrl !w
CPUSRAM          0x00000004         0x00003ffc         axw !rl
USERPAGE         0x80800000         0x00000100
FACTORYPAGE      0x80800100         0x00000100
*default*        0x00000000         0xffffffff

Linker script and memory map

                0x00001000                _stack_size = 0x1000
LOAD src/ASF/avr32/drivers/gpio/gpio.o
LOAD src/sensor.o
LOAD src/settings_t.o
LOAD src/motor_control.o
LOAD src/ASF/avr32/drivers/flashcdw/flashcdw.o
LOAD src/ASF/avr32/drivers/pm/pm_uc3d.o
LOAD src/ASF/avr32/drivers/pm/power_clocks_lib.o
LOAD src/ASF/avr32/drivers/scif/scif_uc3d.o
LOAD src/ASF/avr32/drivers/spi/spi.o
LOAD src/ASF/avr32/drivers/tc/tc.o
LOAD src/ASF/avr32/drivers/twim/twim.o
LOAD src/ASF/common/services/sleepmgr/uc3/sleepmgr.o
LOAD src/ASF/common/services/spi/uc3_spi/spi_master.o
LOAD src/ASF/common/services/clock/uc3d/osc.o
LOAD src/ASF/common/services/clock/uc3d/pll.o
LOAD src/ASF/common/services/clock/uc3d/sysclk.o
LOAD src/ASF/avr32/drivers/intc/exception.o
LOAD src/ASF/avr32/drivers/intc/intc.o
LOAD src/ASF/avr32/utils/startup/startup_uc3.o
LOAD src/ASF/avr32/utils/startup/trampoline_uc3.o
LOAD src/ASF/common/boards/user_board/init.o
LOAD src/main.o
START GROUP
LOAD c:/program files (x86)/atmel/studio/7.0/toolchain/avr32/avr32-gnu-toolchain/bin/../lib/gcc/avr32/4.4.7/../../../../avr32/lib/ucr3\libm.a
END GROUP
LOAD c:/program files (x86)/atmel/studio/7.0/toolchain/avr32/avr32-gnu-toolchain/bin/../lib/gcc/avr32/4.4.7/ucr3\libgcc.a
LOAD c:/program files (x86)/atmel/studio/7.0/toolchain/avr32/avr32-gnu-toolchain/bin/../lib/gcc/avr32/4.4.7/../../../../avr32/lib/ucr3\libc.a
LOAD c:/program files (x86)/atmel/studio/7.0/toolchain/avr32/avr32-gnu-toolchain/bin/../lib/gcc/avr32/4.4.7/ucr3\libgcc.a
                0x80000000                PROVIDE (__executable_start, 0x80000000)
                0x80000000                . = 0x80000000

.interp
 *(.interp)

.reset          0x80000000     0x2004
 *(.reset)
 .reset         0x80000000     0x2004 src/ASF/avr32/utils/startup/trampoline_uc3.o
                               0x2008 (size before relaxing)
                0x80000000                _trampoline

.hash
 *(.hash)

.dynsym
 *(.dynsym)

.dynstr
 *(.dynstr)

.gnu.version
 *(.gnu.version)

.gnu.version_d
 *(.gnu.version_d)

.gnu.version_r
 *(.gnu.version_r)

.rel.init
 *(.rel.init)

.rela.init
 *(.rela.init)

.rel.text
 *(.rel.text .rel.text.* .rel.gnu.linkonce.t.*)

.rela.text
 *(.rela.text .rela.text.* .rela.gnu.linkonce.t.*)

.rel.fini
 *(.rel.fini)

.rela.fini
 *(.rela.fini)

.rel.rodata
 *(.rel.rodata .rel.rodata.* .rel.gnu.linkonce.r.*)

.rela.rodata
 *(.rela.rodata .rela.rodata.* .rela.gnu.linkonce.r.*)

.rel.data.rel.ro
 *(.rel.data.rel.ro*)

.rela.data.rel.ro
 *(.rel.data.rel.ro*)

.rel.data
 *(.rel.data .rel.data.* .rel.gnu.linkonce.d.*)

.rela.data
 *(.rela.data .rela.data.* .rela.gnu.linkonce.d.*)

.rel.tdata
 *(.rel.tdata .rel.tdata.* .rel.gnu.linkonce.td.*)

.rela.tdata
 *(.rela.tdata .rela.tdata.* .rela.gnu.linkonce.td.*)

.rel.tbss
 *(.rel.tbss .rel.tbss.* .rel.gnu.linkonce.tb.*)

.rela.tbss
 *(.rela.tbss .rela.tbss.* .rela.gnu.linkonce.tb.*)

.rel.ctors
 *(.rel.ctors)

.rela.ctors
 *(.rela.ctors)

.rel.dtors
 *(.rel.dtors)

.rela.dtors
 *(.rela.dtors)

.rel.got
 *(.rel.got)

.rela.got       0x80002004        0x0
 *(.rela.got)
 .rela.got      0x80002004        0x0 src/ASF/avr32/drivers/flashcdw/flashcdw.o

.rel.bss
 *(.rel.bss .rel.bss.* .rel.gnu.linkonce.b.*)

.rela.bss
 *(.rela.bss .rela.bss.* .rela.gnu.linkonce.b.*)

.rel.plt
 *(.rel.plt)

.rela.plt
 *(.rela.plt)

.init
 *(.init)

.plt
 *(.plt)

.text           0x80002004      0x944
 *(.text .stub .text.* .gnu.linkonce.t.*)
 .text.gpio_enable_module_pin
                0x80002004       0x94 src/ASF/avr32/drivers/gpio/gpio.o
                0x80002004                gpio_enable_module_pin
 .text.gpio_enable_module
                0x80002098       0x30 src/ASF/avr32/drivers/gpio/gpio.o
                0x80002098                gpio_enable_module
 .text.write_sensor_data
                0x800020c8       0x14 src/sensor.o
                0x800020c8                write_sensor_data
 .text.read_sensor_data
                0x800020dc       0x14 src/sensor.o
                0x800020dc                read_sensor_data
 .text.sensor_init
                0x800020f0       0xe0 src/sensor.o
                0x800020f0                sensor_init
 .text.flashcdw_set_wait_state
                0x800021d0        0xe src/ASF/avr32/drivers/flashcdw/flashcdw.o
                0x800021d0                flashcdw_set_wait_state
 .text.flashcdw_is_ready
                0x800021de        0xc src/ASF/avr32/drivers/flashcdw/flashcdw.o
                0x800021de                flashcdw_is_ready
 *fill*         0x800021ea        0x2 d703d703
 .text.flashcdw_default_wait_until_ready
                0x800021ec       0x10 src/ASF/avr32/drivers/flashcdw/flashcdw.o
                0x800021ec                flashcdw_default_wait_until_ready
 .text.flashcdw_issue_command
                0x800021fc       0x48 src/ASF/avr32/drivers/flashcdw/flashcdw.o
                0x800021fc                flashcdw_issue_command
 .text.flashcdw_set_flash_waitstate_and_readmode
                0x80002244       0x58 src/ASF/avr32/drivers/flashcdw/flashcdw.o
                0x80002244                flashcdw_set_flash_waitstate_and_readmode
 .text.twim_master_interrupt_handler
                0x8000229c       0xdc src/ASF/avr32/drivers/twim/twim.o
 .text.twim_set_speed
                0x80002378       0x62 src/ASF/avr32/drivers/twim/twim.o
                0x80002378                twim_set_speed
 *fill*         0x800023da        0x2 d703d703
 .text.twim_status
                0x800023dc       0x10 src/ASF/avr32/drivers/twim/twim.o
                0x800023dc                twim_status
 .text.twim_disable_interrupt
                0x800023ec       0x14 src/ASF/avr32/drivers/twim/twim.o
                0x800023ec                twim_disable_interrupt
 .text.twim_write
                0x80002400       0xb4 src/ASF/avr32/drivers/twim/twim.o
                0x80002400                twim_write
 .text.twim_probe
                0x800024b4       0x1c src/ASF/avr32/drivers/twim/twim.o
                0x800024b4                twim_probe
 .text.twim_read
                0x800024d0       0xd8 src/ASF/avr32/drivers/twim/twim.o
                0x800024d0                twim_read
 .text.twim_master_init
                0x800025a8       0xb8 src/ASF/avr32/drivers/twim/twim.o
                0x800025a8                twim_master_init
 .text.osc_priv_enable_rc120m
                0x80002660       0x24 src/ASF/common/services/clock/uc3d/osc.o
                0x80002660                osc_priv_enable_rc120m
 .text.sysclk_set_source
                0x80002684       0x20 src/ASF/common/services/clock/uc3d/sysclk.o
                0x80002684                sysclk_set_source
 .text.sysclk_set_prescalers
                0x800026a4       0x54 src/ASF/common/services/clock/uc3d/sysclk.o
                0x800026a4                sysclk_set_prescalers
 .text.sysclk_init
                0x800026f8       0x40 src/ASF/common/services/clock/uc3d/sysclk.o
                0x800026f8                sysclk_init
 .text.sysclk_priv_enable_module
                0x80002738       0x3a src/ASF/common/services/clock/uc3d/sysclk.o
                0x80002738                sysclk_priv_enable_module
 *fill*         0x80002772        0x2 d703d703
 .text.INTC_register_interrupt
                0x80002774       0x80 src/ASF/avr32/drivers/intc/intc.o
                0x80002774                INTC_register_interrupt
 .text._get_interrupt_handler
                0x800027f4       0x38 src/ASF/avr32/drivers/intc/intc.o
                0x800027f4                _get_interrupt_handler
 .text._stext   0x8000282c       0x3c src/ASF/avr32/utils/startup/startup_uc3.o
                                 0x50 (size before relaxing)
                0x8000282c                _stext
 .text.board_init
                0x80002868       0x2c src/ASF/common/boards/user_board/init.o
                0x80002868                board_init
 .text.main     0x80002894       0xb4 src/main.o
                0x80002894                main
 *(.text.*personality*)
 *(.gnu.warning)

.exception      0x80002a00      0x200
 .exception     0x80002a00      0x200 src/ASF/avr32/drivers/intc/exception.o
                0x80002a00                _evba
                0x80002b04                _int0
                0x80002b10                _int1
                0x80002b1c                _int2
                0x80002b28                _int3

.fini
 *(.fini)
                0x80002c00                PROVIDE (__etext, .)
                0x80002c00                PROVIDE (_etext, .)
                0x80002c00                PROVIDE (etext, .)

.rodata         0x80002c00       0xe4
 *(.rodata .rodata.* .gnu.linkonce.r.*)
 .rodata.gpio_enable_module_pin
                0x80002c00       0x20 src/ASF/avr32/drivers/gpio/gpio.o
 .rodata.TWI_GPIO_MAP.15389
                0x80002c20       0x10 src/sensor.o
 .rodata._int_handler_table
                0x80002c30       0xb0 src/ASF/avr32/drivers/intc/intc.o
 .rodata.C.64.15429
                0x80002ce0        0x4 src/main.o

.rodata1
 *(.rodata1)

.eh_frame_hdr
 *(.eh_frame_hdr)

.eh_frame
 *(.eh_frame)

.gcc_except_table
 *(.gcc_except_table)
 *(.gcc_except_table.*)

.dalign         0x80002ce4        0x4
                0x80002ce8                . = ALIGN (0x8)
 *fill*         0x80002ce4        0x4 
                0x80002ce8                PROVIDE (_data_lma, .)
                0x00000004                PROVIDE (_data, ORIGIN (CPUSRAM))
                0x00000004                . = ORIGIN (CPUSRAM)

.eh_frame
 *(.eh_frame)

.gcc_except_table
 *(.gcc_except_table)
 *(.gcc_except_table.*)

.tdata
 *(.tdata .tdata.* .gnu.linkonce.td.*)

.tbss
 *(.tbss .tbss.* .gnu.linkonce.tb.*)
 *(.tcommon)
                0x00000004                PROVIDE (__preinit_array_start, ALIGN (0x4))

.preinit_array
 *(.preinit_array)
                0x00000004                PROVIDE (__preinit_array_end, .)
                0x00000004                PROVIDE (__init_array_start, .)

.init_array
 *(.init_array)
                0x00000004                PROVIDE (__init_array_end, .)
                0x00000004                PROVIDE (__fini_array_start, .)

.fini_array
 *(.fini_array)
                0x00000004                PROVIDE (__fini_array_end, .)

.ctors
 *crtbegin*.o(.ctors)
 *(EXCLUDE_FILE(*crtend*.o) .ctors)
 *(SORT(.ctors.*))
 *(.ctors)

.dtors
 *crtbegin*.o(.dtors)
 *(EXCLUDE_FILE(*crtend*.o) .dtors)
 *(SORT(.dtors.*))
 *(.dtors)

.jcr
 *(.jcr)

.data.rel.ro
 *(.data.rel.ro.local)
 *(.data.rel.ro*)

.dynamic
 *(.dynamic)

.got
 *(.got.plt)
 *(.got)

.data           0x00000004        0x4 load address 0x80002ce8
 *(.data .data.* .gnu.linkonce.d.*)
 .data.flashcdw_wait_until_ready
                0x00000004        0x4 src/ASF/avr32/drivers/flashcdw/flashcdw.o
                0x00000004                flashcdw_wait_until_ready
 *(.gnu.linkonce.d.*personality*)

.data1
 *(.data1)

.balign         0x00000008        0x0 load address 0x80002cec
                0x00000008                . = ALIGN (0x8)
                0x00000008                _edata = .
                0x00000008                _edata = .
                0x00000008                PROVIDE (edata, .)
                0x00000008                __bss_start = .

.bss            0x00000008       0xf8 load address 0x80002cec
 *(.dynbss)
 *(.bss .bss.* .gnu.linkonce.b.*)
 .bss.flashcdw_error_status
                0x00000008        0x4 src/ASF/avr32/drivers/flashcdw/flashcdw.o
 .bss.twim_inst
                0x0000000c        0x4 src/ASF/avr32/drivers/twim/twim.o
 .bss.twim_rx_data
                0x00000010        0x4 src/ASF/avr32/drivers/twim/twim.o
 .bss.twim_rx_nb_bytes
                0x00000014        0x4 src/ASF/avr32/drivers/twim/twim.o
 .bss.transfer_status
                0x00000018        0x4 src/ASF/avr32/drivers/twim/twim.o
 .bss.twim_tx_data
                0x0000001c        0x4 src/ASF/avr32/drivers/twim/twim.o
 .bss.twim_it_mask
                0x00000020        0x4 src/ASF/avr32/drivers/twim/twim.o
 .bss.twim_next
                0x00000024        0x1 src/ASF/avr32/drivers/twim/twim.o
 *fill*         0x00000025        0x3 
 .bss.twim_package
                0x00000028        0x4 src/ASF/avr32/drivers/twim/twim.o
 .bss.twim_tx_nb_bytes
                0x0000002c        0x4 src/ASF/avr32/drivers/twim/twim.o
 .bss._int_line_handler_table_6
                0x00000030        0x4 src/ASF/avr32/drivers/intc/intc.o
 .bss._int_line_handler_table_7
                0x00000034        0x4 src/ASF/avr32/drivers/intc/intc.o
 .bss._int_line_handler_table_8
                0x00000038        0x4 src/ASF/avr32/drivers/intc/intc.o
 .bss._int_line_handler_table_9
                0x0000003c        0x4 src/ASF/avr32/drivers/intc/intc.o
 .bss._int_line_handler_table_20
                0x00000040        0x4 src/ASF/avr32/drivers/intc/intc.o
 .bss._int_line_handler_table_10
                0x00000044        0x4 src/ASF/avr32/drivers/intc/intc.o
 .bss._int_line_handler_table_11
                0x00000048        0x4 src/ASF/avr32/drivers/intc/intc.o
 .bss._int_line_handler_table_12
                0x0000004c        0x4 src/ASF/avr32/drivers/intc/intc.o
 .bss._int_line_handler_table_13
                0x00000050        0x4 src/ASF/avr32/drivers/intc/intc.o
 .bss._int_line_handler_table_14
                0x00000054        0xc src/ASF/avr32/drivers/intc/intc.o
 .bss._int_line_handler_table_15
                0x00000060        0xc src/ASF/avr32/drivers/intc/intc.o
 .bss._int_line_handler_table_16
                0x0000006c        0x4 src/ASF/avr32/drivers/intc/intc.o
 .bss._int_line_handler_table_17
                0x00000070        0x8 src/ASF/avr32/drivers/intc/intc.o
 .bss._int_line_handler_table_18
                0x00000078        0x4 src/ASF/avr32/drivers/intc/intc.o
 .bss._int_line_handler_table_19
                0x0000007c       0x10 src/ASF/avr32/drivers/intc/intc.o
 .bss._int_line_handler_table_21
                0x0000008c        0x4 src/ASF/avr32/drivers/intc/intc.o
 .bss._int_line_handler_table_0
                0x00000090        0x4 src/ASF/avr32/drivers/intc/intc.o
 .bss._int_line_handler_table_1
                0x00000094       0x28 src/ASF/avr32/drivers/intc/intc.o
 .bss._int_line_handler_table_2
                0x000000bc       0x1c src/ASF/avr32/drivers/intc/intc.o
 .bss._int_line_handler_table_3
                0x000000d8       0x1c src/ASF/avr32/drivers/intc/intc.o
 .bss._int_line_handler_table_4
                0x000000f4        0x4 src/ASF/avr32/drivers/intc/intc.o
 .bss._int_line_handler_table_5
                0x000000f8        0x4 src/ASF/avr32/drivers/intc/intc.o
 *(COMMON)
                0x00000100                . = ALIGN (0x8)
 *fill*         0x000000fc        0x4 
                0x00000100                . = ALIGN (0x8)
                0x00000100                _end = .
                0x00000100                PROVIDE (end, .)
                0x00000100                __heap_start__ = ALIGN (0x8)
                0x00003000                . = ((ORIGIN (CPUSRAM) + 0x3ffc) - _stack_size)
                0x00003000                __heap_end__ = .

.stab
 *(.stab)

.stabstr
 *(.stabstr)

.stab.excl
 *(.stab.excl)

.stab.exclstr
 *(.stab.exclstr)

.stab.index
 *(.stab.index)

.stab.indexstr
 *(.stab.indexstr)

.comment        0x00000000       0x30
 *(.comment)
 .comment       0x00000000       0x30 src/ASF/avr32/drivers/gpio/gpio.o
                                 0x31 (size before relaxing)
 .comment       0x00000000       0x31 src/sensor.o
 .comment       0x00000000       0x31 src/ASF/avr32/drivers/flashcdw/flashcdw.o
 .comment       0x00000000       0x31 src/ASF/avr32/drivers/twim/twim.o
 .comment       0x00000000       0x31 src/ASF/common/services/clock/uc3d/osc.o
 .comment       0x00000000       0x31 src/ASF/common/services/clock/uc3d/sysclk.o
 .comment       0x00000000       0x31 src/ASF/avr32/drivers/intc/intc.o
 .comment       0x00000000       0x31 src/ASF/common/boards/user_board/init.o
 .comment       0x00000000       0x31 src/main.o

.debug
 *(.debug)

.line
 *(.line)

.debug_srcinfo
 *(.debug_srcinfo)

.debug_sfnames
 *(.debug_sfnames)

.debug_aranges  0x00000000      0x520
 *(.debug_aranges)
 .debug_aranges
                0x00000000      0x100 src/ASF/avr32/drivers/gpio/gpio.o
 .debug_aranges
                0x00000100       0x30 src/sensor.o
 .debug_aranges
                0x00000130      0x238 src/ASF/avr32/drivers/flashcdw/flashcdw.o
 .debug_aranges
                0x00000368       0x70 src/ASF/avr32/drivers/twim/twim.o
 .debug_aranges
                0x000003d8       0x28 src/ASF/common/services/clock/uc3d/osc.o
 .debug_aranges
                0x00000400       0x40 src/ASF/common/services/clock/uc3d/sysclk.o
 .debug_aranges
                0x00000440       0x20 src/ASF/avr32/drivers/intc/exception.o
 .debug_aranges
                0x00000460       0x38 src/ASF/avr32/drivers/intc/intc.o
 .debug_aranges
                0x00000498       0x28 src/ASF/avr32/utils/startup/startup_uc3.o
 .debug_aranges
                0x000004c0       0x20 src/ASF/avr32/utils/startup/trampoline_uc3.o
 .debug_aranges
                0x000004e0       0x20 src/ASF/common/boards/user_board/init.o
 .debug_aranges
                0x00000500       0x20 src/main.o

.debug_pubnames
                0x00000000      0xe73
 *(.debug_pubnames)
 .debug_pubnames
                0x00000000      0x330 src/ASF/avr32/drivers/gpio/gpio.o
 .debug_pubnames
                0x00000330       0x4d src/sensor.o
 .debug_pubnames
                0x0000037d      0x8aa src/ASF/avr32/drivers/flashcdw/flashcdw.o
 .debug_pubnames
                0x00000c27       0xd6 src/ASF/avr32/drivers/twim/twim.o
 .debug_pubnames
                0x00000cfd       0x49 src/ASF/common/services/clock/uc3d/osc.o
 .debug_pubnames
                0x00000d46       0x8f src/ASF/common/services/clock/uc3d/sysclk.o
 .debug_pubnames
                0x00000dd5       0x62 src/ASF/avr32/drivers/intc/intc.o
 .debug_pubnames
                0x00000e37       0x21 src/ASF/common/boards/user_board/init.o
 .debug_pubnames
                0x00000e58       0x1b src/main.o

.debug_info     0x00000000    0x3ae90
 *(.debug_info .gnu.linkonce.wi.*)
 .debug_info    0x00000000     0xce9f src/ASF/avr32/drivers/gpio/gpio.o
 .debug_info    0x0000ce9f     0xdc08 src/sensor.o
 .debug_info    0x0001aaa7     0x1d63 src/ASF/avr32/drivers/flashcdw/flashcdw.o
 .debug_info    0x0001c80a     0x1221 src/ASF/avr32/drivers/twim/twim.o
 .debug_info    0x0001da2b     0x1505 src/ASF/common/services/clock/uc3d/osc.o
 .debug_info    0x0001ef30     0x2142 src/ASF/common/services/clock/uc3d/sysclk.o
 .debug_info    0x00021072       0x89 src/ASF/avr32/drivers/intc/exception.o
 .debug_info    0x000210fb      0x5ef src/ASF/avr32/drivers/intc/intc.o
 .debug_info    0x000216ea       0x88 src/ASF/avr32/utils/startup/startup_uc3.o
 .debug_info    0x00021772       0x8f src/ASF/avr32/utils/startup/trampoline_uc3.o
 .debug_info    0x00021801     0xc8a8 src/ASF/common/boards/user_board/init.o
 .debug_info    0x0002e0a9     0xcde7 src/main.o

.debug_abbrev   0x00000000     0x15d6
 *(.debug_abbrev)
 .debug_abbrev  0x00000000      0x2d6 src/ASF/avr32/drivers/gpio/gpio.o
 .debug_abbrev  0x000002d6      0x2aa src/sensor.o
 .debug_abbrev  0x00000580      0x326 src/ASF/avr32/drivers/flashcdw/flashcdw.o
 .debug_abbrev  0x000008a6      0x282 src/ASF/avr32/drivers/twim/twim.o
 .debug_abbrev  0x00000b28      0x19b src/ASF/common/services/clock/uc3d/osc.o
 .debug_abbrev  0x00000cc3      0x274 src/ASF/common/services/clock/uc3d/sysclk.o
 .debug_abbrev  0x00000f37       0x14 src/ASF/avr32/drivers/intc/exception.o
 .debug_abbrev  0x00000f4b      0x1f2 src/ASF/avr32/drivers/intc/intc.o
 .debug_abbrev  0x0000113d       0x12 src/ASF/avr32/utils/startup/startup_uc3.o
 .debug_abbrev  0x0000114f       0x14 src/ASF/avr32/utils/startup/trampoline_uc3.o
 .debug_abbrev  0x00001163      0x1f4 src/ASF/common/boards/user_board/init.o
 .debug_abbrev  0x00001357      0x27f src/main.o

.debug_line     0x00000000     0x57c0
 *(.debug_line)
 .debug_line    0x00000000      0x8fc src/ASF/avr32/drivers/gpio/gpio.o
 .debug_line    0x000008fc      0xafb src/sensor.o
 .debug_line    0x000013f7      0xc5a src/ASF/avr32/drivers/flashcdw/flashcdw.o
 .debug_line    0x00002051      0x8d7 src/ASF/avr32/drivers/twim/twim.o
 .debug_line    0x00002928      0x77b src/ASF/common/services/clock/uc3d/osc.o
 .debug_line    0x000030a3      0x870 src/ASF/common/services/clock/uc3d/sysclk.o
 .debug_line    0x00003913      0x109 src/ASF/avr32/drivers/intc/exception.o
 .debug_line    0x00003a1c      0x6b5 src/ASF/avr32/drivers/intc/intc.o
 .debug_line    0x000040d1       0xf2 src/ASF/avr32/utils/startup/startup_uc3.o
 .debug_line    0x000041c3       0x67 src/ASF/avr32/utils/startup/trampoline_uc3.o
 .debug_line    0x0000422a      0xaa7 src/ASF/common/boards/user_board/init.o
 .debug_line    0x00004cd1      0xaef src/main.o

.debug_frame    0x00000000      0xc04
 *(.debug_frame)
 .debug_frame   0x00000000      0x204 src/ASF/avr32/drivers/gpio/gpio.o
 .debug_frame   0x00000204       0x5c src/sensor.o
 .debug_frame   0x00000260      0x6f4 src/ASF/avr32/drivers/flashcdw/flashcdw.o
 .debug_frame   0x00000954      0x148 src/ASF/avr32/drivers/twim/twim.o
 .debug_frame   0x00000a9c       0x30 src/ASF/common/services/clock/uc3d/osc.o
 .debug_frame   0x00000acc       0x80 src/ASF/common/services/clock/uc3d/sysclk.o
 .debug_frame   0x00000b4c       0x64 src/ASF/avr32/drivers/intc/intc.o
 .debug_frame   0x00000bb0       0x28 src/ASF/common/boards/user_board/init.o
 .debug_frame   0x00000bd8       0x2c src/main.o

.debug_str      0x00000000     0x3e7c
 *(.debug_str)
 .debug_str     0x00000000      0xdda src/ASF/avr32/drivers/gpio/gpio.o
                                0xe54 (size before relaxing)
 .debug_str     0x00000dda     0x143d src/sensor.o
                               0x1fd7 (size before relaxing)
 .debug_str     0x00002217      0xc04 src/ASF/avr32/drivers/flashcdw/flashcdw.o
                                0xdc3 (size before relaxing)
 .debug_str     0x00002e1b      0x2b6 src/ASF/avr32/drivers/twim/twim.o
                                0x713 (size before relaxing)
 .debug_str     0x000030d1      0x629 src/ASF/common/services/clock/uc3d/osc.o
                                0x7ae (size before relaxing)
 .debug_str     0x000036fa      0x367 src/ASF/common/services/clock/uc3d/sysclk.o
                                0xb35 (size before relaxing)
 .debug_str     0x00003a61      0x3b3 src/ASF/avr32/drivers/intc/intc.o
                                0x4af (size before relaxing)
 .debug_str     0x00003e14       0x47 src/ASF/common/boards/user_board/init.o
                                0xc90 (size before relaxing)
 .debug_str     0x00003e5b       0x21 src/main.o
                               0x1b5f (size before relaxing)

.debug_loc      0x00000000     0x1ce4
 *(.debug_loc)
 .debug_loc     0x00000000      0x368 src/ASF/avr32/drivers/gpio/gpio.o
 .debug_loc     0x00000368      0x117 src/sensor.o
 .debug_loc     0x0000047f     0x10f1 src/ASF/avr32/drivers/flashcdw/flashcdw.o
 .debug_loc     0x00001570      0x496 src/ASF/avr32/drivers/twim/twim.o
 .debug_loc     0x00001a06      0x184 src/ASF/common/services/clock/uc3d/sysclk.o
 .debug_loc     0x00001b8a       0xd3 src/ASF/avr32/drivers/intc/intc.o
 .debug_loc     0x00001c5d       0x1f src/ASF/common/boards/user_board/init.o
 .debug_loc     0x00001c7c       0x68 src/main.o

.debug_macinfo  0x00000000   0x72c3d9
 *(.debug_macinfo)
 .debug_macinfo
                0x00000000    0xc715e src/ASF/avr32/drivers/gpio/gpio.o
 .debug_macinfo
                0x000c715e    0xd4859 src/sensor.o
 .debug_macinfo
                0x0019b9b7    0xc70a4 src/ASF/avr32/drivers/flashcdw/flashcdw.o
 .debug_macinfo
                0x00262a5b    0xc7f1d src/ASF/avr32/drivers/twim/twim.o
 .debug_macinfo
                0x0032a978    0xc846e src/ASF/common/services/clock/uc3d/osc.o
 .debug_macinfo
                0x003f2de6    0xc9303 src/ASF/common/services/clock/uc3d/sysclk.o
 .debug_macinfo
                0x004bc0e9    0xc720b src/ASF/avr32/drivers/intc/intc.o
 .debug_macinfo
                0x005832f4    0xd485d src/ASF/common/boards/user_board/init.o
 .debug_macinfo
                0x00657b51    0xd4888 src/main.o

.debug_weaknames
 *(.debug_weaknames)

.debug_funcnames
 *(.debug_funcnames)

.debug_typenames
 *(.debug_typenames)

.debug_varnames
 *(.debug_varnames)

.stack          0x00003000     0x1000
                0x00003000                _stack = .
 *(.stack)
                0x00001000                . = _stack_size
 *fill*         0x00003000     0x1000 
                0x00004000                _estack = .

.userpage
 *(.userpage .userpage.*)

.factorypage
 *(.factorypage .factorypage.*)

/DISCARD/
 *(.note.GNU-stack)
OUTPUT(Regler_1.elf elf32-avr32)

.debug_ranges   0x00000000      0x580
 .debug_ranges  0x00000000       0xf8 src/ASF/avr32/drivers/gpio/gpio.o
 .debug_ranges  0x000000f8       0x58 src/sensor.o
 .debug_ranges  0x00000150      0x230 src/ASF/avr32/drivers/flashcdw/flashcdw.o
 .debug_ranges  0x00000380       0x68 src/ASF/avr32/drivers/twim/twim.o
 .debug_ranges  0x000003e8       0x20 src/ASF/common/services/clock/uc3d/osc.o
 .debug_ranges  0x00000408       0x38 src/ASF/common/services/clock/uc3d/sysclk.o
 .debug_ranges  0x00000440       0x48 src/ASF/avr32/drivers/intc/intc.o
 .debug_ranges  0x00000488       0x20 src/ASF/avr32/utils/startup/startup_uc3.o
 .debug_ranges  0x000004a8       0x18 src/ASF/common/boards/user_board/init.o
 .debug_ranges  0x000004c0       0xc0 src/main.o
